#-----------------------------------------------------------
# Vivado v2025.2 (64-bit)
# SW Build 6299465 on Fri Nov 14 12:34:56 MST 2025
# IP Build 6300035 on Fri Nov 14 10:48:45 MST 2025
# SharedData Build 6298862 on Thu Nov 13 04:50:51 MST 2025
# Start of session at: Tue Apr 21 09:59:42 2026
# Process ID         : 1479
# Current directory  : /home/janek/Magisterka/Intelligent-Vibroacoustic-Machine-Diagnostic-System-on-FPGA
# Command line       : vivado
# Log file           : /home/janek/Magisterka/Intelligent-Vibroacoustic-Machine-Diagnostic-System-on-FPGA/vivado.log
# Journal file       : /home/janek/Magisterka/Intelligent-Vibroacoustic-Machine-Diagnostic-System-on-FPGA/vivado.jou
# Running On         : qtaz
# Platform           : Ubuntu
# Operating System   : Ubuntu 24.04.4 LTS
# Processor Detail   : AMD Ryzen 5 7500F 6-Core Processor
# CPU Frequency      : 3692.994 MHz
# CPU Physical cores : 6
# CPU Logical cores  : 12
# Host memory        : 27314 MB
# Swap memory        : 17179 MB
# Total Virtual      : 44494 MB
# Available Virtual  : 43137 MB
#-----------------------------------------------------------
start_gui
WARNING: [Board 49-26] cannot add Board Part xilinx.com:ac701:part0:1.4 available at /home/janek/2025.2/data/xhub/boards/XilinxBoardStore/boards/Xilinx/ac701/1.4/board.xml as part xc7a200tfbg676-2 specified in board_part file is either invalid or not available
WARNING: [Board 49-26] cannot add Board Part xilinx.com:emb-plus-vpr-4616:part0:1.0 available at /home/janek/2025.2/data/xhub/boards/XilinxBoardStore/boards/Xilinx/emb-plus-vpr-4616/1.0/board.xml as part xcve2302-sfva784-2mp-e-s specified in board_part file is either invalid or not available
WARNING: [Board 49-26] cannot add Board Part xilinx.com:emb-plus-vpr-4616:part0:1.1 available at /home/janek/2025.2/data/xhub/boards/XilinxBoardStore/boards/Xilinx/emb-plus-vpr-4616/1.1/board.xml as part xcve2302-sfva784-2mp-e-s specified in board_part file is either invalid or not available
WARNING: [Board 49-26] cannot add Board Part xilinx.com:kc705:part0:1.6 available at /home/janek/2025.2/data/xhub/boards/XilinxBoardStore/boards/Xilinx/kc705/1.6/board.xml as part xc7k325tffg900-2 specified in board_part file is either invalid or not available
WARNING: [Board 49-26] cannot add Board Part xilinx.com:kc705:part0:1.7 available at /home/janek/2025.2/data/xhub/boards/XilinxBoardStore/boards/Xilinx/kc705/1.7/board.xml as part xc7k325tffg900-2 specified in board_part file is either invalid or not available
WARNING: [Board 49-26] cannot add Board Part xilinx.com:sp701:part0:1.0 available at /home/janek/2025.2/data/xhub/boards/XilinxBoardStore/boards/Xilinx/sp701/1.0/board.xml as part xc7s100fgga676-2 specified in board_part file is either invalid or not available
WARNING: [Board 49-26] cannot add Board Part xilinx.com:sp701:part0:1.1 available at /home/janek/2025.2/data/xhub/boards/XilinxBoardStore/boards/Xilinx/sp701/1.1/board.xml as part xc7s100fgga676-2 specified in board_part file is either invalid or not available
WARNING: [Board 49-26] cannot add Board Part xilinx.com:v80:part0:1.0 available at /home/janek/2025.2/data/xhub/boards/XilinxBoardStore/boards/Xilinx/v80/1.0/board.xml as part xcv80-lsva4737-2mhp-e-s specified in board_part file is either invalid or not available
WARNING: [Board 49-26] cannot add Board Part xilinx.com:vc707:part0:1.4 available at /home/janek/2025.2/data/xhub/boards/XilinxBoardStore/boards/Xilinx/vc707/1.4/board.xml as part xc7vx485tffg1761-2 specified in board_part file is either invalid or not available
WARNING: [Board 49-26] cannot add Board Part xilinx.com:vc707:part0:1.5 available at /home/janek/2025.2/data/xhub/boards/XilinxBoardStore/boards/Xilinx/vc707/1.5/board.xml as part xc7vx485tffg1761-2 specified in board_part file is either invalid or not available
WARNING: [Board 49-26] cannot add Board Part xilinx.com:vc709:part0:1.8 available at /home/janek/2025.2/data/xhub/boards/XilinxBoardStore/boards/Xilinx/vc709/1.8/board.xml as part xc7vx690tffg1761-2 specified in board_part file is either invalid or not available
WARNING: [Board 49-26] cannot add Board Part xilinx.com:vck190:part0:2.2 available at /home/janek/2025.2/data/xhub/boards/XilinxBoardStore/boards/Xilinx/vck190/production/2.2/board.xml as part xcvc1902-vsva2197-2mp-e-s specified in board_part file is either invalid or not available
WARNING: [Board 49-26] cannot add Board Part xilinx.com:vck190:part0:3.0 available at /home/janek/2025.2/data/xhub/boards/XilinxBoardStore/boards/Xilinx/vck190/production/3.0/board.xml as part xcvc1902-vsva2197-2mp-e-s specified in board_part file is either invalid or not available
WARNING: [Board 49-26] cannot add Board Part xilinx.com:vck190:part0:3.1 available at /home/janek/2025.2/data/xhub/boards/XilinxBoardStore/boards/Xilinx/vck190/production/3.1/board.xml as part xcvc1902-vsva2197-2mp-e-s specified in board_part file is either invalid or not available
WARNING: [Board 49-26] cannot add Board Part xilinx.com:vck190:part0:3.2 available at /home/janek/2025.2/data/xhub/boards/XilinxBoardStore/boards/Xilinx/vck190/production/3.2/board.xml as part xcvc1902-vsva2197-2mp-e-s specified in board_part file is either invalid or not available
WARNING: [Board 49-26] cannot add Board Part xilinx.com:vck190:part0:3.3 available at /home/janek/2025.2/data/xhub/boards/XilinxBoardStore/boards/Xilinx/vck190/production/3.3/board.xml as part xcvc1902-vsva2197-2mp-e-s specified in board_part file is either invalid or not available
WARNING: [Board 49-26] cannot add Board Part xilinx.com:vck190:part0:3.4 available at /home/janek/2025.2/data/xhub/boards/XilinxBoardStore/boards/Xilinx/vck190/production/3.4/board.xml as part xcvc1902-vsva2197-2mp-e-s specified in board_part file is either invalid or not available
WARNING: [Board 49-26] cannot add Board Part xilinx.com:vck190_newl:part0:1.0 available at /home/janek/2025.2/data/xhub/boards/XilinxBoardStore/boards/Xilinx/vck190_newl/production/1.0/board.xml as part xcvc1902-vsva2197-2mp-e-s specified in board_part file is either invalid or not available
WARNING: [Board 49-26] cannot add Board Part xilinx.com:vck190_newl:part0:1.1 available at /home/janek/2025.2/data/xhub/boards/XilinxBoardStore/boards/Xilinx/vck190_newl/production/1.1/board.xml as part xcvc1902-vsva2197-2mp-e-s specified in board_part file is either invalid or not available
WARNING: [Board 49-26] cannot add Board Part xilinx.com:vck190_newl:part0:1.2 available at /home/janek/2025.2/data/xhub/boards/XilinxBoardStore/boards/Xilinx/vck190_newl/production/1.2/board.xml as part xcvc1902-vsva2197-2mp-e-s specified in board_part file is either invalid or not available
WARNING: [Board 49-26] cannot add Board Part xilinx.com:vck190_newl:part0:1.3 available at /home/janek/2025.2/data/xhub/boards/XilinxBoardStore/boards/Xilinx/vck190_newl/production/1.3/board.xml as part xcvc1902-vsva2197-2mp-e-s specified in board_part file is either invalid or not available
WARNING: [Board 49-26] cannot add Board Part xilinx.com:vek280:part0:1.0 available at /home/janek/2025.2/data/xhub/boards/XilinxBoardStore/boards/Xilinx/vek280/production/1.0/board.xml as part xcve2802-vsvh1760-2mp-e-s specified in board_part file is either invalid or not available
WARNING: [Board 49-26] cannot add Board Part xilinx.com:vek280:part0:1.1 available at /home/janek/2025.2/data/xhub/boards/XilinxBoardStore/boards/Xilinx/vek280/production/1.1/board.xml as part xcve2802-vsvh1760-2mp-e-s specified in board_part file is either invalid or not available
WARNING: [Board 49-26] cannot add Board Part xilinx.com:vek280:part0:1.2 available at /home/janek/2025.2/data/xhub/boards/XilinxBoardStore/boards/Xilinx/vek280/production/1.2/board.xml as part xcve2802-vsvh1760-2mp-e-s specified in board_part file is either invalid or not available
WARNING: [Board 49-26] cannot add Board Part xilinx.com:vek385:part0:1.0 available at /home/janek/2025.2/data/xhub/boards/XilinxBoardStore/boards/Xilinx/vek385/1.0/board.xml as part xc2ve3858-ssva2112-2mp-e-s specified in board_part file is either invalid or not available
WARNING: [Board 49-26] cannot add Board Part xilinx.com:vek385:part0:1.1 available at /home/janek/2025.2/data/xhub/boards/XilinxBoardStore/boards/Xilinx/vek385/1.1/board.xml as part xc2ve3858-ssva2112-2mp-e-s specified in board_part file is either invalid or not available
WARNING: [Board 49-26] cannot add Board Part xilinx.com:vek385_1:part0:1.0 available at /home/janek/2025.2/data/xhub/boards/XilinxBoardStore/boards/Xilinx/vek385_2/1.0/board.xml as part xc2ve3858-ssva2112-2mp-e-s specified in board_part file is either invalid or not available
WARNING: [Board 49-26] cannot add Board Part xilinx.com:vhk158:part0:1.0 available at /home/janek/2025.2/data/xhub/boards/XilinxBoardStore/boards/Xilinx/vhk158/production/1.0/board.xml as part xcvh1582-vsva3697-2mp-e-s specified in board_part file is either invalid or not available
WARNING: [Board 49-26] cannot add Board Part xilinx.com:vhk158:part0:1.1 available at /home/janek/2025.2/data/xhub/boards/XilinxBoardStore/boards/Xilinx/vhk158/production/1.1/board.xml as part xcvh1582-vsva3697-2mp-e-s specified in board_part file is either invalid or not available
WARNING: [Board 49-26] cannot add Board Part xilinx.com:vhk158:part0:1.2 available at /home/janek/2025.2/data/xhub/boards/XilinxBoardStore/boards/Xilinx/vhk158/production/1.2/board.xml as part xcvh1582-vsva3697-2mp-e-s specified in board_part file is either invalid or not available
WARNING: [Board 49-26] cannot add Board Part xilinx.com:vmk180:part0:2.2 available at /home/janek/2025.2/data/xhub/boards/XilinxBoardStore/boards/Xilinx/vmk180/production/2.2/board.xml as part xcvm1802-vsva2197-2mp-e-s specified in board_part file is either invalid or not available
WARNING: [Board 49-26] cannot add Board Part xilinx.com:vmk180:part0:3.0 available at /home/janek/2025.2/data/xhub/boards/XilinxBoardStore/boards/Xilinx/vmk180/production/3.0/board.xml as part xcvm1802-vsva2197-2mp-e-s specified in board_part file is either invalid or not available
WARNING: [Board 49-26] cannot add Board Part xilinx.com:vmk180:part0:3.1 available at /home/janek/2025.2/data/xhub/boards/XilinxBoardStore/boards/Xilinx/vmk180/production/3.1/board.xml as part xcvm1802-vsva2197-2mp-e-s specified in board_part file is either invalid or not available
WARNING: [Board 49-26] cannot add Board Part xilinx.com:vmk180:part0:3.2 available at /home/janek/2025.2/data/xhub/boards/XilinxBoardStore/boards/Xilinx/vmk180/production/3.2/board.xml as part xcvm1802-vsva2197-2mp-e-s specified in board_part file is either invalid or not available
WARNING: [Board 49-26] cannot add Board Part xilinx.com:vmk180:part0:3.3 available at /home/janek/2025.2/data/xhub/boards/XilinxBoardStore/boards/Xilinx/vmk180/production/3.3/board.xml as part xcvm1802-vsva2197-2mp-e-s specified in board_part file is either invalid or not available
WARNING: [Board 49-26] cannot add Board Part xilinx.com:vmk180_newl:part0:1.0 available at /home/janek/2025.2/data/xhub/boards/XilinxBoardStore/boards/Xilinx/vmk180_newl/production/1.0/board.xml as part xcvm1802-vsva2197-2mp-e-s specified in board_part file is either invalid or not available
WARNING: [Board 49-26] cannot add Board Part xilinx.com:vmk180_newl:part0:1.1 available at /home/janek/2025.2/data/xhub/boards/XilinxBoardStore/boards/Xilinx/vmk180_newl/production/1.1/board.xml as part xcvm1802-vsva2197-2mp-e-s specified in board_part file is either invalid or not available
WARNING: [Board 49-26] cannot add Board Part xilinx.com:vpk120:part0:1.0 available at /home/janek/2025.2/data/xhub/boards/XilinxBoardStore/boards/Xilinx/vpk120/production/1.0/board.xml as part xcvp1202-vsva2785-2mp-e-s specified in board_part file is either invalid or not available
WARNING: [Board 49-26] cannot add Board Part xilinx.com:vpk120:part0:1.1 available at /home/janek/2025.2/data/xhub/boards/XilinxBoardStore/boards/Xilinx/vpk120/production/1.1/board.xml as part xcvp1202-vsva2785-2mp-e-s specified in board_part file is either invalid or not available
WARNING: [Board 49-26] cannot add Board Part xilinx.com:vpk120:part0:1.2 available at /home/janek/2025.2/data/xhub/boards/XilinxBoardStore/boards/Xilinx/vpk120/production/1.2/board.xml as part xcvp1202-vsva2785-2mp-e-s specified in board_part file is either invalid or not available
WARNING: [Board 49-26] cannot add Board Part xilinx.com:vpk180:part0:1.0 available at /home/janek/2025.2/data/xhub/boards/XilinxBoardStore/boards/Xilinx/vpk180/production/1.0/board.xml as part xcvp1802-lsvc4072-2mp-e-s specified in board_part file is either invalid or not available
WARNING: [Board 49-26] cannot add Board Part xilinx.com:vpk180:part0:1.1 available at /home/janek/2025.2/data/xhub/boards/XilinxBoardStore/boards/Xilinx/vpk180/production/1.1/board.xml as part xcvp1802-lsvc4072-2mp-e-s specified in board_part file is either invalid or not available
WARNING: [Board 49-26] cannot add Board Part xilinx.com:vpk180:part0:1.2 available at /home/janek/2025.2/data/xhub/boards/XilinxBoardStore/boards/Xilinx/vpk180/production/1.2/board.xml as part xcvp1802-lsvc4072-2mp-e-s specified in board_part file is either invalid or not available
WARNING: [Board 49-26] cannot add Board Part xilinx.com:vrk160:part0:1.0 available at /home/janek/2025.2/data/xhub/boards/XilinxBoardStore/boards/Xilinx/vrk160/1.0/board.xml as part xcvr1602-vsva2488-2mp-e-s-es1 specified in board_part file is either invalid or not available
WARNING: [Board 49-26] cannot add Board Part xilinx.com:vrk160:part0:1.1 available at /home/janek/2025.2/data/xhub/boards/XilinxBoardStore/boards/Xilinx/vrk160/1.1/board.xml as part xcvr1602-vsva2488-2mp-e-s-es1 specified in board_part file is either invalid or not available
WARNING: [Board 49-26] cannot add Board Part xilinx.com:zcu208ld:part0:2.0 available at /home/janek/2025.2/data/xhub/boards/XilinxBoardStore/boards/Xilinx/zcu208ld/production/2.0/board.xml as part xczu58dr-fsvg1517-2-i specified in board_part file is either invalid or not available
WARNING: [Board 49-26] cannot add Board Part xilinx.com:zcu216ld:part0:2.0 available at /home/janek/2025.2/data/xhub/boards/XilinxBoardStore/boards/Xilinx/zcu216ld/production/2.0/board.xml as part xczu59dr-ffvf1760-2-i specified in board_part file is either invalid or not available
WARNING: [Board 49-26] cannot add Board Part xilinx.com:zcu670ld:part0:1.0 available at /home/janek/2025.2/data/xhub/boards/XilinxBoardStore/boards/Xilinx/zcu670ld/1.0/board.xml as part xczu57dr-fsve1156-2-i specified in board_part file is either invalid or not available
open_project /home/janek/Magisterka/Intelligent-Vibroacoustic-Machine-Diagnostic-System-on-FPGA/Hilbert_with_fft/Hilbert_and_fft_test/Hilbert_and_fft_test.xpr
Scanning sources...
Finished scanning sources
WARNING: [Board 49-26] cannot add Board Part xilinx.com:ac701:part0:1.4 available at /home/janek/2025.2/data/xhub/boards/XilinxBoardStore/boards/Xilinx/ac701/1.4/board.xml as part xc7a200tfbg676-2 specified in board_part file is either invalid or not available
WARNING: [Board 49-26] cannot add Board Part xilinx.com:emb-plus-vpr-4616:part0:1.0 available at /home/janek/2025.2/data/xhub/boards/XilinxBoardStore/boards/Xilinx/emb-plus-vpr-4616/1.0/board.xml as part xcve2302-sfva784-2mp-e-s specified in board_part file is either invalid or not available
WARNING: [Board 49-26] cannot add Board Part xilinx.com:emb-plus-vpr-4616:part0:1.1 available at /home/janek/2025.2/data/xhub/boards/XilinxBoardStore/boards/Xilinx/emb-plus-vpr-4616/1.1/board.xml as part xcve2302-sfva784-2mp-e-s specified in board_part file is either invalid or not available
WARNING: [Board 49-26] cannot add Board Part xilinx.com:kc705:part0:1.6 available at /home/janek/2025.2/data/xhub/boards/XilinxBoardStore/boards/Xilinx/kc705/1.6/board.xml as part xc7k325tffg900-2 specified in board_part file is either invalid or not available
WARNING: [Board 49-26] cannot add Board Part xilinx.com:kc705:part0:1.7 available at /home/janek/2025.2/data/xhub/boards/XilinxBoardStore/boards/Xilinx/kc705/1.7/board.xml as part xc7k325tffg900-2 specified in board_part file is either invalid or not available
WARNING: [Board 49-26] cannot add Board Part xilinx.com:sp701:part0:1.0 available at /home/janek/2025.2/data/xhub/boards/XilinxBoardStore/boards/Xilinx/sp701/1.0/board.xml as part xc7s100fgga676-2 specified in board_part file is either invalid or not available
WARNING: [Board 49-26] cannot add Board Part xilinx.com:sp701:part0:1.1 available at /home/janek/2025.2/data/xhub/boards/XilinxBoardStore/boards/Xilinx/sp701/1.1/board.xml as part xc7s100fgga676-2 specified in board_part file is either invalid or not available
WARNING: [Board 49-26] cannot add Board Part xilinx.com:v80:part0:1.0 available at /home/janek/2025.2/data/xhub/boards/XilinxBoardStore/boards/Xilinx/v80/1.0/board.xml as part xcv80-lsva4737-2mhp-e-s specified in board_part file is either invalid or not available
WARNING: [Board 49-26] cannot add Board Part xilinx.com:vc707:part0:1.4 available at /home/janek/2025.2/data/xhub/boards/XilinxBoardStore/boards/Xilinx/vc707/1.4/board.xml as part xc7vx485tffg1761-2 specified in board_part file is either invalid or not available
WARNING: [Board 49-26] cannot add Board Part xilinx.com:vc707:part0:1.5 available at /home/janek/2025.2/data/xhub/boards/XilinxBoardStore/boards/Xilinx/vc707/1.5/board.xml as part xc7vx485tffg1761-2 specified in board_part file is either invalid or not available
WARNING: [Board 49-26] cannot add Board Part xilinx.com:vc709:part0:1.8 available at /home/janek/2025.2/data/xhub/boards/XilinxBoardStore/boards/Xilinx/vc709/1.8/board.xml as part xc7vx690tffg1761-2 specified in board_part file is either invalid or not available
WARNING: [Board 49-26] cannot add Board Part xilinx.com:vck190:part0:2.2 available at /home/janek/2025.2/data/xhub/boards/XilinxBoardStore/boards/Xilinx/vck190/production/2.2/board.xml as part xcvc1902-vsva2197-2mp-e-s specified in board_part file is either invalid or not available
WARNING: [Board 49-26] cannot add Board Part xilinx.com:vck190:part0:3.0 available at /home/janek/2025.2/data/xhub/boards/XilinxBoardStore/boards/Xilinx/vck190/production/3.0/board.xml as part xcvc1902-vsva2197-2mp-e-s specified in board_part file is either invalid or not available
WARNING: [Board 49-26] cannot add Board Part xilinx.com:vck190:part0:3.1 available at /home/janek/2025.2/data/xhub/boards/XilinxBoardStore/boards/Xilinx/vck190/production/3.1/board.xml as part xcvc1902-vsva2197-2mp-e-s specified in board_part file is either invalid or not available
WARNING: [Board 49-26] cannot add Board Part xilinx.com:vck190:part0:3.2 available at /home/janek/2025.2/data/xhub/boards/XilinxBoardStore/boards/Xilinx/vck190/production/3.2/board.xml as part xcvc1902-vsva2197-2mp-e-s specified in board_part file is either invalid or not available
WARNING: [Board 49-26] cannot add Board Part xilinx.com:vck190:part0:3.3 available at /home/janek/2025.2/data/xhub/boards/XilinxBoardStore/boards/Xilinx/vck190/production/3.3/board.xml as part xcvc1902-vsva2197-2mp-e-s specified in board_part file is either invalid or not available
WARNING: [Board 49-26] cannot add Board Part xilinx.com:vck190:part0:3.4 available at /home/janek/2025.2/data/xhub/boards/XilinxBoardStore/boards/Xilinx/vck190/production/3.4/board.xml as part xcvc1902-vsva2197-2mp-e-s specified in board_part file is either invalid or not available
WARNING: [Board 49-26] cannot add Board Part xilinx.com:vck190_newl:part0:1.0 available at /home/janek/2025.2/data/xhub/boards/XilinxBoardStore/boards/Xilinx/vck190_newl/production/1.0/board.xml as part xcvc1902-vsva2197-2mp-e-s specified in board_part file is either invalid or not available
WARNING: [Board 49-26] cannot add Board Part xilinx.com:vck190_newl:part0:1.1 available at /home/janek/2025.2/data/xhub/boards/XilinxBoardStore/boards/Xilinx/vck190_newl/production/1.1/board.xml as part xcvc1902-vsva2197-2mp-e-s specified in board_part file is either invalid or not available
WARNING: [Board 49-26] cannot add Board Part xilinx.com:vck190_newl:part0:1.2 available at /home/janek/2025.2/data/xhub/boards/XilinxBoardStore/boards/Xilinx/vck190_newl/production/1.2/board.xml as part xcvc1902-vsva2197-2mp-e-s specified in board_part file is either invalid or not available
WARNING: [Board 49-26] cannot add Board Part xilinx.com:vck190_newl:part0:1.3 available at /home/janek/2025.2/data/xhub/boards/XilinxBoardStore/boards/Xilinx/vck190_newl/production/1.3/board.xml as part xcvc1902-vsva2197-2mp-e-s specified in board_part file is either invalid or not available
WARNING: [Board 49-26] cannot add Board Part xilinx.com:vek280:part0:1.0 available at /home/janek/2025.2/data/xhub/boards/XilinxBoardStore/boards/Xilinx/vek280/production/1.0/board.xml as part xcve2802-vsvh1760-2mp-e-s specified in board_part file is either invalid or not available
WARNING: [Board 49-26] cannot add Board Part xilinx.com:vek280:part0:1.1 available at /home/janek/2025.2/data/xhub/boards/XilinxBoardStore/boards/Xilinx/vek280/production/1.1/board.xml as part xcve2802-vsvh1760-2mp-e-s specified in board_part file is either invalid or not available
WARNING: [Board 49-26] cannot add Board Part xilinx.com:vek280:part0:1.2 available at /home/janek/2025.2/data/xhub/boards/XilinxBoardStore/boards/Xilinx/vek280/production/1.2/board.xml as part xcve2802-vsvh1760-2mp-e-s specified in board_part file is either invalid or not available
WARNING: [Board 49-26] cannot add Board Part xilinx.com:vek385:part0:1.0 available at /home/janek/2025.2/data/xhub/boards/XilinxBoardStore/boards/Xilinx/vek385/1.0/board.xml as part xc2ve3858-ssva2112-2mp-e-s specified in board_part file is either invalid or not available
WARNING: [Board 49-26] cannot add Board Part xilinx.com:vek385:part0:1.1 available at /home/janek/2025.2/data/xhub/boards/XilinxBoardStore/boards/Xilinx/vek385/1.1/board.xml as part xc2ve3858-ssva2112-2mp-e-s specified in board_part file is either invalid or not available
WARNING: [Board 49-26] cannot add Board Part xilinx.com:vek385_1:part0:1.0 available at /home/janek/2025.2/data/xhub/boards/XilinxBoardStore/boards/Xilinx/vek385_2/1.0/board.xml as part xc2ve3858-ssva2112-2mp-e-s specified in board_part file is either invalid or not available
WARNING: [Board 49-26] cannot add Board Part xilinx.com:vhk158:part0:1.0 available at /home/janek/2025.2/data/xhub/boards/XilinxBoardStore/boards/Xilinx/vhk158/production/1.0/board.xml as part xcvh1582-vsva3697-2mp-e-s specified in board_part file is either invalid or not available
WARNING: [Board 49-26] cannot add Board Part xilinx.com:vhk158:part0:1.1 available at /home/janek/2025.2/data/xhub/boards/XilinxBoardStore/boards/Xilinx/vhk158/production/1.1/board.xml as part xcvh1582-vsva3697-2mp-e-s specified in board_part file is either invalid or not available
WARNING: [Board 49-26] cannot add Board Part xilinx.com:vhk158:part0:1.2 available at /home/janek/2025.2/data/xhub/boards/XilinxBoardStore/boards/Xilinx/vhk158/production/1.2/board.xml as part xcvh1582-vsva3697-2mp-e-s specified in board_part file is either invalid or not available
WARNING: [Board 49-26] cannot add Board Part xilinx.com:vmk180:part0:2.2 available at /home/janek/2025.2/data/xhub/boards/XilinxBoardStore/boards/Xilinx/vmk180/production/2.2/board.xml as part xcvm1802-vsva2197-2mp-e-s specified in board_part file is either invalid or not available
WARNING: [Board 49-26] cannot add Board Part xilinx.com:vmk180:part0:3.0 available at /home/janek/2025.2/data/xhub/boards/XilinxBoardStore/boards/Xilinx/vmk180/production/3.0/board.xml as part xcvm1802-vsva2197-2mp-e-s specified in board_part file is either invalid or not available
WARNING: [Board 49-26] cannot add Board Part xilinx.com:vmk180:part0:3.1 available at /home/janek/2025.2/data/xhub/boards/XilinxBoardStore/boards/Xilinx/vmk180/production/3.1/board.xml as part xcvm1802-vsva2197-2mp-e-s specified in board_part file is either invalid or not available
WARNING: [Board 49-26] cannot add Board Part xilinx.com:vmk180:part0:3.2 available at /home/janek/2025.2/data/xhub/boards/XilinxBoardStore/boards/Xilinx/vmk180/production/3.2/board.xml as part xcvm1802-vsva2197-2mp-e-s specified in board_part file is either invalid or not available
WARNING: [Board 49-26] cannot add Board Part xilinx.com:vmk180:part0:3.3 available at /home/janek/2025.2/data/xhub/boards/XilinxBoardStore/boards/Xilinx/vmk180/production/3.3/board.xml as part xcvm1802-vsva2197-2mp-e-s specified in board_part file is either invalid or not available
WARNING: [Board 49-26] cannot add Board Part xilinx.com:vmk180_newl:part0:1.0 available at /home/janek/2025.2/data/xhub/boards/XilinxBoardStore/boards/Xilinx/vmk180_newl/production/1.0/board.xml as part xcvm1802-vsva2197-2mp-e-s specified in board_part file is either invalid or not available
WARNING: [Board 49-26] cannot add Board Part xilinx.com:vmk180_newl:part0:1.1 available at /home/janek/2025.2/data/xhub/boards/XilinxBoardStore/boards/Xilinx/vmk180_newl/production/1.1/board.xml as part xcvm1802-vsva2197-2mp-e-s specified in board_part file is either invalid or not available
WARNING: [Board 49-26] cannot add Board Part xilinx.com:vpk120:part0:1.0 available at /home/janek/2025.2/data/xhub/boards/XilinxBoardStore/boards/Xilinx/vpk120/production/1.0/board.xml as part xcvp1202-vsva2785-2mp-e-s specified in board_part file is either invalid or not available
WARNING: [Board 49-26] cannot add Board Part xilinx.com:vpk120:part0:1.1 available at /home/janek/2025.2/data/xhub/boards/XilinxBoardStore/boards/Xilinx/vpk120/production/1.1/board.xml as part xcvp1202-vsva2785-2mp-e-s specified in board_part file is either invalid or not available
WARNING: [Board 49-26] cannot add Board Part xilinx.com:vpk120:part0:1.2 available at /home/janek/2025.2/data/xhub/boards/XilinxBoardStore/boards/Xilinx/vpk120/production/1.2/board.xml as part xcvp1202-vsva2785-2mp-e-s specified in board_part file is either invalid or not available
WARNING: [Board 49-26] cannot add Board Part xilinx.com:vpk180:part0:1.0 available at /home/janek/2025.2/data/xhub/boards/XilinxBoardStore/boards/Xilinx/vpk180/production/1.0/board.xml as part xcvp1802-lsvc4072-2mp-e-s specified in board_part file is either invalid or not available
WARNING: [Board 49-26] cannot add Board Part xilinx.com:vpk180:part0:1.1 available at /home/janek/2025.2/data/xhub/boards/XilinxBoardStore/boards/Xilinx/vpk180/production/1.1/board.xml as part xcvp1802-lsvc4072-2mp-e-s specified in board_part file is either invalid or not available
WARNING: [Board 49-26] cannot add Board Part xilinx.com:vpk180:part0:1.2 available at /home/janek/2025.2/data/xhub/boards/XilinxBoardStore/boards/Xilinx/vpk180/production/1.2/board.xml as part xcvp1802-lsvc4072-2mp-e-s specified in board_part file is either invalid or not available
WARNING: [Board 49-26] cannot add Board Part xilinx.com:vrk160:part0:1.0 available at /home/janek/2025.2/data/xhub/boards/XilinxBoardStore/boards/Xilinx/vrk160/1.0/board.xml as part xcvr1602-vsva2488-2mp-e-s-es1 specified in board_part file is either invalid or not available
WARNING: [Board 49-26] cannot add Board Part xilinx.com:vrk160:part0:1.1 available at /home/janek/2025.2/data/xhub/boards/XilinxBoardStore/boards/Xilinx/vrk160/1.1/board.xml as part xcvr1602-vsva2488-2mp-e-s-es1 specified in board_part file is either invalid or not available
WARNING: [Board 49-26] cannot add Board Part xilinx.com:zcu208ld:part0:2.0 available at /home/janek/2025.2/data/xhub/boards/XilinxBoardStore/boards/Xilinx/zcu208ld/production/2.0/board.xml as part xczu58dr-fsvg1517-2-i specified in board_part file is either invalid or not available
WARNING: [Board 49-26] cannot add Board Part xilinx.com:zcu216ld:part0:2.0 available at /home/janek/2025.2/data/xhub/boards/XilinxBoardStore/boards/Xilinx/zcu216ld/production/2.0/board.xml as part xczu59dr-ffvf1760-2-i specified in board_part file is either invalid or not available
WARNING: [Board 49-26] cannot add Board Part xilinx.com:zcu670ld:part0:1.0 available at /home/janek/2025.2/data/xhub/boards/XilinxBoardStore/boards/Xilinx/zcu670ld/1.0/board.xml as part xczu57dr-fsve1156-2-i specified in board_part file is either invalid or not available
INFO: [IP_Flow 19-234] Refreshing IP repositories
INFO: [IP_Flow 19-1704] No user IP repositories specified
INFO: [IP_Flow 19-2313] Loaded Vivado IP repository '/home/janek/2025.2/data/ip'.
WARNING: [IP_Flow 19-12246] XCI file '/home/janek/Magisterka/Intelligent-Vibroacoustic-Machine-Diagnostic-System-on-FPGA/Hilbert_with_fft/Hilbert_and_fft_test/Hilbert_and_fft_test.srcs/sources_1/bd/Hilbert_fft/ip/Hilbert_fft_axis_subset_converter_0_0/Hilbert_fft_axis_subset_converter_0_0.xci' contents have changed since it was last written.
INFO: [Project 1-5698] Found the below utility IPs instantiated in block design /home/janek/Magisterka/Intelligent-Vibroacoustic-Machine-Diagnostic-System-on-FPGA/Hilbert_with_fft/Hilbert_and_fft_test/Hilbert_and_fft_test.srcs/sources_1/bd/Hilbert_fft/Hilbert_fft.bd which have equivalent inline hdl with improved performance and reduced diskspace.
It is recommended to migrate these utility IPs to inline hdl  using the command upgrade_project -migrate_to_inline_hdl.  The utility IPs may be deprecated in future releases.
More information on inline hdl is available in UG994.
Utility IP Component Instances:
 Hilbert_fft_xlconstant_0_0
Hilbert_fft_xlconstant_1_0
Hilbert_fft_xlslice_0_0
Hilbert_fft_xlslice_1_0
Hilbert_fft_xlslice_1_1
open_bd_design {/home/janek/Magisterka/Intelligent-Vibroacoustic-Machine-Diagnostic-System-on-FPGA/Hilbert_with_fft/Hilbert_and_fft_test/Hilbert_and_fft_test.srcs/sources_1/bd/Hilbert_fft/Hilbert_fft.bd}
Reading block design file </home/janek/Magisterka/Intelligent-Vibroacoustic-Machine-Diagnostic-System-on-FPGA/Hilbert_with_fft/Hilbert_and_fft_test/Hilbert_and_fft_test.srcs/sources_1/bd/Hilbert_fft/Hilbert_fft.bd>...
Adding component instance block -- xilinx.com:ip:fir_compiler:7.2 - fir_compiler_0
Adding component instance block -- xilinx.com:ip:cordic:6.0 - cordic_0
Adding component instance block -- xilinx.com:ip:axis_subset_converter:1.1 - axis_subset_converter_0
Adding component instance block -- xilinx.com:ip:xfft:9.1 - xfft_0
Adding component instance block -- xilinx.com:module_ref:TDM_to_Parallel_Converter:1.0 - TDM_to_Parallel_Conv_0
Adding component instance block -- xilinx.com:ip:xlconstant:1.1 - xlconstant_0
Adding component instance block -- xilinx.com:ip:xlconstant:1.1 - xlconstant_1
Adding component instance block -- xilinx.com:module_ref:brancher:1.0 - brancher_0
Adding component instance block -- xilinx.com:ip:cordic:6.0 - cordic_1
Adding component instance block -- xilinx.com:ip:cordic:6.0 - cordic_2
Adding component instance block -- xilinx.com:ip:cordic:6.0 - cordic_3
Adding component instance block -- xilinx.com:module_ref:fir0_spy:1.0 - fir0_spy_1
Adding component instance block -- xilinx.com:ip:xlslice:1.0 - xlslice_0
Adding component instance block -- xilinx.com:ip:fir_compiler:7.2 - fir_compiler_1
Adding component instance block -- xilinx.com:ip:xlslice:1.0 - imag
Adding component instance block -- xilinx.com:ip:xlslice:1.0 - rel
Adding component instance block -- xilinx.com:module_ref:fir0_spy:1.0 - fir0_spy_2
Adding component instance block -- xilinx.com:module_ref:fir0_spy:1.0 - fir0_spy_3
Successfully read diagram <Hilbert_fft> from block design file </home/janek/Magisterka/Intelligent-Vibroacoustic-Machine-Diagnostic-System-on-FPGA/Hilbert_with_fft/Hilbert_and_fft_test/Hilbert_and_fft_test.srcs/sources_1/bd/Hilbert_fft/Hilbert_fft.bd>
update_compile_order -fileset sources_1
launch_simulation
Command: launch_simulation 
INFO: [Vivado 12-25911] Executing simulation for 'XSim' simulator
INFO: [Project 1-5737] Running on host qtaz (64) - Ubuntu 24.04.4 LTS
INFO: [Vivado 12-28535] Process started - Tue Apr 21 10:00:27 2026

INFO: [Vivado 12-12493] Simulation top is 'tb_top'
INFO: [Vivado 12-5682] Launching behavioral simulation in '/home/janek/Magisterka/Intelligent-Vibroacoustic-Machine-Diagnostic-System-on-FPGA/Hilbert_with_fft/Hilbert_and_fft_test/Hilbert_and_fft_test.sim/sim_1/behav/xsim'
INFO: [SIM-utils-51] Simulation object is 'sim_1'
INFO: [SIM-utils-72] Using boost library from '/home/janek/2025.2/tps/boost_1_72_0'
INFO: [USF-XSim-7] Finding pre-compiled libraries...
INFO: [USF-XSim-11] File '/home/janek/2025.2/data/xsim/xsim.ini' copied to run dir:'/home/janek/Magisterka/Intelligent-Vibroacoustic-Machine-Diagnostic-System-on-FPGA/Hilbert_with_fft/Hilbert_and_fft_test/Hilbert_and_fft_test.sim/sim_1/behav/xsim'
INFO: [SIM-utils-54] Inspecting design source files for 'tb_top' in fileset 'sim_1'...
INFO: [SIM-utils-43] Exported '/home/janek/Magisterka/Intelligent-Vibroacoustic-Machine-Diagnostic-System-on-FPGA/Hilbert_with_fft/Hilbert_and_fft_test/Hilbert_and_fft_test.sim/sim_1/behav/xsim/Hilbert_fft_fir_compiler_0_0.mif'
INFO: [SIM-utils-43] Exported '/home/janek/Magisterka/Intelligent-Vibroacoustic-Machine-Diagnostic-System-on-FPGA/Hilbert_with_fft/Hilbert_and_fft_test/Hilbert_and_fft_test.sim/sim_1/behav/xsim/filet_2.coe'
INFO: [SIM-utils-43] Exported '/home/janek/Magisterka/Intelligent-Vibroacoustic-Machine-Diagnostic-System-on-FPGA/Hilbert_with_fft/Hilbert_and_fft_test/Hilbert_and_fft_test.sim/sim_1/behav/xsim/Hilbert_fft_fir_compiler_1_0.mif'
INFO: [SIM-utils-43] Exported '/home/janek/Magisterka/Intelligent-Vibroacoustic-Machine-Diagnostic-System-on-FPGA/Hilbert_with_fft/Hilbert_and_fft_test/Hilbert_and_fft_test.sim/sim_1/behav/xsim/hilbert.coe'
INFO: [SIM-utils-43] Exported '/home/janek/Magisterka/Intelligent-Vibroacoustic-Machine-Diagnostic-System-on-FPGA/Hilbert_with_fft/Hilbert_and_fft_test/Hilbert_and_fft_test.sim/sim_1/behav/xsim/filter_coeffs.coe'
INFO: [USF-XSim-97] Finding global include files...
INFO: [USF-XSim-98] Fetching design files from 'sim_1'...
INFO: [USF-XSim-2] XSim::Compile design
INFO: [USF-XSim-61] Executing 'COMPILE and ANALYZE' step in '/home/janek/Magisterka/Intelligent-Vibroacoustic-Machine-Diagnostic-System-on-FPGA/Hilbert_with_fft/Hilbert_and_fft_test/Hilbert_and_fft_test.sim/sim_1/behav/xsim'
xvlog --incr --relax -L uvm -prj tb_top_vlog.prj
xvhdl --incr --relax -prj tb_top_vhdl.prj
Waiting for jobs to finish...
No pending jobs, compilation finished.
INFO: [USF-XSim-69] 'compile' step finished in '2' seconds
INFO: [USF-XSim-3] XSim::Elaborate design
INFO: [USF-XSim-61] Executing 'ELABORATE' step in '/home/janek/Magisterka/Intelligent-Vibroacoustic-Machine-Diagnostic-System-on-FPGA/Hilbert_with_fft/Hilbert_and_fft_test/Hilbert_and_fft_test.sim/sim_1/behav/xsim'
xelab --incr --debug typical --relax --mt 8 -L xil_defaultlib -L xbip_utils_v3_0_15 -L axi_utils_v2_0_11 -L xbip_pipe_v3_0_11 -L fir_compiler_v7_2_26 -L c_reg_fd_v12_0_11 -L xbip_dsp48_wrapper_v3_0_7 -L c_addsub_v12_0_21 -L mult_gen_v12_0_24 -L cordic_v6_0_25 -L axis_infrastructure_v1_1_1 -L axis_register_slice_v1_1_35 -L axis_subset_converter_v1_1_36 -L c_shift_ram_v12_0_20 -L floating_point_v7_1_21 -L cmpy_v6_0_27 -L xfft_v9_1_15 -L xlconstant_v1_1_10 -L xlslice_v1_0_5 -L uvm -L unisims_ver -L unimacro_ver -L secureip -L xpm --snapshot tb_top_behav xil_defaultlib.tb_top xil_defaultlib.glbl -log elaborate.log
Vivado Simulator v2025.2
Copyright 1986-2022 Xilinx, Inc. All Rights Reserved.
Copyright 2022-2025 Advanced Micro Devices, Inc. All Rights Reserved.
Running: /home/janek/2025.2/Vivado/bin/unwrapped/lnx64.o/xelab --incr --debug typical --relax --mt 8 -L xil_defaultlib -L xbip_utils_v3_0_15 -L axi_utils_v2_0_11 -L xbip_pipe_v3_0_11 -L fir_compiler_v7_2_26 -L c_reg_fd_v12_0_11 -L xbip_dsp48_wrapper_v3_0_7 -L c_addsub_v12_0_21 -L mult_gen_v12_0_24 -L cordic_v6_0_25 -L axis_infrastructure_v1_1_1 -L axis_register_slice_v1_1_35 -L axis_subset_converter_v1_1_36 -L c_shift_ram_v12_0_20 -L floating_point_v7_1_21 -L cmpy_v6_0_27 -L xfft_v9_1_15 -L xlconstant_v1_1_10 -L xlslice_v1_0_5 -L uvm -L unisims_ver -L unimacro_ver -L secureip -L xpm --snapshot tb_top_behav xil_defaultlib.tb_top xil_defaultlib.glbl -log elaborate.log 
Using 8 slave threads.
WARNING: [XSIM 43-3431] One or more environment variables have been detected which affect the operation of the C compiler. These are typically not set in standard installations and are not tested by AMD, however they may be appropriate for your system, so the flow will attempt to continue.  If errors occur, try running xelab with the "-mt off -v 1" switches to see more information from the C compiler. The following environment variables have been detected:
    LIBRARY_PATH
Starting static elaboration
Pass Through NonSizing Optimizer
WARNING: [VRFC 10-5024] signed/unsigned conversion for real expression [/home/janek/Magisterka/Intelligent-Vibroacoustic-Machine-Diagnostic-System-on-FPGA/Hilbert_with_fft/Hilbert_and_fft_test/Hilbert_and_fft_test.srcs/sim_1/new/top.sv:94]
WARNING: [VRFC 10-5024] signed/unsigned conversion for real expression [/home/janek/Magisterka/Intelligent-Vibroacoustic-Machine-Diagnostic-System-on-FPGA/Hilbert_with_fft/Hilbert_and_fft_test/Hilbert_and_fft_test.srcs/sim_1/new/top.sv:100]
WARNING: [VRFC 10-5024] signed/unsigned conversion for real expression [/home/janek/Magisterka/Intelligent-Vibroacoustic-Machine-Diagnostic-System-on-FPGA/Hilbert_with_fft/Hilbert_and_fft_test/Hilbert_and_fft_test.srcs/sim_1/new/top.sv:106]
WARNING: [VRFC 10-5021] port 's_axis_cartesian_tready' is not connected on this instance [/home/janek/Magisterka/Intelligent-Vibroacoustic-Machine-Diagnostic-System-on-FPGA/Hilbert_with_fft/Hilbert_and_fft_test/Hilbert_and_fft_test.ip_user_files/bd/Hilbert_fft/sim/Hilbert_fft.v:92]
WARNING: [VRFC 10-5021] port 'm_axis_dout_tvalid' is not connected on this instance [/home/janek/Magisterka/Intelligent-Vibroacoustic-Machine-Diagnostic-System-on-FPGA/Hilbert_with_fft/Hilbert_and_fft_test/Hilbert_and_fft_test.ip_user_files/bd/Hilbert_fft/sim/Hilbert_fft.v:97]
WARNING: [VRFC 10-5021] port 'm_axis_dout_tvalid' is not connected on this instance [/home/janek/Magisterka/Intelligent-Vibroacoustic-Machine-Diagnostic-System-on-FPGA/Hilbert_with_fft/Hilbert_and_fft_test/Hilbert_and_fft_test.ip_user_files/bd/Hilbert_fft/sim/Hilbert_fft.v:102]
WARNING: [VRFC 10-5021] port 'm_axis_dout_tvalid' is not connected on this instance [/home/janek/Magisterka/Intelligent-Vibroacoustic-Machine-Diagnostic-System-on-FPGA/Hilbert_with_fft/Hilbert_and_fft_test/Hilbert_and_fft_test.ip_user_files/bd/Hilbert_fft/sim/Hilbert_fft.v:107]
WARNING: [VRFC 10-5021] port 's_axis_config_tready' is not connected on this instance [/home/janek/Magisterka/Intelligent-Vibroacoustic-Machine-Diagnostic-System-on-FPGA/Hilbert_with_fft/Hilbert_and_fft_test/Hilbert_and_fft_test.ip_user_files/bd/Hilbert_fft/sim/Hilbert_fft.v:159]
Completed static elaboration
INFO: [XSIM 43-4323] No Change in HDL. Linking previously generated obj files to create kernel
execute_script: Time (s): cpu = 00:00:06 ; elapsed = 00:00:07 . Memory (MB): peak = 10426.637 ; gain = 0.000 ; free physical = 20660 ; free virtual = 40123
INFO: [USF-XSim-69] 'elaborate' step finished in '7' seconds
INFO: [USF-XSim-4] XSim::Simulate design
INFO: [USF-XSim-61] Executing 'SIMULATE' step in '/home/janek/Magisterka/Intelligent-Vibroacoustic-Machine-Diagnostic-System-on-FPGA/Hilbert_with_fft/Hilbert_and_fft_test/Hilbert_and_fft_test.sim/sim_1/behav/xsim'
INFO: [USF-XSim-98] *** Running xsim
   with args "tb_top_behav -key {Behavioral:sim_1:Functional:tb_top} -tclbatch {tb_top.tcl} -protoinst "protoinst_files/Hilbert_fft.protoinst" -log {simulate.log}"
INFO: [USF-XSim-8] Loading simulator feature
INFO: [Wavedata 42-565] Reading protoinst file protoinst_files/Hilbert_fft.protoinst
INFO: [Wavedata 42-564]   Found protocol instance at /tb_top/Hilbert_fft//TDM_to_Parallel_Conv_0/m_axis
INFO: [Wavedata 42-564]   Found protocol instance at /tb_top/Hilbert_fft//xfft_0/S_AXIS_DATA
Time resolution is 1 ps
source tb_top.tcl
# set curr_wave [current_wave_config]
# if { [string length $curr_wave] == 0 } {
#   if { [llength [get_objects]] > 0} {
#     add_wave /
#     set_property needs_save false [current_wave_config]
#   } else {
#      send_msg_id Add_Wave-1 WARNING "No top level signals found. Simulator will start without a wave window. If you want to open a wave window go to 'File->New Waveform Configuration' or type 'create_wave_config' in the TCL console."
#   }
# }
# run 1000ns
START SYMULACJI - Generowanie danych TDM dla 3 kanalow
Note:   - SCALING_SCH: in_ptr = 3, out_ptr = 3
Time: 0 ps  Iteration: 0  Process: /tb_top/Hilbert_fft/xfft_0/U0/i_synth/axi_wrapper/gen_config_fifo_in/line__94240  File: /home/janek/2025.2/Vivado/data/ip/xilinx/xfft_v9_1/hdl/xfft_v9_1_vh_rfs.vhd
Note:     - C_CHANNELS  = 3
Time: 0 ps  Iteration: 0  Process: /tb_top/Hilbert_fft/xfft_0/U0/i_synth/axi_wrapper/gen_config_fifo_in/line__94240  File: /home/janek/2025.2/Vivado/data/ip/xilinx/xfft_v9_1/hdl/xfft_v9_1_vh_rfs.vhd
Note:     - field_width = 60
Time: 0 ps  Iteration: 0  Process: /tb_top/Hilbert_fft/xfft_0/U0/i_synth/axi_wrapper/gen_config_fifo_in/line__94240  File: /home/janek/2025.2/Vivado/data/ip/xilinx/xfft_v9_1/hdl/xfft_v9_1_vh_rfs.vhd
Note:   - Copying SCALE_SCH from 62 downto 3 to 62 downto 3
Time: 0 ps  Iteration: 0  Process: /tb_top/Hilbert_fft/xfft_0/U0/i_synth/axi_wrapper/gen_config_fifo_in/line__94240  File: /home/janek/2025.2/Vivado/data/ip/xilinx/xfft_v9_1/hdl/xfft_v9_1_vh_rfs.vhd
Note:   - SCALING_SCH: in_ptr = 3, out_ptr = 3
Time: 0 ps  Iteration: 1  Process: /tb_top/Hilbert_fft/xfft_0/U0/i_synth/axi_wrapper/gen_config_fifo_in/line__94240  File: /home/janek/2025.2/Vivado/data/ip/xilinx/xfft_v9_1/hdl/xfft_v9_1_vh_rfs.vhd
Note:     - C_CHANNELS  = 3
Time: 0 ps  Iteration: 1  Process: /tb_top/Hilbert_fft/xfft_0/U0/i_synth/axi_wrapper/gen_config_fifo_in/line__94240  File: /home/janek/2025.2/Vivado/data/ip/xilinx/xfft_v9_1/hdl/xfft_v9_1_vh_rfs.vhd
Note:     - field_width = 60
Time: 0 ps  Iteration: 1  Process: /tb_top/Hilbert_fft/xfft_0/U0/i_synth/axi_wrapper/gen_config_fifo_in/line__94240  File: /home/janek/2025.2/Vivado/data/ip/xilinx/xfft_v9_1/hdl/xfft_v9_1_vh_rfs.vhd
Note:   - Copying SCALE_SCH from 62 downto 3 to 62 downto 3
Time: 0 ps  Iteration: 1  Process: /tb_top/Hilbert_fft/xfft_0/U0/i_synth/axi_wrapper/gen_config_fifo_in/line__94240  File: /home/janek/2025.2/Vivado/data/ip/xilinx/xfft_v9_1/hdl/xfft_v9_1_vh_rfs.vhd
INFO: [USF-XSim-96] XSim completed. Design snapshot 'tb_top_behav' loaded.
INFO: [USF-XSim-97] XSim simulation ran for 1000ns
launch_simulation: Time (s): cpu = 00:00:13 ; elapsed = 00:00:13 . Memory (MB): peak = 10426.637 ; gain = 0.000 ; free physical = 20548 ; free virtual = 40028
open_bd_design {/home/janek/Magisterka/Intelligent-Vibroacoustic-Machine-Diagnostic-System-on-FPGA/Hilbert_with_fft/Hilbert_and_fft_test/Hilbert_and_fft_test.srcs/sources_1/bd/Hilbert_fft/Hilbert_fft.bd}
open_bd_design {/home/janek/Magisterka/Intelligent-Vibroacoustic-Machine-Diagnostic-System-on-FPGA/Hilbert_with_fft/Hilbert_and_fft_test/Hilbert_and_fft_test.srcs/sources_1/bd/Hilbert_fft/Hilbert_fft.bd}
open_bd_design {/home/janek/Magisterka/Intelligent-Vibroacoustic-Machine-Diagnostic-System-on-FPGA/Hilbert_with_fft/Hilbert_and_fft_test/Hilbert_and_fft_test.srcs/sources_1/bd/Hilbert_fft/Hilbert_fft.bd}
open_bd_design {/home/janek/Magisterka/Intelligent-Vibroacoustic-Machine-Diagnostic-System-on-FPGA/Hilbert_with_fft/Hilbert_and_fft_test/Hilbert_and_fft_test.srcs/sources_1/bd/Hilbert_fft/Hilbert_fft.bd}
open_bd_design {/home/janek/Magisterka/Intelligent-Vibroacoustic-Machine-Diagnostic-System-on-FPGA/Hilbert_with_fft/Hilbert_and_fft_test/Hilbert_and_fft_test.srcs/sources_1/bd/Hilbert_fft/Hilbert_fft.bd}
current_wave_config {Untitled 1}
Untitled 1
add_wave {{/tb_top/Hilbert_fft/fir0_spy_2/debug_x}} {{/tb_top/Hilbert_fft/fir0_spy_2/debug_y}} {{/tb_top/Hilbert_fft/fir0_spy_2/debug_z}} 
current_wave_config {Untitled 1}
Untitled 1
add_wave {{/tb_top/Hilbert_fft/fir0_spy_3/debug_x}} {{/tb_top/Hilbert_fft/fir0_spy_3/debug_y}} {{/tb_top/Hilbert_fft/fir0_spy_3/debug_z}} 
run all
run: Time (s): cpu = 00:00:46 ; elapsed = 00:08:57 . Memory (MB): peak = 10426.637 ; gain = 0.000 ; free physical = 20421 ; free virtual = 39964
save_wave_config {/home/janek/Magisterka/Intelligent-Vibroacoustic-Machine-Diagnostic-System-on-FPGA/Hilbert_with_fft/Hilbert_and_fft_test/hiilbert_spy.wcfg}
add_files -fileset sim_1 -norecurse /home/janek/Magisterka/Intelligent-Vibroacoustic-Machine-Diagnostic-System-on-FPGA/Hilbert_with_fft/Hilbert_and_fft_test/hiilbert_spy.wcfg
set_property xsim.view /home/janek/Magisterka/Intelligent-Vibroacoustic-Machine-Diagnostic-System-on-FPGA/Hilbert_with_fft/Hilbert_and_fft_test/hiilbert_spy.wcfg [get_filesets sim_1]
close_sim
INFO: xsimkernel Simulation Memory Usage: 318576 KB (Peak: 368940 KB), Simulation CPU Usage: 538260 ms
INFO: [Simtcl 6-16] Simulation closed
exit
INFO: [Common 17-206] Exiting Vivado at Tue Apr 21 10:24:27 2026...
