#-----------------------------------------------------------
# Vivado v2025.2 (64-bit)
# SW Build 6299465 on Fri Nov 14 12:34:56 MST 2025
# IP Build 6300035 on Fri Nov 14 10:48:45 MST 2025
# SharedData Build 6298862 on Thu Nov 13 04:50:51 MST 2025
# Start of session at: Wed Aug  5 07:40:23 2026
# Process ID         : 2237357
# Current directory  : /home/kuszman/Magisterka/Intelligent-Vibroacoustic-Machine-Diagnostic-System-on-FPGA/spi/spi_true
# Command line       : vivado -mode batch -source /tmp/make_ltx_17.tcl
# Log file           : /home/kuszman/Magisterka/Intelligent-Vibroacoustic-Machine-Diagnostic-System-on-FPGA/spi/spi_true/vivado.log
# Journal file       : /home/kuszman/Magisterka/Intelligent-Vibroacoustic-Machine-Diagnostic-System-on-FPGA/spi/spi_true/vivado.jou
# Running On         : Magisterka
# Platform           : Ubuntu
# Operating System   : Ubuntu 26.04 LTS
# Processor Detail   : AMD Ryzen 7 PRO 4750G with Radeon Graphics
# CPU Frequency      : 2376.700 MHz
# CPU Physical cores : 8
# CPU Logical cores  : 16
# Host memory        : 15479 MB
# Swap memory        : 4294 MB
# Total Virtual      : 19774 MB
# Available Virtual  : 6764 MB
#-----------------------------------------------------------
source /tmp/make_ltx_17.tcl
# set impl_dir {/home/kuszman/Magisterka/Intelligent-Vibroacoustic-Machine-Diagnostic-System-on-FPGA/spi/spi_true/spi_accelerometer_true/spi_accelerometer_true.runs/impl_1}
# set dcps [glob -nocomplain -directory $impl_dir *_routed.dcp]
# if {[llength $dcps] == 0} {
#     error "Nie znaleziono pliku *_routed.dcp w $impl_dir"
# }
# set dcp [lindex $dcps 0]
# set ltx [file join $impl_dir debug_nets_17.ltx]
# open_checkpoint $dcp
Command: open_checkpoint /home/kuszman/Magisterka/Intelligent-Vibroacoustic-Machine-Diagnostic-System-on-FPGA/spi/spi_true/spi_accelerometer_true/spi_accelerometer_true.runs/impl_1/iis3dwbg1_kr260_hw_top_routed.dcp

Starting open_checkpoint Task

Time (s): cpu = 00:00:00.03 ; elapsed = 00:00:00.03 . Memory (MB): peak = 1482.039 ; gain = 0.000 ; free physical = 996 ; free virtual = 6079
WARNING: [Project 1-153] The current project device 'xc7z010iclg225-1l' does not match with the device on the 'XILINX.COM:KR260_SOM_SOM240_1_CONNECTOR_KD240_CARRIER_SOM240_1_CONNECTOR_SOM240_2_CONNECTOR_KD240_CARRIER_SOM40_2_CONNECTOR:1.1' board part. A device change to match the device on 'XILINX.COM:KR260_SOM_SOM240_1_CONNECTOR_KD240_CARRIER_SOM240_1_CONNECTOR_SOM240_2_CONNECTOR_KD240_CARRIER_SOM40_2_CONNECTOR:1.1' board part is being done. Please upgrade the IP in the project via the upgrade_ip command or by selecting Reports => Reports IP Status.
INFO: [Project 1-152] Project part set to zynquplus (xck26-sfvc784-2lv-c)
INFO: [Device 21-403] Loading part xck26-sfvc784-2LV-c
Netlist sorting complete. Time (s): cpu = 00:00:00.07 ; elapsed = 00:00:00.07 . Memory (MB): peak = 2597.754 ; gain = 0.000 ; free physical = 343 ; free virtual = 5089
INFO: [Netlist 29-17] Analyzing 840 Unisim elements for replacement
INFO: [Netlist 29-28] Unisim Transformation completed in 0 CPU seconds
INFO: [Project 1-479] Netlist was created with Vivado 2025.2
INFO: [Project 1-570] Preparing netlist for logic optimization
Read ShapeDB Complete: Time (s): cpu = 00:00:00.03 ; elapsed = 00:00:00.02 . Memory (MB): peak = 2597.754 ; gain = 0.000 ; free physical = 316 ; free virtual = 5063
INFO: [Timing 38-478] Restoring timing data from binary archive.
INFO: [Timing 38-479] Binary timing data restore complete.
INFO: [Project 1-856] Restoring constraints from binary archive.
INFO: [Constraints 18-5170] The checkpoint was created with non-default parameter values which do not match the current Vivado settings.  Mismatching parameters are:
  tcl.collectionResultDisplayLimit
INFO: [Project 1-853] Binary constraint restore complete.
INFO: [Designutils 20-5722] Start Reading Physical Databases.
Reading placement.
Read Netlist Cache: Time (s): cpu = 00:00:00.01 ; elapsed = 00:00:00 . Memory (MB): peak = 2841.082 ; gain = 0.000 ; free physical = 281 ; free virtual = 4921
Reading placer database...
Read Device Cache: Time (s): cpu = 00:00:00.02 ; elapsed = 00:00:00.03 . Memory (MB): peak = 2841.082 ; gain = 0.000 ; free physical = 279 ; free virtual = 4919
Read PlaceDB: Time (s): cpu = 00:00:00.26 ; elapsed = 00:00:00.26 . Memory (MB): peak = 2841.082 ; gain = 0.000 ; free physical = 271 ; free virtual = 4911
Read PulsedLatchDB: Time (s): cpu = 00:00:00 ; elapsed = 00:00:00 . Memory (MB): peak = 2841.082 ; gain = 0.000 ; free physical = 271 ; free virtual = 4911
Reading routing.
Read RouteStorage: Time (s): cpu = 00:00:05 ; elapsed = 00:00:05 . Memory (MB): peak = 3267.879 ; gain = 426.797 ; free physical = 177 ; free virtual = 4647
Read Physdb Files: Time (s): cpu = 00:00:05 ; elapsed = 00:00:06 . Memory (MB): peak = 3267.879 ; gain = 426.797 ; free physical = 177 ; free virtual = 4647
Restored from archive | CPU: 5.710000 secs | Memory: 409.581345 MB |
Finished XDEF File Restore: Time (s): cpu = 00:00:06 ; elapsed = 00:00:06 . Memory (MB): peak = 3267.879 ; gain = 426.797 ; free physical = 177 ; free virtual = 4647
Netlist sorting complete. Time (s): cpu = 00:00:00 ; elapsed = 00:00:00.01 . Memory (MB): peak = 3267.879 ; gain = 0.000 ; free physical = 177 ; free virtual = 4646
INFO: [Project 1-111] Unisim Transformation Summary:
  A total of 564 instances were transformed.
  CFGLUT5 => CFGLUT5 (SRL16E, SRLC32E): 540 instances
  IBUF => IBUF (IBUFCTRL, INBUF): 2 instances
  RAM32M16 => RAM32M16 (RAMD32(x14), RAMS32(x2)): 2 instances
  RAM32X1D => RAM32X1D (RAMD32(x2)): 4 instances
  RAM64M => RAM64M (RAMD64E(x4)): 4 instances
  RAM64M8 => RAM64M8 (RAMD64E(x8)): 12 instances

INFO: [Project 1-604] Checkpoint was created with Vivado v2025.2 (64-bit) build 6299465
open_checkpoint: Time (s): cpu = 00:00:26 ; elapsed = 00:00:20 . Memory (MB): peak = 3267.914 ; gain = 1785.875 ; free physical = 176 ; free virtual = 4645
# write_debug_probes -force $ltx
# close_design
# exit
INFO: [Common 17-206] Exiting Vivado at Wed Aug  5 07:40:47 2026...
