#-----------------------------------------------------------
# Vivado v2025.2 (64-bit)
# SW Build 6299465 on Fri Nov 14 12:34:56 MST 2025
# IP Build 6300035 on Fri Nov 14 10:48:45 MST 2025
# SharedData Build 6298862 on Thu Nov 13 04:50:51 MST 2025
# Start of session at: Sun Feb  8 14:49:54 2026
# Process ID         : 62533
# Current directory  : /home/janek/Magisterka/Intelligent-Vibroacoustic-Machine-Diagnostic-System-on-FPGA/spi/accelerometer_spi/accelerometer_spi.runs/spi_module_axi_dma_0_0_synth_1
# Command line       : vivado -log spi_module_axi_dma_0_0.vds -product Vivado -mode batch -messageDb vivado.pb -notrace -source spi_module_axi_dma_0_0.tcl
# Log file           : /home/janek/Magisterka/Intelligent-Vibroacoustic-Machine-Diagnostic-System-on-FPGA/spi/accelerometer_spi/accelerometer_spi.runs/spi_module_axi_dma_0_0_synth_1/spi_module_axi_dma_0_0.vds
# Journal file       : /home/janek/Magisterka/Intelligent-Vibroacoustic-Machine-Diagnostic-System-on-FPGA/spi/accelerometer_spi/accelerometer_spi.runs/spi_module_axi_dma_0_0_synth_1/vivado.jou
# Running On         : qtaz
# Platform           : Ubuntu
# Operating System   : Ubuntu 24.04.3 LTS
# Processor Detail   : AMD Ryzen 5 7500F 6-Core Processor
# CPU Frequency      : 3693.007 MHz
# CPU Physical cores : 6
# CPU Logical cores  : 12
# Host memory        : 27314 MB
# Swap memory        : 17179 MB
# Total Virtual      : 44494 MB
# Available Virtual  : 32372 MB
#-----------------------------------------------------------
source spi_module_axi_dma_0_0.tcl -notrace
