#-----------------------------------------------------------
# Vivado v2025.2 (64-bit)
# SW Build 6299465 on Fri Nov 14 12:34:56 MST 2025
# IP Build 6300035 on Fri Nov 14 10:48:45 MST 2025
# SharedData Build 6298862 on Thu Nov 13 04:50:51 MST 2025
# Start of session at: Sat Feb  7 16:34:12 2026
# Process ID         : 67902
# Current directory  : /home/janek/Magisterka/Intelligent-Vibroacoustic-Machine-Diagnostic-System-on-FPGA/spi/accelerometer_spi
# Command line       : vivado accelerometer_spi.xpr
# Log file           : /home/janek/Magisterka/Intelligent-Vibroacoustic-Machine-Diagnostic-System-on-FPGA/spi/accelerometer_spi/vivado.log
# Journal file       : /home/janek/Magisterka/Intelligent-Vibroacoustic-Machine-Diagnostic-System-on-FPGA/spi/accelerometer_spi/vivado.jou
# Running On         : qtaz
# Platform           : Ubuntu
# Operating System   : Ubuntu 24.04.3 LTS
# Processor Detail   : AMD Ryzen 5 7500F 6-Core Processor
# CPU Frequency      : 3693.007 MHz
# CPU Physical cores : 6
# CPU Logical cores  : 12
# Host memory        : 27314 MB
# Swap memory        : 17179 MB
# Total Virtual      : 44494 MB
# Available Virtual  : 43178 MB
#-----------------------------------------------------------
start_gui
open_project accelerometer_spi.xpr
update_compile_order -fileset sources_1
open_bd_design {/home/janek/Magisterka/Intelligent-Vibroacoustic-Machine-Diagnostic-System-on-FPGA/spi/accelerometer_spi/accelerometer_spi.srcs/sources_1/bd/spi_module/spi_module.bd}
