
*** Running vivado
    with args -log spi_module_wrapper.vds -m64 -product Vivado -mode batch -messageDb vivado.pb -notrace -source spi_module_wrapper.tcl


****** Vivado v2025.2 (64-bit)
  **** SW Build 6299465 on Fri Nov 14 12:34:56 MST 2025
  **** IP Build 6300035 on Fri Nov 14 10:48:45 MST 2025
  **** SharedData Build 6298862 on Thu Nov 13 04:50:51 MST 2025
  **** Start of session at: Sun Feb  8 15:00:46 2026
    ** Copyright 1986-2022 Xilinx, Inc. All Rights Reserved.
    ** Copyright 2022-2025 Advanced Micro Devices, Inc. All Rights Reserved.

source spi_module_wrapper.tcl -notrace
INFO: [IP_Flow 19-234] Refreshing IP repositories
INFO: [IP_Flow 19-1704] No user IP repositories specified
INFO: [IP_Flow 19-2313] Loaded Vivado IP repository '/home/janek/2025.2/data/ip'.
Command: read_checkpoint -auto_incremental -incremental /home/janek/Magisterka/Intelligent-Vibroacoustic-Machine-Diagnostic-System-on-FPGA/spi/accelerometer_spi/accelerometer_spi.srcs/utils_1/imports/synth_1/spi_module_wrapper.dcp
INFO: [Vivado 12-5825] Read reference checkpoint from /home/janek/Magisterka/Intelligent-Vibroacoustic-Machine-Diagnostic-System-on-FPGA/spi/accelerometer_spi/accelerometer_spi.srcs/utils_1/imports/synth_1/spi_module_wrapper.dcp for incremental synthesis
INFO: [Vivado 12-7989] Please ensure there are no constraint changes
Command: synth_design -top spi_module_wrapper -part xck26-sfvc784-2LV-c
Starting synth_design
Attempting to get a license for feature 'Synthesis' and/or device 'xck26'
INFO: [Common 17-349] Got license for feature 'Synthesis' and/or device 'xck26'
INFO: [Device 21-403] Loading part xck26-sfvc784-2LV-c
INFO: [Designutils 20-5440] No compile time benefit to using incremental synthesis; A full resynthesis will be run
INFO: [Designutils 20-4379] Flow is switching to default flow due to incremental criteria not met. If you would like to alter this behaviour and have the flow terminate instead, please set the following parameter config_implementation {autoIncr.Synth.RejectBehavior Terminate}
INFO: [Synth 8-7079] Multithreading enabled for synth_design using a maximum of 7 processes.
INFO: [Synth 8-7078] Launching helper process for spawning children vivado processes
INFO: [Synth 8-7075] Helper process launched with PID 121329
---------------------------------------------------------------------------------
Starting RTL Elaboration : Time (s): cpu = 00:00:02 ; elapsed = 00:00:03 . Memory (MB): peak = 2829.664 ; gain = 142.688 ; free physical = 18237 ; free virtual = 37593
---------------------------------------------------------------------------------
INFO: [Synth 8-6157] synthesizing module 'spi_module_wrapper' [/home/janek/Magisterka/Intelligent-Vibroacoustic-Machine-Diagnostic-System-on-FPGA/spi/accelerometer_spi/accelerometer_spi.gen/sources_1/bd/spi_module/hdl/spi_module_wrapper.v:13]
INFO: [Synth 8-6157] synthesizing module 'IOBUF' [/home/janek/2025.2/Vivado/scripts/rt/data/unisim_comp.v:87566]
INFO: [Synth 8-6155] done synthesizing module 'IOBUF' (0#1) [/home/janek/2025.2/Vivado/scripts/rt/data/unisim_comp.v:87566]
INFO: [Synth 8-6157] synthesizing module 'spi_module' [/home/janek/Magisterka/Intelligent-Vibroacoustic-Machine-Diagnostic-System-on-FPGA/spi/accelerometer_spi/accelerometer_spi.gen/sources_1/bd/spi_module/synth/spi_module.v:13]
INFO: [Synth 8-6157] synthesizing module 'spi_module_axi_dma_0_0' [/home/janek/Magisterka/Intelligent-Vibroacoustic-Machine-Diagnostic-System-on-FPGA/spi/accelerometer_spi/accelerometer_spi.runs/synth_1/.Xil/Vivado-121191-qtaz/realtime/spi_module_axi_dma_0_0_stub.v:6]
INFO: [Synth 8-6155] done synthesizing module 'spi_module_axi_dma_0_0' (0#1) [/home/janek/Magisterka/Intelligent-Vibroacoustic-Machine-Diagnostic-System-on-FPGA/spi/accelerometer_spi/accelerometer_spi.runs/synth_1/.Xil/Vivado-121191-qtaz/realtime/spi_module_axi_dma_0_0_stub.v:6]
WARNING: [Synth 8-7071] port 'mm2s_prmry_reset_out_n' of module 'spi_module_axi_dma_0_0' is unconnected for instance 'axi_dma_0' [/home/janek/Magisterka/Intelligent-Vibroacoustic-Machine-Diagnostic-System-on-FPGA/spi/accelerometer_spi/accelerometer_spi.gen/sources_1/bd/spi_module/synth/spi_module.v:214]
WARNING: [Synth 8-7071] port 'm_axis_mm2s_tkeep' of module 'spi_module_axi_dma_0_0' is unconnected for instance 'axi_dma_0' [/home/janek/Magisterka/Intelligent-Vibroacoustic-Machine-Diagnostic-System-on-FPGA/spi/accelerometer_spi/accelerometer_spi.gen/sources_1/bd/spi_module/synth/spi_module.v:214]
WARNING: [Synth 8-7071] port 's2mm_prmry_reset_out_n' of module 'spi_module_axi_dma_0_0' is unconnected for instance 'axi_dma_0' [/home/janek/Magisterka/Intelligent-Vibroacoustic-Machine-Diagnostic-System-on-FPGA/spi/accelerometer_spi/accelerometer_spi.gen/sources_1/bd/spi_module/synth/spi_module.v:214]
WARNING: [Synth 8-7071] port 'mm2s_introut' of module 'spi_module_axi_dma_0_0' is unconnected for instance 'axi_dma_0' [/home/janek/Magisterka/Intelligent-Vibroacoustic-Machine-Diagnostic-System-on-FPGA/spi/accelerometer_spi/accelerometer_spi.gen/sources_1/bd/spi_module/synth/spi_module.v:214]
WARNING: [Synth 8-7071] port 's2mm_introut' of module 'spi_module_axi_dma_0_0' is unconnected for instance 'axi_dma_0' [/home/janek/Magisterka/Intelligent-Vibroacoustic-Machine-Diagnostic-System-on-FPGA/spi/accelerometer_spi/accelerometer_spi.gen/sources_1/bd/spi_module/synth/spi_module.v:214]
WARNING: [Synth 8-7071] port 'axi_dma_tstvec' of module 'spi_module_axi_dma_0_0' is unconnected for instance 'axi_dma_0' [/home/janek/Magisterka/Intelligent-Vibroacoustic-Machine-Diagnostic-System-on-FPGA/spi/accelerometer_spi/accelerometer_spi.gen/sources_1/bd/spi_module/synth/spi_module.v:214]
WARNING: [Synth 8-7023] instance 'axi_dma_0' of module 'spi_module_axi_dma_0_0' has 64 connections declared, but only 58 given [/home/janek/Magisterka/Intelligent-Vibroacoustic-Machine-Diagnostic-System-on-FPGA/spi/accelerometer_spi/accelerometer_spi.gen/sources_1/bd/spi_module/synth/spi_module.v:214]
INFO: [Synth 8-6157] synthesizing module 'spi_module_axi_gpio_0_0' [/home/janek/Magisterka/Intelligent-Vibroacoustic-Machine-Diagnostic-System-on-FPGA/spi/accelerometer_spi/accelerometer_spi.runs/synth_1/.Xil/Vivado-121191-qtaz/realtime/spi_module_axi_gpio_0_0_stub.v:6]
INFO: [Synth 8-6155] done synthesizing module 'spi_module_axi_gpio_0_0' (0#1) [/home/janek/Magisterka/Intelligent-Vibroacoustic-Machine-Diagnostic-System-on-FPGA/spi/accelerometer_spi/accelerometer_spi.runs/synth_1/.Xil/Vivado-121191-qtaz/realtime/spi_module_axi_gpio_0_0_stub.v:6]
INFO: [Synth 8-6157] synthesizing module 'spi_module_axi_quad_spi_0_1' [/home/janek/Magisterka/Intelligent-Vibroacoustic-Machine-Diagnostic-System-on-FPGA/spi/accelerometer_spi/accelerometer_spi.runs/synth_1/.Xil/Vivado-121191-qtaz/realtime/spi_module_axi_quad_spi_0_1_stub.v:6]
INFO: [Synth 8-6155] done synthesizing module 'spi_module_axi_quad_spi_0_1' (0#1) [/home/janek/Magisterka/Intelligent-Vibroacoustic-Machine-Diagnostic-System-on-FPGA/spi/accelerometer_spi/accelerometer_spi.runs/synth_1/.Xil/Vivado-121191-qtaz/realtime/spi_module_axi_quad_spi_0_1_stub.v:6]
WARNING: [Synth 8-7071] port 'sck_o' of module 'spi_module_axi_quad_spi_0_1' is unconnected for instance 'axi_quad_spi_0' [/home/janek/Magisterka/Intelligent-Vibroacoustic-Machine-Diagnostic-System-on-FPGA/spi/accelerometer_spi/accelerometer_spi.gen/sources_1/bd/spi_module/synth/spi_module.v:294]
WARNING: [Synth 8-7071] port 'sck_t' of module 'spi_module_axi_quad_spi_0_1' is unconnected for instance 'axi_quad_spi_0' [/home/janek/Magisterka/Intelligent-Vibroacoustic-Machine-Diagnostic-System-on-FPGA/spi/accelerometer_spi/accelerometer_spi.gen/sources_1/bd/spi_module/synth/spi_module.v:294]
WARNING: [Synth 8-7071] port 'ip2intc_irpt' of module 'spi_module_axi_quad_spi_0_1' is unconnected for instance 'axi_quad_spi_0' [/home/janek/Magisterka/Intelligent-Vibroacoustic-Machine-Diagnostic-System-on-FPGA/spi/accelerometer_spi/accelerometer_spi.gen/sources_1/bd/spi_module/synth/spi_module.v:294]
WARNING: [Synth 8-7023] instance 'axi_quad_spi_0' of module 'spi_module_axi_quad_spi_0_1' has 33 connections declared, but only 30 given [/home/janek/Magisterka/Intelligent-Vibroacoustic-Machine-Diagnostic-System-on-FPGA/spi/accelerometer_spi/accelerometer_spi.gen/sources_1/bd/spi_module/synth/spi_module.v:294]
INFO: [Synth 8-6157] synthesizing module 'spi_module_axi_smc_0' [/home/janek/Magisterka/Intelligent-Vibroacoustic-Machine-Diagnostic-System-on-FPGA/spi/accelerometer_spi/accelerometer_spi.runs/synth_1/.Xil/Vivado-121191-qtaz/realtime/spi_module_axi_smc_0_stub.v:6]
INFO: [Synth 8-6155] done synthesizing module 'spi_module_axi_smc_0' (0#1) [/home/janek/Magisterka/Intelligent-Vibroacoustic-Machine-Diagnostic-System-on-FPGA/spi/accelerometer_spi/accelerometer_spi.runs/synth_1/.Xil/Vivado-121191-qtaz/realtime/spi_module_axi_smc_0_stub.v:6]
WARNING: [Synth 8-7071] port 'M00_AXI_awprot' of module 'spi_module_axi_smc_0' is unconnected for instance 'axi_smc' [/home/janek/Magisterka/Intelligent-Vibroacoustic-Machine-Diagnostic-System-on-FPGA/spi/accelerometer_spi/accelerometer_spi.gen/sources_1/bd/spi_module/synth/spi_module.v:325]
WARNING: [Synth 8-7071] port 'M00_AXI_arprot' of module 'spi_module_axi_smc_0' is unconnected for instance 'axi_smc' [/home/janek/Magisterka/Intelligent-Vibroacoustic-Machine-Diagnostic-System-on-FPGA/spi/accelerometer_spi/accelerometer_spi.gen/sources_1/bd/spi_module/synth/spi_module.v:325]
WARNING: [Synth 8-7071] port 'M01_AXI_awprot' of module 'spi_module_axi_smc_0' is unconnected for instance 'axi_smc' [/home/janek/Magisterka/Intelligent-Vibroacoustic-Machine-Diagnostic-System-on-FPGA/spi/accelerometer_spi/accelerometer_spi.gen/sources_1/bd/spi_module/synth/spi_module.v:325]
WARNING: [Synth 8-7071] port 'M01_AXI_arprot' of module 'spi_module_axi_smc_0' is unconnected for instance 'axi_smc' [/home/janek/Magisterka/Intelligent-Vibroacoustic-Machine-Diagnostic-System-on-FPGA/spi/accelerometer_spi/accelerometer_spi.gen/sources_1/bd/spi_module/synth/spi_module.v:325]
WARNING: [Synth 8-7071] port 'M02_AXI_awprot' of module 'spi_module_axi_smc_0' is unconnected for instance 'axi_smc' [/home/janek/Magisterka/Intelligent-Vibroacoustic-Machine-Diagnostic-System-on-FPGA/spi/accelerometer_spi/accelerometer_spi.gen/sources_1/bd/spi_module/synth/spi_module.v:325]
WARNING: [Synth 8-7071] port 'M02_AXI_wstrb' of module 'spi_module_axi_smc_0' is unconnected for instance 'axi_smc' [/home/janek/Magisterka/Intelligent-Vibroacoustic-Machine-Diagnostic-System-on-FPGA/spi/accelerometer_spi/accelerometer_spi.gen/sources_1/bd/spi_module/synth/spi_module.v:325]
WARNING: [Synth 8-7071] port 'M02_AXI_arprot' of module 'spi_module_axi_smc_0' is unconnected for instance 'axi_smc' [/home/janek/Magisterka/Intelligent-Vibroacoustic-Machine-Diagnostic-System-on-FPGA/spi/accelerometer_spi/accelerometer_spi.gen/sources_1/bd/spi_module/synth/spi_module.v:325]
WARNING: [Synth 8-7023] instance 'axi_smc' of module 'spi_module_axi_smc_0' has 98 connections declared, but only 91 given [/home/janek/Magisterka/Intelligent-Vibroacoustic-Machine-Diagnostic-System-on-FPGA/spi/accelerometer_spi/accelerometer_spi.gen/sources_1/bd/spi_module/synth/spi_module.v:325]
INFO: [Synth 8-6157] synthesizing module 'spi_module_axi_smc_1_0' [/home/janek/Magisterka/Intelligent-Vibroacoustic-Machine-Diagnostic-System-on-FPGA/spi/accelerometer_spi/accelerometer_spi.runs/synth_1/.Xil/Vivado-121191-qtaz/realtime/spi_module_axi_smc_1_0_stub.v:6]
INFO: [Synth 8-6155] done synthesizing module 'spi_module_axi_smc_1_0' (0#1) [/home/janek/Magisterka/Intelligent-Vibroacoustic-Machine-Diagnostic-System-on-FPGA/spi/accelerometer_spi/accelerometer_spi.runs/synth_1/.Xil/Vivado-121191-qtaz/realtime/spi_module_axi_smc_1_0_stub.v:6]
INFO: [Synth 8-6157] synthesizing module 'spi_module_axi_smc_2_0' [/home/janek/Magisterka/Intelligent-Vibroacoustic-Machine-Diagnostic-System-on-FPGA/spi/accelerometer_spi/accelerometer_spi.runs/synth_1/.Xil/Vivado-121191-qtaz/realtime/spi_module_axi_smc_2_0_stub.v:6]
INFO: [Synth 8-6155] done synthesizing module 'spi_module_axi_smc_2_0' (0#1) [/home/janek/Magisterka/Intelligent-Vibroacoustic-Machine-Diagnostic-System-on-FPGA/spi/accelerometer_spi/accelerometer_spi.runs/synth_1/.Xil/Vivado-121191-qtaz/realtime/spi_module_axi_smc_2_0_stub.v:6]
INFO: [Synth 8-6157] synthesizing module 'spi_module_clk_wiz_0' [/home/janek/Magisterka/Intelligent-Vibroacoustic-Machine-Diagnostic-System-on-FPGA/spi/accelerometer_spi/accelerometer_spi.runs/synth_1/.Xil/Vivado-121191-qtaz/realtime/spi_module_clk_wiz_0_stub.v:6]
INFO: [Synth 8-6155] done synthesizing module 'spi_module_clk_wiz_0' (0#1) [/home/janek/Magisterka/Intelligent-Vibroacoustic-Machine-Diagnostic-System-on-FPGA/spi/accelerometer_spi/accelerometer_spi.runs/synth_1/.Xil/Vivado-121191-qtaz/realtime/spi_module_clk_wiz_0_stub.v:6]
WARNING: [Synth 8-7071] port 'locked' of module 'spi_module_clk_wiz_0' is unconnected for instance 'clk_wiz' [/home/janek/Magisterka/Intelligent-Vibroacoustic-Machine-Diagnostic-System-on-FPGA/spi/accelerometer_spi/accelerometer_spi.gen/sources_1/bd/spi_module/synth/spi_module.v:489]
WARNING: [Synth 8-7023] instance 'clk_wiz' of module 'spi_module_clk_wiz_0' has 4 connections declared, but only 3 given [/home/janek/Magisterka/Intelligent-Vibroacoustic-Machine-Diagnostic-System-on-FPGA/spi/accelerometer_spi/accelerometer_spi.gen/sources_1/bd/spi_module/synth/spi_module.v:489]
INFO: [Synth 8-6157] synthesizing module 'spi_module_rst_ps8_0_99M_0' [/home/janek/Magisterka/Intelligent-Vibroacoustic-Machine-Diagnostic-System-on-FPGA/spi/accelerometer_spi/accelerometer_spi.runs/synth_1/.Xil/Vivado-121191-qtaz/realtime/spi_module_rst_ps8_0_99M_0_stub.v:6]
INFO: [Synth 8-6155] done synthesizing module 'spi_module_rst_ps8_0_99M_0' (0#1) [/home/janek/Magisterka/Intelligent-Vibroacoustic-Machine-Diagnostic-System-on-FPGA/spi/accelerometer_spi/accelerometer_spi.runs/synth_1/.Xil/Vivado-121191-qtaz/realtime/spi_module_rst_ps8_0_99M_0_stub.v:6]
WARNING: [Synth 8-7071] port 'mb_reset' of module 'spi_module_rst_ps8_0_99M_0' is unconnected for instance 'rst_ps8_0_99M' [/home/janek/Magisterka/Intelligent-Vibroacoustic-Machine-Diagnostic-System-on-FPGA/spi/accelerometer_spi/accelerometer_spi.gen/sources_1/bd/spi_module/synth/spi_module.v:493]
WARNING: [Synth 8-7071] port 'bus_struct_reset' of module 'spi_module_rst_ps8_0_99M_0' is unconnected for instance 'rst_ps8_0_99M' [/home/janek/Magisterka/Intelligent-Vibroacoustic-Machine-Diagnostic-System-on-FPGA/spi/accelerometer_spi/accelerometer_spi.gen/sources_1/bd/spi_module/synth/spi_module.v:493]
WARNING: [Synth 8-7071] port 'peripheral_reset' of module 'spi_module_rst_ps8_0_99M_0' is unconnected for instance 'rst_ps8_0_99M' [/home/janek/Magisterka/Intelligent-Vibroacoustic-Machine-Diagnostic-System-on-FPGA/spi/accelerometer_spi/accelerometer_spi.gen/sources_1/bd/spi_module/synth/spi_module.v:493]
WARNING: [Synth 8-7071] port 'interconnect_aresetn' of module 'spi_module_rst_ps8_0_99M_0' is unconnected for instance 'rst_ps8_0_99M' [/home/janek/Magisterka/Intelligent-Vibroacoustic-Machine-Diagnostic-System-on-FPGA/spi/accelerometer_spi/accelerometer_spi.gen/sources_1/bd/spi_module/synth/spi_module.v:493]
WARNING: [Synth 8-7023] instance 'rst_ps8_0_99M' of module 'spi_module_rst_ps8_0_99M_0' has 10 connections declared, but only 6 given [/home/janek/Magisterka/Intelligent-Vibroacoustic-Machine-Diagnostic-System-on-FPGA/spi/accelerometer_spi/accelerometer_spi.gen/sources_1/bd/spi_module/synth/spi_module.v:493]
INFO: [Synth 8-6157] synthesizing module 'spi_module_xfft_0_0' [/home/janek/Magisterka/Intelligent-Vibroacoustic-Machine-Diagnostic-System-on-FPGA/spi/accelerometer_spi/accelerometer_spi.runs/synth_1/.Xil/Vivado-121191-qtaz/realtime/spi_module_xfft_0_0_stub.v:6]
INFO: [Synth 8-6155] done synthesizing module 'spi_module_xfft_0_0' (0#1) [/home/janek/Magisterka/Intelligent-Vibroacoustic-Machine-Diagnostic-System-on-FPGA/spi/accelerometer_spi/accelerometer_spi.runs/synth_1/.Xil/Vivado-121191-qtaz/realtime/spi_module_xfft_0_0_stub.v:6]
WARNING: [Synth 8-7071] port 's_axis_config_tready' of module 'spi_module_xfft_0_0' is unconnected for instance 'xfft_0' [/home/janek/Magisterka/Intelligent-Vibroacoustic-Machine-Diagnostic-System-on-FPGA/spi/accelerometer_spi/accelerometer_spi.gen/sources_1/bd/spi_module/synth/spi_module.v:500]
WARNING: [Synth 8-7071] port 'event_frame_started' of module 'spi_module_xfft_0_0' is unconnected for instance 'xfft_0' [/home/janek/Magisterka/Intelligent-Vibroacoustic-Machine-Diagnostic-System-on-FPGA/spi/accelerometer_spi/accelerometer_spi.gen/sources_1/bd/spi_module/synth/spi_module.v:500]
WARNING: [Synth 8-7071] port 'event_tlast_unexpected' of module 'spi_module_xfft_0_0' is unconnected for instance 'xfft_0' [/home/janek/Magisterka/Intelligent-Vibroacoustic-Machine-Diagnostic-System-on-FPGA/spi/accelerometer_spi/accelerometer_spi.gen/sources_1/bd/spi_module/synth/spi_module.v:500]
WARNING: [Synth 8-7071] port 'event_tlast_missing' of module 'spi_module_xfft_0_0' is unconnected for instance 'xfft_0' [/home/janek/Magisterka/Intelligent-Vibroacoustic-Machine-Diagnostic-System-on-FPGA/spi/accelerometer_spi/accelerometer_spi.gen/sources_1/bd/spi_module/synth/spi_module.v:500]
WARNING: [Synth 8-7071] port 'event_status_channel_halt' of module 'spi_module_xfft_0_0' is unconnected for instance 'xfft_0' [/home/janek/Magisterka/Intelligent-Vibroacoustic-Machine-Diagnostic-System-on-FPGA/spi/accelerometer_spi/accelerometer_spi.gen/sources_1/bd/spi_module/synth/spi_module.v:500]
WARNING: [Synth 8-7071] port 'event_data_in_channel_halt' of module 'spi_module_xfft_0_0' is unconnected for instance 'xfft_0' [/home/janek/Magisterka/Intelligent-Vibroacoustic-Machine-Diagnostic-System-on-FPGA/spi/accelerometer_spi/accelerometer_spi.gen/sources_1/bd/spi_module/synth/spi_module.v:500]
WARNING: [Synth 8-7071] port 'event_data_out_channel_halt' of module 'spi_module_xfft_0_0' is unconnected for instance 'xfft_0' [/home/janek/Magisterka/Intelligent-Vibroacoustic-Machine-Diagnostic-System-on-FPGA/spi/accelerometer_spi/accelerometer_spi.gen/sources_1/bd/spi_module/synth/spi_module.v:500]
WARNING: [Synth 8-7023] instance 'xfft_0' of module 'spi_module_xfft_0_0' has 18 connections declared, but only 11 given [/home/janek/Magisterka/Intelligent-Vibroacoustic-Machine-Diagnostic-System-on-FPGA/spi/accelerometer_spi/accelerometer_spi.gen/sources_1/bd/spi_module/synth/spi_module.v:500]
INFO: [Synth 8-6157] synthesizing module 'spi_module_zynq_ultra_ps_e_0_0' [/home/janek/Magisterka/Intelligent-Vibroacoustic-Machine-Diagnostic-System-on-FPGA/spi/accelerometer_spi/accelerometer_spi.runs/synth_1/.Xil/Vivado-121191-qtaz/realtime/spi_module_zynq_ultra_ps_e_0_0_stub.v:6]
INFO: [Synth 8-6155] done synthesizing module 'spi_module_zynq_ultra_ps_e_0_0' (0#1) [/home/janek/Magisterka/Intelligent-Vibroacoustic-Machine-Diagnostic-System-on-FPGA/spi/accelerometer_spi/accelerometer_spi.runs/synth_1/.Xil/Vivado-121191-qtaz/realtime/spi_module_zynq_ultra_ps_e_0_0_stub.v:6]
WARNING: [Synth 8-7071] port 'maxigp0_awid' of module 'spi_module_zynq_ultra_ps_e_0_0' is unconnected for instance 'zynq_ultra_ps_e_0' [/home/janek/Magisterka/Intelligent-Vibroacoustic-Machine-Diagnostic-System-on-FPGA/spi/accelerometer_spi/accelerometer_spi.gen/sources_1/bd/spi_module/synth/spi_module.v:512]
WARNING: [Synth 8-7071] port 'maxigp0_awaddr' of module 'spi_module_zynq_ultra_ps_e_0_0' is unconnected for instance 'zynq_ultra_ps_e_0' [/home/janek/Magisterka/Intelligent-Vibroacoustic-Machine-Diagnostic-System-on-FPGA/spi/accelerometer_spi/accelerometer_spi.gen/sources_1/bd/spi_module/synth/spi_module.v:512]
WARNING: [Synth 8-7071] port 'maxigp0_awlen' of module 'spi_module_zynq_ultra_ps_e_0_0' is unconnected for instance 'zynq_ultra_ps_e_0' [/home/janek/Magisterka/Intelligent-Vibroacoustic-Machine-Diagnostic-System-on-FPGA/spi/accelerometer_spi/accelerometer_spi.gen/sources_1/bd/spi_module/synth/spi_module.v:512]
WARNING: [Synth 8-7071] port 'maxigp0_awsize' of module 'spi_module_zynq_ultra_ps_e_0_0' is unconnected for instance 'zynq_ultra_ps_e_0' [/home/janek/Magisterka/Intelligent-Vibroacoustic-Machine-Diagnostic-System-on-FPGA/spi/accelerometer_spi/accelerometer_spi.gen/sources_1/bd/spi_module/synth/spi_module.v:512]
WARNING: [Synth 8-7071] port 'maxigp0_awburst' of module 'spi_module_zynq_ultra_ps_e_0_0' is unconnected for instance 'zynq_ultra_ps_e_0' [/home/janek/Magisterka/Intelligent-Vibroacoustic-Machine-Diagnostic-System-on-FPGA/spi/accelerometer_spi/accelerometer_spi.gen/sources_1/bd/spi_module/synth/spi_module.v:512]
WARNING: [Synth 8-7071] port 'maxigp0_awlock' of module 'spi_module_zynq_ultra_ps_e_0_0' is unconnected for instance 'zynq_ultra_ps_e_0' [/home/janek/Magisterka/Intelligent-Vibroacoustic-Machine-Diagnostic-System-on-FPGA/spi/accelerometer_spi/accelerometer_spi.gen/sources_1/bd/spi_module/synth/spi_module.v:512]
WARNING: [Synth 8-7071] port 'maxigp0_awcache' of module 'spi_module_zynq_ultra_ps_e_0_0' is unconnected for instance 'zynq_ultra_ps_e_0' [/home/janek/Magisterka/Intelligent-Vibroacoustic-Machine-Diagnostic-System-on-FPGA/spi/accelerometer_spi/accelerometer_spi.gen/sources_1/bd/spi_module/synth/spi_module.v:512]
WARNING: [Synth 8-7071] port 'maxigp0_awprot' of module 'spi_module_zynq_ultra_ps_e_0_0' is unconnected for instance 'zynq_ultra_ps_e_0' [/home/janek/Magisterka/Intelligent-Vibroacoustic-Machine-Diagnostic-System-on-FPGA/spi/accelerometer_spi/accelerometer_spi.gen/sources_1/bd/spi_module/synth/spi_module.v:512]
WARNING: [Synth 8-7071] port 'maxigp0_awvalid' of module 'spi_module_zynq_ultra_ps_e_0_0' is unconnected for instance 'zynq_ultra_ps_e_0' [/home/janek/Magisterka/Intelligent-Vibroacoustic-Machine-Diagnostic-System-on-FPGA/spi/accelerometer_spi/accelerometer_spi.gen/sources_1/bd/spi_module/synth/spi_module.v:512]
WARNING: [Synth 8-7071] port 'maxigp0_awuser' of module 'spi_module_zynq_ultra_ps_e_0_0' is unconnected for instance 'zynq_ultra_ps_e_0' [/home/janek/Magisterka/Intelligent-Vibroacoustic-Machine-Diagnostic-System-on-FPGA/spi/accelerometer_spi/accelerometer_spi.gen/sources_1/bd/spi_module/synth/spi_module.v:512]
WARNING: [Synth 8-7071] port 'maxigp0_wdata' of module 'spi_module_zynq_ultra_ps_e_0_0' is unconnected for instance 'zynq_ultra_ps_e_0' [/home/janek/Magisterka/Intelligent-Vibroacoustic-Machine-Diagnostic-System-on-FPGA/spi/accelerometer_spi/accelerometer_spi.gen/sources_1/bd/spi_module/synth/spi_module.v:512]
WARNING: [Synth 8-7071] port 'maxigp0_wstrb' of module 'spi_module_zynq_ultra_ps_e_0_0' is unconnected for instance 'zynq_ultra_ps_e_0' [/home/janek/Magisterka/Intelligent-Vibroacoustic-Machine-Diagnostic-System-on-FPGA/spi/accelerometer_spi/accelerometer_spi.gen/sources_1/bd/spi_module/synth/spi_module.v:512]
WARNING: [Synth 8-7071] port 'maxigp0_wlast' of module 'spi_module_zynq_ultra_ps_e_0_0' is unconnected for instance 'zynq_ultra_ps_e_0' [/home/janek/Magisterka/Intelligent-Vibroacoustic-Machine-Diagnostic-System-on-FPGA/spi/accelerometer_spi/accelerometer_spi.gen/sources_1/bd/spi_module/synth/spi_module.v:512]
WARNING: [Synth 8-7071] port 'maxigp0_wvalid' of module 'spi_module_zynq_ultra_ps_e_0_0' is unconnected for instance 'zynq_ultra_ps_e_0' [/home/janek/Magisterka/Intelligent-Vibroacoustic-Machine-Diagnostic-System-on-FPGA/spi/accelerometer_spi/accelerometer_spi.gen/sources_1/bd/spi_module/synth/spi_module.v:512]
WARNING: [Synth 8-7071] port 'maxigp0_bready' of module 'spi_module_zynq_ultra_ps_e_0_0' is unconnected for instance 'zynq_ultra_ps_e_0' [/home/janek/Magisterka/Intelligent-Vibroacoustic-Machine-Diagnostic-System-on-FPGA/spi/accelerometer_spi/accelerometer_spi.gen/sources_1/bd/spi_module/synth/spi_module.v:512]
WARNING: [Synth 8-7071] port 'maxigp0_arid' of module 'spi_module_zynq_ultra_ps_e_0_0' is unconnected for instance 'zynq_ultra_ps_e_0' [/home/janek/Magisterka/Intelligent-Vibroacoustic-Machine-Diagnostic-System-on-FPGA/spi/accelerometer_spi/accelerometer_spi.gen/sources_1/bd/spi_module/synth/spi_module.v:512]
WARNING: [Synth 8-7071] port 'maxigp0_araddr' of module 'spi_module_zynq_ultra_ps_e_0_0' is unconnected for instance 'zynq_ultra_ps_e_0' [/home/janek/Magisterka/Intelligent-Vibroacoustic-Machine-Diagnostic-System-on-FPGA/spi/accelerometer_spi/accelerometer_spi.gen/sources_1/bd/spi_module/synth/spi_module.v:512]
WARNING: [Synth 8-7071] port 'maxigp0_arlen' of module 'spi_module_zynq_ultra_ps_e_0_0' is unconnected for instance 'zynq_ultra_ps_e_0' [/home/janek/Magisterka/Intelligent-Vibroacoustic-Machine-Diagnostic-System-on-FPGA/spi/accelerometer_spi/accelerometer_spi.gen/sources_1/bd/spi_module/synth/spi_module.v:512]
WARNING: [Synth 8-7071] port 'maxigp0_arsize' of module 'spi_module_zynq_ultra_ps_e_0_0' is unconnected for instance 'zynq_ultra_ps_e_0' [/home/janek/Magisterka/Intelligent-Vibroacoustic-Machine-Diagnostic-System-on-FPGA/spi/accelerometer_spi/accelerometer_spi.gen/sources_1/bd/spi_module/synth/spi_module.v:512]
WARNING: [Synth 8-7071] port 'maxigp0_arburst' of module 'spi_module_zynq_ultra_ps_e_0_0' is unconnected for instance 'zynq_ultra_ps_e_0' [/home/janek/Magisterka/Intelligent-Vibroacoustic-Machine-Diagnostic-System-on-FPGA/spi/accelerometer_spi/accelerometer_spi.gen/sources_1/bd/spi_module/synth/spi_module.v:512]
WARNING: [Synth 8-7071] port 'maxigp0_arlock' of module 'spi_module_zynq_ultra_ps_e_0_0' is unconnected for instance 'zynq_ultra_ps_e_0' [/home/janek/Magisterka/Intelligent-Vibroacoustic-Machine-Diagnostic-System-on-FPGA/spi/accelerometer_spi/accelerometer_spi.gen/sources_1/bd/spi_module/synth/spi_module.v:512]
WARNING: [Synth 8-7071] port 'maxigp0_arcache' of module 'spi_module_zynq_ultra_ps_e_0_0' is unconnected for instance 'zynq_ultra_ps_e_0' [/home/janek/Magisterka/Intelligent-Vibroacoustic-Machine-Diagnostic-System-on-FPGA/spi/accelerometer_spi/accelerometer_spi.gen/sources_1/bd/spi_module/synth/spi_module.v:512]
WARNING: [Synth 8-7071] port 'maxigp0_arprot' of module 'spi_module_zynq_ultra_ps_e_0_0' is unconnected for instance 'zynq_ultra_ps_e_0' [/home/janek/Magisterka/Intelligent-Vibroacoustic-Machine-Diagnostic-System-on-FPGA/spi/accelerometer_spi/accelerometer_spi.gen/sources_1/bd/spi_module/synth/spi_module.v:512]
WARNING: [Synth 8-7071] port 'maxigp0_arvalid' of module 'spi_module_zynq_ultra_ps_e_0_0' is unconnected for instance 'zynq_ultra_ps_e_0' [/home/janek/Magisterka/Intelligent-Vibroacoustic-Machine-Diagnostic-System-on-FPGA/spi/accelerometer_spi/accelerometer_spi.gen/sources_1/bd/spi_module/synth/spi_module.v:512]
WARNING: [Synth 8-7071] port 'maxigp0_aruser' of module 'spi_module_zynq_ultra_ps_e_0_0' is unconnected for instance 'zynq_ultra_ps_e_0' [/home/janek/Magisterka/Intelligent-Vibroacoustic-Machine-Diagnostic-System-on-FPGA/spi/accelerometer_spi/accelerometer_spi.gen/sources_1/bd/spi_module/synth/spi_module.v:512]
WARNING: [Synth 8-7071] port 'maxigp0_rready' of module 'spi_module_zynq_ultra_ps_e_0_0' is unconnected for instance 'zynq_ultra_ps_e_0' [/home/janek/Magisterka/Intelligent-Vibroacoustic-Machine-Diagnostic-System-on-FPGA/spi/accelerometer_spi/accelerometer_spi.gen/sources_1/bd/spi_module/synth/spi_module.v:512]
WARNING: [Synth 8-7071] port 'maxigp0_awqos' of module 'spi_module_zynq_ultra_ps_e_0_0' is unconnected for instance 'zynq_ultra_ps_e_0' [/home/janek/Magisterka/Intelligent-Vibroacoustic-Machine-Diagnostic-System-on-FPGA/spi/accelerometer_spi/accelerometer_spi.gen/sources_1/bd/spi_module/synth/spi_module.v:512]
WARNING: [Synth 8-7071] port 'maxigp0_arqos' of module 'spi_module_zynq_ultra_ps_e_0_0' is unconnected for instance 'zynq_ultra_ps_e_0' [/home/janek/Magisterka/Intelligent-Vibroacoustic-Machine-Diagnostic-System-on-FPGA/spi/accelerometer_spi/accelerometer_spi.gen/sources_1/bd/spi_module/synth/spi_module.v:512]
WARNING: [Synth 8-7071] port 'saxigp2_awready' of module 'spi_module_zynq_ultra_ps_e_0_0' is unconnected for instance 'zynq_ultra_ps_e_0' [/home/janek/Magisterka/Intelligent-Vibroacoustic-Machine-Diagnostic-System-on-FPGA/spi/accelerometer_spi/accelerometer_spi.gen/sources_1/bd/spi_module/synth/spi_module.v:512]
WARNING: [Synth 8-7071] port 'saxigp2_wready' of module 'spi_module_zynq_ultra_ps_e_0_0' is unconnected for instance 'zynq_ultra_ps_e_0' [/home/janek/Magisterka/Intelligent-Vibroacoustic-Machine-Diagnostic-System-on-FPGA/spi/accelerometer_spi/accelerometer_spi.gen/sources_1/bd/spi_module/synth/spi_module.v:512]
WARNING: [Synth 8-7071] port 'saxigp2_bid' of module 'spi_module_zynq_ultra_ps_e_0_0' is unconnected for instance 'zynq_ultra_ps_e_0' [/home/janek/Magisterka/Intelligent-Vibroacoustic-Machine-Diagnostic-System-on-FPGA/spi/accelerometer_spi/accelerometer_spi.gen/sources_1/bd/spi_module/synth/spi_module.v:512]
WARNING: [Synth 8-7071] port 'saxigp2_bresp' of module 'spi_module_zynq_ultra_ps_e_0_0' is unconnected for instance 'zynq_ultra_ps_e_0' [/home/janek/Magisterka/Intelligent-Vibroacoustic-Machine-Diagnostic-System-on-FPGA/spi/accelerometer_spi/accelerometer_spi.gen/sources_1/bd/spi_module/synth/spi_module.v:512]
WARNING: [Synth 8-7071] port 'saxigp2_bvalid' of module 'spi_module_zynq_ultra_ps_e_0_0' is unconnected for instance 'zynq_ultra_ps_e_0' [/home/janek/Magisterka/Intelligent-Vibroacoustic-Machine-Diagnostic-System-on-FPGA/spi/accelerometer_spi/accelerometer_spi.gen/sources_1/bd/spi_module/synth/spi_module.v:512]
WARNING: [Synth 8-7071] port 'saxigp2_rid' of module 'spi_module_zynq_ultra_ps_e_0_0' is unconnected for instance 'zynq_ultra_ps_e_0' [/home/janek/Magisterka/Intelligent-Vibroacoustic-Machine-Diagnostic-System-on-FPGA/spi/accelerometer_spi/accelerometer_spi.gen/sources_1/bd/spi_module/synth/spi_module.v:512]
WARNING: [Synth 8-7071] port 'saxigp3_bid' of module 'spi_module_zynq_ultra_ps_e_0_0' is unconnected for instance 'zynq_ultra_ps_e_0' [/home/janek/Magisterka/Intelligent-Vibroacoustic-Machine-Diagnostic-System-on-FPGA/spi/accelerometer_spi/accelerometer_spi.gen/sources_1/bd/spi_module/synth/spi_module.v:512]
WARNING: [Synth 8-7071] port 'saxigp3_arready' of module 'spi_module_zynq_ultra_ps_e_0_0' is unconnected for instance 'zynq_ultra_ps_e_0' [/home/janek/Magisterka/Intelligent-Vibroacoustic-Machine-Diagnostic-System-on-FPGA/spi/accelerometer_spi/accelerometer_spi.gen/sources_1/bd/spi_module/synth/spi_module.v:512]
WARNING: [Synth 8-7071] port 'saxigp3_rid' of module 'spi_module_zynq_ultra_ps_e_0_0' is unconnected for instance 'zynq_ultra_ps_e_0' [/home/janek/Magisterka/Intelligent-Vibroacoustic-Machine-Diagnostic-System-on-FPGA/spi/accelerometer_spi/accelerometer_spi.gen/sources_1/bd/spi_module/synth/spi_module.v:512]
WARNING: [Synth 8-7071] port 'saxigp3_rdata' of module 'spi_module_zynq_ultra_ps_e_0_0' is unconnected for instance 'zynq_ultra_ps_e_0' [/home/janek/Magisterka/Intelligent-Vibroacoustic-Machine-Diagnostic-System-on-FPGA/spi/accelerometer_spi/accelerometer_spi.gen/sources_1/bd/spi_module/synth/spi_module.v:512]
WARNING: [Synth 8-7071] port 'saxigp3_rresp' of module 'spi_module_zynq_ultra_ps_e_0_0' is unconnected for instance 'zynq_ultra_ps_e_0' [/home/janek/Magisterka/Intelligent-Vibroacoustic-Machine-Diagnostic-System-on-FPGA/spi/accelerometer_spi/accelerometer_spi.gen/sources_1/bd/spi_module/synth/spi_module.v:512]
WARNING: [Synth 8-7071] port 'saxigp3_rlast' of module 'spi_module_zynq_ultra_ps_e_0_0' is unconnected for instance 'zynq_ultra_ps_e_0' [/home/janek/Magisterka/Intelligent-Vibroacoustic-Machine-Diagnostic-System-on-FPGA/spi/accelerometer_spi/accelerometer_spi.gen/sources_1/bd/spi_module/synth/spi_module.v:512]
WARNING: [Synth 8-7071] port 'saxigp3_rvalid' of module 'spi_module_zynq_ultra_ps_e_0_0' is unconnected for instance 'zynq_ultra_ps_e_0' [/home/janek/Magisterka/Intelligent-Vibroacoustic-Machine-Diagnostic-System-on-FPGA/spi/accelerometer_spi/accelerometer_spi.gen/sources_1/bd/spi_module/synth/spi_module.v:512]
WARNING: [Synth 8-7071] port 'emio_enet0_enet_tsu_timer_cnt' of module 'spi_module_zynq_ultra_ps_e_0_0' is unconnected for instance 'zynq_ultra_ps_e_0' [/home/janek/Magisterka/Intelligent-Vibroacoustic-Machine-Diagnostic-System-on-FPGA/spi/accelerometer_spi/accelerometer_spi.gen/sources_1/bd/spi_module/synth/spi_module.v:512]
WARNING: [Synth 8-7071] port 'pl_clk1' of module 'spi_module_zynq_ultra_ps_e_0_0' is unconnected for instance 'zynq_ultra_ps_e_0' [/home/janek/Magisterka/Intelligent-Vibroacoustic-Machine-Diagnostic-System-on-FPGA/spi/accelerometer_spi/accelerometer_spi.gen/sources_1/bd/spi_module/synth/spi_module.v:512]
WARNING: [Synth 8-7023] instance 'zynq_ultra_ps_e_0' of module 'spi_module_zynq_ultra_ps_e_0_0' has 165 connections declared, but only 122 given [/home/janek/Magisterka/Intelligent-Vibroacoustic-Machine-Diagnostic-System-on-FPGA/spi/accelerometer_spi/accelerometer_spi.gen/sources_1/bd/spi_module/synth/spi_module.v:512]
INFO: [Synth 8-6155] done synthesizing module 'spi_module' (0#1) [/home/janek/Magisterka/Intelligent-Vibroacoustic-Machine-Diagnostic-System-on-FPGA/spi/accelerometer_spi/accelerometer_spi.gen/sources_1/bd/spi_module/synth/spi_module.v:13]
INFO: [Synth 8-6155] done synthesizing module 'spi_module_wrapper' (0#1) [/home/janek/Magisterka/Intelligent-Vibroacoustic-Machine-Diagnostic-System-on-FPGA/spi/accelerometer_spi/accelerometer_spi.gen/sources_1/bd/spi_module/hdl/spi_module_wrapper.v:13]
---------------------------------------------------------------------------------
Finished RTL Elaboration : Time (s): cpu = 00:00:03 ; elapsed = 00:00:04 . Memory (MB): peak = 2923.602 ; gain = 236.625 ; free physical = 18124 ; free virtual = 37480
---------------------------------------------------------------------------------
---------------------------------------------------------------------------------
Start Handling Custom Attributes
---------------------------------------------------------------------------------
---------------------------------------------------------------------------------
Finished Handling Custom Attributes : Time (s): cpu = 00:00:03 ; elapsed = 00:00:04 . Memory (MB): peak = 2923.602 ; gain = 236.625 ; free physical = 18124 ; free virtual = 37480
---------------------------------------------------------------------------------
---------------------------------------------------------------------------------
Finished RTL Optimization Phase 1 : Time (s): cpu = 00:00:03 ; elapsed = 00:00:04 . Memory (MB): peak = 2923.602 ; gain = 236.625 ; free physical = 18124 ; free virtual = 37480
---------------------------------------------------------------------------------
Netlist sorting complete. Time (s): cpu = 00:00:00.01 ; elapsed = 00:00:00 . Memory (MB): peak = 2931.602 ; gain = 0.000 ; free physical = 18124 ; free virtual = 37480
INFO: [Netlist 29-17] Analyzing 3 Unisim elements for replacement
INFO: [Netlist 29-28] Unisim Transformation completed in 0 CPU seconds
INFO: [Project 1-570] Preparing netlist for logic optimization

Processing XDC Constraints
Initializing timing engine
Parsing XDC File [/home/janek/Magisterka/Intelligent-Vibroacoustic-Machine-Diagnostic-System-on-FPGA/spi/accelerometer_spi/accelerometer_spi.gen/sources_1/bd/spi_module/ip/spi_module_axi_quad_spi_0_1/spi_module_axi_quad_spi_0_1/spi_module_axi_quad_spi_0_1_in_context.xdc] for cell 'spi_module_i/axi_quad_spi_0'
Finished Parsing XDC File [/home/janek/Magisterka/Intelligent-Vibroacoustic-Machine-Diagnostic-System-on-FPGA/spi/accelerometer_spi/accelerometer_spi.gen/sources_1/bd/spi_module/ip/spi_module_axi_quad_spi_0_1/spi_module_axi_quad_spi_0_1/spi_module_axi_quad_spi_0_1_in_context.xdc] for cell 'spi_module_i/axi_quad_spi_0'
Parsing XDC File [/home/janek/Magisterka/Intelligent-Vibroacoustic-Machine-Diagnostic-System-on-FPGA/spi/accelerometer_spi/accelerometer_spi.gen/sources_1/bd/spi_module/ip/spi_module_clk_wiz_0/spi_module_clk_wiz_0/spi_module_clk_wiz_0_in_context.xdc] for cell 'spi_module_i/clk_wiz'
Finished Parsing XDC File [/home/janek/Magisterka/Intelligent-Vibroacoustic-Machine-Diagnostic-System-on-FPGA/spi/accelerometer_spi/accelerometer_spi.gen/sources_1/bd/spi_module/ip/spi_module_clk_wiz_0/spi_module_clk_wiz_0/spi_module_clk_wiz_0_in_context.xdc] for cell 'spi_module_i/clk_wiz'
Parsing XDC File [/home/janek/Magisterka/Intelligent-Vibroacoustic-Machine-Diagnostic-System-on-FPGA/spi/accelerometer_spi/accelerometer_spi.gen/sources_1/bd/spi_module/ip/spi_module_zynq_ultra_ps_e_0_0/spi_module_zynq_ultra_ps_e_0_0/spi_module_zynq_ultra_ps_e_0_0_in_context.xdc] for cell 'spi_module_i/zynq_ultra_ps_e_0'
Finished Parsing XDC File [/home/janek/Magisterka/Intelligent-Vibroacoustic-Machine-Diagnostic-System-on-FPGA/spi/accelerometer_spi/accelerometer_spi.gen/sources_1/bd/spi_module/ip/spi_module_zynq_ultra_ps_e_0_0/spi_module_zynq_ultra_ps_e_0_0/spi_module_zynq_ultra_ps_e_0_0_in_context.xdc] for cell 'spi_module_i/zynq_ultra_ps_e_0'
Parsing XDC File [/home/janek/Magisterka/Intelligent-Vibroacoustic-Machine-Diagnostic-System-on-FPGA/spi/accelerometer_spi/accelerometer_spi.gen/sources_1/bd/spi_module/ip/spi_module_axi_smc_0/spi_module_axi_smc_0/spi_module_axi_smc_0_in_context.xdc] for cell 'spi_module_i/axi_smc'
Finished Parsing XDC File [/home/janek/Magisterka/Intelligent-Vibroacoustic-Machine-Diagnostic-System-on-FPGA/spi/accelerometer_spi/accelerometer_spi.gen/sources_1/bd/spi_module/ip/spi_module_axi_smc_0/spi_module_axi_smc_0/spi_module_axi_smc_0_in_context.xdc] for cell 'spi_module_i/axi_smc'
Parsing XDC File [/home/janek/Magisterka/Intelligent-Vibroacoustic-Machine-Diagnostic-System-on-FPGA/spi/accelerometer_spi/accelerometer_spi.gen/sources_1/bd/spi_module/ip/spi_module_rst_ps8_0_99M_0/spi_module_rst_ps8_0_99M_0/spi_module_rst_ps8_0_99M_0_in_context.xdc] for cell 'spi_module_i/rst_ps8_0_99M'
Finished Parsing XDC File [/home/janek/Magisterka/Intelligent-Vibroacoustic-Machine-Diagnostic-System-on-FPGA/spi/accelerometer_spi/accelerometer_spi.gen/sources_1/bd/spi_module/ip/spi_module_rst_ps8_0_99M_0/spi_module_rst_ps8_0_99M_0/spi_module_rst_ps8_0_99M_0_in_context.xdc] for cell 'spi_module_i/rst_ps8_0_99M'
Parsing XDC File [/home/janek/Magisterka/Intelligent-Vibroacoustic-Machine-Diagnostic-System-on-FPGA/spi/accelerometer_spi/accelerometer_spi.gen/sources_1/bd/spi_module/ip/spi_module_axi_gpio_0_0/spi_module_axi_gpio_0_0/spi_module_axi_gpio_0_0_in_context.xdc] for cell 'spi_module_i/axi_gpio_0'
Finished Parsing XDC File [/home/janek/Magisterka/Intelligent-Vibroacoustic-Machine-Diagnostic-System-on-FPGA/spi/accelerometer_spi/accelerometer_spi.gen/sources_1/bd/spi_module/ip/spi_module_axi_gpio_0_0/spi_module_axi_gpio_0_0/spi_module_axi_gpio_0_0_in_context.xdc] for cell 'spi_module_i/axi_gpio_0'
Parsing XDC File [/home/janek/Magisterka/Intelligent-Vibroacoustic-Machine-Diagnostic-System-on-FPGA/spi/accelerometer_spi/accelerometer_spi.gen/sources_1/bd/spi_module/ip/spi_module_axi_dma_0_0/spi_module_axi_dma_0_0/spi_module_axi_dma_0_0_in_context.xdc] for cell 'spi_module_i/axi_dma_0'
Finished Parsing XDC File [/home/janek/Magisterka/Intelligent-Vibroacoustic-Machine-Diagnostic-System-on-FPGA/spi/accelerometer_spi/accelerometer_spi.gen/sources_1/bd/spi_module/ip/spi_module_axi_dma_0_0/spi_module_axi_dma_0_0/spi_module_axi_dma_0_0_in_context.xdc] for cell 'spi_module_i/axi_dma_0'
Parsing XDC File [/home/janek/Magisterka/Intelligent-Vibroacoustic-Machine-Diagnostic-System-on-FPGA/spi/accelerometer_spi/accelerometer_spi.gen/sources_1/bd/spi_module/ip/spi_module_xfft_0_0/spi_module_xfft_0_0/spi_module_xfft_0_0_in_context.xdc] for cell 'spi_module_i/xfft_0'
Finished Parsing XDC File [/home/janek/Magisterka/Intelligent-Vibroacoustic-Machine-Diagnostic-System-on-FPGA/spi/accelerometer_spi/accelerometer_spi.gen/sources_1/bd/spi_module/ip/spi_module_xfft_0_0/spi_module_xfft_0_0/spi_module_xfft_0_0_in_context.xdc] for cell 'spi_module_i/xfft_0'
Parsing XDC File [/home/janek/Magisterka/Intelligent-Vibroacoustic-Machine-Diagnostic-System-on-FPGA/spi/accelerometer_spi/accelerometer_spi.gen/sources_1/bd/spi_module/ip/spi_module_axi_smc_1_0/spi_module_axi_smc_1_0/spi_module_axi_smc_1_0_in_context.xdc] for cell 'spi_module_i/axi_smc_1'
Finished Parsing XDC File [/home/janek/Magisterka/Intelligent-Vibroacoustic-Machine-Diagnostic-System-on-FPGA/spi/accelerometer_spi/accelerometer_spi.gen/sources_1/bd/spi_module/ip/spi_module_axi_smc_1_0/spi_module_axi_smc_1_0/spi_module_axi_smc_1_0_in_context.xdc] for cell 'spi_module_i/axi_smc_1'
Parsing XDC File [/home/janek/Magisterka/Intelligent-Vibroacoustic-Machine-Diagnostic-System-on-FPGA/spi/accelerometer_spi/accelerometer_spi.gen/sources_1/bd/spi_module/ip/spi_module_axi_smc_2_0/spi_module_axi_smc_2_0/spi_module_axi_smc_2_0_in_context.xdc] for cell 'spi_module_i/axi_smc_2'
Finished Parsing XDC File [/home/janek/Magisterka/Intelligent-Vibroacoustic-Machine-Diagnostic-System-on-FPGA/spi/accelerometer_spi/accelerometer_spi.gen/sources_1/bd/spi_module/ip/spi_module_axi_smc_2_0/spi_module_axi_smc_2_0/spi_module_axi_smc_2_0_in_context.xdc] for cell 'spi_module_i/axi_smc_2'
Parsing XDC File [/home/janek/Magisterka/Intelligent-Vibroacoustic-Machine-Diagnostic-System-on-FPGA/spi/accelerometer_spi/accelerometer_spi.srcs/constrs_1/new/kria_kr260.xdc]
WARNING: [Vivado 12-584] No ports matched 'som240_1_connector_gem2_led'. [/home/janek/Magisterka/Intelligent-Vibroacoustic-Machine-Diagnostic-System-on-FPGA/spi/accelerometer_spi/accelerometer_spi.srcs/constrs_1/new/kria_kr260.xdc:40]
Finished Parsing XDC File [/home/janek/Magisterka/Intelligent-Vibroacoustic-Machine-Diagnostic-System-on-FPGA/spi/accelerometer_spi/accelerometer_spi.srcs/constrs_1/new/kria_kr260.xdc]
WARNING: [Project 1-498] One or more constraints failed evaluation while reading constraint file [/home/janek/Magisterka/Intelligent-Vibroacoustic-Machine-Diagnostic-System-on-FPGA/spi/accelerometer_spi/accelerometer_spi.srcs/constrs_1/new/kria_kr260.xdc] and the design contains unresolved black boxes. These constraints will be read post-synthesis (as long as their source constraint file is marked as used_in_implementation) and should be applied correctly then. You should review the constraints listed in the file [.Xil/spi_module_wrapper_propImpl.xdc] and check the run log file to verify that these constraints were correctly applied.
Parsing XDC File [/home/janek/Magisterka/Intelligent-Vibroacoustic-Machine-Diagnostic-System-on-FPGA/spi/accelerometer_spi/accelerometer_spi.runs/synth_1/dont_touch.xdc]
Finished Parsing XDC File [/home/janek/Magisterka/Intelligent-Vibroacoustic-Machine-Diagnostic-System-on-FPGA/spi/accelerometer_spi/accelerometer_spi.runs/synth_1/dont_touch.xdc]
Completed Processing XDC Constraints

Netlist sorting complete. Time (s): cpu = 00:00:00 ; elapsed = 00:00:00 . Memory (MB): peak = 2985.965 ; gain = 0.000 ; free physical = 18100 ; free virtual = 37457
INFO: [Project 1-111] Unisim Transformation Summary:
  A total of 3 instances were transformed.
  IOBUF => IOBUF (IBUFCTRL, INBUF, OBUFT): 3 instances

Constraint Validation Runtime : Time (s): cpu = 00:00:00 ; elapsed = 00:00:00.01 . Memory (MB): peak = 2986.000 ; gain = 0.000 ; free physical = 18097 ; free virtual = 37453
WARNING: [Timing 38-316] Clock period '20.000' specified during out-of-context synthesis of instance 'spi_module_i/axi_quad_spi_0' at clock pin 'ext_spi_clk' is different from the actual clock period '10.000', this can lead to different synthesis results.
INFO: [Designutils 20-5440] No compile time benefit to using incremental synthesis; A full resynthesis will be run
INFO: [Designutils 20-4379] Flow is switching to default flow due to incremental criteria not met. If you would like to alter this behaviour and have the flow terminate instead, please set the following parameter config_implementation {autoIncr.Synth.RejectBehavior Terminate}
---------------------------------------------------------------------------------
Finished Constraint Validation : Time (s): cpu = 00:00:10 ; elapsed = 00:00:10 . Memory (MB): peak = 2986.000 ; gain = 299.023 ; free physical = 18103 ; free virtual = 37460
---------------------------------------------------------------------------------
---------------------------------------------------------------------------------
Start Loading Part and Timing Information
---------------------------------------------------------------------------------
Loading part: xck26-sfvc784-2LV-c
INFO: [Synth 8-6742] Reading net delay rules and data
---------------------------------------------------------------------------------
Finished Loading Part and Timing Information : Time (s): cpu = 00:00:10 ; elapsed = 00:00:10 . Memory (MB): peak = 2993.969 ; gain = 306.992 ; free physical = 18103 ; free virtual = 37460
---------------------------------------------------------------------------------
---------------------------------------------------------------------------------
Start Applying 'set_property' XDC Constraints
---------------------------------------------------------------------------------
---------------------------------------------------------------------------------
Finished applying 'set_property' XDC Constraints : Time (s): cpu = 00:00:10 ; elapsed = 00:00:10 . Memory (MB): peak = 2993.969 ; gain = 306.992 ; free physical = 18103 ; free virtual = 37460
---------------------------------------------------------------------------------
---------------------------------------------------------------------------------
Finished RTL Optimization Phase 2 : Time (s): cpu = 00:00:10 ; elapsed = 00:00:10 . Memory (MB): peak = 2993.969 ; gain = 306.992 ; free physical = 18102 ; free virtual = 37459
---------------------------------------------------------------------------------
---------------------------------------------------------------------------------
Start RTL Component Statistics 
---------------------------------------------------------------------------------
Detailed RTL Component Info : 
---------------------------------------------------------------------------------
Finished RTL Component Statistics 
---------------------------------------------------------------------------------
---------------------------------------------------------------------------------
Start Part Resource Summary
---------------------------------------------------------------------------------
Part Resources:
DSPs: 1248 (col length:96)
BRAMs: 288 (col length: RAMB18 96 RAMB36 48)
---------------------------------------------------------------------------------
Finished Part Resource Summary
---------------------------------------------------------------------------------
---------------------------------------------------------------------------------
Start Cross Boundary and Area Optimization
---------------------------------------------------------------------------------
---------------------------------------------------------------------------------
Finished Cross Boundary and Area Optimization : Time (s): cpu = 00:00:11 ; elapsed = 00:00:11 . Memory (MB): peak = 2993.969 ; gain = 306.992 ; free physical = 18098 ; free virtual = 37460
---------------------------------------------------------------------------------
---------------------------------------------------------------------------------
Start Applying XDC Timing Constraints
---------------------------------------------------------------------------------
---------------------------------------------------------------------------------
Finished Applying XDC Timing Constraints : Time (s): cpu = 00:00:15 ; elapsed = 00:00:16 . Memory (MB): peak = 3631.492 ; gain = 944.516 ; free physical = 17539 ; free virtual = 36902
---------------------------------------------------------------------------------
---------------------------------------------------------------------------------
Start Timing Optimization
---------------------------------------------------------------------------------
---------------------------------------------------------------------------------
Finished Timing Optimization : Time (s): cpu = 00:00:15 ; elapsed = 00:00:16 . Memory (MB): peak = 3631.492 ; gain = 944.516 ; free physical = 17539 ; free virtual = 36902
---------------------------------------------------------------------------------
---------------------------------------------------------------------------------
Start Technology Mapping
---------------------------------------------------------------------------------
---------------------------------------------------------------------------------
Finished Technology Mapping : Time (s): cpu = 00:00:15 ; elapsed = 00:00:16 . Memory (MB): peak = 3642.508 ; gain = 955.531 ; free physical = 17530 ; free virtual = 36892
---------------------------------------------------------------------------------
---------------------------------------------------------------------------------
Start IO Insertion
---------------------------------------------------------------------------------
---------------------------------------------------------------------------------
Start Flattening Before IO Insertion
---------------------------------------------------------------------------------
---------------------------------------------------------------------------------
Finished Flattening Before IO Insertion
---------------------------------------------------------------------------------
---------------------------------------------------------------------------------
Start Final Netlist Cleanup
---------------------------------------------------------------------------------
---------------------------------------------------------------------------------
Finished Final Netlist Cleanup
---------------------------------------------------------------------------------
---------------------------------------------------------------------------------
Finished IO Insertion : Time (s): cpu = 00:00:17 ; elapsed = 00:00:18 . Memory (MB): peak = 3829.320 ; gain = 1142.344 ; free physical = 17365 ; free virtual = 36728
---------------------------------------------------------------------------------
---------------------------------------------------------------------------------
Start Renaming Generated Instances
---------------------------------------------------------------------------------
---------------------------------------------------------------------------------
Finished Renaming Generated Instances : Time (s): cpu = 00:00:17 ; elapsed = 00:00:18 . Memory (MB): peak = 3829.320 ; gain = 1142.344 ; free physical = 17365 ; free virtual = 36728
---------------------------------------------------------------------------------
---------------------------------------------------------------------------------
Start Rebuilding User Hierarchy
---------------------------------------------------------------------------------
---------------------------------------------------------------------------------
Finished Rebuilding User Hierarchy : Time (s): cpu = 00:00:17 ; elapsed = 00:00:18 . Memory (MB): peak = 3829.320 ; gain = 1142.344 ; free physical = 17365 ; free virtual = 36728
---------------------------------------------------------------------------------
---------------------------------------------------------------------------------
Start Renaming Generated Ports
---------------------------------------------------------------------------------
---------------------------------------------------------------------------------
Finished Renaming Generated Ports : Time (s): cpu = 00:00:17 ; elapsed = 00:00:18 . Memory (MB): peak = 3829.320 ; gain = 1142.344 ; free physical = 17365 ; free virtual = 36728
---------------------------------------------------------------------------------
---------------------------------------------------------------------------------
Start Handling Custom Attributes
---------------------------------------------------------------------------------
---------------------------------------------------------------------------------
Finished Handling Custom Attributes : Time (s): cpu = 00:00:17 ; elapsed = 00:00:18 . Memory (MB): peak = 3829.320 ; gain = 1142.344 ; free physical = 17365 ; free virtual = 36728
---------------------------------------------------------------------------------
---------------------------------------------------------------------------------
Start Renaming Generated Nets
---------------------------------------------------------------------------------
---------------------------------------------------------------------------------
Finished Renaming Generated Nets : Time (s): cpu = 00:00:17 ; elapsed = 00:00:18 . Memory (MB): peak = 3829.320 ; gain = 1142.344 ; free physical = 17365 ; free virtual = 36728
---------------------------------------------------------------------------------
---------------------------------------------------------------------------------
Start Writing Synthesis Report
---------------------------------------------------------------------------------

Report BlackBoxes: 
+------+-------------------------------+----------+
|      |BlackBox name                  |Instances |
+------+-------------------------------+----------+
|1     |spi_module_axi_dma_0_0         |         1|
|2     |spi_module_axi_gpio_0_0        |         1|
|3     |spi_module_axi_quad_spi_0_1    |         1|
|4     |spi_module_axi_smc_0           |         1|
|5     |spi_module_axi_smc_1_0         |         1|
|6     |spi_module_axi_smc_2_0         |         1|
|7     |spi_module_clk_wiz_0           |         1|
|8     |spi_module_rst_ps8_0_99M_0     |         1|
|9     |spi_module_xfft_0_0            |         1|
|10    |spi_module_zynq_ultra_ps_e_0_0 |         1|
+------+-------------------------------+----------+

Report Cell Usage: 
+------+-----------------------------+------+
|      |Cell                         |Count |
+------+-----------------------------+------+
|1     |spi_module_axi_dma_0         |     1|
|2     |spi_module_axi_gpio_0        |     1|
|3     |spi_module_axi_quad_spi_0    |     1|
|4     |spi_module_axi_smc           |     1|
|5     |spi_module_axi_smc_1         |     1|
|6     |spi_module_axi_smc_2         |     1|
|7     |spi_module_clk_wiz           |     1|
|8     |spi_module_rst_ps8_0_99M     |     1|
|9     |spi_module_xfft_0            |     1|
|10    |spi_module_zynq_ultra_ps_e_0 |     1|
|11    |IOBUF                        |     3|
|12    |OBUF                         |     3|
+------+-----------------------------+------+
---------------------------------------------------------------------------------
Finished Writing Synthesis Report : Time (s): cpu = 00:00:17 ; elapsed = 00:00:18 . Memory (MB): peak = 3829.320 ; gain = 1142.344 ; free physical = 17365 ; free virtual = 36728
---------------------------------------------------------------------------------
Synthesis finished with 0 errors, 0 critical warnings and 0 warnings.
Synthesis Optimization Runtime : Time (s): cpu = 00:00:14 ; elapsed = 00:00:15 . Memory (MB): peak = 3829.320 ; gain = 1079.945 ; free physical = 17365 ; free virtual = 36728
Synthesis Optimization Complete : Time (s): cpu = 00:00:18 ; elapsed = 00:00:19 . Memory (MB): peak = 3829.320 ; gain = 1142.344 ; free physical = 17365 ; free virtual = 36728
INFO: [Project 1-571] Translating synthesized netlist
Netlist sorting complete. Time (s): cpu = 00:00:00 ; elapsed = 00:00:00 . Memory (MB): peak = 3829.320 ; gain = 0.000 ; free physical = 17439 ; free virtual = 36801
INFO: [Netlist 29-17] Analyzing 3 Unisim elements for replacement
INFO: [Netlist 29-28] Unisim Transformation completed in 0 CPU seconds
INFO: [Project 1-570] Preparing netlist for logic optimization
INFO: [Opt 31-138] Pushed 0 inverter(s) to 0 load pin(s).
Netlist sorting complete. Time (s): cpu = 00:00:00 ; elapsed = 00:00:00 . Memory (MB): peak = 3829.320 ; gain = 0.000 ; free physical = 17535 ; free virtual = 36898
INFO: [Project 1-111] Unisim Transformation Summary:
  A total of 3 instances were transformed.
  IOBUF => IOBUF (IBUFCTRL, INBUF, OBUFT): 3 instances

Synth Design complete | Checksum: b098c46e
INFO: [Common 17-83] Releasing license: Synthesis
52 Infos, 81 Warnings, 0 Critical Warnings and 0 Errors encountered.
synth_design completed successfully
synth_design: Time (s): cpu = 00:00:25 ; elapsed = 00:00:25 . Memory (MB): peak = 3829.320 ; gain = 2183.789 ; free physical = 17538 ; free virtual = 36901
INFO: [Common 17-2834] synth_design peak Physical Memory [PSS] (MB): overall = 2894.769; main = 2894.769; forked = 283.558
INFO: [Common 17-2834] synth_design peak Virtual Memory [VSS] (MB): overall = 3980.531; main = 3755.633; forked = 986.562
Write ShapeDB Complete: Time (s): cpu = 00:00:00 ; elapsed = 00:00:00 . Memory (MB): peak = 3829.320 ; gain = 0.000 ; free physical = 17538 ; free virtual = 36901
INFO: [Common 17-1381] The checkpoint '/home/janek/Magisterka/Intelligent-Vibroacoustic-Machine-Diagnostic-System-on-FPGA/spi/accelerometer_spi/accelerometer_spi.runs/synth_1/spi_module_wrapper.dcp' has been generated.
INFO: [Vivado 12-24828] Executing command : report_utilization -file spi_module_wrapper_utilization_synth.rpt -pb spi_module_wrapper_utilization_synth.pb
INFO: [Common 17-206] Exiting Vivado at Sun Feb  8 15:01:16 2026...
