Copyright 1986-2022 Xilinx, Inc. All Rights Reserved. Copyright 2022-2025 Advanced Micro Devices, Inc. All Rights Reserved.
--------------------------------------------------------------------------------------------------------------------------------------------------------------------------------------------
| Tool Version : Vivado v.2025.2 (lin64) Build 6299465 Fri Nov 14 12:34:56 MST 2025
| Date         : Sun Feb  8 15:02:50 2026
| Host         : qtaz running 64-bit Ubuntu 24.04.3 LTS
| Command      : report_methodology -file spi_module_wrapper_methodology_drc_routed.rpt -pb spi_module_wrapper_methodology_drc_routed.pb -rpx spi_module_wrapper_methodology_drc_routed.rpx
| Design       : spi_module_wrapper
| Device       : xck26-sfvc784-2LV-c
| Speed File   : -2LV
| Design State : Fully Routed
--------------------------------------------------------------------------------------------------------------------------------------------------------------------------------------------

Report Methodology

Table of Contents
-----------------
1. REPORT SUMMARY
2. REPORT DETAILS

1. REPORT SUMMARY
-----------------
            Netlist: netlist
          Floorplan: design_1
      Design limits: <entire design considered>
             Max checks: <unlimited>
             Checks found: 3
+-----------+----------+-------------------------------+--------+
| Rule      | Severity | Description                   | Checks |
+-----------+----------+-------------------------------+--------+
| TIMING-18 | Warning  | Missing input or output delay | 3      |
+-----------+----------+-------------------------------+--------+

2. REPORT DETAILS
-----------------
TIMING-18#1 Warning
Missing input or output delay  
An output delay is missing on som240_1_connector_gem2_led_tri_o[0] relative to the rising and/or falling clock edge(s) of clk_pl_0.
Related violations: <none>

TIMING-18#2 Warning
Missing input or output delay  
An output delay is missing on som240_1_connector_gem2_led_tri_o[1] relative to the rising and/or falling clock edge(s) of clk_pl_0.
Related violations: <none>

TIMING-18#3 Warning
Missing input or output delay  
An output delay is missing on som240_1_connector_gem2_led_tri_o[2] relative to the rising and/or falling clock edge(s) of clk_pl_0.
Related violations: <none>


