Copyright 1986-2022 Xilinx, Inc. All Rights Reserved. Copyright 2022-2025 Advanced Micro Devices, Inc. All Rights Reserved.
----------------------------------------------------------------------------------------------------------------------------------------------------------------------------
| Tool Version     : Vivado v.2025.2 (lin64) Build 6299465 Fri Nov 14 12:34:56 MST 2025
| Date             : Sun Feb  8 15:02:56 2026
| Host             : qtaz running 64-bit Ubuntu 24.04.3 LTS
| Command          : report_power -file spi_module_wrapper_power_routed.rpt -pb spi_module_wrapper_power_summary_routed.pb -rpx spi_module_wrapper_power_routed.rpx
| Design           : spi_module_wrapper
| Device           : xck26-sfvc784-2LV-c
| Design State     : routed
| Grade            : commercial
| Process          : typical
| Characterization : Production
----------------------------------------------------------------------------------------------------------------------------------------------------------------------------

Power Report

Table of Contents
-----------------
1. Summary
1.1 On-Chip Components
1.2 Power Supply Summary
1.3 Confidence Level
2. Settings
2.1 Environment
2.2 Clock Constraints
3. Detailed Reports
3.1 By Hierarchy

1. Summary
----------

+--------------------------+--------------+
| Total On-Chip Power (W)  | 3.155        |
| Design Power Budget (W)  | Unspecified* |
| Power Budget Margin (W)  | NA           |
| Dynamic (W)              | 2.829        |
| Device Static (W)        | 0.326        |
| Effective TJA (C/W)      | 2.3          |
| Max Ambient (C)          | 77.7         |
| Junction Temperature (C) | 32.3         |
| Confidence Level         | Medium       |
| Setting File             | ---          |
| Simulation Activity File | ---          |
| Design Nets Matched      | NA           |
+--------------------------+--------------+
* Specify Design Power Budget using, set_operating_conditions -design_power_budget <value in Watts>


1.1 On-Chip Components
----------------------

+--------------------------+-----------+----------+-----------+-----------------+
| On-Chip                  | Power (W) | Used     | Available | Utilization (%) |
+--------------------------+-----------+----------+-----------+-----------------+
| Clocks                   |     0.017 |        6 |       --- |             --- |
| CLB Logic                |     0.018 |    18660 |       --- |             --- |
|   LUT as Logic           |     0.007 |     4827 |    117120 |            4.12 |
|   LUT as Distributed RAM |     0.006 |      315 |     57600 |            0.55 |
|   LUT as Shift Register  |     0.002 |      678 |     57600 |            1.18 |
|   Register               |     0.001 |     9105 |    234240 |            3.89 |
|   CARRY8                 |    <0.001 |      217 |     14640 |            1.48 |
|   BUFG                   |    <0.001 |        1 |        32 |            3.13 |
|   Others                 |     0.000 |     1355 |       --- |             --- |
| Signals                  |     0.012 |    12358 |       --- |             --- |
| Block RAM                |     0.005 |        5 |       144 |            3.47 |
| MMCM                     |     0.097 |        0 |       --- |             --- |
| DSPs                     |     0.005 |       12 |      1248 |            0.96 |
| I/O                      |    <0.001 |        7 |       189 |            3.70 |
| PS8                      |     2.674 |        1 |       --- |             --- |
| Static Power             |     0.326 |          |           |                 |
|   PS Static              |     0.000 |          |           |                 |
|   PL Static              |     0.326 |          |           |                 |
| Total                    |     3.155 |          |           |                 |
+--------------------------+-----------+----------+-----------+-----------------+


1.2 Power Supply Summary
------------------------

+------------------+-------------+-----------+-------------+------------+-------------+-------------+------------+
| Source           | Voltage (V) | Total (A) | Dynamic (A) | Static (A) | Powerup (A) | Budget (A)  | Margin (A) |
+------------------+-------------+-----------+-------------+------------+-------------+-------------+------------+
| Vccint           |       0.720 |     0.169 |       0.079 |      0.090 |       NA    | Unspecified | NA         |
| Vccint_io        |       0.850 |     0.037 |       0.000 |      0.037 |       NA    | Unspecified | NA         |
| Vccbram          |       0.850 |     0.002 |       0.001 |      0.001 |       NA    | Unspecified | NA         |
| Vccaux           |       1.800 |     0.129 |       0.054 |      0.075 |       NA    | Unspecified | NA         |
| Vccaux_io        |       1.800 |     0.032 |       0.001 |      0.031 |       NA    | Unspecified | NA         |
| Vcco33           |       3.300 |     0.007 |       0.000 |      0.007 |       NA    | Unspecified | NA         |
| Vcco25           |       2.500 |     0.000 |       0.000 |      0.000 |       NA    | Unspecified | NA         |
| Vcco18           |       1.800 |     0.000 |       0.000 |      0.000 |       NA    | Unspecified | NA         |
| Vcco15           |       1.500 |     0.000 |       0.000 |      0.000 |       NA    | Unspecified | NA         |
| Vcco135          |       1.350 |     0.000 |       0.000 |      0.000 |       NA    | Unspecified | NA         |
| Vcco12           |       1.200 |     0.000 |       0.000 |      0.000 |       NA    | Unspecified | NA         |
| Vcco10           |       1.000 |     0.000 |       0.000 |      0.000 |       NA    | Unspecified | NA         |
| Vccadc           |       1.800 |     0.008 |       0.000 |      0.008 |       NA    | Unspecified | NA         |
| VCC_PSINTFP      |       0.850 |     0.967 |       0.967 |      0.000 |       NA    | Unspecified | NA         |
| VCC_PSINTLP      |       0.850 |     0.275 |       0.275 |      0.000 |       NA    | Unspecified | NA         |
| VPS_MGTRAVCC     |       0.850 |     0.173 |       0.173 |      0.000 |       NA    | Unspecified | NA         |
| VCC_PSINTFP_DDR  |       0.850 |     0.726 |       0.726 |      0.000 |       NA    | Unspecified | NA         |
| VCC_PSPLL        |       1.200 |     0.069 |       0.069 |      0.000 |       NA    | Unspecified | NA         |
| VPS_MGTRAVTT     |       1.800 |     0.033 |       0.033 |      0.000 |       NA    | Unspecified | NA         |
| VCCO_PSDDR_504   |       1.200 |     0.592 |       0.592 |      0.000 |       NA    | Unspecified | NA         |
| VCC_PSAUX        |       1.800 |     0.000 |       0.000 |      0.000 |       NA    | Unspecified | NA         |
| VCC_PSBATT       |       1.200 |     0.000 |       0.000 |      0.000 |       NA    | Unspecified | NA         |
| VCC_PSDDR_PLL    |       1.800 |     0.000 |       0.000 |      0.000 |       NA    | Unspecified | NA         |
| VCCO_PSIO0_500   |       1.800 |     0.000 |       0.000 |      0.000 |       NA    | Unspecified | NA         |
| VCCO_PSIO1_501   |       1.800 |     0.000 |       0.000 |      0.000 |       NA    | Unspecified | NA         |
| VCCO_PSIO2_502   |       1.800 |     0.000 |       0.000 |      0.000 |       NA    | Unspecified | NA         |
| VCCO_PSIO3_503   |       1.800 |     0.000 |       0.000 |      0.000 |       NA    | Unspecified | NA         |
| VCC_PSADC        |       1.800 |     0.000 |       0.000 |      0.000 |       NA    | Unspecified | NA         |
| VMGTAVCC (GTH)   |       0.900 |     0.000 |       0.000 |      0.000 |       NA    | Unspecified | NA         |
| VMGTAVTT (GTH)   |       1.200 |     0.000 |       0.000 |      0.000 |       NA    | Unspecified | NA         |
| VMGTVCCAUX (GTH) |       1.800 |     0.000 |       0.000 |      0.000 |       NA    | Unspecified | NA         |
+------------------+-------------+-----------+-------------+------------+-------------+-------------+------------+


1.3 Confidence Level
--------------------

+-----------------------------+------------+-------------------------------------------------------+------------------------------------------------------------------------------------------------------------+
| User Input Data             | Confidence | Details                                               | Action                                                                                                     |
+-----------------------------+------------+-------------------------------------------------------+------------------------------------------------------------------------------------------------------------+
| Design implementation state | High       | Design is routed                                      |                                                                                                            |
| Clock nodes activity        | High       | User specified more than 95% of clocks                |                                                                                                            |
| I/O nodes activity          | Medium     | More than 5% of inputs are missing user specification | Provide missing input activity with simulation results or by editing the "By Resource Type -> I/Os" view   |
| Internal nodes activity     | Medium     | User specified less than 25% of internal nodes        | Provide missing internal nodes activity with simulation results or by editing the "By Resource Type" views |
| Device models               | High       | Device models are Production                          |                                                                                                            |
|                             |            |                                                       |                                                                                                            |
| Overall confidence level    | Medium     |                                                       |                                                                                                            |
+-----------------------------+------------+-------------------------------------------------------+------------------------------------------------------------------------------------------------------------+


2. Settings
-----------

2.1 Environment
---------------

+-----------------------+--------------------------+
| Ambient Temp (C)      | 25.0                     |
| ThetaJA (C/W)         | 2.3                      |
| Airflow (LFM)         | 250                      |
| Heat Sink             | medium (Medium Profile)  |
| ThetaSA (C/W)         | 5.5                      |
| Board Selection       | medium (10"x10")         |
| # of Board Layers     | 12to15 (12 to 15 Layers) |
| Board Temperature (C) | 25.0                     |
+-----------------------+--------------------------+


2.2 Clock Constraints
---------------------

+----------------------------------+----------------------------------------------------------+-----------------+
| Clock                            | Domain                                                   | Constraint (ns) |
+----------------------------------+----------------------------------------------------------+-----------------+
| clk_out1_spi_module_clk_wiz_0    | spi_module_i/clk_wiz/inst/clk_out1_spi_module_clk_wiz_0  |            10.0 |
| clk_pl_0                         | spi_module_i/zynq_ultra_ps_e_0/inst/pl_clk_unbuffered[0] |            10.0 |
| som240_1_connector_hpa_clk0p_clk | som240_1_connector_hpa_clk0p_clk                         |            40.0 |
+----------------------------------+----------------------------------------------------------+-----------------+


3. Detailed Reports
-------------------

3.1 By Hierarchy
----------------

+-----------------------+-----------+
| Name                  | Power (W) |
+-----------------------+-----------+
| spi_module_wrapper    |     2.829 |
|   spi_module_i        |     2.828 |
|     axi_dma_0         |     0.004 |
|       U0              |     0.004 |
|     axi_quad_spi_0    |     0.003 |
|       U0              |     0.003 |
|     axi_smc           |     0.005 |
|       inst            |     0.005 |
|     axi_smc_1         |     0.005 |
|       inst            |     0.005 |
|     axi_smc_2         |     0.006 |
|       inst            |     0.006 |
|     clk_wiz           |     0.097 |
|       inst            |     0.097 |
|     xfft_0            |     0.034 |
|       U0              |     0.034 |
|     zynq_ultra_ps_e_0 |     2.674 |
|       inst            |     2.674 |
+-----------------------+-----------+


