Vivado Simulator v2025.2
Copyright 1986-2022 Xilinx, Inc. All Rights Reserved.
Copyright 2022-2025 Advanced Micro Devices, Inc. All Rights Reserved.
Running: /home/kuszman/Xilinx/2025.2/Vivado/bin/unwrapped/lnx64.o/xelab --incr --debug typical --relax --mt 8 -L xil_defaultlib -L unisims_ver -L unimacro_ver -L secureip -L xpm --snapshot tb_iis3dwbg1_tdm16_multisample_behav xil_defaultlib.tb_iis3dwbg1_tdm16_multisample xil_defaultlib.glbl -log elaborate.log 
Using 8 slave threads.
WARNING: [XSIM 43-3431] One or more environment variables have been detected which affect the operation of the C compiler. These are typically not set in standard installations and are not tested by AMD, however they may be appropriate for your system, so the flow will attempt to continue.  If errors occur, try running xelab with the "-mt off -v 1" switches to see more information from the C compiler. The following environment variables have been detected:
Starting static elaboration
Pass Through NonSizing Optimizer
Completed static elaboration
Starting simulation data flow analysis
Completed simulation data flow analysis
Time Resolution for simulation is 1ps
Compiling module xil_defaultlib.spi_master_byte_mode0_default
Compiling module xil_defaultlib.spi_register_access_mode0_defaul...
Compiling module xil_defaultlib.iis3dwbg1_xyz(SPI_CLK_HZ=5000000...
Compiling module xil_defaultlib.axis_xyz_tdm16
Compiling module xil_defaultlib.iis3dwbg1_tdm16(STARTUP_MS=0)
Compiling module xil_defaultlib.iis3dwbg1_sensor_model_multisamp...
Compiling module xil_defaultlib.tb_iis3dwbg1_tdm16_multisample
Compiling module xil_defaultlib.glbl
Built simulation snapshot tb_iis3dwbg1_tdm16_multisample_behav
