
*** Running vivado
    with args -log ethernet_axi_smc_0.vds -m64 -product Vivado -mode batch -messageDb vivado.pb -notrace -source ethernet_axi_smc_0.tcl


****** Vivado v2025.2 (64-bit)
  **** SW Build 6299465 on Fri Nov 14 12:34:56 MST 2025
  **** IP Build 6300035 on Fri Nov 14 10:48:45 MST 2025
  **** SharedData Build 6298862 on Thu Nov 13 04:50:51 MST 2025
  **** Start of session at: Tue Mar 24 16:33:49 2026
    ** Copyright 1986-2022 Xilinx, Inc. All Rights Reserved.
    ** Copyright 2022-2025 Advanced Micro Devices, Inc. All Rights Reserved.

source ethernet_axi_smc_0.tcl -notrace
Command: synth_design -top ethernet_axi_smc_0 -part xck26-sfvc784-2LV-c -incremental_mode off -mode out_of_context
Starting synth_design
Attempting to get a license for feature 'Synthesis' and/or device 'xck26'
INFO: [Common 17-349] Got license for feature 'Synthesis' and/or device 'xck26'
INFO: [Device 21-403] Loading part xck26-sfvc784-2LV-c
INFO: [Synth 8-7079] Multithreading enabled for synth_design using a maximum of 7 processes.
INFO: [Synth 8-7078] Launching helper process for spawning children vivado processes
INFO: [Synth 8-7075] Helper process launched with PID 11043
---------------------------------------------------------------------------------
Starting RTL Elaboration : Time (s): cpu = 00:00:04 ; elapsed = 00:00:04 . Memory (MB): peak = 2775.477 ; gain = 150.688 ; free physical = 2568 ; free virtual = 7914
---------------------------------------------------------------------------------
INFO: [Synth 8-6157] synthesizing module 'ethernet_axi_smc_0' [/home/janecki/magister/Intelligent-Vibroacoustic-Machine-Diagnostic-System-on-FPGA/ethernet/project_1/project_1.gen/sources_1/bd/ethernet/ip/ethernet_axi_smc_0/synth/ethernet_axi_smc_0.v:53]
INFO: [Synth 8-6157] synthesizing module 'bd_7880' [/home/janecki/magister/Intelligent-Vibroacoustic-Machine-Diagnostic-System-on-FPGA/ethernet/project_1/project_1.gen/sources_1/bd/ethernet/ip/ethernet_axi_smc_0/bd_0/synth/bd_7880.v:10]
INFO: [Synth 8-6157] synthesizing module 'clk_map_imp_PXE9LP' [/home/janecki/magister/Intelligent-Vibroacoustic-Machine-Diagnostic-System-on-FPGA/ethernet/project_1/project_1.gen/sources_1/bd/ethernet/ip/ethernet_axi_smc_0/bd_0/synth/bd_7880.v:664]
INFO: [Synth 8-638] synthesizing module 'bd_7880_psr_aclk_0' [/home/janecki/magister/Intelligent-Vibroacoustic-Machine-Diagnostic-System-on-FPGA/ethernet/project_1/project_1.gen/sources_1/bd/ethernet/ip/ethernet_axi_smc_0/bd_0/ip/ip_1/synth/bd_7880_psr_aclk_0.vhd:74]
	Parameter C_FAMILY bound to: zynquplus - type: string 
	Parameter C_EXT_RST_WIDTH bound to: 4 - type: integer 
	Parameter C_AUX_RST_WIDTH bound to: 1 - type: integer 
	Parameter C_EXT_RESET_HIGH bound to: 1'b0 
	Parameter C_AUX_RESET_HIGH bound to: 1'b0 
	Parameter C_NUM_BUS_RST bound to: 1 - type: integer 
	Parameter C_NUM_PERP_RST bound to: 1 - type: integer 
	Parameter C_NUM_INTERCONNECT_ARESETN bound to: 1 - type: integer 
	Parameter C_NUM_PERP_ARESETN bound to: 1 - type: integer 
INFO: [Synth 8-3491] module 'proc_sys_reset' declared at '/home/janecki/magister/Intelligent-Vibroacoustic-Machine-Diagnostic-System-on-FPGA/ethernet/project_1/project_1.gen/sources_1/bd/ethernet/ipshared/9438/hdl/proc_sys_reset_v5_0_vh_rfs.vhd:1243' bound to instance 'U0' of component 'proc_sys_reset' [/home/janecki/magister/Intelligent-Vibroacoustic-Machine-Diagnostic-System-on-FPGA/ethernet/project_1/project_1.gen/sources_1/bd/ethernet/ip/ethernet_axi_smc_0/bd_0/ip/ip_1/synth/bd_7880_psr_aclk_0.vhd:139]
INFO: [Synth 8-638] synthesizing module 'proc_sys_reset' [/home/janecki/magister/Intelligent-Vibroacoustic-Machine-Diagnostic-System-on-FPGA/ethernet/project_1/project_1.gen/sources_1/bd/ethernet/ipshared/9438/hdl/proc_sys_reset_v5_0_vh_rfs.vhd:1302]
	Parameter INIT bound to: 1'b1 
INFO: [Synth 8-113] binding component instance 'FDRE_inst' to cell 'FDRE' [/home/janecki/magister/Intelligent-Vibroacoustic-Machine-Diagnostic-System-on-FPGA/ethernet/project_1/project_1.gen/sources_1/bd/ethernet/ipshared/9438/hdl/proc_sys_reset_v5_0_vh_rfs.vhd:1371]
	Parameter INIT bound to: 1'b1 
INFO: [Synth 8-113] binding component instance 'FDRE_BSR' to cell 'FDRE' [/home/janecki/magister/Intelligent-Vibroacoustic-Machine-Diagnostic-System-on-FPGA/ethernet/project_1/project_1.gen/sources_1/bd/ethernet/ipshared/9438/hdl/proc_sys_reset_v5_0_vh_rfs.vhd:1387]
	Parameter INIT bound to: 1'b0 
INFO: [Synth 8-113] binding component instance 'FDRE_BSR_N' to cell 'FDRE' [/home/janecki/magister/Intelligent-Vibroacoustic-Machine-Diagnostic-System-on-FPGA/ethernet/project_1/project_1.gen/sources_1/bd/ethernet/ipshared/9438/hdl/proc_sys_reset_v5_0_vh_rfs.vhd:1413]
	Parameter INIT bound to: 1'b1 
INFO: [Synth 8-113] binding component instance 'FDRE_PER' to cell 'FDRE' [/home/janecki/magister/Intelligent-Vibroacoustic-Machine-Diagnostic-System-on-FPGA/ethernet/project_1/project_1.gen/sources_1/bd/ethernet/ipshared/9438/hdl/proc_sys_reset_v5_0_vh_rfs.vhd:1436]
	Parameter INIT bound to: 1'b0 
INFO: [Synth 8-113] binding component instance 'FDRE_PER_N' to cell 'FDRE' [/home/janecki/magister/Intelligent-Vibroacoustic-Machine-Diagnostic-System-on-FPGA/ethernet/project_1/project_1.gen/sources_1/bd/ethernet/ipshared/9438/hdl/proc_sys_reset_v5_0_vh_rfs.vhd:1460]
INFO: [Synth 8-638] synthesizing module 'lpf' [/home/janecki/magister/Intelligent-Vibroacoustic-Machine-Diagnostic-System-on-FPGA/ethernet/project_1/project_1.gen/sources_1/bd/ethernet/ipshared/9438/hdl/proc_sys_reset_v5_0_vh_rfs.vhd:821]
INFO: [Synth 8-3491] module 'SRL16' declared at '/home/janecki/vitis/2025.2/Vivado/scripts/rt/data/unisim_comp.v:165318' bound to instance 'POR_SRL_I' of component 'SRL16' [/home/janecki/magister/Intelligent-Vibroacoustic-Machine-Diagnostic-System-on-FPGA/ethernet/project_1/project_1.gen/sources_1/bd/ethernet/ipshared/9438/hdl/proc_sys_reset_v5_0_vh_rfs.vhd:873]
INFO: [Synth 8-6157] synthesizing module 'SRL16' [/home/janecki/vitis/2025.2/Vivado/scripts/rt/data/unisim_comp.v:165318]
INFO: [Synth 8-6155] done synthesizing module 'SRL16' (0#1) [/home/janecki/vitis/2025.2/Vivado/scripts/rt/data/unisim_comp.v:165318]
	Parameter DEST_SYNC_FF bound to: 4 - type: integer 
	Parameter INIT_SYNC_FF bound to: 0 - type: integer 
	Parameter SIM_ASSERT_CHK bound to: 0 - type: integer 
	Parameter SRC_INPUT_REG bound to: 0 - type: integer 
INFO: [Synth 8-3491] module 'xpm_cdc_single' declared at '/home/janecki/vitis/2025.2/data/ip/xpm/xpm_cdc/hdl/xpm_cdc.sv:152' bound to instance 'ACT_LO_EXT' of component 'xpm_cdc_single' [/home/janecki/magister/Intelligent-Vibroacoustic-Machine-Diagnostic-System-on-FPGA/ethernet/project_1/project_1.gen/sources_1/bd/ethernet/ipshared/9438/hdl/proc_sys_reset_v5_0_vh_rfs.vhd:968]
INFO: [Synth 8-6157] synthesizing module 'xpm_cdc_single' [/home/janecki/vitis/2025.2/data/ip/xpm/xpm_cdc/hdl/xpm_cdc.sv:152]
INFO: [Synth 8-6155] done synthesizing module 'xpm_cdc_single' (0#1) [/home/janecki/vitis/2025.2/data/ip/xpm/xpm_cdc/hdl/xpm_cdc.sv:152]
	Parameter DEST_SYNC_FF bound to: 4 - type: integer 
	Parameter INIT_SYNC_FF bound to: 0 - type: integer 
	Parameter SIM_ASSERT_CHK bound to: 0 - type: integer 
	Parameter SRC_INPUT_REG bound to: 0 - type: integer 
INFO: [Synth 8-3491] module 'xpm_cdc_single' declared at '/home/janecki/vitis/2025.2/data/ip/xpm/xpm_cdc/hdl/xpm_cdc.sv:152' bound to instance 'ACT_LO_AUX' of component 'xpm_cdc_single' [/home/janecki/magister/Intelligent-Vibroacoustic-Machine-Diagnostic-System-on-FPGA/ethernet/project_1/project_1.gen/sources_1/bd/ethernet/ipshared/9438/hdl/proc_sys_reset_v5_0_vh_rfs.vhd:1015]
INFO: [Synth 8-256] done synthesizing module 'lpf' (0#1) [/home/janecki/magister/Intelligent-Vibroacoustic-Machine-Diagnostic-System-on-FPGA/ethernet/project_1/project_1.gen/sources_1/bd/ethernet/ipshared/9438/hdl/proc_sys_reset_v5_0_vh_rfs.vhd:821]
INFO: [Synth 8-638] synthesizing module 'sequence_psr' [/home/janecki/magister/Intelligent-Vibroacoustic-Machine-Diagnostic-System-on-FPGA/ethernet/project_1/project_1.gen/sources_1/bd/ethernet/ipshared/9438/hdl/proc_sys_reset_v5_0_vh_rfs.vhd:304]
INFO: [Synth 8-638] synthesizing module 'upcnt_n' [/home/janecki/magister/Intelligent-Vibroacoustic-Machine-Diagnostic-System-on-FPGA/ethernet/project_1/project_1.gen/sources_1/bd/ethernet/ipshared/9438/hdl/proc_sys_reset_v5_0_vh_rfs.vhd:126]
INFO: [Synth 8-256] done synthesizing module 'upcnt_n' (0#1) [/home/janecki/magister/Intelligent-Vibroacoustic-Machine-Diagnostic-System-on-FPGA/ethernet/project_1/project_1.gen/sources_1/bd/ethernet/ipshared/9438/hdl/proc_sys_reset_v5_0_vh_rfs.vhd:126]
INFO: [Synth 8-256] done synthesizing module 'sequence_psr' (0#1) [/home/janecki/magister/Intelligent-Vibroacoustic-Machine-Diagnostic-System-on-FPGA/ethernet/project_1/project_1.gen/sources_1/bd/ethernet/ipshared/9438/hdl/proc_sys_reset_v5_0_vh_rfs.vhd:304]
INFO: [Synth 8-256] done synthesizing module 'proc_sys_reset' (0#1) [/home/janecki/magister/Intelligent-Vibroacoustic-Machine-Diagnostic-System-on-FPGA/ethernet/project_1/project_1.gen/sources_1/bd/ethernet/ipshared/9438/hdl/proc_sys_reset_v5_0_vh_rfs.vhd:1302]
INFO: [Synth 8-256] done synthesizing module 'bd_7880_psr_aclk_0' (0#1) [/home/janecki/magister/Intelligent-Vibroacoustic-Machine-Diagnostic-System-on-FPGA/ethernet/project_1/project_1.gen/sources_1/bd/ethernet/ip/ethernet_axi_smc_0/bd_0/ip/ip_1/synth/bd_7880_psr_aclk_0.vhd:74]
WARNING: [Synth 8-7071] port 'mb_reset' of module 'bd_7880_psr_aclk_0' is unconnected for instance 'psr_aclk' [/home/janecki/magister/Intelligent-Vibroacoustic-Machine-Diagnostic-System-on-FPGA/ethernet/project_1/project_1.gen/sources_1/bd/ethernet/ip/ethernet_axi_smc_0/bd_0/synth/bd_7880.v:695]
WARNING: [Synth 8-7071] port 'bus_struct_reset' of module 'bd_7880_psr_aclk_0' is unconnected for instance 'psr_aclk' [/home/janecki/magister/Intelligent-Vibroacoustic-Machine-Diagnostic-System-on-FPGA/ethernet/project_1/project_1.gen/sources_1/bd/ethernet/ip/ethernet_axi_smc_0/bd_0/synth/bd_7880.v:695]
WARNING: [Synth 8-7071] port 'peripheral_reset' of module 'bd_7880_psr_aclk_0' is unconnected for instance 'psr_aclk' [/home/janecki/magister/Intelligent-Vibroacoustic-Machine-Diagnostic-System-on-FPGA/ethernet/project_1/project_1.gen/sources_1/bd/ethernet/ip/ethernet_axi_smc_0/bd_0/synth/bd_7880.v:695]
WARNING: [Synth 8-7071] port 'peripheral_aresetn' of module 'bd_7880_psr_aclk_0' is unconnected for instance 'psr_aclk' [/home/janecki/magister/Intelligent-Vibroacoustic-Machine-Diagnostic-System-on-FPGA/ethernet/project_1/project_1.gen/sources_1/bd/ethernet/ip/ethernet_axi_smc_0/bd_0/synth/bd_7880.v:695]
WARNING: [Synth 8-7023] instance 'psr_aclk' of module 'bd_7880_psr_aclk_0' has 10 connections declared, but only 6 given [/home/janecki/magister/Intelligent-Vibroacoustic-Machine-Diagnostic-System-on-FPGA/ethernet/project_1/project_1.gen/sources_1/bd/ethernet/ip/ethernet_axi_smc_0/bd_0/synth/bd_7880.v:695]
INFO: [Synth 8-6155] done synthesizing module 'clk_map_imp_PXE9LP' (0#1) [/home/janecki/magister/Intelligent-Vibroacoustic-Machine-Diagnostic-System-on-FPGA/ethernet/project_1/project_1.gen/sources_1/bd/ethernet/ip/ethernet_axi_smc_0/bd_0/synth/bd_7880.v:664]
INFO: [Synth 8-6157] synthesizing module 'm00_exit_pipeline_imp_1A0TXHI' [/home/janecki/magister/Intelligent-Vibroacoustic-Machine-Diagnostic-System-on-FPGA/ethernet/project_1/project_1.gen/sources_1/bd/ethernet/ip/ethernet_axi_smc_0/bd_0/synth/bd_7880.v:704]
INFO: [Synth 8-6157] synthesizing module 'bd_7880_m00e_0' [/home/janecki/magister/Intelligent-Vibroacoustic-Machine-Diagnostic-System-on-FPGA/ethernet/project_1/project_1.gen/sources_1/bd/ethernet/ip/ethernet_axi_smc_0/bd_0/ip/ip_12/synth/bd_7880_m00e_0.sv:53]
INFO: [Synth 8-6157] synthesizing module 'xpm_cdc_async_rst' [/home/janecki/vitis/2025.2/data/ip/xpm/xpm_cdc/hdl/xpm_cdc.sv:1175]
INFO: [Synth 8-6155] done synthesizing module 'xpm_cdc_async_rst' (0#1) [/home/janecki/vitis/2025.2/data/ip/xpm/xpm_cdc/hdl/xpm_cdc.sv:1175]
INFO: [Synth 8-6155] done synthesizing module 'bd_7880_m00e_0' (0#1) [/home/janecki/magister/Intelligent-Vibroacoustic-Machine-Diagnostic-System-on-FPGA/ethernet/project_1/project_1.gen/sources_1/bd/ethernet/ip/ethernet_axi_smc_0/bd_0/ip/ip_12/synth/bd_7880_m00e_0.sv:53]
INFO: [Synth 8-6155] done synthesizing module 'm00_exit_pipeline_imp_1A0TXHI' (0#1) [/home/janecki/magister/Intelligent-Vibroacoustic-Machine-Diagnostic-System-on-FPGA/ethernet/project_1/project_1.gen/sources_1/bd/ethernet/ip/ethernet_axi_smc_0/bd_0/synth/bd_7880.v:704]
INFO: [Synth 8-6157] synthesizing module 'bd_7880_m00s2a_0' [/home/janecki/magister/Intelligent-Vibroacoustic-Machine-Diagnostic-System-on-FPGA/ethernet/project_1/project_1.gen/sources_1/bd/ethernet/ip/ethernet_axi_smc_0/bd_0/ip/ip_11/synth/bd_7880_m00s2a_0.sv:53]
INFO: [Synth 8-6155] done synthesizing module 'bd_7880_m00s2a_0' (0#1) [/home/janecki/magister/Intelligent-Vibroacoustic-Machine-Diagnostic-System-on-FPGA/ethernet/project_1/project_1.gen/sources_1/bd/ethernet/ip/ethernet_axi_smc_0/bd_0/ip/ip_11/synth/bd_7880_m00s2a_0.sv:53]
INFO: [Synth 8-6157] synthesizing module 'bd_7880_s00a2s_0' [/home/janecki/magister/Intelligent-Vibroacoustic-Machine-Diagnostic-System-on-FPGA/ethernet/project_1/project_1.gen/sources_1/bd/ethernet/ip/ethernet_axi_smc_0/bd_0/ip/ip_5/synth/bd_7880_s00a2s_0.sv:53]
INFO: [Synth 8-6155] done synthesizing module 'bd_7880_s00a2s_0' (0#1) [/home/janecki/magister/Intelligent-Vibroacoustic-Machine-Diagnostic-System-on-FPGA/ethernet/project_1/project_1.gen/sources_1/bd/ethernet/ip/ethernet_axi_smc_0/bd_0/ip/ip_5/synth/bd_7880_s00a2s_0.sv:53]
INFO: [Synth 8-6157] synthesizing module 's00_entry_pipeline_imp_AT7QH1' [/home/janecki/magister/Intelligent-Vibroacoustic-Machine-Diagnostic-System-on-FPGA/ethernet/project_1/project_1.gen/sources_1/bd/ethernet/ip/ethernet_axi_smc_0/bd_0/synth/bd_7880.v:946]
INFO: [Synth 8-6157] synthesizing module 'bd_7880_s00mmu_0' [/home/janecki/magister/Intelligent-Vibroacoustic-Machine-Diagnostic-System-on-FPGA/ethernet/project_1/project_1.gen/sources_1/bd/ethernet/ip/ethernet_axi_smc_0/bd_0/ip/ip_2/synth/bd_7880_s00mmu_0.sv:53]
INFO: [Synth 8-6155] done synthesizing module 'bd_7880_s00mmu_0' (0#1) [/home/janecki/magister/Intelligent-Vibroacoustic-Machine-Diagnostic-System-on-FPGA/ethernet/project_1/project_1.gen/sources_1/bd/ethernet/ip/ethernet_axi_smc_0/bd_0/ip/ip_2/synth/bd_7880_s00mmu_0.sv:53]
INFO: [Synth 8-6157] synthesizing module 'bd_7880_s00sic_0' [/home/janecki/magister/Intelligent-Vibroacoustic-Machine-Diagnostic-System-on-FPGA/ethernet/project_1/project_1.gen/sources_1/bd/ethernet/ip/ethernet_axi_smc_0/bd_0/ip/ip_4/synth/bd_7880_s00sic_0.sv:53]
INFO: [Synth 8-6155] done synthesizing module 'bd_7880_s00sic_0' (0#1) [/home/janecki/magister/Intelligent-Vibroacoustic-Machine-Diagnostic-System-on-FPGA/ethernet/project_1/project_1.gen/sources_1/bd/ethernet/ip/ethernet_axi_smc_0/bd_0/ip/ip_4/synth/bd_7880_s00sic_0.sv:53]
INFO: [Synth 8-6157] synthesizing module 'bd_7880_s00tr_0' [/home/janecki/magister/Intelligent-Vibroacoustic-Machine-Diagnostic-System-on-FPGA/ethernet/project_1/project_1.gen/sources_1/bd/ethernet/ip/ethernet_axi_smc_0/bd_0/ip/ip_3/synth/bd_7880_s00tr_0.sv:53]
INFO: [Synth 8-6155] done synthesizing module 'bd_7880_s00tr_0' (0#1) [/home/janecki/magister/Intelligent-Vibroacoustic-Machine-Diagnostic-System-on-FPGA/ethernet/project_1/project_1.gen/sources_1/bd/ethernet/ip/ethernet_axi_smc_0/bd_0/ip/ip_3/synth/bd_7880_s00tr_0.sv:53]
INFO: [Synth 8-6155] done synthesizing module 's00_entry_pipeline_imp_AT7QH1' (0#1) [/home/janecki/magister/Intelligent-Vibroacoustic-Machine-Diagnostic-System-on-FPGA/ethernet/project_1/project_1.gen/sources_1/bd/ethernet/ip/ethernet_axi_smc_0/bd_0/synth/bd_7880.v:946]
INFO: [Synth 8-6157] synthesizing module 's00_nodes_imp_E8HG4F' [/home/janecki/magister/Intelligent-Vibroacoustic-Machine-Diagnostic-System-on-FPGA/ethernet/project_1/project_1.gen/sources_1/bd/ethernet/ip/ethernet_axi_smc_0/bd_0/synth/bd_7880.v:1526]
INFO: [Synth 8-6157] synthesizing module 'bd_7880_sarn_0' [/home/janecki/magister/Intelligent-Vibroacoustic-Machine-Diagnostic-System-on-FPGA/ethernet/project_1/project_1.gen/sources_1/bd/ethernet/ip/ethernet_axi_smc_0/bd_0/ip/ip_6/synth/bd_7880_sarn_0.sv:53]
INFO: [Synth 8-6155] done synthesizing module 'bd_7880_sarn_0' (0#1) [/home/janecki/magister/Intelligent-Vibroacoustic-Machine-Diagnostic-System-on-FPGA/ethernet/project_1/project_1.gen/sources_1/bd/ethernet/ip/ethernet_axi_smc_0/bd_0/ip/ip_6/synth/bd_7880_sarn_0.sv:53]
INFO: [Synth 8-6157] synthesizing module 'bd_7880_sawn_0' [/home/janecki/magister/Intelligent-Vibroacoustic-Machine-Diagnostic-System-on-FPGA/ethernet/project_1/project_1.gen/sources_1/bd/ethernet/ip/ethernet_axi_smc_0/bd_0/ip/ip_8/synth/bd_7880_sawn_0.sv:53]
INFO: [Synth 8-6155] done synthesizing module 'bd_7880_sawn_0' (0#1) [/home/janecki/magister/Intelligent-Vibroacoustic-Machine-Diagnostic-System-on-FPGA/ethernet/project_1/project_1.gen/sources_1/bd/ethernet/ip/ethernet_axi_smc_0/bd_0/ip/ip_8/synth/bd_7880_sawn_0.sv:53]
INFO: [Synth 8-6157] synthesizing module 'bd_7880_sbn_0' [/home/janecki/magister/Intelligent-Vibroacoustic-Machine-Diagnostic-System-on-FPGA/ethernet/project_1/project_1.gen/sources_1/bd/ethernet/ip/ethernet_axi_smc_0/bd_0/ip/ip_10/synth/bd_7880_sbn_0.sv:53]
INFO: [Synth 8-6155] done synthesizing module 'bd_7880_sbn_0' (0#1) [/home/janecki/magister/Intelligent-Vibroacoustic-Machine-Diagnostic-System-on-FPGA/ethernet/project_1/project_1.gen/sources_1/bd/ethernet/ip/ethernet_axi_smc_0/bd_0/ip/ip_10/synth/bd_7880_sbn_0.sv:53]
INFO: [Synth 8-6157] synthesizing module 'bd_7880_srn_0' [/home/janecki/magister/Intelligent-Vibroacoustic-Machine-Diagnostic-System-on-FPGA/ethernet/project_1/project_1.gen/sources_1/bd/ethernet/ip/ethernet_axi_smc_0/bd_0/ip/ip_7/synth/bd_7880_srn_0.sv:53]
INFO: [Synth 8-6155] done synthesizing module 'bd_7880_srn_0' (0#1) [/home/janecki/magister/Intelligent-Vibroacoustic-Machine-Diagnostic-System-on-FPGA/ethernet/project_1/project_1.gen/sources_1/bd/ethernet/ip/ethernet_axi_smc_0/bd_0/ip/ip_7/synth/bd_7880_srn_0.sv:53]
INFO: [Synth 8-6157] synthesizing module 'bd_7880_swn_0' [/home/janecki/magister/Intelligent-Vibroacoustic-Machine-Diagnostic-System-on-FPGA/ethernet/project_1/project_1.gen/sources_1/bd/ethernet/ip/ethernet_axi_smc_0/bd_0/ip/ip_9/synth/bd_7880_swn_0.sv:53]
INFO: [Synth 8-6155] done synthesizing module 'bd_7880_swn_0' (0#1) [/home/janecki/magister/Intelligent-Vibroacoustic-Machine-Diagnostic-System-on-FPGA/ethernet/project_1/project_1.gen/sources_1/bd/ethernet/ip/ethernet_axi_smc_0/bd_0/ip/ip_9/synth/bd_7880_swn_0.sv:53]
INFO: [Synth 8-6155] done synthesizing module 's00_nodes_imp_E8HG4F' (0#1) [/home/janecki/magister/Intelligent-Vibroacoustic-Machine-Diagnostic-System-on-FPGA/ethernet/project_1/project_1.gen/sources_1/bd/ethernet/ip/ethernet_axi_smc_0/bd_0/synth/bd_7880.v:1526]
INFO: [Synth 8-6155] done synthesizing module 'bd_7880' (0#1) [/home/janecki/magister/Intelligent-Vibroacoustic-Machine-Diagnostic-System-on-FPGA/ethernet/project_1/project_1.gen/sources_1/bd/ethernet/ip/ethernet_axi_smc_0/bd_0/synth/bd_7880.v:10]
INFO: [Synth 8-6155] done synthesizing module 'ethernet_axi_smc_0' (0#1) [/home/janecki/magister/Intelligent-Vibroacoustic-Machine-Diagnostic-System-on-FPGA/ethernet/project_1/project_1.gen/sources_1/bd/ethernet/ip/ethernet_axi_smc_0/synth/ethernet_axi_smc_0.v:53]
WARNING: [Synth 8-3848] Net aresetn_out in module/entity clk_map_imp_PXE9LP does not have driver. [/home/janecki/magister/Intelligent-Vibroacoustic-Machine-Diagnostic-System-on-FPGA/ethernet/project_1/project_1.gen/sources_1/bd/ethernet/ip/ethernet_axi_smc_0/bd_0/synth/bd_7880.v:680]
INFO: [Synth 8-7129] Port din[0] in module sc_util_v1_0_4_onehot_to_binary is either unconnected or has no load
INFO: [Synth 8-7129] Port aclk in module sc_util_v1_0_4_pipeline__parameterized0 is either unconnected or has no load
INFO: [Synth 8-7129] Port aclken in module sc_util_v1_0_4_pipeline__parameterized0 is either unconnected or has no load
INFO: [Synth 8-7129] Port areset in module sc_util_v1_0_4_pipeline__parameterized0 is either unconnected or has no load
INFO: [Synth 8-7129] Port slow_clk in module sc_util_v1_0_4_sample_cycle_ratio is either unconnected or has no load
INFO: [Synth 8-7129] Port fast_clk in module sc_util_v1_0_4_sample_cycle_ratio is either unconnected or has no load
INFO: [Synth 8-7129] Port aclk in module sc_util_v1_0_4_pipeline__parameterized9 is either unconnected or has no load
INFO: [Synth 8-7129] Port aclken in module sc_util_v1_0_4_pipeline__parameterized9 is either unconnected or has no load
INFO: [Synth 8-7129] Port areset in module sc_util_v1_0_4_pipeline__parameterized9 is either unconnected or has no load
INFO: [Synth 8-7129] Port aclk in module sc_node_v1_0_19_reg_slice3 is either unconnected or has no load
INFO: [Synth 8-7129] Port aclken in module sc_node_v1_0_19_reg_slice3 is either unconnected or has no load
INFO: [Synth 8-7129] Port areset in module sc_node_v1_0_19_reg_slice3 is either unconnected or has no load
INFO: [Synth 8-7129] Port aclk in module sc_util_v1_0_4_pipeline__parameterized8 is either unconnected or has no load
INFO: [Synth 8-7129] Port aclken in module sc_util_v1_0_4_pipeline__parameterized8 is either unconnected or has no load
INFO: [Synth 8-7129] Port areset in module sc_util_v1_0_4_pipeline__parameterized8 is either unconnected or has no load
INFO: [Synth 8-7129] Port aclk in module sc_node_v1_0_19_si_handler__parameterized3 is either unconnected or has no load
INFO: [Synth 8-7129] Port aclken in module sc_node_v1_0_19_si_handler__parameterized3 is either unconnected or has no load
INFO: [Synth 8-7129] Port areset in module sc_node_v1_0_19_si_handler__parameterized3 is either unconnected or has no load
INFO: [Synth 8-7129] Port s_sc_req[0] in module sc_node_v1_0_19_si_handler__parameterized3 is either unconnected or has no load
INFO: [Synth 8-7129] Port s_sc_info[0] in module sc_node_v1_0_19_si_handler__parameterized3 is either unconnected or has no load
INFO: [Synth 8-7129] Port s_axis_arb_tvalid in module sc_node_v1_0_19_si_handler__parameterized3 is either unconnected or has no load
INFO: [Synth 8-7129] Port s_axis_arb_tdata[15] in module sc_node_v1_0_19_si_handler__parameterized3 is either unconnected or has no load
INFO: [Synth 8-7129] Port s_axis_arb_tdata[14] in module sc_node_v1_0_19_si_handler__parameterized3 is either unconnected or has no load
INFO: [Synth 8-7129] Port s_axis_arb_tdata[13] in module sc_node_v1_0_19_si_handler__parameterized3 is either unconnected or has no load
INFO: [Synth 8-7129] Port s_axis_arb_tdata[12] in module sc_node_v1_0_19_si_handler__parameterized3 is either unconnected or has no load
INFO: [Synth 8-7129] Port s_axis_arb_tdata[11] in module sc_node_v1_0_19_si_handler__parameterized3 is either unconnected or has no load
INFO: [Synth 8-7129] Port s_axis_arb_tdata[10] in module sc_node_v1_0_19_si_handler__parameterized3 is either unconnected or has no load
INFO: [Synth 8-7129] Port s_axis_arb_tdata[9] in module sc_node_v1_0_19_si_handler__parameterized3 is either unconnected or has no load
INFO: [Synth 8-7129] Port s_axis_arb_tdata[8] in module sc_node_v1_0_19_si_handler__parameterized3 is either unconnected or has no load
INFO: [Synth 8-7129] Port s_axis_arb_tdata[7] in module sc_node_v1_0_19_si_handler__parameterized3 is either unconnected or has no load
INFO: [Synth 8-7129] Port s_axis_arb_tdata[6] in module sc_node_v1_0_19_si_handler__parameterized3 is either unconnected or has no load
INFO: [Synth 8-7129] Port s_axis_arb_tdata[5] in module sc_node_v1_0_19_si_handler__parameterized3 is either unconnected or has no load
INFO: [Synth 8-7129] Port s_axis_arb_tdata[4] in module sc_node_v1_0_19_si_handler__parameterized3 is either unconnected or has no load
INFO: [Synth 8-7129] Port s_axis_arb_tdata[3] in module sc_node_v1_0_19_si_handler__parameterized3 is either unconnected or has no load
INFO: [Synth 8-7129] Port s_axis_arb_tdata[2] in module sc_node_v1_0_19_si_handler__parameterized3 is either unconnected or has no load
INFO: [Synth 8-7129] Port s_axis_arb_tdata[1] in module sc_node_v1_0_19_si_handler__parameterized3 is either unconnected or has no load
INFO: [Synth 8-7129] Port s_axis_arb_tdata[0] in module sc_node_v1_0_19_si_handler__parameterized3 is either unconnected or has no load
INFO: [Synth 8-7129] Port m_axis_arb_tready in module sc_node_v1_0_19_si_handler__parameterized3 is either unconnected or has no load
INFO: [Synth 8-7129] Port aclk in module sc_util_v1_0_4_axic_register_slice is either unconnected or has no load
INFO: [Synth 8-7129] Port areset in module sc_util_v1_0_4_axic_register_slice is either unconnected or has no load
INFO: [Synth 8-7129] Port aclken in module sc_util_v1_0_4_axic_register_slice is either unconnected or has no load
INFO: [Synth 8-7129] Port m_sc_aclken in module sc_node_v1_0_19_top__parameterized3 is either unconnected or has no load
INFO: [Synth 8-7129] Port aclk in module sc_util_v1_0_4_pipeline__parameterized7 is either unconnected or has no load
INFO: [Synth 8-7129] Port aclken in module sc_util_v1_0_4_pipeline__parameterized7 is either unconnected or has no load
INFO: [Synth 8-7129] Port areset in module sc_util_v1_0_4_pipeline__parameterized7 is either unconnected or has no load
INFO: [Synth 8-7129] Port aclk in module sc_util_v1_0_4_pipeline__parameterized6 is either unconnected or has no load
INFO: [Synth 8-7129] Port aclken in module sc_util_v1_0_4_pipeline__parameterized6 is either unconnected or has no load
INFO: [Synth 8-7129] Port areset in module sc_util_v1_0_4_pipeline__parameterized6 is either unconnected or has no load
INFO: [Synth 8-7129] Port aclk in module sc_node_v1_0_19_si_handler__parameterized2 is either unconnected or has no load
INFO: [Synth 8-7129] Port aclken in module sc_node_v1_0_19_si_handler__parameterized2 is either unconnected or has no load
INFO: [Synth 8-7129] Port areset in module sc_node_v1_0_19_si_handler__parameterized2 is either unconnected or has no load
INFO: [Synth 8-7129] Port s_sc_req[0] in module sc_node_v1_0_19_si_handler__parameterized2 is either unconnected or has no load
INFO: [Synth 8-7129] Port s_sc_info[0] in module sc_node_v1_0_19_si_handler__parameterized2 is either unconnected or has no load
INFO: [Synth 8-7129] Port s_axis_arb_tvalid in module sc_node_v1_0_19_si_handler__parameterized2 is either unconnected or has no load
INFO: [Synth 8-7129] Port s_axis_arb_tdata[15] in module sc_node_v1_0_19_si_handler__parameterized2 is either unconnected or has no load
INFO: [Synth 8-7129] Port s_axis_arb_tdata[14] in module sc_node_v1_0_19_si_handler__parameterized2 is either unconnected or has no load
INFO: [Synth 8-7129] Port s_axis_arb_tdata[13] in module sc_node_v1_0_19_si_handler__parameterized2 is either unconnected or has no load
INFO: [Synth 8-7129] Port s_axis_arb_tdata[12] in module sc_node_v1_0_19_si_handler__parameterized2 is either unconnected or has no load
INFO: [Synth 8-7129] Port s_axis_arb_tdata[11] in module sc_node_v1_0_19_si_handler__parameterized2 is either unconnected or has no load
INFO: [Synth 8-7129] Port s_axis_arb_tdata[10] in module sc_node_v1_0_19_si_handler__parameterized2 is either unconnected or has no load
INFO: [Synth 8-7129] Port s_axis_arb_tdata[9] in module sc_node_v1_0_19_si_handler__parameterized2 is either unconnected or has no load
INFO: [Synth 8-7129] Port s_axis_arb_tdata[8] in module sc_node_v1_0_19_si_handler__parameterized2 is either unconnected or has no load
INFO: [Synth 8-7129] Port s_axis_arb_tdata[7] in module sc_node_v1_0_19_si_handler__parameterized2 is either unconnected or has no load
INFO: [Synth 8-7129] Port s_axis_arb_tdata[6] in module sc_node_v1_0_19_si_handler__parameterized2 is either unconnected or has no load
INFO: [Synth 8-7129] Port s_axis_arb_tdata[5] in module sc_node_v1_0_19_si_handler__parameterized2 is either unconnected or has no load
INFO: [Synth 8-7129] Port s_axis_arb_tdata[4] in module sc_node_v1_0_19_si_handler__parameterized2 is either unconnected or has no load
INFO: [Synth 8-7129] Port s_axis_arb_tdata[3] in module sc_node_v1_0_19_si_handler__parameterized2 is either unconnected or has no load
INFO: [Synth 8-7129] Port s_axis_arb_tdata[2] in module sc_node_v1_0_19_si_handler__parameterized2 is either unconnected or has no load
INFO: [Synth 8-7129] Port s_axis_arb_tdata[1] in module sc_node_v1_0_19_si_handler__parameterized2 is either unconnected or has no load
INFO: [Synth 8-7129] Port s_axis_arb_tdata[0] in module sc_node_v1_0_19_si_handler__parameterized2 is either unconnected or has no load
INFO: [Synth 8-7129] Port m_axis_arb_tready in module sc_node_v1_0_19_si_handler__parameterized2 is either unconnected or has no load
INFO: [Synth 8-7129] Port m_sc_aclken in module sc_node_v1_0_19_top__parameterized2 is either unconnected or has no load
INFO: [Synth 8-7129] Port aclk in module sc_util_v1_0_4_pipeline__parameterized5 is either unconnected or has no load
INFO: [Synth 8-7129] Port aclken in module sc_util_v1_0_4_pipeline__parameterized5 is either unconnected or has no load
INFO: [Synth 8-7129] Port areset in module sc_util_v1_0_4_pipeline__parameterized5 is either unconnected or has no load
INFO: [Synth 8-7129] Port aclk in module sc_util_v1_0_4_pipeline__parameterized4 is either unconnected or has no load
INFO: [Synth 8-7129] Port aclken in module sc_util_v1_0_4_pipeline__parameterized4 is either unconnected or has no load
INFO: [Synth 8-7129] Port areset in module sc_util_v1_0_4_pipeline__parameterized4 is either unconnected or has no load
INFO: [Synth 8-7129] Port aclk in module sc_node_v1_0_19_si_handler__parameterized1 is either unconnected or has no load
INFO: [Synth 8-7129] Port aclken in module sc_node_v1_0_19_si_handler__parameterized1 is either unconnected or has no load
INFO: [Synth 8-7129] Port areset in module sc_node_v1_0_19_si_handler__parameterized1 is either unconnected or has no load
INFO: [Synth 8-7129] Port s_sc_req[0] in module sc_node_v1_0_19_si_handler__parameterized1 is either unconnected or has no load
INFO: [Synth 8-7129] Port s_sc_info[0] in module sc_node_v1_0_19_si_handler__parameterized1 is either unconnected or has no load
INFO: [Synth 8-7129] Port s_axis_arb_tvalid in module sc_node_v1_0_19_si_handler__parameterized1 is either unconnected or has no load
INFO: [Synth 8-7129] Port s_axis_arb_tdata[15] in module sc_node_v1_0_19_si_handler__parameterized1 is either unconnected or has no load
INFO: [Synth 8-7129] Port s_axis_arb_tdata[14] in module sc_node_v1_0_19_si_handler__parameterized1 is either unconnected or has no load
INFO: [Synth 8-7129] Port s_axis_arb_tdata[13] in module sc_node_v1_0_19_si_handler__parameterized1 is either unconnected or has no load
INFO: [Synth 8-7129] Port s_axis_arb_tdata[12] in module sc_node_v1_0_19_si_handler__parameterized1 is either unconnected or has no load
INFO: [Synth 8-7129] Port s_axis_arb_tdata[11] in module sc_node_v1_0_19_si_handler__parameterized1 is either unconnected or has no load
INFO: [Synth 8-7129] Port s_axis_arb_tdata[10] in module sc_node_v1_0_19_si_handler__parameterized1 is either unconnected or has no load
INFO: [Synth 8-7129] Port s_axis_arb_tdata[9] in module sc_node_v1_0_19_si_handler__parameterized1 is either unconnected or has no load
INFO: [Synth 8-7129] Port s_axis_arb_tdata[8] in module sc_node_v1_0_19_si_handler__parameterized1 is either unconnected or has no load
INFO: [Synth 8-7129] Port s_axis_arb_tdata[7] in module sc_node_v1_0_19_si_handler__parameterized1 is either unconnected or has no load
INFO: [Synth 8-7129] Port s_axis_arb_tdata[6] in module sc_node_v1_0_19_si_handler__parameterized1 is either unconnected or has no load
INFO: [Synth 8-7129] Port s_axis_arb_tdata[5] in module sc_node_v1_0_19_si_handler__parameterized1 is either unconnected or has no load
INFO: [Synth 8-7129] Port s_axis_arb_tdata[4] in module sc_node_v1_0_19_si_handler__parameterized1 is either unconnected or has no load
INFO: [Synth 8-7129] Port s_axis_arb_tdata[3] in module sc_node_v1_0_19_si_handler__parameterized1 is either unconnected or has no load
INFO: [Synth 8-7129] Port s_axis_arb_tdata[2] in module sc_node_v1_0_19_si_handler__parameterized1 is either unconnected or has no load
INFO: [Synth 8-7129] Port s_axis_arb_tdata[1] in module sc_node_v1_0_19_si_handler__parameterized1 is either unconnected or has no load
INFO: [Synth 8-7129] Port s_axis_arb_tdata[0] in module sc_node_v1_0_19_si_handler__parameterized1 is either unconnected or has no load
INFO: [Common 17-14] Message 'Synth 8-7129' appears 100 times and further instances of the messages will be disabled. Use the Tcl command set_msg_config to change the current settings.
---------------------------------------------------------------------------------
Finished RTL Elaboration : Time (s): cpu = 00:00:07 ; elapsed = 00:00:07 . Memory (MB): peak = 2973.984 ; gain = 349.195 ; free physical = 2085 ; free virtual = 7461
---------------------------------------------------------------------------------
---------------------------------------------------------------------------------
Start Handling Custom Attributes
---------------------------------------------------------------------------------
---------------------------------------------------------------------------------
Finished Handling Custom Attributes : Time (s): cpu = 00:00:07 ; elapsed = 00:00:07 . Memory (MB): peak = 2973.984 ; gain = 349.195 ; free physical = 2085 ; free virtual = 7461
---------------------------------------------------------------------------------
---------------------------------------------------------------------------------
Finished RTL Optimization Phase 1 : Time (s): cpu = 00:00:07 ; elapsed = 00:00:07 . Memory (MB): peak = 2973.984 ; gain = 349.195 ; free physical = 2085 ; free virtual = 7461
---------------------------------------------------------------------------------
Netlist sorting complete. Time (s): cpu = 00:00:00.41 ; elapsed = 00:00:00.38 . Memory (MB): peak = 2981.984 ; gain = 0.000 ; free physical = 2059 ; free virtual = 7438
INFO: [Netlist 29-17] Analyzing 1 Unisim elements for replacement
INFO: [Netlist 29-28] Unisim Transformation completed in 0 CPU seconds
INFO: [Project 1-570] Preparing netlist for logic optimization

Processing XDC Constraints
Initializing timing engine
Parsing XDC File [/home/janecki/magister/Intelligent-Vibroacoustic-Machine-Diagnostic-System-on-FPGA/ethernet/project_1/project_1.gen/sources_1/bd/ethernet/ip/ethernet_axi_smc_0/ooc.xdc] for cell 'inst'
Finished Parsing XDC File [/home/janecki/magister/Intelligent-Vibroacoustic-Machine-Diagnostic-System-on-FPGA/ethernet/project_1/project_1.gen/sources_1/bd/ethernet/ip/ethernet_axi_smc_0/ooc.xdc] for cell 'inst'
Parsing XDC File [/home/janecki/magister/Intelligent-Vibroacoustic-Machine-Diagnostic-System-on-FPGA/ethernet/project_1/project_1.gen/sources_1/bd/ethernet/ip/ethernet_axi_smc_0/bd_0/ip/ip_1/bd_7880_psr_aclk_0_board.xdc] for cell 'inst/clk_map/psr_aclk/U0'
Finished Parsing XDC File [/home/janecki/magister/Intelligent-Vibroacoustic-Machine-Diagnostic-System-on-FPGA/ethernet/project_1/project_1.gen/sources_1/bd/ethernet/ip/ethernet_axi_smc_0/bd_0/ip/ip_1/bd_7880_psr_aclk_0_board.xdc] for cell 'inst/clk_map/psr_aclk/U0'
Parsing XDC File [/home/janecki/magister/Intelligent-Vibroacoustic-Machine-Diagnostic-System-on-FPGA/ethernet/project_1/project_1.gen/sources_1/bd/ethernet/ip/ethernet_axi_smc_0/smartconnect.xdc] for cell 'inst'
Finished Parsing XDC File [/home/janecki/magister/Intelligent-Vibroacoustic-Machine-Diagnostic-System-on-FPGA/ethernet/project_1/project_1.gen/sources_1/bd/ethernet/ip/ethernet_axi_smc_0/smartconnect.xdc] for cell 'inst'
Parsing XDC File [/home/janecki/magister/Intelligent-Vibroacoustic-Machine-Diagnostic-System-on-FPGA/ethernet/project_1/project_1.runs/ethernet_axi_smc_0_synth_1/dont_touch.xdc]
Finished Parsing XDC File [/home/janecki/magister/Intelligent-Vibroacoustic-Machine-Diagnostic-System-on-FPGA/ethernet/project_1/project_1.runs/ethernet_axi_smc_0_synth_1/dont_touch.xdc]
INFO: [Project 1-236] Implementation specific constraints were found while reading constraint file [/home/janecki/vitis/2025.2/data/ip/xpm/xpm_cdc/tcl/xpm_cdc_single.tcl]. These constraints will be ignored for synthesis but will be used in implementation. Impacted constraints are listed in the file [.Xil/ethernet_axi_smc_0_propImpl.xdc].
Resolution: To avoid this warning, move constraints listed in [.Xil/ethernet_axi_smc_0_propImpl.xdc] to another XDC file and exclude this new file from synthesis with the used_in_synthesis property (File Properties dialog in GUI) and re-run elaboration/synthesis.
INFO: [Project 1-1714] 16 XPM XDC files have been applied to the design.
Completed Processing XDC Constraints

Netlist sorting complete. Time (s): cpu = 00:00:00 ; elapsed = 00:00:00.01 . Memory (MB): peak = 3148.566 ; gain = 0.000 ; free physical = 1762 ; free virtual = 7195
INFO: [Project 1-111] Unisim Transformation Summary:
  A total of 1 instances were transformed.
  SRL16 => SRL16E: 1 instance 

Constraint Validation Runtime : Time (s): cpu = 00:00:00.08 ; elapsed = 00:00:00.06 . Memory (MB): peak = 3148.602 ; gain = 0.000 ; free physical = 1725 ; free virtual = 7172
INFO: [Designutils 20-5008] Incremental synthesis strategy off
---------------------------------------------------------------------------------
Finished Constraint Validation : Time (s): cpu = 00:00:19 ; elapsed = 00:00:18 . Memory (MB): peak = 3148.602 ; gain = 523.812 ; free physical = 2886 ; free virtual = 8341
---------------------------------------------------------------------------------
---------------------------------------------------------------------------------
Start Loading Part and Timing Information
---------------------------------------------------------------------------------
Loading part: xck26-sfvc784-2LV-c
INFO: [Synth 8-6742] Reading net delay rules and data
---------------------------------------------------------------------------------
Finished Loading Part and Timing Information : Time (s): cpu = 00:00:19 ; elapsed = 00:00:18 . Memory (MB): peak = 3156.570 ; gain = 531.781 ; free physical = 2886 ; free virtual = 8341
---------------------------------------------------------------------------------
---------------------------------------------------------------------------------
Start Applying 'set_property' XDC Constraints
---------------------------------------------------------------------------------
---------------------------------------------------------------------------------
Finished applying 'set_property' XDC Constraints : Time (s): cpu = 00:00:19 ; elapsed = 00:00:18 . Memory (MB): peak = 3156.570 ; gain = 531.781 ; free physical = 2886 ; free virtual = 8341
---------------------------------------------------------------------------------
INFO: [Synth 8-802] inferred FSM for state register 'gen_axi.gen_write.write_cs_reg' in module 'sc_mmu_v1_0_16_decerr_slave'
INFO: [Synth 8-802] inferred FSM for state register 'gen_endpoint.w_state_reg' in module 'sc_mmu_v1_0_16_top'
INFO: [Synth 8-802] inferred FSM for state register 'gen_endpoint.r_state_reg' in module 'sc_mmu_v1_0_16_top'
INFO: [Synth 8-802] inferred FSM for state register 'w_state_reg' in module 'sc_si_converter_v1_0_16_axilite_conv'
INFO: [Synth 8-802] inferred FSM for state register 'r_state_reg' in module 'sc_si_converter_v1_0_16_axilite_conv'
---------------------------------------------------------------------------------------------------
                   State |                     New Encoding |                Previous Encoding 
---------------------------------------------------------------------------------------------------
            P_WRITE_IDLE |                              001 |                               00
            P_WRITE_DATA |                              010 |                               01
            P_WRITE_RESP |                              100 |                               10
---------------------------------------------------------------------------------------------------
INFO: [Synth 8-3354] encoded FSM with state register 'gen_axi.gen_write.write_cs_reg' using encoding 'one-hot' in module 'sc_mmu_v1_0_16_decerr_slave'
---------------------------------------------------------------------------------------------------
                   State |                     New Encoding |                Previous Encoding 
---------------------------------------------------------------------------------------------------
                  iSTATE |                               00 | 00000000000000000000000000000000
*
                 W_STALL |                               01 | 00000000000000000000000000000001
               W_PENDING |                               10 | 00000000000000000000000000000010
                W_DECERR |                               11 | 00000000000000000000000000000011
---------------------------------------------------------------------------------------------------
INFO: [Synth 8-3354] encoded FSM with state register 'gen_endpoint.w_state_reg' using encoding 'sequential' in module 'sc_mmu_v1_0_16_top'
---------------------------------------------------------------------------------------------------
                   State |                     New Encoding |                Previous Encoding 
---------------------------------------------------------------------------------------------------
                  iSTATE |                             0001 | 00000000000000000000000000000000
*
                 R_STALL |                             0010 | 00000000000000000000000000000001
               R_PENDING |                             0100 | 00000000000000000000000000000010
                R_DECERR |                             1000 | 00000000000000000000000000000011
---------------------------------------------------------------------------------------------------
INFO: [Synth 8-3354] encoded FSM with state register 'gen_endpoint.r_state_reg' using encoding 'one-hot' in module 'sc_mmu_v1_0_16_top'
---------------------------------------------------------------------------------------------------
                   State |                     New Encoding |                Previous Encoding 
---------------------------------------------------------------------------------------------------
                  W_IDLE |                              000 | 00000000000000000000000000000000
                    W_RX |                              001 | 00000000000000000000000000000001
                    W_TX |                              010 | 00000000000000000000000000000010
              W_COMPLETE |                              011 | 00000000000000000000000000000100
               W_RECOVER |                              100 | 00000000000000000000000000000011
---------------------------------------------------------------------------------------------------
INFO: [Synth 8-3354] encoded FSM with state register 'w_state_reg' using encoding 'sequential' in module 'sc_si_converter_v1_0_16_axilite_conv'
---------------------------------------------------------------------------------------------------
                   State |                     New Encoding |                Previous Encoding 
---------------------------------------------------------------------------------------------------
                  R_IDLE |                               00 | 00000000000000000000000000000000
               R_PENDING |                               01 | 00000000000000000000000000000001
                    R_RX |                               10 | 00000000000000000000000000000010
                    R_TX |                               11 | 00000000000000000000000000000011
---------------------------------------------------------------------------------------------------
INFO: [Synth 8-3354] encoded FSM with state register 'r_state_reg' using encoding 'sequential' in module 'sc_si_converter_v1_0_16_axilite_conv'
---------------------------------------------------------------------------------
Finished RTL Optimization Phase 2 : Time (s): cpu = 00:00:21 ; elapsed = 00:00:19 . Memory (MB): peak = 3156.570 ; gain = 531.781 ; free physical = 2086 ; free virtual = 7635
---------------------------------------------------------------------------------
---------------------------------------------------------------------------------
Start RTL Component Statistics 
---------------------------------------------------------------------------------
---------------------------------------------------------------------------------
Finished RTL Component Statistics 
---------------------------------------------------------------------------------
---------------------------------------------------------------------------------
Start Part Resource Summary
---------------------------------------------------------------------------------
Part Resources:
DSPs: 1248 (col length:96)
BRAMs: 288 (col length: RAMB18 96 RAMB36 48)
---------------------------------------------------------------------------------
Finished Part Resource Summary
---------------------------------------------------------------------------------
---------------------------------------------------------------------------------
Start Cross Boundary and Area Optimization
---------------------------------------------------------------------------------
WARNING: [Synth 8-3332] Sequential element (clk_map/psr_aclk/U0/FDRE_inst) is unused and will be removed from module bd_7880.
WARNING: [Synth 8-3332] Sequential element (clk_map/psr_aclk/U0/BSR_OUT_DFF[0].FDRE_BSR) is unused and will be removed from module bd_7880.
WARNING: [Synth 8-3332] Sequential element (clk_map/psr_aclk/U0/PR_OUT_DFF[0].FDRE_PER) is unused and will be removed from module bd_7880.
WARNING: [Synth 8-3332] Sequential element (clk_map/psr_aclk/U0/ACTIVE_LOW_PR_OUT_DFF[0].FDRE_PER_N) is unused and will be removed from module bd_7880.
INFO: [Synth 8-3332] Sequential element (exit_inst/gen_w_cmd_reg.m_write_cmd_mesg_i_reg) is unused and will be removed from module sc_exit_v1_0_18_top.
INFO: [Synth 8-3332] Sequential element (exit_inst/gen_r_cmd_reg.m_read_cmd_mesg_i_reg) is unused and will be removed from module sc_exit_v1_0_18_top.
---------------------------------------------------------------------------------
Finished Cross Boundary and Area Optimization : Time (s): cpu = 00:00:27 ; elapsed = 00:00:26 . Memory (MB): peak = 3156.570 ; gain = 531.781 ; free physical = 3589 ; free virtual = 9139
---------------------------------------------------------------------------------
---------------------------------------------------------------------------------
Start Applying XDC Timing Constraints
---------------------------------------------------------------------------------
---------------------------------------------------------------------------------
Finished Applying XDC Timing Constraints : Time (s): cpu = 00:00:33 ; elapsed = 00:00:31 . Memory (MB): peak = 3667.438 ; gain = 1042.648 ; free physical = 6520 ; free virtual = 12070
---------------------------------------------------------------------------------
---------------------------------------------------------------------------------
Start Timing Optimization
---------------------------------------------------------------------------------
---------------------------------------------------------------------------------
Finished Timing Optimization : Time (s): cpu = 00:00:34 ; elapsed = 00:00:32 . Memory (MB): peak = 3720.609 ; gain = 1095.820 ; free physical = 6468 ; free virtual = 12017
---------------------------------------------------------------------------------
---------------------------------------------------------------------------------
Start Technology Mapping
---------------------------------------------------------------------------------
---------------------------------------------------------------------------------
Finished Technology Mapping : Time (s): cpu = 00:00:35 ; elapsed = 00:00:33 . Memory (MB): peak = 3728.617 ; gain = 1103.828 ; free physical = 6421 ; free virtual = 11970
---------------------------------------------------------------------------------
---------------------------------------------------------------------------------
Start IO Insertion
---------------------------------------------------------------------------------
---------------------------------------------------------------------------------
Start Flattening Before IO Insertion
---------------------------------------------------------------------------------
---------------------------------------------------------------------------------
Finished Flattening Before IO Insertion
---------------------------------------------------------------------------------
---------------------------------------------------------------------------------
Start Final Netlist Cleanup
---------------------------------------------------------------------------------
---------------------------------------------------------------------------------
Finished Final Netlist Cleanup
---------------------------------------------------------------------------------
---------------------------------------------------------------------------------
Finished IO Insertion : Time (s): cpu = 00:00:37 ; elapsed = 00:00:35 . Memory (MB): peak = 3891.430 ; gain = 1266.641 ; free physical = 6354 ; free virtual = 11904
---------------------------------------------------------------------------------
---------------------------------------------------------------------------------
Start Renaming Generated Instances
---------------------------------------------------------------------------------
---------------------------------------------------------------------------------
Finished Renaming Generated Instances : Time (s): cpu = 00:00:37 ; elapsed = 00:00:35 . Memory (MB): peak = 3891.430 ; gain = 1266.641 ; free physical = 6354 ; free virtual = 11904
---------------------------------------------------------------------------------
---------------------------------------------------------------------------------
Start Rebuilding User Hierarchy
---------------------------------------------------------------------------------
---------------------------------------------------------------------------------
Finished Rebuilding User Hierarchy : Time (s): cpu = 00:00:37 ; elapsed = 00:00:35 . Memory (MB): peak = 3891.430 ; gain = 1266.641 ; free physical = 6352 ; free virtual = 11902
---------------------------------------------------------------------------------
---------------------------------------------------------------------------------
Start Renaming Generated Ports
---------------------------------------------------------------------------------
---------------------------------------------------------------------------------
Finished Renaming Generated Ports : Time (s): cpu = 00:00:37 ; elapsed = 00:00:35 . Memory (MB): peak = 3891.430 ; gain = 1266.641 ; free physical = 6352 ; free virtual = 11902
---------------------------------------------------------------------------------
---------------------------------------------------------------------------------
Start Handling Custom Attributes
---------------------------------------------------------------------------------
---------------------------------------------------------------------------------
Finished Handling Custom Attributes : Time (s): cpu = 00:00:37 ; elapsed = 00:00:35 . Memory (MB): peak = 3891.430 ; gain = 1266.641 ; free physical = 6352 ; free virtual = 11902
---------------------------------------------------------------------------------
---------------------------------------------------------------------------------
Start Renaming Generated Nets
---------------------------------------------------------------------------------
---------------------------------------------------------------------------------
Finished Renaming Generated Nets : Time (s): cpu = 00:00:37 ; elapsed = 00:00:35 . Memory (MB): peak = 3891.430 ; gain = 1266.641 ; free physical = 6352 ; free virtual = 11902
---------------------------------------------------------------------------------
---------------------------------------------------------------------------------
Start Writing Synthesis Report
---------------------------------------------------------------------------------

Report BlackBoxes: 
+-+--------------+----------+
| |BlackBox name |Instances |
+-+--------------+----------+
+-+--------------+----------+

Report Cell Usage: 
+------+-------+------+
|      |Cell   |Count |
+------+-------+------+
|1     |CARRY8 |     5|
|2     |LUT1   |    53|
|3     |LUT2   |   237|
|4     |LUT3   |   184|
|5     |LUT4   |   146|
|6     |LUT5   |   142|
|7     |LUT6   |   278|
|8     |MUXF7  |     3|
|9     |SRL16  |     1|
|10    |FDCE   |    42|
|11    |FDRE   |   797|
|12    |FDSE   |    15|
+------+-------+------+
---------------------------------------------------------------------------------
Finished Writing Synthesis Report : Time (s): cpu = 00:00:37 ; elapsed = 00:00:35 . Memory (MB): peak = 3891.430 ; gain = 1266.641 ; free physical = 6352 ; free virtual = 11902
---------------------------------------------------------------------------------
Synthesis finished with 0 errors, 0 critical warnings and 4 warnings.
Synthesis Optimization Runtime : Time (s): cpu = 00:00:30 ; elapsed = 00:00:28 . Memory (MB): peak = 3891.430 ; gain = 1092.023 ; free physical = 6352 ; free virtual = 11902
Synthesis Optimization Complete : Time (s): cpu = 00:00:38 ; elapsed = 00:00:35 . Memory (MB): peak = 3891.430 ; gain = 1266.641 ; free physical = 6352 ; free virtual = 11902
INFO: [Project 1-571] Translating synthesized netlist
Netlist sorting complete. Time (s): cpu = 00:00:00.06 ; elapsed = 00:00:00.06 . Memory (MB): peak = 3891.430 ; gain = 0.000 ; free physical = 6523 ; free virtual = 12073
INFO: [Netlist 29-17] Analyzing 9 Unisim elements for replacement
INFO: [Netlist 29-28] Unisim Transformation completed in 0 CPU seconds
INFO: [Project 1-570] Preparing netlist for logic optimization
INFO: [Opt 31-138] Pushed 0 inverter(s) to 0 load pin(s).
Netlist sorting complete. Time (s): cpu = 00:00:00 ; elapsed = 00:00:00 . Memory (MB): peak = 3891.430 ; gain = 0.000 ; free physical = 6518 ; free virtual = 12069
INFO: [Project 1-111] Unisim Transformation Summary:
  A total of 1 instances were transformed.
  SRL16 => SRL16E: 1 instance 

Synth Design complete | Checksum: 86fb171c
INFO: [Common 17-83] Releasing license: Synthesis
192 Infos, 10 Warnings, 0 Critical Warnings and 0 Errors encountered.
synth_design completed successfully
synth_design: Time (s): cpu = 00:00:45 ; elapsed = 00:00:41 . Memory (MB): peak = 3891.430 ; gain = 2279.469 ; free physical = 6523 ; free virtual = 12077
INFO: [Common 17-2834] synth_design peak Physical Memory [PSS] (MB): overall = 2847.233; main = 2847.233; forked = 237.338
INFO: [Common 17-2834] synth_design peak Virtual Memory [VSS] (MB): overall = 4531.387; main = 3873.770; forked = 993.777
Write ShapeDB Complete: Time (s): cpu = 00:00:00 ; elapsed = 00:00:00 . Memory (MB): peak = 3897.781 ; gain = 0.000 ; free physical = 6519 ; free virtual = 12075
INFO: [Common 17-1381] The checkpoint '/home/janecki/magister/Intelligent-Vibroacoustic-Machine-Diagnostic-System-on-FPGA/ethernet/project_1/project_1.runs/ethernet_axi_smc_0_synth_1/ethernet_axi_smc_0.dcp' has been generated.
INFO: [Coretcl 2-1648] Added synthesis output to IP cache for IP ethernet_axi_smc_0, cache-ID = f5f8eb2957492967
INFO: [Coretcl 2-1174] Renamed 75 cell refs.
Write ShapeDB Complete: Time (s): cpu = 00:00:00 ; elapsed = 00:00:00 . Memory (MB): peak = 3897.781 ; gain = 0.000 ; free physical = 6624 ; free virtual = 12185
INFO: [Common 17-1381] The checkpoint '/home/janecki/magister/Intelligent-Vibroacoustic-Machine-Diagnostic-System-on-FPGA/ethernet/project_1/project_1.runs/ethernet_axi_smc_0_synth_1/ethernet_axi_smc_0.dcp' has been generated.
INFO: [Vivado 12-24828] Executing command : report_utilization -file ethernet_axi_smc_0_utilization_synth.rpt -pb ethernet_axi_smc_0_utilization_synth.pb
INFO: [Common 17-206] Exiting Vivado at Tue Mar 24 16:34:46 2026...
