Copyright 1986-2022 Xilinx, Inc. All Rights Reserved. Copyright 2022-2025 Advanced Micro Devices, Inc. All Rights Reserved.
---------------------------------------------------------------------------------------------------------------------------------------------
| Tool Version : Vivado v.2025.2 (lin64) Build 6299465 Fri Nov 14 12:34:56 MST 2025
| Date         : Thu Aug 13 10:00:48 2026
| Host         : Magisterka running 64-bit Ubuntu 26.04 LTS
| Command      : report_utilization -file iis3dwbg1_kr260_hw_top_utilization_placed.rpt -pb iis3dwbg1_kr260_hw_top_utilization_placed.pb
| Design       : iis3dwbg1_kr260_hw_top
| Device       : xck26-sfvc784-2LV-c
| Speed File   : -2LV
| Design State : Fully Placed
---------------------------------------------------------------------------------------------------------------------------------------------

Utilization Design Information

Table of Contents
-----------------
1. CLB Logic
1.1 Summary of Registers by Type
2. CLB Logic Distribution
3. BLOCKRAM
4. ARITHMETIC
5. I/O
6. CLOCK
7. ADVANCED
8. CONFIGURATION
9. Primitives
10. Black Boxes
11. Instantiated Netlists

1. CLB Logic
------------

+----------------------------+-------+-------+------------+-----------+-------+
|          Site Type         |  Used | Fixed | Prohibited | Available | Util% |
+----------------------------+-------+-------+------------+-----------+-------+
| CLB LUTs                   |  8883 |     0 |          0 |    117120 |  7.58 |
|   LUT as Logic             |  7229 |     0 |          0 |    117120 |  6.17 |
|   LUT as Memory            |  1654 |     0 |          0 |     57600 |  2.87 |
|     LUT as Distributed RAM |   692 |     0 |            |           |       |
|     LUT as Shift Register  |   962 |     0 |            |           |       |
| CLB Registers              | 14049 |     0 |          0 |    234240 |  6.00 |
|   Register as Flip Flop    | 14049 |     0 |          0 |    234240 |  6.00 |
|   Register as Latch        |     0 |     0 |          0 |    234240 |  0.00 |
| CARRY8                     |   185 |     0 |          0 |     14640 |  1.26 |
| F7 Muxes                   |   145 |     0 |          0 |     58560 |  0.25 |
| F8 Muxes                   |     2 |     0 |          0 |     29280 | <0.01 |
| F9 Muxes                   |     0 |     0 |          0 |     14640 |  0.00 |
| Unique Control Sets        |   692 |       |          0 |     29280 |  2.36 |
+----------------------------+-------+-------+------------+-----------+-------+
* Warning! LUT value is adjusted to account for LUT combining.
** Note: Available Control Sets calculated as Slices * 2, Review the Control Sets Report for more information regarding control sets.


1.1 Summary of Registers by Type
--------------------------------

+-------+--------------+-------------+--------------+
| Total | Clock Enable | Synchronous | Asynchronous |
+-------+--------------+-------------+--------------+
| 0     |            _ |           - |            - |
| 0     |            _ |           - |          Set |
| 0     |            _ |           - |        Reset |
| 0     |            _ |         Set |            - |
| 0     |            _ |       Reset |            - |
| 0     |          Yes |           - |            - |
| 41    |          Yes |           - |          Set |
| 265   |          Yes |           - |        Reset |
| 285   |          Yes |         Set |            - |
| 13458 |          Yes |       Reset |            - |
+-------+--------------+-------------+--------------+


2. CLB Logic Distribution
-------------------------

+--------------------------------------------+-------+-------+------------+-----------+-------+
|                  Site Type                 |  Used | Fixed | Prohibited | Available | Util% |
+--------------------------------------------+-------+-------+------------+-----------+-------+
| CLB                                        |  2052 |     0 |          0 |     14640 | 14.02 |
|   CLBL                                     |   909 |     0 |            |           |       |
|   CLBM                                     |  1143 |     0 |            |           |       |
| LUT as Logic                               |  7229 |     0 |          0 |    117120 |  6.17 |
|   using O5 output only                     |   310 |       |            |           |       |
|   using O6 output only                     |  4791 |       |            |           |       |
|   using O5 and O6                          |  2128 |       |            |           |       |
| LUT as Memory                              |  1654 |     0 |          0 |     57600 |  2.87 |
|   LUT as Distributed RAM                   |   692 |     0 |            |           |       |
|     using O5 output only                   |     0 |       |            |           |       |
|     using O6 output only                   |   120 |       |            |           |       |
|     using O5 and O6                        |   572 |       |            |           |       |
|   LUT as Shift Register                    |   962 |     0 |            |           |       |
|     using O5 output only                   |     0 |       |            |           |       |
|     using O6 output only                   |   198 |       |            |           |       |
|     using O5 and O6                        |   764 |       |            |           |       |
| CLB Registers                              | 14049 |     0 |          0 |    234240 |  6.00 |
|   Register driven from within the CLB      |  7384 |       |            |           |       |
|   Register driven from outside the CLB     |  6665 |       |            |           |       |
|     LUT in front of the register is unused |  4891 |       |            |           |       |
|     LUT in front of the register is used   |  1774 |       |            |           |       |
+--------------------------------------------+-------+-------+------------+-----------+-------+


3. BLOCKRAM
-----------

+-------------------+------+-------+------------+-----------+-------+
|     Site Type     | Used | Fixed | Prohibited | Available | Util% |
+-------------------+------+-------+------------+-----------+-------+
| Block RAM Tile    | 28.5 |     0 |          0 |       144 | 19.79 |
|   RAMB36/FIFO*    |   28 |     0 |          0 |       144 | 19.44 |
|     RAMB36E2 only |   28 |       |            |           |       |
|   RAMB18          |    1 |     0 |          0 |       288 |  0.35 |
|     RAMB18E2 only |    1 |       |            |           |       |
| URAM              |    0 |     0 |          0 |        64 |  0.00 |
+-------------------+------+-------+------------+-----------+-------+
* Note: Each Block RAM Tile only has one FIFO logic available and therefore can accommodate only one FIFO36E2 or one FIFO18E2. However, if a FIFO18E2 occupies a Block RAM Tile, that tile can still accommodate a RAMB18E2


4. ARITHMETIC
-------------

+-----------+------+-------+------------+-----------+-------+
| Site Type | Used | Fixed | Prohibited | Available | Util% |
+-----------+------+-------+------------+-----------+-------+
| DSPs      |    0 |     0 |          0 |      1248 |  0.00 |
+-----------+------+-------+------------+-----------+-------+


5. I/O
------

+------------------+------+-------+------------+-----------+-------+
|     Site Type    | Used | Fixed | Prohibited | Available | Util% |
+------------------+------+-------+------------+-----------+-------+
| Bonded IOB       |    5 |     5 |          0 |       189 |  2.65 |
|   HPIOB_M        |    1 |     1 |          0 |        58 |  1.72 |
|     INPUT        |    1 |       |            |           |       |
|     OUTPUT       |    0 |       |            |           |       |
|     BIDIR        |    0 |       |            |           |       |
|   HPIOB_S        |    0 |     0 |          0 |        58 |  0.00 |
|   HDIOB_M        |    2 |     2 |          0 |        35 |  5.71 |
|     INPUT        |    0 |       |            |           |       |
|     OUTPUT       |    2 |       |            |           |       |
|     BIDIR        |    0 |       |            |           |       |
|   HDIOB_S        |    2 |     2 |          0 |        35 |  5.71 |
|     INPUT        |    1 |       |            |           |       |
|     OUTPUT       |    1 |       |            |           |       |
|     BIDIR        |    0 |       |            |           |       |
|   HPIOB_SNGL     |    0 |     0 |          0 |         3 |  0.00 |
| HPIOBDIFFINBUF   |    0 |     0 |          0 |        82 |  0.00 |
| HPIOBDIFFOUTBUF  |    0 |     0 |          0 |        82 |  0.00 |
| HDIOBDIFFINBUF   |    0 |     0 |          0 |        35 |  0.00 |
| BITSLICE_CONTROL |    0 |     0 |          0 |        32 |  0.00 |
| BITSLICE_RX_TX   |    0 |     0 |          0 |      1248 |  0.00 |
| BITSLICE_TX      |    0 |     0 |          0 |        32 |  0.00 |
| RIU_OR           |    0 |     0 |          0 |        16 |  0.00 |
+------------------+------+-------+------------+-----------+-------+


6. CLOCK
--------

+------------+------+-------+------------+-----------+-------+
|  Site Type | Used | Fixed | Prohibited | Available | Util% |
+------------+------+-------+------------+-----------+-------+
| BUFGCE     |    2 |     0 |          0 |       112 |  1.79 |
| BUFGCE_DIV |    0 |     0 |          0 |        16 |  0.00 |
| BUFG_GT    |    0 |     0 |          0 |        96 |  0.00 |
| BUFG_PS    |    1 |     0 |          0 |        96 |  1.04 |
| BUFGCTRL*  |    0 |     0 |          0 |        32 |  0.00 |
| PLL        |    0 |     0 |          0 |         8 |  0.00 |
| MMCM       |    0 |     0 |          0 |         4 |  0.00 |
+------------+------+-------+------------+-----------+-------+
* Note: Each used BUFGCTRL counts as two GLOBAL CLOCK BUFFERs. This table does not include global clocking resources, only buffer cell usage. See the Clock Utilization Report (report_clock_utilization) for detailed accounting of global clocking resource availability.


7. ADVANCED
-----------

+-----------------+------+-------+------------+-----------+--------+
|    Site Type    | Used | Fixed | Prohibited | Available |  Util% |
+-----------------+------+-------+------------+-----------+--------+
| GTHE4_CHANNEL   |    0 |     0 |          0 |         4 |   0.00 |
| GTHE4_COMMON    |    0 |     0 |          0 |         1 |   0.00 |
| OBUFDS_GTE4     |    0 |     0 |          0 |         2 |   0.00 |
| OBUFDS_GTE4_ADV |    0 |     0 |          0 |         2 |   0.00 |
| PCIE40E4        |    0 |     0 |          0 |         2 |   0.00 |
| PS8             |    1 |     0 |          0 |         1 | 100.00 |
| SYSMONE4        |    0 |     0 |          0 |         1 |   0.00 |
| VCU             |    0 |     0 |          0 |         1 |   0.00 |
+-----------------+------+-------+------------+-----------+--------+


8. CONFIGURATION
----------------

+-------------+------+-------+------------+-----------+-------+
|  Site Type  | Used | Fixed | Prohibited | Available | Util% |
+-------------+------+-------+------------+-----------+-------+
| BSCANE2     |    1 |     0 |          0 |         4 | 25.00 |
| DNA_PORTE2  |    0 |     0 |          0 |         1 |  0.00 |
| EFUSE_USR   |    0 |     0 |          0 |         1 |  0.00 |
| FRAME_ECCE4 |    0 |     0 |          0 |         1 |  0.00 |
| ICAPE3      |    0 |     0 |          0 |         2 |  0.00 |
| MASTER_JTAG |    0 |     0 |          0 |         1 |  0.00 |
| STARTUPE3   |    0 |     0 |          0 |         1 |  0.00 |
+-------------+------+-------+------------+-----------+-------+


9. Primitives
-------------

+----------+-------+---------------------+
| Ref Name |  Used | Functional Category |
+----------+-------+---------------------+
| FDRE     | 13458 |            Register |
| LUT6     |  2290 |                 CLB |
| LUT4     |  2191 |                 CLB |
| LUT3     |  1959 |                 CLB |
| LUT5     |  1342 |                 CLB |
| LUT2     |  1291 |                 CLB |
| SRL16E   |  1035 |                 CLB |
| RAMD32   |  1006 |                 CLB |
| SRLC32E  |   687 |                 CLB |
| FDSE     |   285 |            Register |
| LUT1     |   284 |                 CLB |
| FDCE     |   265 |            Register |
| CARRY8   |   185 |                 CLB |
| RAMS32   |   146 |                 CLB |
| MUXF7    |   145 |                 CLB |
| RAMD64E  |   112 |                 CLB |
| FDPE     |    41 |            Register |
| RAMB36E2 |    28 |            BLOCKRAM |
| SRLC16E  |     4 |                 CLB |
| OBUF     |     3 |                 I/O |
| MUXF8    |     2 |                 CLB |
| INBUF    |     2 |                 I/O |
| IBUFCTRL |     2 |              Others |
| BUFGCE   |     2 |               Clock |
| RAMB18E2 |     1 |            BLOCKRAM |
| PS8      |     1 |            Advanced |
| BUFG_PS  |     1 |               Clock |
| BSCANE2  |     1 |       Configuration |
+----------+-------+---------------------+


10. Black Boxes
---------------

+----------+------+
| Ref Name | Used |
+----------+------+


11. Instantiated Netlists
-------------------------

+-------------------------------------+------+
|               Ref Name              | Used |
+-------------------------------------+------+
| ila_spi_debug                       |    1 |
| dma_system_zynq_ultra_ps_e_0_0      |    1 |
| dma_system_rst_ps8_0_99M_1          |    1 |
| dma_system_ila_0_0                  |    1 |
| dma_system_axis_xyz_tlast_0_0       |    1 |
| dma_system_axis_clock_converter_0_0 |    1 |
| dma_system_axi_smc_1_0              |    1 |
| dma_system_axi_smc_1                |    1 |
| dma_system_axi_dma_0_0              |    1 |
| dbg_hub                             |    1 |
+-------------------------------------+------+


