
*** Running vivado
    with args -log iis3dwbg1_kr260_hw_top.vdi -applog -m64 -product Vivado -messageDb vivado.pb -mode batch -source iis3dwbg1_kr260_hw_top.tcl -notrace


****** Vivado v2025.2 (64-bit)
  **** SW Build 6299465 on Fri Nov 14 12:34:56 MST 2025
  **** IP Build 6300035 on Fri Nov 14 10:48:45 MST 2025
  **** SharedData Build 6298862 on Thu Nov 13 04:50:51 MST 2025
  **** Start of session at: Fri Aug  7 08:43:54 2026
    ** Copyright 1986-2022 Xilinx, Inc. All Rights Reserved.
    ** Copyright 2022-2025 Advanced Micro Devices, Inc. All Rights Reserved.

Sourcing tcl script '/home/kuszman/.Xilinx/Vivado/Vivado_init.tcl'
source iis3dwbg1_kr260_hw_top.tcl -notrace
INFO: [IP_Flow 19-234] Refreshing IP repositories
INFO: [IP_Flow 19-1704] No user IP repositories specified
INFO: [IP_Flow 19-2313] Loaded Vivado IP repository '/home/kuszman/Xilinx/2025.2/data/ip'.
Command: link_design -top iis3dwbg1_kr260_hw_top -part xck26-sfvc784-2LV-c
Design is defaulting to srcset: sources_1
Design is defaulting to constrset: constrs_1
INFO: [Device 21-403] Loading part xck26-sfvc784-2LV-c
INFO: [Project 1-5699] Read binary netlist with skipMacroContent - 1
INFO: [Project 1-454] Reading design checkpoint '/home/kuszman/Magisterka/Intelligent-Vibroacoustic-Machine-Diagnostic-System-on-FPGA/spi/spi_true/spi_accelerometer_true/spi_accelerometer_true.gen/sources_1/ip/ila_spi_debug/ila_spi_debug.dcp' for cell 'ila_spi_debug_inst'
INFO: [Project 1-454] Reading design checkpoint '/home/kuszman/Magisterka/Intelligent-Vibroacoustic-Machine-Diagnostic-System-on-FPGA/spi/spi_true/spi_accelerometer_true/spi_accelerometer_true.gen/sources_1/bd/dma_system/ip/dma_system_axi_dma_0_0/dma_system_axi_dma_0_0.dcp' for cell 'dma_system_inst/axi_dma_0'
INFO: [Project 1-454] Reading design checkpoint '/home/kuszman/Magisterka/Intelligent-Vibroacoustic-Machine-Diagnostic-System-on-FPGA/spi/spi_true/spi_accelerometer_true/spi_accelerometer_true.gen/sources_1/bd/dma_system/ip/dma_system_axi_smc_1/dma_system_axi_smc_1.dcp' for cell 'dma_system_inst/axi_smc'
INFO: [Project 1-454] Reading design checkpoint '/home/kuszman/Magisterka/Intelligent-Vibroacoustic-Machine-Diagnostic-System-on-FPGA/spi/spi_true/spi_accelerometer_true/spi_accelerometer_true.gen/sources_1/bd/dma_system/ip/dma_system_axi_smc_1_0/dma_system_axi_smc_1_0.dcp' for cell 'dma_system_inst/axi_smc_1'
INFO: [Project 1-454] Reading design checkpoint '/home/kuszman/Magisterka/Intelligent-Vibroacoustic-Machine-Diagnostic-System-on-FPGA/spi/spi_true/spi_accelerometer_true/spi_accelerometer_true.gen/sources_1/bd/dma_system/ip/dma_system_axis_clock_converter_0_0/dma_system_axis_clock_converter_0_0.dcp' for cell 'dma_system_inst/axis_clock_converter_0'
INFO: [Project 1-454] Reading design checkpoint '/home/kuszman/Magisterka/Intelligent-Vibroacoustic-Machine-Diagnostic-System-on-FPGA/spi/spi_true/spi_accelerometer_true/spi_accelerometer_true.gen/sources_1/bd/dma_system/ip/dma_system_ila_0_0/dma_system_ila_0_0.dcp' for cell 'dma_system_inst/ila_0'
INFO: [Project 1-454] Reading design checkpoint '/home/kuszman/Magisterka/Intelligent-Vibroacoustic-Machine-Diagnostic-System-on-FPGA/spi/spi_true/spi_accelerometer_true/spi_accelerometer_true.gen/sources_1/bd/dma_system/ip/dma_system_rst_ps8_0_99M_1/dma_system_rst_ps8_0_99M_1.dcp' for cell 'dma_system_inst/rst_ps8_0_99M'
INFO: [Project 1-454] Reading design checkpoint '/home/kuszman/Magisterka/Intelligent-Vibroacoustic-Machine-Diagnostic-System-on-FPGA/spi/spi_true/spi_accelerometer_true/spi_accelerometer_true.gen/sources_1/bd/dma_system/ip/dma_system_zynq_ultra_ps_e_0_0/dma_system_zynq_ultra_ps_e_0_0.dcp' for cell 'dma_system_inst/zynq_ultra_ps_e_0'
Netlist sorting complete. Time (s): cpu = 00:00:00.34 ; elapsed = 00:00:00.34 . Memory (MB): peak = 2669.082 ; gain = 0.000 ; free physical = 4542 ; free virtual = 40339
INFO: [Netlist 29-17] Analyzing 1011 Unisim elements for replacement
INFO: [Netlist 29-28] Unisim Transformation completed in 0 CPU seconds
INFO: [Project 1-479] Netlist was created with Vivado 2025.2
INFO: [Project 1-570] Preparing netlist for logic optimization
INFO: [Chipscope 16-324] Core: dma_system_inst/ila_0 UUID: e616a434-7c8f-557a-995a-9622d07c26e1 
INFO: [Chipscope 16-324] Core: ila_spi_debug_inst UUID: e0e78338-a5db-52e9-a169-773247870059 
Parsing XDC File [/home/kuszman/Magisterka/Intelligent-Vibroacoustic-Machine-Diagnostic-System-on-FPGA/spi/spi_true/spi_accelerometer_true/spi_accelerometer_true.gen/sources_1/bd/dma_system/ip/dma_system_zynq_ultra_ps_e_0_0/dma_system_zynq_ultra_ps_e_0_0.xdc] for cell 'dma_system_inst/zynq_ultra_ps_e_0/inst'
Finished Parsing XDC File [/home/kuszman/Magisterka/Intelligent-Vibroacoustic-Machine-Diagnostic-System-on-FPGA/spi/spi_true/spi_accelerometer_true/spi_accelerometer_true.gen/sources_1/bd/dma_system/ip/dma_system_zynq_ultra_ps_e_0_0/dma_system_zynq_ultra_ps_e_0_0.xdc] for cell 'dma_system_inst/zynq_ultra_ps_e_0/inst'
Parsing XDC File [/home/kuszman/Magisterka/Intelligent-Vibroacoustic-Machine-Diagnostic-System-on-FPGA/spi/spi_true/spi_accelerometer_true/spi_accelerometer_true.gen/sources_1/bd/dma_system/ip/dma_system_axi_dma_0_0/dma_system_axi_dma_0_0.xdc] for cell 'dma_system_inst/axi_dma_0/U0'
Finished Parsing XDC File [/home/kuszman/Magisterka/Intelligent-Vibroacoustic-Machine-Diagnostic-System-on-FPGA/spi/spi_true/spi_accelerometer_true/spi_accelerometer_true.gen/sources_1/bd/dma_system/ip/dma_system_axi_dma_0_0/dma_system_axi_dma_0_0.xdc] for cell 'dma_system_inst/axi_dma_0/U0'
Parsing XDC File [/home/kuszman/Magisterka/Intelligent-Vibroacoustic-Machine-Diagnostic-System-on-FPGA/spi/spi_true/spi_accelerometer_true/spi_accelerometer_true.gen/sources_1/bd/dma_system/ip/dma_system_axi_smc_1/bd_0/ip/ip_1/bd_0dac_psr_aclk_0_board.xdc] for cell 'dma_system_inst/axi_smc/inst/clk_map/psr_aclk/U0'
Finished Parsing XDC File [/home/kuszman/Magisterka/Intelligent-Vibroacoustic-Machine-Diagnostic-System-on-FPGA/spi/spi_true/spi_accelerometer_true/spi_accelerometer_true.gen/sources_1/bd/dma_system/ip/dma_system_axi_smc_1/bd_0/ip/ip_1/bd_0dac_psr_aclk_0_board.xdc] for cell 'dma_system_inst/axi_smc/inst/clk_map/psr_aclk/U0'
Parsing XDC File [/home/kuszman/Magisterka/Intelligent-Vibroacoustic-Machine-Diagnostic-System-on-FPGA/spi/spi_true/spi_accelerometer_true/spi_accelerometer_true.gen/sources_1/bd/dma_system/ip/dma_system_axi_smc_1/smartconnect.xdc] for cell 'dma_system_inst/axi_smc/inst'
Finished Parsing XDC File [/home/kuszman/Magisterka/Intelligent-Vibroacoustic-Machine-Diagnostic-System-on-FPGA/spi/spi_true/spi_accelerometer_true/spi_accelerometer_true.gen/sources_1/bd/dma_system/ip/dma_system_axi_smc_1/smartconnect.xdc] for cell 'dma_system_inst/axi_smc/inst'
Parsing XDC File [/home/kuszman/Magisterka/Intelligent-Vibroacoustic-Machine-Diagnostic-System-on-FPGA/spi/spi_true/spi_accelerometer_true/spi_accelerometer_true.gen/sources_1/bd/dma_system/ip/dma_system_rst_ps8_0_99M_1/dma_system_rst_ps8_0_99M_1_board.xdc] for cell 'dma_system_inst/rst_ps8_0_99M/U0'
Finished Parsing XDC File [/home/kuszman/Magisterka/Intelligent-Vibroacoustic-Machine-Diagnostic-System-on-FPGA/spi/spi_true/spi_accelerometer_true/spi_accelerometer_true.gen/sources_1/bd/dma_system/ip/dma_system_rst_ps8_0_99M_1/dma_system_rst_ps8_0_99M_1_board.xdc] for cell 'dma_system_inst/rst_ps8_0_99M/U0'
Parsing XDC File [/home/kuszman/Magisterka/Intelligent-Vibroacoustic-Machine-Diagnostic-System-on-FPGA/spi/spi_true/spi_accelerometer_true/spi_accelerometer_true.gen/sources_1/bd/dma_system/ip/dma_system_axi_smc_1_0/bd_0/ip/ip_1/bd_2185_psr_aclk_0_board.xdc] for cell 'dma_system_inst/axi_smc_1/inst/clk_map/psr_aclk/U0'
Finished Parsing XDC File [/home/kuszman/Magisterka/Intelligent-Vibroacoustic-Machine-Diagnostic-System-on-FPGA/spi/spi_true/spi_accelerometer_true/spi_accelerometer_true.gen/sources_1/bd/dma_system/ip/dma_system_axi_smc_1_0/bd_0/ip/ip_1/bd_2185_psr_aclk_0_board.xdc] for cell 'dma_system_inst/axi_smc_1/inst/clk_map/psr_aclk/U0'
Parsing XDC File [/home/kuszman/Magisterka/Intelligent-Vibroacoustic-Machine-Diagnostic-System-on-FPGA/spi/spi_true/spi_accelerometer_true/spi_accelerometer_true.gen/sources_1/bd/dma_system/ip/dma_system_axi_smc_1_0/smartconnect.xdc] for cell 'dma_system_inst/axi_smc_1/inst'
Finished Parsing XDC File [/home/kuszman/Magisterka/Intelligent-Vibroacoustic-Machine-Diagnostic-System-on-FPGA/spi/spi_true/spi_accelerometer_true/spi_accelerometer_true.gen/sources_1/bd/dma_system/ip/dma_system_axi_smc_1_0/smartconnect.xdc] for cell 'dma_system_inst/axi_smc_1/inst'
Parsing XDC File [/home/kuszman/Magisterka/Intelligent-Vibroacoustic-Machine-Diagnostic-System-on-FPGA/spi/spi_true/spi_accelerometer_true/spi_accelerometer_true.gen/sources_1/bd/dma_system/ip/dma_system_ila_0_0/ila_v6_2/constraints/ila_impl.xdc] for cell 'dma_system_inst/ila_0/inst'
WARNING: [Vivado_Tcl 4-921] Waiver ID 'CDC-10' -to list should not be empty. [/home/kuszman/Magisterka/Intelligent-Vibroacoustic-Machine-Diagnostic-System-on-FPGA/spi/spi_true/spi_accelerometer_true/spi_accelerometer_true.gen/sources_1/bd/dma_system/ip/dma_system_ila_0_0/ila_v6_2/constraints/ila_impl.xdc:31]
Finished Parsing XDC File [/home/kuszman/Magisterka/Intelligent-Vibroacoustic-Machine-Diagnostic-System-on-FPGA/spi/spi_true/spi_accelerometer_true/spi_accelerometer_true.gen/sources_1/bd/dma_system/ip/dma_system_ila_0_0/ila_v6_2/constraints/ila_impl.xdc] for cell 'dma_system_inst/ila_0/inst'
Parsing XDC File [/home/kuszman/Magisterka/Intelligent-Vibroacoustic-Machine-Diagnostic-System-on-FPGA/spi/spi_true/spi_accelerometer_true/spi_accelerometer_true.gen/sources_1/bd/dma_system/ip/dma_system_ila_0_0/ila_v6_2/constraints/ila.xdc] for cell 'dma_system_inst/ila_0/inst'
WARNING: [Vivado_Tcl 4-921] Waiver ID 'CDC-10' -to list should not be empty. [/home/kuszman/Magisterka/Intelligent-Vibroacoustic-Machine-Diagnostic-System-on-FPGA/spi/spi_true/spi_accelerometer_true/spi_accelerometer_true.gen/sources_1/bd/dma_system/ip/dma_system_ila_0_0/ila_v6_2/constraints/ila.xdc:108]
Finished Parsing XDC File [/home/kuszman/Magisterka/Intelligent-Vibroacoustic-Machine-Diagnostic-System-on-FPGA/spi/spi_true/spi_accelerometer_true/spi_accelerometer_true.gen/sources_1/bd/dma_system/ip/dma_system_ila_0_0/ila_v6_2/constraints/ila.xdc] for cell 'dma_system_inst/ila_0/inst'
Parsing XDC File [/home/kuszman/Magisterka/Intelligent-Vibroacoustic-Machine-Diagnostic-System-on-FPGA/spi/spi_true/spi_accelerometer_true/spi_accelerometer_true.gen/sources_1/ip/ila_spi_debug/ila_v6_2/constraints/ila_impl.xdc] for cell 'ila_spi_debug_inst/inst'
WARNING: [Vivado_Tcl 4-921] Waiver ID 'CDC-10' -to list should not be empty. [/home/kuszman/Magisterka/Intelligent-Vibroacoustic-Machine-Diagnostic-System-on-FPGA/spi/spi_true/spi_accelerometer_true/spi_accelerometer_true.gen/sources_1/ip/ila_spi_debug/ila_v6_2/constraints/ila_impl.xdc:40]
Finished Parsing XDC File [/home/kuszman/Magisterka/Intelligent-Vibroacoustic-Machine-Diagnostic-System-on-FPGA/spi/spi_true/spi_accelerometer_true/spi_accelerometer_true.gen/sources_1/ip/ila_spi_debug/ila_v6_2/constraints/ila_impl.xdc] for cell 'ila_spi_debug_inst/inst'
Parsing XDC File [/home/kuszman/Magisterka/Intelligent-Vibroacoustic-Machine-Diagnostic-System-on-FPGA/spi/spi_true/spi_accelerometer_true/spi_accelerometer_true.gen/sources_1/ip/ila_spi_debug/ila_v6_2/constraints/ila.xdc] for cell 'ila_spi_debug_inst/inst'
WARNING: [Vivado_Tcl 4-921] Waiver ID 'CDC-10' -to list should not be empty. [/home/kuszman/Magisterka/Intelligent-Vibroacoustic-Machine-Diagnostic-System-on-FPGA/spi/spi_true/spi_accelerometer_true/spi_accelerometer_true.gen/sources_1/ip/ila_spi_debug/ila_v6_2/constraints/ila.xdc:130]
Finished Parsing XDC File [/home/kuszman/Magisterka/Intelligent-Vibroacoustic-Machine-Diagnostic-System-on-FPGA/spi/spi_true/spi_accelerometer_true/spi_accelerometer_true.gen/sources_1/ip/ila_spi_debug/ila_v6_2/constraints/ila.xdc] for cell 'ila_spi_debug_inst/inst'
Parsing XDC File [/home/kuszman/Downloads/iis3dwbg1_spi_step6_kr260_hw/kr260_pmod1_spi.xdc]
Finished Parsing XDC File [/home/kuszman/Downloads/iis3dwbg1_spi_step6_kr260_hw/kr260_pmod1_spi.xdc]
Parsing XDC File [/home/kuszman/Magisterka/Intelligent-Vibroacoustic-Machine-Diagnostic-System-on-FPGA/spi/spi_true/spi_accelerometer_true/spi_accelerometer_true.gen/sources_1/bd/dma_system/ip/dma_system_axi_dma_0_0/dma_system_axi_dma_0_0_clocks.xdc] for cell 'dma_system_inst/axi_dma_0/U0'
Finished Parsing XDC File [/home/kuszman/Magisterka/Intelligent-Vibroacoustic-Machine-Diagnostic-System-on-FPGA/spi/spi_true/spi_accelerometer_true/spi_accelerometer_true.gen/sources_1/bd/dma_system/ip/dma_system_axi_dma_0_0/dma_system_axi_dma_0_0_clocks.xdc] for cell 'dma_system_inst/axi_dma_0/U0'
INFO: [Project 1-1714] 74 XPM XDC files have been applied to the design.
INFO: [Opt 31-138] Pushed 0 inverter(s) to 0 load pin(s).
INFO: [Project 1-1687] 4 scoped IP constraints or related sub-commands were skipped due to synthesis logic optimizations usually triggered by constant connectivity or unconnected output pins. To review the skipped constraints and messages, run the command 'set_param netlist.IPMsgFiltering false' before opening the design.
Netlist sorting complete. Time (s): cpu = 00:00:00 ; elapsed = 00:00:00.01 . Memory (MB): peak = 3456.391 ; gain = 0.000 ; free physical = 3945 ; free virtual = 39742
INFO: [Project 1-111] Unisim Transformation Summary:
  A total of 686 instances were transformed.
  CFGLUT5 => CFGLUT5 (SRL16E, SRLC32E): 592 instances
  IBUF => IBUF (IBUFCTRL, INBUF): 2 instances
  RAM16X1D => RAM32X1D (RAMD32(x2)): 1 instance 
  RAM32M => RAM32M (RAMD32(x6), RAMS32(x2)): 4 instances
  RAM32M16 => RAM32M16 (RAMD32(x14), RAMS32(x2)): 67 instances
  RAM32X1D => RAM32X1D (RAMD32(x2)): 4 instances
  RAM64M => RAM64M (RAMD64E(x4)): 4 instances
  RAM64M8 => RAM64M8 (RAMD64E(x8)): 12 instances

23 Infos, 4 Warnings, 0 Critical Warnings and 0 Errors encountered.
link_design completed successfully
link_design: Time (s): cpu = 00:00:27 ; elapsed = 00:00:28 . Memory (MB): peak = 3456.426 ; gain = 1823.789 ; free physical = 3945 ; free virtual = 39742
Command: opt_design
Attempting to get a license for feature 'Implementation' and/or device 'xck26'
INFO: [Common 17-349] Got license for feature 'Implementation' and/or device 'xck26'
Running DRC as a precondition to command opt_design

Starting DRC Task
INFO: [DRC 23-27] Running DRC with 2 threads
INFO: [Project 1-461] DRC finished with 0 Errors
INFO: [Project 1-462] Please refer to the DRC report (report_drc) for more information.

Time (s): cpu = 00:00:00.97 ; elapsed = 00:00:00.6 . Memory (MB): peak = 3456.426 ; gain = 0.000 ; free physical = 3920 ; free virtual = 39717

Starting Cache Timing Information Task
INFO: [Timing 38-35] Done setting XDC timing constraints.
Ending Cache Timing Information Task | Checksum: 225f118f3

Time (s): cpu = 00:00:01 ; elapsed = 00:00:00.93 . Memory (MB): peak = 3456.426 ; gain = 0.000 ; free physical = 3915 ; free virtual = 39713

Starting Logic Optimization Task

Phase 1 Initialization

Phase 1.1 Core Generation And Design Setup

Phase 1.1.1 Generate And Synthesize Debug Cores
INFO: [Chipscope 16-329] Generating Script for core instance : dbg_hub 
INFO: [IP_Flow 19-3806] Processing IP xilinx.com:ip:xsdbm:3.0 for cell dbg_hub_CV.
Done building netlist checker database: Time (s): cpu = 00:00:00.01 ; elapsed = 00:00:00.01 . Memory (MB): peak = 3825.047 ; gain = 0.000 ; free physical = 3406 ; free virtual = 39130
Netlist sorting complete. Time (s): cpu = 00:00:00.02 ; elapsed = 00:00:00.02 . Memory (MB): peak = 3825.047 ; gain = 0.000 ; free physical = 3447 ; free virtual = 39174
Phase 1.1.1 Generate And Synthesize Debug Cores | Checksum: 231728cc6

Time (s): cpu = 00:01:14 ; elapsed = 00:01:10 . Memory (MB): peak = 3825.047 ; gain = 19.844 ; free physical = 3447 ; free virtual = 39174
Phase 1.1 Core Generation And Design Setup | Checksum: 231728cc6

Time (s): cpu = 00:01:14 ; elapsed = 00:01:10 . Memory (MB): peak = 3825.047 ; gain = 19.844 ; free physical = 3447 ; free virtual = 39174

Phase 1.2 Setup Constraints And Sort Netlist
Phase 1.2 Setup Constraints And Sort Netlist | Checksum: 231728cc6

Time (s): cpu = 00:01:14 ; elapsed = 00:01:10 . Memory (MB): peak = 3825.047 ; gain = 19.844 ; free physical = 3447 ; free virtual = 39174
Phase 1 Initialization | Checksum: 231728cc6

Time (s): cpu = 00:01:14 ; elapsed = 00:01:10 . Memory (MB): peak = 3825.047 ; gain = 19.844 ; free physical = 3447 ; free virtual = 39174

Phase 2 Timer Update And Timing Data Collection

Phase 2.1 Detect if minReqCache needed
Phase 2.1 Detect if minReqCache needed | Checksum: 231728cc6

Time (s): cpu = 00:01:14 ; elapsed = 00:01:10 . Memory (MB): peak = 3825.047 ; gain = 19.844 ; free physical = 3432 ; free virtual = 39159

Phase 2.2 Timer Update
Phase 2.2 Timer Update | Checksum: 231728cc6

Time (s): cpu = 00:01:15 ; elapsed = 00:01:10 . Memory (MB): peak = 3825.047 ; gain = 19.844 ; free physical = 3431 ; free virtual = 39159

Phase 2.3 Timing Data Collection
Phase 2.3 Timing Data Collection | Checksum: 231728cc6

Time (s): cpu = 00:01:15 ; elapsed = 00:01:10 . Memory (MB): peak = 3825.047 ; gain = 19.844 ; free physical = 3431 ; free virtual = 39158
Phase 2 Timer Update And Timing Data Collection | Checksum: 231728cc6

Time (s): cpu = 00:01:15 ; elapsed = 00:01:10 . Memory (MB): peak = 3825.047 ; gain = 19.844 ; free physical = 3431 ; free virtual = 39158

Phase 3 Retarget
INFO: [Opt 31-1851] Number of loadless carry chains removed were: 0
INFO: [Opt 31-1834] Total Chains To Be Transformed Were: 0 AND Number of Transformed insts Created are: 0
INFO: [Opt 31-1566] Pulled 1 inverters resulting in an inversion of 19 pins
INFO: [Opt 31-138] Pushed 87 inverter(s) to 1397 load pin(s).
INFO: [Opt 31-422] The CLOCK_DOMAINS attribute on the BRAM cell ila_spi_debug_inst/inst/ila_core_inst/ila_trace_memory_inst/SUBCORE_RAM_BLK_MEM_1.trace_block_memory/inst_blk_mem_gen/gnbram.gnativebmg.native_blk_mem_gen/valid.cstr/ramloop[0].ram.r/prim_noinit.ram/DEVICE_8SERIES.NO_BMM_INFO.SDP.SIMPLE_PRIM36.ram has been changed from INDEPENDENT to COMMON to match the clocking topology used for the BRAM.
INFO: [Opt 31-422] The CLOCK_DOMAINS attribute on the BRAM cell ila_spi_debug_inst/inst/ila_core_inst/ila_trace_memory_inst/SUBCORE_RAM_BLK_MEM_1.trace_block_memory/inst_blk_mem_gen/gnbram.gnativebmg.native_blk_mem_gen/valid.cstr/ramloop[10].ram.r/prim_noinit.ram/DEVICE_8SERIES.NO_BMM_INFO.SDP.SIMPLE_PRIM36.ram has been changed from INDEPENDENT to COMMON to match the clocking topology used for the BRAM.
INFO: [Opt 31-422] The CLOCK_DOMAINS attribute on the BRAM cell ila_spi_debug_inst/inst/ila_core_inst/ila_trace_memory_inst/SUBCORE_RAM_BLK_MEM_1.trace_block_memory/inst_blk_mem_gen/gnbram.gnativebmg.native_blk_mem_gen/valid.cstr/ramloop[11].ram.r/prim_noinit.ram/DEVICE_8SERIES.NO_BMM_INFO.SDP.SIMPLE_PRIM36.ram has been changed from INDEPENDENT to COMMON to match the clocking topology used for the BRAM.
INFO: [Opt 31-422] The CLOCK_DOMAINS attribute on the BRAM cell ila_spi_debug_inst/inst/ila_core_inst/ila_trace_memory_inst/SUBCORE_RAM_BLK_MEM_1.trace_block_memory/inst_blk_mem_gen/gnbram.gnativebmg.native_blk_mem_gen/valid.cstr/ramloop[12].ram.r/prim_noinit.ram/DEVICE_8SERIES.NO_BMM_INFO.SDP.SIMPLE_PRIM36.ram has been changed from INDEPENDENT to COMMON to match the clocking topology used for the BRAM.
INFO: [Opt 31-422] The CLOCK_DOMAINS attribute on the BRAM cell ila_spi_debug_inst/inst/ila_core_inst/ila_trace_memory_inst/SUBCORE_RAM_BLK_MEM_1.trace_block_memory/inst_blk_mem_gen/gnbram.gnativebmg.native_blk_mem_gen/valid.cstr/ramloop[13].ram.r/prim_noinit.ram/DEVICE_8SERIES.NO_BMM_INFO.SDP.SIMPLE_PRIM36.ram has been changed from INDEPENDENT to COMMON to match the clocking topology used for the BRAM.
INFO: [Opt 31-422] The CLOCK_DOMAINS attribute on the BRAM cell ila_spi_debug_inst/inst/ila_core_inst/ila_trace_memory_inst/SUBCORE_RAM_BLK_MEM_1.trace_block_memory/inst_blk_mem_gen/gnbram.gnativebmg.native_blk_mem_gen/valid.cstr/ramloop[14].ram.r/prim_noinit.ram/DEVICE_8SERIES.NO_BMM_INFO.SDP.SIMPLE_PRIM36.ram has been changed from INDEPENDENT to COMMON to match the clocking topology used for the BRAM.
INFO: [Opt 31-422] The CLOCK_DOMAINS attribute on the BRAM cell ila_spi_debug_inst/inst/ila_core_inst/ila_trace_memory_inst/SUBCORE_RAM_BLK_MEM_1.trace_block_memory/inst_blk_mem_gen/gnbram.gnativebmg.native_blk_mem_gen/valid.cstr/ramloop[15].ram.r/prim_noinit.ram/DEVICE_8SERIES.NO_BMM_INFO.SDP.SIMPLE_PRIM36.ram has been changed from INDEPENDENT to COMMON to match the clocking topology used for the BRAM.
INFO: [Opt 31-422] The CLOCK_DOMAINS attribute on the BRAM cell ila_spi_debug_inst/inst/ila_core_inst/ila_trace_memory_inst/SUBCORE_RAM_BLK_MEM_1.trace_block_memory/inst_blk_mem_gen/gnbram.gnativebmg.native_blk_mem_gen/valid.cstr/ramloop[16].ram.r/prim_noinit.ram/DEVICE_8SERIES.NO_BMM_INFO.SDP.SIMPLE_PRIM36.ram has been changed from INDEPENDENT to COMMON to match the clocking topology used for the BRAM.
INFO: [Opt 31-422] The CLOCK_DOMAINS attribute on the BRAM cell ila_spi_debug_inst/inst/ila_core_inst/ila_trace_memory_inst/SUBCORE_RAM_BLK_MEM_1.trace_block_memory/inst_blk_mem_gen/gnbram.gnativebmg.native_blk_mem_gen/valid.cstr/ramloop[17].ram.r/prim_noinit.ram/DEVICE_8SERIES.NO_BMM_INFO.SDP.SIMPLE_PRIM36.ram has been changed from INDEPENDENT to COMMON to match the clocking topology used for the BRAM.
INFO: [Opt 31-422] The CLOCK_DOMAINS attribute on the BRAM cell ila_spi_debug_inst/inst/ila_core_inst/ila_trace_memory_inst/SUBCORE_RAM_BLK_MEM_1.trace_block_memory/inst_blk_mem_gen/gnbram.gnativebmg.native_blk_mem_gen/valid.cstr/ramloop[18].ram.r/prim_noinit.ram/DEVICE_8SERIES.NO_BMM_INFO.SDP.SIMPLE_PRIM36.ram has been changed from INDEPENDENT to COMMON to match the clocking topology used for the BRAM.
INFO: [Opt 31-422] The CLOCK_DOMAINS attribute on the BRAM cell ila_spi_debug_inst/inst/ila_core_inst/ila_trace_memory_inst/SUBCORE_RAM_BLK_MEM_1.trace_block_memory/inst_blk_mem_gen/gnbram.gnativebmg.native_blk_mem_gen/valid.cstr/ramloop[19].ram.r/prim_noinit.ram/DEVICE_8SERIES.NO_BMM_INFO.SDP.SIMPLE_PRIM36.ram has been changed from INDEPENDENT to COMMON to match the clocking topology used for the BRAM.
INFO: [Opt 31-422] The CLOCK_DOMAINS attribute on the BRAM cell ila_spi_debug_inst/inst/ila_core_inst/ila_trace_memory_inst/SUBCORE_RAM_BLK_MEM_1.trace_block_memory/inst_blk_mem_gen/gnbram.gnativebmg.native_blk_mem_gen/valid.cstr/ramloop[1].ram.r/prim_noinit.ram/DEVICE_8SERIES.NO_BMM_INFO.SDP.SIMPLE_PRIM36.ram has been changed from INDEPENDENT to COMMON to match the clocking topology used for the BRAM.
INFO: [Opt 31-422] The CLOCK_DOMAINS attribute on the BRAM cell ila_spi_debug_inst/inst/ila_core_inst/ila_trace_memory_inst/SUBCORE_RAM_BLK_MEM_1.trace_block_memory/inst_blk_mem_gen/gnbram.gnativebmg.native_blk_mem_gen/valid.cstr/ramloop[20].ram.r/prim_noinit.ram/DEVICE_8SERIES.NO_BMM_INFO.SDP.SIMPLE_PRIM36.ram has been changed from INDEPENDENT to COMMON to match the clocking topology used for the BRAM.
INFO: [Opt 31-422] The CLOCK_DOMAINS attribute on the BRAM cell ila_spi_debug_inst/inst/ila_core_inst/ila_trace_memory_inst/SUBCORE_RAM_BLK_MEM_1.trace_block_memory/inst_blk_mem_gen/gnbram.gnativebmg.native_blk_mem_gen/valid.cstr/ramloop[21].ram.r/prim_noinit.ram/DEVICE_8SERIES.NO_BMM_INFO.SDP.SIMPLE_PRIM36.ram has been changed from INDEPENDENT to COMMON to match the clocking topology used for the BRAM.
INFO: [Opt 31-422] The CLOCK_DOMAINS attribute on the BRAM cell ila_spi_debug_inst/inst/ila_core_inst/ila_trace_memory_inst/SUBCORE_RAM_BLK_MEM_1.trace_block_memory/inst_blk_mem_gen/gnbram.gnativebmg.native_blk_mem_gen/valid.cstr/ramloop[22].ram.r/prim_noinit.ram/DEVICE_8SERIES.NO_BMM_INFO.SDP.SIMPLE_PRIM36.ram has been changed from INDEPENDENT to COMMON to match the clocking topology used for the BRAM.
INFO: [Opt 31-422] The CLOCK_DOMAINS attribute on the BRAM cell ila_spi_debug_inst/inst/ila_core_inst/ila_trace_memory_inst/SUBCORE_RAM_BLK_MEM_1.trace_block_memory/inst_blk_mem_gen/gnbram.gnativebmg.native_blk_mem_gen/valid.cstr/ramloop[23].ram.r/prim_noinit.ram/DEVICE_8SERIES.NO_BMM_INFO.SDP.SIMPLE_PRIM36.ram has been changed from INDEPENDENT to COMMON to match the clocking topology used for the BRAM.
INFO: [Opt 31-422] The CLOCK_DOMAINS attribute on the BRAM cell ila_spi_debug_inst/inst/ila_core_inst/ila_trace_memory_inst/SUBCORE_RAM_BLK_MEM_1.trace_block_memory/inst_blk_mem_gen/gnbram.gnativebmg.native_blk_mem_gen/valid.cstr/ramloop[2].ram.r/prim_noinit.ram/DEVICE_8SERIES.NO_BMM_INFO.SDP.SIMPLE_PRIM36.ram has been changed from INDEPENDENT to COMMON to match the clocking topology used for the BRAM.
INFO: [Opt 31-422] The CLOCK_DOMAINS attribute on the BRAM cell ila_spi_debug_inst/inst/ila_core_inst/ila_trace_memory_inst/SUBCORE_RAM_BLK_MEM_1.trace_block_memory/inst_blk_mem_gen/gnbram.gnativebmg.native_blk_mem_gen/valid.cstr/ramloop[3].ram.r/prim_noinit.ram/DEVICE_8SERIES.NO_BMM_INFO.SDP.SIMPLE_PRIM36.ram has been changed from INDEPENDENT to COMMON to match the clocking topology used for the BRAM.
INFO: [Opt 31-422] The CLOCK_DOMAINS attribute on the BRAM cell ila_spi_debug_inst/inst/ila_core_inst/ila_trace_memory_inst/SUBCORE_RAM_BLK_MEM_1.trace_block_memory/inst_blk_mem_gen/gnbram.gnativebmg.native_blk_mem_gen/valid.cstr/ramloop[4].ram.r/prim_noinit.ram/DEVICE_8SERIES.NO_BMM_INFO.SDP.SIMPLE_PRIM36.ram has been changed from INDEPENDENT to COMMON to match the clocking topology used for the BRAM.
INFO: [Opt 31-422] The CLOCK_DOMAINS attribute on the BRAM cell ila_spi_debug_inst/inst/ila_core_inst/ila_trace_memory_inst/SUBCORE_RAM_BLK_MEM_1.trace_block_memory/inst_blk_mem_gen/gnbram.gnativebmg.native_blk_mem_gen/valid.cstr/ramloop[5].ram.r/prim_noinit.ram/DEVICE_8SERIES.NO_BMM_INFO.SDP.SIMPLE_PRIM36.ram has been changed from INDEPENDENT to COMMON to match the clocking topology used for the BRAM.
INFO: [Opt 31-422] The CLOCK_DOMAINS attribute on the BRAM cell ila_spi_debug_inst/inst/ila_core_inst/ila_trace_memory_inst/SUBCORE_RAM_BLK_MEM_1.trace_block_memory/inst_blk_mem_gen/gnbram.gnativebmg.native_blk_mem_gen/valid.cstr/ramloop[6].ram.r/prim_noinit.ram/DEVICE_8SERIES.NO_BMM_INFO.SDP.SIMPLE_PRIM36.ram has been changed from INDEPENDENT to COMMON to match the clocking topology used for the BRAM.
INFO: [Opt 31-422] The CLOCK_DOMAINS attribute on the BRAM cell ila_spi_debug_inst/inst/ila_core_inst/ila_trace_memory_inst/SUBCORE_RAM_BLK_MEM_1.trace_block_memory/inst_blk_mem_gen/gnbram.gnativebmg.native_blk_mem_gen/valid.cstr/ramloop[7].ram.r/prim_noinit.ram/DEVICE_8SERIES.NO_BMM_INFO.SDP.SIMPLE_PRIM36.ram has been changed from INDEPENDENT to COMMON to match the clocking topology used for the BRAM.
INFO: [Opt 31-422] The CLOCK_DOMAINS attribute on the BRAM cell ila_spi_debug_inst/inst/ila_core_inst/ila_trace_memory_inst/SUBCORE_RAM_BLK_MEM_1.trace_block_memory/inst_blk_mem_gen/gnbram.gnativebmg.native_blk_mem_gen/valid.cstr/ramloop[8].ram.r/prim_noinit.ram/DEVICE_8SERIES.NO_BMM_INFO.SDP.SIMPLE_PRIM36.ram has been changed from INDEPENDENT to COMMON to match the clocking topology used for the BRAM.
INFO: [Opt 31-422] The CLOCK_DOMAINS attribute on the BRAM cell ila_spi_debug_inst/inst/ila_core_inst/ila_trace_memory_inst/SUBCORE_RAM_BLK_MEM_1.trace_block_memory/inst_blk_mem_gen/gnbram.gnativebmg.native_blk_mem_gen/valid.cstr/ramloop[9].ram.r/prim_noinit.ram/DEVICE_8SERIES.NO_BMM_INFO.SDP.SIMPLE_PRIM36.ram has been changed from INDEPENDENT to COMMON to match the clocking topology used for the BRAM.
INFO: [Opt 31-49] Retargeted 0 cell(s).
Phase 3 Retarget | Checksum: 32f3a5c76

Time (s): cpu = 00:01:15 ; elapsed = 00:01:11 . Memory (MB): peak = 3825.047 ; gain = 19.844 ; free physical = 3443 ; free virtual = 39170
Retarget | Checksum: 32f3a5c76
INFO: [Opt 31-389] Phase Retarget created 63 cells and removed 460 cells
INFO: [Opt 31-1021] In phase Retarget, 151 netlist objects are constrained preventing optimization. Please run opt_design with -debug_log to get more detail. 

Phase 4 Constant propagation
INFO: [Opt 31-138] Pushed 0 inverter(s) to 0 load pin(s).
Phase 4 Constant propagation | Checksum: 301d558ae

Time (s): cpu = 00:01:16 ; elapsed = 00:01:11 . Memory (MB): peak = 3825.047 ; gain = 19.844 ; free physical = 3443 ; free virtual = 39170
Constant propagation | Checksum: 301d558ae
INFO: [Opt 31-389] Phase Constant propagation created 33 cells and removed 331 cells
INFO: [Opt 31-1021] In phase Constant propagation, 110 netlist objects are constrained preventing optimization. Please run opt_design with -debug_log to get more detail. 

Phase 5 Sweep
INFO: [Constraints 18-11670] Building netlist checker database with flags, 0x8
Done building netlist checker database: Time (s): cpu = 00:00:00.01 ; elapsed = 00:00:00 . Memory (MB): peak = 3825.047 ; gain = 0.000 ; free physical = 3455 ; free virtual = 39182
INFO: [Constraints 18-11670] Building netlist checker database with flags, 0x8
Done building netlist checker database: Time (s): cpu = 00:00:00 ; elapsed = 00:00:00.01 . Memory (MB): peak = 3825.047 ; gain = 0.000 ; free physical = 3454 ; free virtual = 39182
Phase 5 Sweep | Checksum: 242c1cab4

Time (s): cpu = 00:01:17 ; elapsed = 00:01:12 . Memory (MB): peak = 3825.047 ; gain = 19.844 ; free physical = 3455 ; free virtual = 39182
Sweep | Checksum: 242c1cab4
INFO: [Opt 31-389] Phase Sweep created 0 cells and removed 413 cells
INFO: [Opt 31-1021] In phase Sweep, 1501 netlist objects are constrained preventing optimization. Please run opt_design with -debug_log to get more detail. 

Phase 6 BUFG optimization
INFO: [Opt 31-1077] Phase BUFG optimization inserted 0 global clock buffer(s) for CLOCK_LOW_FANOUT.
Phase 6 BUFG optimization | Checksum: 242c1cab4

Time (s): cpu = 00:01:17 ; elapsed = 00:01:12 . Memory (MB): peak = 3857.062 ; gain = 51.859 ; free physical = 3459 ; free virtual = 39187
BUFG optimization | Checksum: 242c1cab4
INFO: [Opt 31-662] Phase BUFG optimization created 0 cells of which 0 are BUFGs and removed 0 cells.

Phase 7 Shift Register Optimization
INFO: [Opt 31-1064] SRL Remap converted 0 SRLs to 0 registers and converted 0 registers of register chains to 0 SRLs
Phase 7 Shift Register Optimization | Checksum: 242c1cab4

Time (s): cpu = 00:01:17 ; elapsed = 00:01:12 . Memory (MB): peak = 3857.062 ; gain = 51.859 ; free physical = 3465 ; free virtual = 39193
Shift Register Optimization | Checksum: 242c1cab4
INFO: [Opt 31-389] Phase Shift Register Optimization created 0 cells and removed 0 cells

Phase 8 Post Processing Netlist
Phase 8 Post Processing Netlist | Checksum: 247e309ad

Time (s): cpu = 00:01:17 ; elapsed = 00:01:12 . Memory (MB): peak = 3857.062 ; gain = 51.859 ; free physical = 3465 ; free virtual = 39192
Post Processing Netlist | Checksum: 247e309ad
INFO: [Opt 31-389] Phase Post Processing Netlist created 0 cells and removed 0 cells
INFO: [Opt 31-1021] In phase Post Processing Netlist, 122 netlist objects are constrained preventing optimization. Please run opt_design with -debug_log to get more detail. 

Phase 9 Finalization

Phase 9.1 Finalizing Design Cores and Updating Shapes
Phase 9.1 Finalizing Design Cores and Updating Shapes | Checksum: 2a9b23214

Time (s): cpu = 00:01:18 ; elapsed = 00:01:13 . Memory (MB): peak = 3857.062 ; gain = 51.859 ; free physical = 3478 ; free virtual = 39206

Phase 9.2 Verifying Netlist Connectivity

Starting Connectivity Check Task

Time (s): cpu = 00:00:00.03 ; elapsed = 00:00:00.04 . Memory (MB): peak = 3857.062 ; gain = 0.000 ; free physical = 3478 ; free virtual = 39207
Phase 9.2 Verifying Netlist Connectivity | Checksum: 2a9b23214

Time (s): cpu = 00:01:18 ; elapsed = 00:01:13 . Memory (MB): peak = 3857.062 ; gain = 51.859 ; free physical = 3478 ; free virtual = 39207
Phase 9 Finalization | Checksum: 2a9b23214

Time (s): cpu = 00:01:18 ; elapsed = 00:01:13 . Memory (MB): peak = 3857.062 ; gain = 51.859 ; free physical = 3478 ; free virtual = 39207
Opt_design Change Summary
=========================


-------------------------------------------------------------------------------------------------------------------------
|  Phase                        |  #Cells created  |  #Cells Removed  |  #Constrained objects preventing optimizations  |
-------------------------------------------------------------------------------------------------------------------------
|  Retarget                     |              63  |             460  |                                            151  |
|  Constant propagation         |              33  |             331  |                                            110  |
|  Sweep                        |               0  |             413  |                                           1501  |
|  BUFG optimization            |               0  |               0  |                                              0  |
|  Shift Register Optimization  |               0  |               0  |                                              0  |
|  Post Processing Netlist      |               0  |               0  |                                            122  |
-------------------------------------------------------------------------------------------------------------------------


Ending Logic Optimization Task | Checksum: 2a9b23214

Time (s): cpu = 00:01:18 ; elapsed = 00:01:13 . Memory (MB): peak = 3857.062 ; gain = 51.859 ; free physical = 3478 ; free virtual = 39207

Starting Power Optimization Task
INFO: [Pwropt 34-132] Skipping clock gating for clocks with a period < 2.00 ns.
INFO: [Pwropt 34-9] Applying IDT optimizations ...
INFO: [Pwropt 34-10] Applying ODC optimizations ...
INFO: [Timing 38-35] Done setting XDC timing constraints.
Running Vector-less Activity Propagation...

Finished Running Vector-less Activity Propagation


Starting PowerOpt Patch Enables Task
INFO: [Pwropt 34-162] WRITE_MODE attribute of 3 BRAM(s) out of a total of 29 has been updated to save power. Run report_power_opt to get a complete listing of the BRAMs updated.
INFO: [Pwropt 34-201] Structural ODC has moved 0 WE to EN ports
Number of BRAM Ports augmented: 28 newly gated: 0 Total Ports: 58
Ending PowerOpt Patch Enables Task | Checksum: 22ef9b45e

Time (s): cpu = 00:00:00.25 ; elapsed = 00:00:00.25 . Memory (MB): peak = 3944.125 ; gain = 0.000 ; free physical = 3517 ; free virtual = 39250
Ending Power Optimization Task | Checksum: 22ef9b45e

Time (s): cpu = 00:00:08 ; elapsed = 00:00:05 . Memory (MB): peak = 3944.125 ; gain = 87.062 ; free physical = 3517 ; free virtual = 39250

Starting Final Cleanup Task
Ending Final Cleanup Task | Checksum: 22ef9b45e

Time (s): cpu = 00:00:00 ; elapsed = 00:00:00 . Memory (MB): peak = 3944.125 ; gain = 0.000 ; free physical = 3517 ; free virtual = 39250
Netlist sorting complete. Time (s): cpu = 00:00:00.02 ; elapsed = 00:00:00.01 . Memory (MB): peak = 3944.125 ; gain = 0.000 ; free physical = 3517 ; free virtual = 39250
INFO: [Common 17-83] Releasing license: Implementation
85 Infos, 4 Warnings, 0 Critical Warnings and 0 Errors encountered.
opt_design completed successfully
opt_design: Time (s): cpu = 00:01:31 ; elapsed = 00:01:22 . Memory (MB): peak = 3944.125 ; gain = 487.699 ; free physical = 3517 ; free virtual = 39250
INFO: [Vivado 12-24828] Executing command : report_drc -file iis3dwbg1_kr260_hw_top_drc_opted.rpt -pb iis3dwbg1_kr260_hw_top_drc_opted.pb -rpx iis3dwbg1_kr260_hw_top_drc_opted.rpx
Command: report_drc -file iis3dwbg1_kr260_hw_top_drc_opted.rpt -pb iis3dwbg1_kr260_hw_top_drc_opted.pb -rpx iis3dwbg1_kr260_hw_top_drc_opted.rpx
INFO: [IP_Flow 19-1839] IP Catalog is up to date.
INFO: [Timing 38-35] Done setting XDC timing constraints.
INFO: [DRC 23-27] Running DRC with 2 threads
INFO: [Vivado_Tcl 2-168] The results of DRC are in file /home/kuszman/Magisterka/Intelligent-Vibroacoustic-Machine-Diagnostic-System-on-FPGA/spi/spi_true/spi_accelerometer_true/spi_accelerometer_true.runs/impl_1/iis3dwbg1_kr260_hw_top_drc_opted.rpt.
report_drc completed successfully
report_drc: Time (s): cpu = 00:00:16 ; elapsed = 00:00:14 . Memory (MB): peak = 4423.207 ; gain = 479.082 ; free physical = 2990 ; free virtual = 38835
generate_parallel_reports: Time (s): cpu = 00:00:16 ; elapsed = 00:00:14 . Memory (MB): peak = 4423.207 ; gain = 479.082 ; free physical = 2990 ; free virtual = 38835
INFO: [Timing 38-480] Writing timing data to binary archive.
Wrote PlaceDB: Time (s): cpu = 00:00:00 ; elapsed = 00:00:00.01 . Memory (MB): peak = 4423.207 ; gain = 0.000 ; free physical = 2990 ; free virtual = 38836
Wrote PulsedLatchDB: Time (s): cpu = 00:00:00 ; elapsed = 00:00:00 . Memory (MB): peak = 4423.207 ; gain = 0.000 ; free physical = 2990 ; free virtual = 38836
Writing XDEF routing.
Write ShapeDB Complete: Time (s): cpu = 00:00:00.18 ; elapsed = 00:00:00.05 . Memory (MB): peak = 4423.207 ; gain = 0.000 ; free physical = 2986 ; free virtual = 38833
Writing XDEF routing logical nets.
Writing XDEF routing special nets.
Wrote RouteStorage: Time (s): cpu = 00:00:00.29 ; elapsed = 00:00:00.07 . Memory (MB): peak = 4423.207 ; gain = 0.000 ; free physical = 2986 ; free virtual = 38833
Wrote Netlist Cache: Time (s): cpu = 00:00:00 ; elapsed = 00:00:00 . Memory (MB): peak = 4423.207 ; gain = 0.000 ; free physical = 2986 ; free virtual = 38833
Wrote Device Cache: Time (s): cpu = 00:00:00.05 ; elapsed = 00:00:00.01 . Memory (MB): peak = 4423.207 ; gain = 0.000 ; free physical = 2983 ; free virtual = 38833
Write Physdb Complete: Time (s): cpu = 00:00:00.37 ; elapsed = 00:00:00.1 . Memory (MB): peak = 4423.207 ; gain = 0.000 ; free physical = 2983 ; free virtual = 38834
INFO: [Common 17-1381] The checkpoint '/home/kuszman/Magisterka/Intelligent-Vibroacoustic-Machine-Diagnostic-System-on-FPGA/spi/spi_true/spi_accelerometer_true/spi_accelerometer_true.runs/impl_1/iis3dwbg1_kr260_hw_top_opt.dcp' has been generated.
INFO: [Chipscope 16-240] Debug cores have already been implemented
Command: place_design
Attempting to get a license for feature 'Implementation' and/or device 'xck26'
INFO: [Common 17-349] Got license for feature 'Implementation' and/or device 'xck26'
INFO: [Common 17-83] Releasing license: Implementation
INFO: [DRC 23-27] Running DRC with 2 threads
INFO: [Vivado_Tcl 4-198] DRC finished with 0 Errors
INFO: [Vivado_Tcl 4-199] Please refer to the DRC report (report_drc) for more information.
Running DRC as a precondition to command place_design
INFO: [DRC 23-27] Running DRC with 2 threads
INFO: [Vivado_Tcl 4-198] DRC finished with 0 Errors
INFO: [Vivado_Tcl 4-199] Please refer to the DRC report (report_drc) for more information.
INFO: [Place 30-611] Multithreading enabled for place_design using a maximum of 2 CPUs

Starting Placer Task

Phase 1 Placer Initialization

Phase 1.1 Placer Initialization Netlist Sorting
Netlist sorting complete. Time (s): cpu = 00:00:00.01 ; elapsed = 00:00:00.01 . Memory (MB): peak = 4551.270 ; gain = 0.000 ; free physical = 2853 ; free virtual = 38741
Phase 1.1 Placer Initialization Netlist Sorting | Checksum: 16267055c

Time (s): cpu = 00:00:00.02 ; elapsed = 00:00:00.02 . Memory (MB): peak = 4551.270 ; gain = 0.000 ; free physical = 2853 ; free virtual = 38741
Netlist sorting complete. Time (s): cpu = 00:00:00.01 ; elapsed = 00:00:00.01 . Memory (MB): peak = 4551.270 ; gain = 0.000 ; free physical = 2853 ; free virtual = 38741

Phase 1.2 IO Placement/ Clock Placement/ Build Placer Device
Phase 1.2 IO Placement/ Clock Placement/ Build Placer Device | Checksum: 28bf86e5e

Time (s): cpu = 00:00:03 ; elapsed = 00:00:03 . Memory (MB): peak = 4551.270 ; gain = 0.000 ; free physical = 2876 ; free virtual = 38768

Phase 1.3 Build Placer Netlist Model
Phase 1.3 Build Placer Netlist Model | Checksum: 2f1d08530

Time (s): cpu = 00:00:10 ; elapsed = 00:00:08 . Memory (MB): peak = 4551.270 ; gain = 0.000 ; free physical = 2928 ; free virtual = 38819

Phase 1.4 Constrain Clocks/Macros
Phase 1.4 Constrain Clocks/Macros | Checksum: 2f1d08530

Time (s): cpu = 00:00:10 ; elapsed = 00:00:08 . Memory (MB): peak = 4551.270 ; gain = 0.000 ; free physical = 2928 ; free virtual = 38819
Phase 1 Placer Initialization | Checksum: 2f1d08530

Time (s): cpu = 00:00:10 ; elapsed = 00:00:08 . Memory (MB): peak = 4551.270 ; gain = 0.000 ; free physical = 2928 ; free virtual = 38819

Phase 2 Global Placement

Phase 2.1 Floorplanning

Phase 2.1.1 Partition Driven Placement

Phase 2.1.1.1 PBP: Partition Driven Placement
Phase 2.1.1.1 PBP: Partition Driven Placement | Checksum: 389227bb4

Time (s): cpu = 00:00:17 ; elapsed = 00:00:13 . Memory (MB): peak = 4551.270 ; gain = 0.000 ; free physical = 2940 ; free virtual = 38831

Phase 2.1.1.2 PBP: Clock Region Placement
INFO: [Place 30-3162] Check ILP status : ILP-based clock placer completed successfully.
Phase 2.1.1.2 PBP: Clock Region Placement | Checksum: 389227bb4

Time (s): cpu = 00:00:18 ; elapsed = 00:00:13 . Memory (MB): peak = 4551.270 ; gain = 0.000 ; free physical = 2943 ; free virtual = 38834

Phase 2.1.1.3 PBP: Compute Congestion
Phase 2.1.1.3 PBP: Compute Congestion | Checksum: 389227bb4

Time (s): cpu = 00:00:26 ; elapsed = 00:00:17 . Memory (MB): peak = 4551.270 ; gain = 0.000 ; free physical = 2875 ; free virtual = 38766

Phase 2.1.1.4 PBP: UpdateTiming
Phase 2.1.1.4 PBP: UpdateTiming | Checksum: 2e00c9e2b

Time (s): cpu = 00:00:27 ; elapsed = 00:00:18 . Memory (MB): peak = 4551.270 ; gain = 0.000 ; free physical = 2876 ; free virtual = 38766

Phase 2.1.1.5 PBP: Add part constraints
Phase 2.1.1.5 PBP: Add part constraints | Checksum: 2e00c9e2b

Time (s): cpu = 00:00:27 ; elapsed = 00:00:18 . Memory (MB): peak = 4551.270 ; gain = 0.000 ; free physical = 2876 ; free virtual = 38766
Phase 2.1.1 Partition Driven Placement | Checksum: 2e00c9e2b

Time (s): cpu = 00:00:27 ; elapsed = 00:00:18 . Memory (MB): peak = 4551.270 ; gain = 0.000 ; free physical = 2876 ; free virtual = 38766
Phase 2.1 Floorplanning | Checksum: 3716060f6

Time (s): cpu = 00:00:27 ; elapsed = 00:00:18 . Memory (MB): peak = 4551.270 ; gain = 0.000 ; free physical = 2876 ; free virtual = 38766

Phase 2.2 Update Timing before SLR Path Opt
Phase 2.2 Update Timing before SLR Path Opt | Checksum: 3716060f6

Time (s): cpu = 00:00:27 ; elapsed = 00:00:18 . Memory (MB): peak = 4551.270 ; gain = 0.000 ; free physical = 2876 ; free virtual = 38766

Phase 2.3 Post-Processing in Floorplanning
Phase 2.3 Post-Processing in Floorplanning | Checksum: 3716060f6

Time (s): cpu = 00:00:27 ; elapsed = 00:00:18 . Memory (MB): peak = 4551.270 ; gain = 0.000 ; free physical = 2875 ; free virtual = 38766

Phase 2.4 Global Place Phase1
Phase 2.4 Global Place Phase1 | Checksum: 35742698d

Time (s): cpu = 00:00:56 ; elapsed = 00:00:36 . Memory (MB): peak = 4551.270 ; gain = 0.000 ; free physical = 2776 ; free virtual = 38674

Phase 2.5 Global Place Phase2

Phase 2.5.1 UpdateTiming Before Physical Synthesis
Phase 2.5.1 UpdateTiming Before Physical Synthesis | Checksum: 35742698d

Time (s): cpu = 00:00:57 ; elapsed = 00:00:37 . Memory (MB): peak = 4551.270 ; gain = 0.000 ; free physical = 2775 ; free virtual = 38674

Phase 2.5.2 Physical Synthesis In Placer
INFO: [Physopt 32-1035] Found 0 LUTNM shape to break, 624 LUT instances to create LUTNM shape
INFO: [Physopt 32-1044] Break lutnm for timing: one critical 0, two critical 0, total 0, new lutff created 0
INFO: [Physopt 32-1138] End 1 Pass. Optimized 240 nets or LUTs. Breaked 0 LUT, combined 240 existing LUTs and moved 0 existing LUT
INFO: [Physopt 32-670] No setup violation found.  Equivalent Driver Rewiring was not performed.
INFO: [Physopt 32-65] No nets found for high-fanout optimization.
INFO: [Physopt 32-232] Optimized 0 net. Created 0 new instance.
INFO: [Physopt 32-775] End 1 Pass. Optimized 0 net or cell. Created 0 new cell, deleted 0 existing cell and moved 0 existing cell
INFO: [Physopt 32-670] No setup violation found.  DSP Register Optimization was not performed.
INFO: [Physopt 32-670] No setup violation found.  Shift Register to Pipeline Optimization was not performed.
INFO: [Physopt 32-670] No setup violation found.  Shift Register Optimization was not performed.
INFO: [Physopt 32-670] No setup violation found.  BRAM Register Optimization was not performed.
INFO: [Physopt 32-670] No setup violation found.  URAM Register Optimization was not performed.
INFO: [Physopt 32-949] No candidate nets found for dynamic/static region interface net replication
INFO: [Physopt 32-775] End 1 Pass. Optimized 0 net or cell. Created 0 new cell, deleted 0 existing cell and moved 0 existing cell
Netlist sorting complete. Time (s): cpu = 00:00:00.01 ; elapsed = 00:00:00.01 . Memory (MB): peak = 4551.270 ; gain = 0.000 ; free physical = 2788 ; free virtual = 38690

Summary of Physical Synthesis Optimizations
============================================


-----------------------------------------------------------------------------------------------------------------------------------------------------------
|  Optimization                                     |  Added Cells  |  Removed Cells  |  Optimized Cells/Nets  |  Dont Touch  |  Iterations  |  Elapsed   |
-----------------------------------------------------------------------------------------------------------------------------------------------------------
|  LUT Combining                                    |            0  |            240  |                   240  |           0  |           1  |  00:00:00  |
|  Retime                                           |            0  |              0  |                     0  |           0  |           1  |  00:00:00  |
|  Equivalent Driver Rewiring                       |            0  |              0  |                     0  |           0  |           0  |  00:00:00  |
|  Very High Fanout                                 |            0  |              0  |                     0  |           0  |           1  |  00:00:00  |
|  DSP Register                                     |            0  |              0  |                     0  |           0  |           0  |  00:00:00  |
|  Shift Register to Pipeline                       |            0  |              0  |                     0  |           0  |           0  |  00:00:00  |
|  Shift Register                                   |            0  |              0  |                     0  |           0  |           0  |  00:00:00  |
|  BRAM Register                                    |            0  |              0  |                     0  |           0  |           0  |  00:00:00  |
|  URAM Register                                    |            0  |              0  |                     0  |           0  |           0  |  00:00:00  |
|  Dynamic/Static Region Interface Net Replication  |            0  |              0  |                     0  |           0  |           1  |  00:00:00  |
|  Total                                            |            0  |            240  |                   240  |           0  |           4  |  00:00:00  |
-----------------------------------------------------------------------------------------------------------------------------------------------------------


Phase 2.5.2 Physical Synthesis In Placer | Checksum: 2b6ba81a2

Time (s): cpu = 00:01:00 ; elapsed = 00:00:39 . Memory (MB): peak = 4551.270 ; gain = 0.000 ; free physical = 2785 ; free virtual = 38690
Phase 2.5 Global Place Phase2 | Checksum: 2e3444567

Time (s): cpu = 00:01:10 ; elapsed = 00:00:44 . Memory (MB): peak = 4551.270 ; gain = 0.000 ; free physical = 2673 ; free virtual = 38620
Phase 2 Global Placement | Checksum: 2e3444567

Time (s): cpu = 00:01:10 ; elapsed = 00:00:44 . Memory (MB): peak = 4551.270 ; gain = 0.000 ; free physical = 2673 ; free virtual = 38620

Phase 3 Detail Placement

Phase 3.1 Commit Multi Column Macros
Phase 3.1 Commit Multi Column Macros | Checksum: 2f24dea64

Time (s): cpu = 00:01:20 ; elapsed = 00:00:49 . Memory (MB): peak = 4551.270 ; gain = 0.000 ; free physical = 2643 ; free virtual = 38592

Phase 3.2 Commit Most Macros & LUTRAMs
Phase 3.2 Commit Most Macros & LUTRAMs | Checksum: 23da1372f

Time (s): cpu = 00:01:23 ; elapsed = 00:00:51 . Memory (MB): peak = 4551.270 ; gain = 0.000 ; free physical = 2564 ; free virtual = 38523

Phase 3.3 Small Shape DP

Phase 3.3.1 Small Shape Clustering
Phase 3.3.1 Small Shape Clustering | Checksum: 2440db8b6

Time (s): cpu = 00:01:32 ; elapsed = 00:00:56 . Memory (MB): peak = 4551.270 ; gain = 0.000 ; free physical = 2557 ; free virtual = 38524

Phase 3.3.2 Slice Area Swap

Phase 3.3.2.1 Slice Area Swap Initial
Phase 3.3.2.1 Slice Area Swap Initial | Checksum: 22763eda7

Time (s): cpu = 00:01:33 ; elapsed = 00:00:57 . Memory (MB): peak = 4551.270 ; gain = 0.000 ; free physical = 2548 ; free virtual = 38516
Phase 3.3.2 Slice Area Swap | Checksum: 22763eda7

Time (s): cpu = 00:01:33 ; elapsed = 00:00:57 . Memory (MB): peak = 4551.270 ; gain = 0.000 ; free physical = 2546 ; free virtual = 38515
Phase 3.3 Small Shape DP | Checksum: 34607794f

Time (s): cpu = 00:01:37 ; elapsed = 00:01:00 . Memory (MB): peak = 4551.270 ; gain = 0.000 ; free physical = 2550 ; free virtual = 38519

Phase 3.4 Re-assign LUT pins
Phase 3.4 Re-assign LUT pins | Checksum: 29e651c41

Time (s): cpu = 00:01:38 ; elapsed = 00:01:00 . Memory (MB): peak = 4551.270 ; gain = 0.000 ; free physical = 2550 ; free virtual = 38518

Phase 3.5 Pipeline Register Optimization
Phase 3.5 Pipeline Register Optimization | Checksum: 27f1e6c73

Time (s): cpu = 00:01:38 ; elapsed = 00:01:01 . Memory (MB): peak = 4551.270 ; gain = 0.000 ; free physical = 2551 ; free virtual = 38519
Phase 3 Detail Placement | Checksum: 27f1e6c73

Time (s): cpu = 00:01:38 ; elapsed = 00:01:01 . Memory (MB): peak = 4551.270 ; gain = 0.000 ; free physical = 2551 ; free virtual = 38519

Phase 4 Post Placement Optimization and Clean-Up

Phase 4.1 Post Commit Optimization
INFO: [Timing 38-35] Done setting XDC timing constraints.

Phase 4.1.1 Post Placement Optimization
Post Placement Optimization Initialization | Checksum: 29166b661

Phase 4.1.1.1 BUFG Insertion

Starting Physical Synthesis Task

Phase 1 Physical Synthesis Initialization
INFO: [Physopt 32-721] Multithreading enabled for phys_opt_design using a maximum of 2 CPUs
INFO: [Physopt 32-619] Estimated Timing Summary | WNS=5.961 | TNS=0.000 |
Phase 1 Physical Synthesis Initialization | Checksum: 1b7dabe20

Time (s): cpu = 00:00:00.84 ; elapsed = 00:00:00.5 . Memory (MB): peak = 4551.270 ; gain = 0.000 ; free physical = 2569 ; free virtual = 38538
INFO: [Place 46-56] BUFG insertion identified 0 candidate nets. Inserted BUFG: 0, Replicated BUFG Driver: 0, Skipped due to Placement/Routing Conflicts: 0, Skipped due to Timing Degradation: 0, Skipped due to netlist editing failed: 0.
Ending Physical Synthesis Task | Checksum: 2c808ca4e

Time (s): cpu = 00:00:01 ; elapsed = 00:00:00.63 . Memory (MB): peak = 4551.270 ; gain = 0.000 ; free physical = 2569 ; free virtual = 38538
Phase 4.1.1.1 BUFG Insertion | Checksum: 29166b661

Time (s): cpu = 00:01:57 ; elapsed = 00:01:12 . Memory (MB): peak = 4551.270 ; gain = 0.000 ; free physical = 2569 ; free virtual = 38538

Phase 4.1.1.2 Post Placement Timing Optimization
INFO: [Place 30-746] Post Placement Timing Summary WNS=5.961. For the most accurate timing information please run report_timing.
Phase 4.1.1.2 Post Placement Timing Optimization | Checksum: 333186656

Time (s): cpu = 00:01:58 ; elapsed = 00:01:12 . Memory (MB): peak = 4551.270 ; gain = 0.000 ; free physical = 2560 ; free virtual = 38530

Time (s): cpu = 00:01:58 ; elapsed = 00:01:12 . Memory (MB): peak = 4551.270 ; gain = 0.000 ; free physical = 2560 ; free virtual = 38530
Phase 4.1 Post Commit Optimization | Checksum: 333186656

Time (s): cpu = 00:01:58 ; elapsed = 00:01:12 . Memory (MB): peak = 4551.270 ; gain = 0.000 ; free physical = 2562 ; free virtual = 38532
Netlist sorting complete. Time (s): cpu = 00:00:00.01 ; elapsed = 00:00:00.01 . Memory (MB): peak = 4551.270 ; gain = 0.000 ; free physical = 2541 ; free virtual = 38517

Phase 4.2 Post Placement Cleanup
Phase 4.2 Post Placement Cleanup | Checksum: 309526962

Time (s): cpu = 00:02:10 ; elapsed = 00:01:21 . Memory (MB): peak = 4551.270 ; gain = 0.000 ; free physical = 2538 ; free virtual = 38514

Phase 4.3 Placer Reporting

Phase 4.3.1 Print Estimated Congestion
INFO: [Place 30-612] Post-Placement Estimated Congestion 
 ________________________________________________________________________
|           | Global Congestion | Long Congestion   | Short Congestion  |
| Direction | Region Size       | Region Size       | Region Size       |
|___________|___________________|___________________|___________________|
|      North|                1x1|                1x1|                1x1|
|___________|___________________|___________________|___________________|
|      South|                1x1|                1x1|                1x1|
|___________|___________________|___________________|___________________|
|       East|                1x1|                1x1|                1x1|
|___________|___________________|___________________|___________________|
|       West|                1x1|                1x1|                1x1|
|___________|___________________|___________________|___________________|

Phase 4.3.1 Print Estimated Congestion | Checksum: 309526962

Time (s): cpu = 00:02:11 ; elapsed = 00:01:21 . Memory (MB): peak = 4551.270 ; gain = 0.000 ; free physical = 2528 ; free virtual = 38505
Phase 4.3 Placer Reporting | Checksum: 309526962

Time (s): cpu = 00:02:11 ; elapsed = 00:01:21 . Memory (MB): peak = 4551.270 ; gain = 0.000 ; free physical = 2526 ; free virtual = 38503

Phase 4.4 Final Placement Cleanup
Netlist sorting complete. Time (s): cpu = 00:00:00.01 ; elapsed = 00:00:00.01 . Memory (MB): peak = 4551.270 ; gain = 0.000 ; free physical = 2525 ; free virtual = 38503

Time (s): cpu = 00:02:11 ; elapsed = 00:01:21 . Memory (MB): peak = 4551.270 ; gain = 0.000 ; free physical = 2525 ; free virtual = 38503
Phase 4 Post Placement Optimization and Clean-Up | Checksum: 32df111da

Time (s): cpu = 00:02:11 ; elapsed = 00:01:21 . Memory (MB): peak = 4551.270 ; gain = 0.000 ; free physical = 2520 ; free virtual = 38499
Ending Placer Task | Checksum: 232d74ec5

Time (s): cpu = 00:02:11 ; elapsed = 00:01:21 . Memory (MB): peak = 4551.270 ; gain = 0.000 ; free physical = 2519 ; free virtual = 38498
123 Infos, 4 Warnings, 0 Critical Warnings and 0 Errors encountered.
place_design completed successfully
place_design: Time (s): cpu = 00:02:15 ; elapsed = 00:01:24 . Memory (MB): peak = 4551.270 ; gain = 128.062 ; free physical = 2519 ; free virtual = 38498
INFO: [Vivado 12-24838] Running report commands "report_control_sets, report_io, report_utilization" in parallel.
Running report generation with 2 threads.
INFO: [Vivado 12-24828] Executing command : report_io -file iis3dwbg1_kr260_hw_top_io_placed.rpt
report_io: Time (s): cpu = 00:00:00.38 ; elapsed = 00:00:00.35 . Memory (MB): peak = 4551.270 ; gain = 0.000 ; free physical = 2499 ; free virtual = 38476
INFO: [Vivado 12-24828] Executing command : report_utilization -file iis3dwbg1_kr260_hw_top_utilization_placed.rpt -pb iis3dwbg1_kr260_hw_top_utilization_placed.pb
INFO: [Vivado 12-24828] Executing command : report_control_sets -verbose -file iis3dwbg1_kr260_hw_top_control_sets_placed.rpt
report_control_sets: Time (s): cpu = 00:00:00.12 ; elapsed = 00:00:00.32 . Memory (MB): peak = 4551.270 ; gain = 0.000 ; free physical = 2479 ; free virtual = 38458
INFO: [Timing 38-480] Writing timing data to binary archive.
Write ShapeDB Complete: Time (s): cpu = 00:00:00.36 ; elapsed = 00:00:00.08 . Memory (MB): peak = 4551.270 ; gain = 0.000 ; free physical = 2463 ; free virtual = 38451
Wrote PlaceDB: Time (s): cpu = 00:00:03 ; elapsed = 00:00:00.8 . Memory (MB): peak = 4551.270 ; gain = 0.000 ; free physical = 2439 ; free virtual = 38445
Wrote PulsedLatchDB: Time (s): cpu = 00:00:00 ; elapsed = 00:00:00 . Memory (MB): peak = 4551.270 ; gain = 0.000 ; free physical = 2439 ; free virtual = 38445
Writing XDEF routing.
Writing XDEF routing logical nets.
Writing XDEF routing special nets.
Wrote RouteStorage: Time (s): cpu = 00:00:00.18 ; elapsed = 00:00:00.07 . Memory (MB): peak = 4551.270 ; gain = 0.000 ; free physical = 2437 ; free virtual = 38444
Wrote Netlist Cache: Time (s): cpu = 00:00:00.05 ; elapsed = 00:00:00.02 . Memory (MB): peak = 4551.270 ; gain = 0.000 ; free physical = 2437 ; free virtual = 38445
Wrote Device Cache: Time (s): cpu = 00:00:00.06 ; elapsed = 00:00:00.02 . Memory (MB): peak = 4551.270 ; gain = 0.000 ; free physical = 2433 ; free virtual = 38444
Write Physdb Complete: Time (s): cpu = 00:00:03 ; elapsed = 00:00:00.92 . Memory (MB): peak = 4551.270 ; gain = 0.000 ; free physical = 2433 ; free virtual = 38444
INFO: [Common 17-1381] The checkpoint '/home/kuszman/Magisterka/Intelligent-Vibroacoustic-Machine-Diagnostic-System-on-FPGA/spi/spi_true/spi_accelerometer_true/spi_accelerometer_true.runs/impl_1/iis3dwbg1_kr260_hw_top_placed.dcp' has been generated.
Command: phys_opt_design
Attempting to get a license for feature 'Implementation' and/or device 'xck26'
INFO: [Common 17-349] Got license for feature 'Implementation' and/or device 'xck26'

Starting Initial Update Timing Task

Time (s): cpu = 00:00:07 ; elapsed = 00:00:04 . Memory (MB): peak = 4551.270 ; gain = 0.000 ; free physical = 2501 ; free virtual = 38497
INFO: [Vivado_Tcl 4-2279] Estimated Timing Summary | WNS= 5.965 | TNS= 0.000 | 
INFO: [Vivado_Tcl 4-383] Design worst setup slack (WNS) is greater than or equal to 0.000 ns. All physical synthesis setup optimizations will be skipped.
INFO: [Vivado_Tcl 4-232] No setup violation found. The netlist was not modified.
INFO: [Common 17-83] Releasing license: Implementation
134 Infos, 4 Warnings, 0 Critical Warnings and 0 Errors encountered.
phys_opt_design completed successfully
INFO: [Timing 38-480] Writing timing data to binary archive.
Write ShapeDB Complete: Time (s): cpu = 00:00:00.35 ; elapsed = 00:00:00.07 . Memory (MB): peak = 4551.270 ; gain = 0.000 ; free physical = 2499 ; free virtual = 38501
Wrote PlaceDB: Time (s): cpu = 00:00:02 ; elapsed = 00:00:00.76 . Memory (MB): peak = 4551.270 ; gain = 0.000 ; free physical = 2463 ; free virtual = 38485
Wrote PulsedLatchDB: Time (s): cpu = 00:00:00 ; elapsed = 00:00:00 . Memory (MB): peak = 4551.270 ; gain = 0.000 ; free physical = 2463 ; free virtual = 38485
Writing XDEF routing.
Writing XDEF routing logical nets.
Writing XDEF routing special nets.
Wrote RouteStorage: Time (s): cpu = 00:00:00.17 ; elapsed = 00:00:00.07 . Memory (MB): peak = 4551.270 ; gain = 0.000 ; free physical = 2457 ; free virtual = 38481
Wrote Netlist Cache: Time (s): cpu = 00:00:00.05 ; elapsed = 00:00:00.02 . Memory (MB): peak = 4551.270 ; gain = 0.000 ; free physical = 2456 ; free virtual = 38481
Wrote Device Cache: Time (s): cpu = 00:00:00.05 ; elapsed = 00:00:00.02 . Memory (MB): peak = 4551.270 ; gain = 0.000 ; free physical = 2449 ; free virtual = 38477
Write Physdb Complete: Time (s): cpu = 00:00:03 ; elapsed = 00:00:00.88 . Memory (MB): peak = 4551.270 ; gain = 0.000 ; free physical = 2449 ; free virtual = 38477
INFO: [Common 17-1381] The checkpoint '/home/kuszman/Magisterka/Intelligent-Vibroacoustic-Machine-Diagnostic-System-on-FPGA/spi/spi_true/spi_accelerometer_true/spi_accelerometer_true.runs/impl_1/iis3dwbg1_kr260_hw_top_physopt.dcp' has been generated.
Command: route_design
Attempting to get a license for feature 'Implementation' and/or device 'xck26'
INFO: [Common 17-349] Got license for feature 'Implementation' and/or device 'xck26'


Starting Routing Task
INFO: [Route 35-254] Multithreading enabled for route_design using a maximum of 2 CPUs

Phase 1 Build RT Design
Checksum: PlaceDB: a37e9902 ConstDB: 0 ShapeSum: f3072c6b RouteDB: 9c518958
Nodegraph reading from file.  Time (s): cpu = 00:00:00.48 ; elapsed = 00:00:00.52 . Memory (MB): peak = 4551.270 ; gain = 0.000 ; free physical = 2433 ; free virtual = 38444
Post Restoration Checksum: NetGraph: 5804c2db | NumContArr: 5a5129d | Constraints: 1940e7c0 | Timing: c2a8fa9d
Phase 1 Build RT Design | Checksum: 13993b7d5

Time (s): cpu = 00:00:11 ; elapsed = 00:00:07 . Memory (MB): peak = 4551.270 ; gain = 0.000 ; free physical = 2520 ; free virtual = 38552

Phase 2 Router Initialization

Phase 2.1 Fix Topology Constraints
Phase 2.1 Fix Topology Constraints | Checksum: 13993b7d5

Time (s): cpu = 00:00:11 ; elapsed = 00:00:07 . Memory (MB): peak = 4551.270 ; gain = 0.000 ; free physical = 2520 ; free virtual = 38552

Phase 2.2 Pre Route Cleanup
Phase 2.2 Pre Route Cleanup | Checksum: 13993b7d5

Time (s): cpu = 00:00:11 ; elapsed = 00:00:07 . Memory (MB): peak = 4551.270 ; gain = 0.000 ; free physical = 2523 ; free virtual = 38555

Phase 2.3 Global Clock Net Routing
 Number of Nodes with overlaps = 0
Phase 2.3 Global Clock Net Routing | Checksum: 19c43602f

Time (s): cpu = 00:00:12 ; elapsed = 00:00:08 . Memory (MB): peak = 4551.270 ; gain = 0.000 ; free physical = 2524 ; free virtual = 38557

Phase 2.4 Update Timing
Phase 2.4 Update Timing | Checksum: 16cb3e846

Time (s): cpu = 00:00:17 ; elapsed = 00:00:10 . Memory (MB): peak = 4551.270 ; gain = 0.000 ; free physical = 2546 ; free virtual = 38578
INFO: [Route 35-416] Intermediate Timing Summary | WNS=6.175  | TNS=0.000  | WHS=-0.080 | THS=-113.114|


Phase 2.5 Update Timing for Bus Skew

Phase 2.5.1 Update Timing
Phase 2.5.1 Update Timing | Checksum: 19d251eb4

Time (s): cpu = 00:00:26 ; elapsed = 00:00:16 . Memory (MB): peak = 4551.270 ; gain = 0.000 ; free physical = 2573 ; free virtual = 38604
INFO: [Route 35-416] Intermediate Timing Summary | WNS=6.175  | TNS=0.000  | WHS=-0.090 | THS=-4.936 |

Phase 2.5 Update Timing for Bus Skew | Checksum: 1c03f1327

Time (s): cpu = 00:00:26 ; elapsed = 00:00:16 . Memory (MB): peak = 4551.270 ; gain = 0.000 ; free physical = 2571 ; free virtual = 38603

Phase 2.6 Soft Constraint Pins - Fast Budgeting
Phase 2.6 Soft Constraint Pins - Fast Budgeting | Checksum: 1c03f1327

Time (s): cpu = 00:00:27 ; elapsed = 00:00:16 . Memory (MB): peak = 4551.270 ; gain = 0.000 ; free physical = 2570 ; free virtual = 38601

Router Utilization Summary
  Global Vertical Routing Utilization    = 0.0030182 %
  Global Horizontal Routing Utilization  = 0.00084957 %
  Routable Net Status*
  *Does not include unroutable nets such as driverless and loadless.
  Run report_route_status for detailed report.
  Number of Failed Nets               = 19810
    (Failed Nets is the sum of unrouted and partially routed nets)
  Number of Unrouted Nets             = 17522
  Number of Partially Routed Nets     = 2288
  Number of Node Overlaps             = 0

Phase 2 Router Initialization | Checksum: 1eefa60a1

Time (s): cpu = 00:00:28 ; elapsed = 00:00:17 . Memory (MB): peak = 4551.270 ; gain = 0.000 ; free physical = 2558 ; free virtual = 38597

Phase 3 Global Routing
Phase 3 Global Routing | Checksum: 1eefa60a1

Time (s): cpu = 00:00:28 ; elapsed = 00:00:17 . Memory (MB): peak = 4551.270 ; gain = 0.000 ; free physical = 2558 ; free virtual = 38598

Phase 4 Initial Routing

Phase 4.1 Initial Net Routing Pass
Phase 4.1 Initial Net Routing Pass | Checksum: 234567d84

Time (s): cpu = 00:00:33 ; elapsed = 00:00:20 . Memory (MB): peak = 4551.270 ; gain = 0.000 ; free physical = 2551 ; free virtual = 38591
Phase 4 Initial Routing | Checksum: 2d725cd9a

Time (s): cpu = 00:00:33 ; elapsed = 00:00:20 . Memory (MB): peak = 4551.270 ; gain = 0.000 ; free physical = 2550 ; free virtual = 38590

Phase 5 Rip-up And Reroute

Phase 5.1 Global Iteration 0
 Number of Nodes with overlaps = 2917
 Number of Nodes with overlaps = 159
 Number of Nodes with overlaps = 3
 Number of Nodes with overlaps = 1
 Number of Nodes with overlaps = 0
INFO: [Route 35-416] Intermediate Timing Summary | WNS=5.655  | TNS=0.000  | WHS=-0.043 | THS=-0.248 |

Phase 5.1 Global Iteration 0 | Checksum: 2af91b6be

Time (s): cpu = 00:00:58 ; elapsed = 00:00:35 . Memory (MB): peak = 4551.270 ; gain = 0.000 ; free physical = 2569 ; free virtual = 38577

Phase 5.2 Additional Iteration for Hold
Phase 5.2 Additional Iteration for Hold | Checksum: 1ed64c86d

Time (s): cpu = 00:00:58 ; elapsed = 00:00:35 . Memory (MB): peak = 4551.270 ; gain = 0.000 ; free physical = 2568 ; free virtual = 38577
Phase 5 Rip-up And Reroute | Checksum: 1ed64c86d

Time (s): cpu = 00:00:58 ; elapsed = 00:00:35 . Memory (MB): peak = 4551.270 ; gain = 0.000 ; free physical = 2568 ; free virtual = 38577

Phase 6 Delay and Skew Optimization

Phase 6.1 Delay CleanUp
INFO: [Route 35-416] Intermediate Timing Summary | WNS=5.655  | TNS=0.000  | WHS=0.011  | THS=0.000  |

INFO: [Route 35-416] Intermediate Timing Summary | WNS=5.655  | TNS=0.000  | WHS=0.011  | THS=0.000  |

Phase 6.1 Delay CleanUp | Checksum: 1da579b2c

Time (s): cpu = 00:01:02 ; elapsed = 00:00:37 . Memory (MB): peak = 4551.270 ; gain = 0.000 ; free physical = 2556 ; free virtual = 38568

Phase 6.2 Clock Skew Optimization
Phase 6.2 Clock Skew Optimization | Checksum: 1da579b2c

Time (s): cpu = 00:01:03 ; elapsed = 00:00:37 . Memory (MB): peak = 4551.270 ; gain = 0.000 ; free physical = 2555 ; free virtual = 38567
Phase 6 Delay and Skew Optimization | Checksum: 1da579b2c

Time (s): cpu = 00:01:03 ; elapsed = 00:00:37 . Memory (MB): peak = 4551.270 ; gain = 0.000 ; free physical = 2554 ; free virtual = 38566

Phase 7 Post Hold Fix

Phase 7.1 Hold Fix Iter
INFO: [Route 35-416] Intermediate Timing Summary | WNS=5.655  | TNS=0.000  | WHS=0.011  | THS=0.000  |

Phase 7.1 Hold Fix Iter | Checksum: 1ff5a8e25

Time (s): cpu = 00:01:06 ; elapsed = 00:00:39 . Memory (MB): peak = 4551.270 ; gain = 0.000 ; free physical = 2569 ; free virtual = 38581
Phase 7 Post Hold Fix | Checksum: 1ff5a8e25

Time (s): cpu = 00:01:06 ; elapsed = 00:00:39 . Memory (MB): peak = 4551.270 ; gain = 0.000 ; free physical = 2569 ; free virtual = 38582

Phase 8 Route finalize

Router Utilization Summary
  Global Vertical Routing Utilization    = 1.59439 %
  Global Horizontal Routing Utilization  = 1.98299 %
  Routable Net Status*
  *Does not include unroutable nets such as driverless and loadless.
  Run report_route_status for detailed report.
  Number of Failed Nets               = 0
    (Failed Nets is the sum of unrouted and partially routed nets)
  Number of Unrouted Nets             = 0
  Number of Partially Routed Nets     = 0
  Number of Node Overlaps             = 0

Phase 8 Route finalize | Checksum: 1ff5a8e25

Time (s): cpu = 00:01:06 ; elapsed = 00:00:39 . Memory (MB): peak = 4551.270 ; gain = 0.000 ; free physical = 2567 ; free virtual = 38579

Phase 9 Verifying routed nets

 Verification completed successfully
Phase 9 Verifying routed nets | Checksum: 1ff5a8e25

Time (s): cpu = 00:01:06 ; elapsed = 00:00:39 . Memory (MB): peak = 4551.270 ; gain = 0.000 ; free physical = 2567 ; free virtual = 38580

Phase 10 Depositing Routes
Phase 10 Depositing Routes | Checksum: 1ff5a8e25

Time (s): cpu = 00:01:08 ; elapsed = 00:00:40 . Memory (MB): peak = 4551.270 ; gain = 0.000 ; free physical = 2550 ; free virtual = 38561

Phase 11 Resolve XTalk
Phase 11 Resolve XTalk | Checksum: 1ff5a8e25

Time (s): cpu = 00:01:08 ; elapsed = 00:00:40 . Memory (MB): peak = 4551.270 ; gain = 0.000 ; free physical = 2550 ; free virtual = 38561

Phase 12 Post Process Routing
Phase 12 Post Process Routing | Checksum: 1ff5a8e25

Time (s): cpu = 00:01:08 ; elapsed = 00:00:41 . Memory (MB): peak = 4551.270 ; gain = 0.000 ; free physical = 2549 ; free virtual = 38560

Phase 13 Post Router Timing
INFO: [Route 35-57] Estimated Timing Summary | WNS=5.655  | TNS=0.000  | WHS=0.011  | THS=0.000  |

INFO: [Route 35-327] The final timing numbers are based on the router estimated timing analysis. For a complete and accurate timing signoff, please run report_timing_summary.
Phase 13 Post Router Timing | Checksum: 1ff5a8e25

Time (s): cpu = 00:01:08 ; elapsed = 00:00:41 . Memory (MB): peak = 4551.270 ; gain = 0.000 ; free physical = 2550 ; free virtual = 38561
Total Elapsed time in route_design: 40.55 secs

Phase 14 Post-Route Event Processing
Phase 14 Post-Route Event Processing | Checksum: 1e9618333

Time (s): cpu = 00:01:08 ; elapsed = 00:00:41 . Memory (MB): peak = 4551.270 ; gain = 0.000 ; free physical = 2548 ; free virtual = 38560
INFO: [Route 35-16] Router Completed Successfully
Ending Routing Task | Checksum: 1e9618333

Time (s): cpu = 00:01:09 ; elapsed = 00:00:41 . Memory (MB): peak = 4551.270 ; gain = 0.000 ; free physical = 2547 ; free virtual = 38558

Routing Is Done.
INFO: [Common 17-83] Releasing license: Implementation
148 Infos, 4 Warnings, 0 Critical Warnings and 0 Errors encountered.
route_design completed successfully
route_design: Time (s): cpu = 00:01:09 ; elapsed = 00:00:41 . Memory (MB): peak = 4551.270 ; gain = 0.000 ; free physical = 2552 ; free virtual = 38564
INFO: [Vivado 12-24828] Executing command : report_drc -file iis3dwbg1_kr260_hw_top_drc_routed.rpt -pb iis3dwbg1_kr260_hw_top_drc_routed.pb -rpx iis3dwbg1_kr260_hw_top_drc_routed.rpx
Command: report_drc -file iis3dwbg1_kr260_hw_top_drc_routed.rpt -pb iis3dwbg1_kr260_hw_top_drc_routed.pb -rpx iis3dwbg1_kr260_hw_top_drc_routed.rpx
INFO: [IP_Flow 19-1839] IP Catalog is up to date.
INFO: [DRC 23-27] Running DRC with 2 threads
INFO: [Vivado_Tcl 2-168] The results of DRC are in file /home/kuszman/Magisterka/Intelligent-Vibroacoustic-Machine-Diagnostic-System-on-FPGA/spi/spi_true/spi_accelerometer_true/spi_accelerometer_true.runs/impl_1/iis3dwbg1_kr260_hw_top_drc_routed.rpt.
report_drc completed successfully
report_drc: Time (s): cpu = 00:00:11 ; elapsed = 00:00:06 . Memory (MB): peak = 4551.270 ; gain = 0.000 ; free physical = 2529 ; free virtual = 38539
INFO: [Vivado 12-24828] Executing command : report_methodology -file iis3dwbg1_kr260_hw_top_methodology_drc_routed.rpt -pb iis3dwbg1_kr260_hw_top_methodology_drc_routed.pb -rpx iis3dwbg1_kr260_hw_top_methodology_drc_routed.rpx
Command: report_methodology -file iis3dwbg1_kr260_hw_top_methodology_drc_routed.rpt -pb iis3dwbg1_kr260_hw_top_methodology_drc_routed.pb -rpx iis3dwbg1_kr260_hw_top_methodology_drc_routed.rpx
INFO: [Timing 38-35] Done setting XDC timing constraints.
INFO: [DRC 23-133] Running Methodology with 2 threads
INFO: [Vivado_Tcl 2-1520] The results of Report Methodology are in file /home/kuszman/Magisterka/Intelligent-Vibroacoustic-Machine-Diagnostic-System-on-FPGA/spi/spi_true/spi_accelerometer_true/spi_accelerometer_true.runs/impl_1/iis3dwbg1_kr260_hw_top_methodology_drc_routed.rpt.
report_methodology completed successfully
INFO: [Vivado 12-24828] Executing command : report_timing_summary -max_paths 10 -routable_nets -report_unconstrained -file iis3dwbg1_kr260_hw_top_timing_summary_routed.rpt -pb iis3dwbg1_kr260_hw_top_timing_summary_routed.pb -rpx iis3dwbg1_kr260_hw_top_timing_summary_routed.rpx -warn_on_violation 
INFO: [Timing 38-35] Done setting XDC timing constraints.
INFO: [Timing 38-91] UpdateTimingParams: Speed grade: -2LV, Temperature grade: C, Delay Type: min_max.
INFO: [Timing 38-191] Multithreading enabled for timing update using a maximum of 2 CPUs
WARNING: [Timing 38-436] There are set_bus_skew constraint(s) in this design. Please run report_bus_skew to ensure that bus skew requirements are met.
INFO: [Vivado 12-24838] Running report commands "report_bus_skew, report_incremental_reuse, report_route_status" in parallel.
Running report generation with 2 threads.
INFO: [Vivado 12-24828] Executing command : report_incremental_reuse -file iis3dwbg1_kr260_hw_top_incremental_reuse_routed.rpt
INFO: [Vivado_Tcl 4-1062] Incremental flow is disabled. No incremental reuse Info to report.
INFO: [Vivado 12-24828] Executing command : report_bus_skew -warn_on_violation -file iis3dwbg1_kr260_hw_top_bus_skew_routed.rpt -pb iis3dwbg1_kr260_hw_top_bus_skew_routed.pb -rpx iis3dwbg1_kr260_hw_top_bus_skew_routed.rpx
INFO: [Timing 38-91] UpdateTimingParams: Speed grade: -2LV, Temperature grade: C, Delay Type: min_max.
INFO: [Timing 38-191] Multithreading enabled for timing update using a maximum of 2 CPUs
INFO: [Vivado 12-24828] Executing command : report_route_status -file iis3dwbg1_kr260_hw_top_route_status.rpt -pb iis3dwbg1_kr260_hw_top_route_status.pb
INFO: [Vivado 12-24828] Executing command : report_power -file iis3dwbg1_kr260_hw_top_power_routed.rpt -pb iis3dwbg1_kr260_hw_top_power_summary_routed.pb -rpx iis3dwbg1_kr260_hw_top_power_routed.rpx
Command: report_power -file iis3dwbg1_kr260_hw_top_power_routed.rpt -pb iis3dwbg1_kr260_hw_top_power_summary_routed.pb -rpx iis3dwbg1_kr260_hw_top_power_routed.rpx
Running Vector-less Activity Propagation...

Finished Running Vector-less Activity Propagation
WARNING: [Power 33-332] Found switching activity that implies high-fanout reset nets being asserted for excessive periods of time which may result in inaccurate power analysis.
Resolution: To review and fix problems, please run Power Constraints Advisor in the GUI from Tools > Power Constraints Advisor or run report_power with the -advisory option to generate a text report.
168 Infos, 6 Warnings, 0 Critical Warnings and 0 Errors encountered.
report_power completed successfully
report_power: Time (s): cpu = 00:00:11 ; elapsed = 00:00:09 . Memory (MB): peak = 4551.270 ; gain = 0.000 ; free physical = 2551 ; free virtual = 38574
INFO: [Vivado 12-24828] Executing command : report_clock_utilization -file iis3dwbg1_kr260_hw_top_clock_utilization_routed.rpt
generate_parallel_reports: Time (s): cpu = 00:00:39 ; elapsed = 00:00:27 . Memory (MB): peak = 4551.270 ; gain = 0.000 ; free physical = 2564 ; free virtual = 38584
INFO: [Timing 38-480] Writing timing data to binary archive.
Write ShapeDB Complete: Time (s): cpu = 00:00:00.32 ; elapsed = 00:00:00.07 . Memory (MB): peak = 4551.270 ; gain = 0.000 ; free physical = 2563 ; free virtual = 38589
Wrote PlaceDB: Time (s): cpu = 00:00:02 ; elapsed = 00:00:00.78 . Memory (MB): peak = 4551.270 ; gain = 0.000 ; free physical = 2545 ; free virtual = 38589
Wrote PulsedLatchDB: Time (s): cpu = 00:00:00 ; elapsed = 00:00:00 . Memory (MB): peak = 4551.270 ; gain = 0.000 ; free physical = 2545 ; free virtual = 38589
Writing XDEF routing.
Writing XDEF routing logical nets.
Writing XDEF routing special nets.
Wrote RouteStorage: Time (s): cpu = 00:00:00.66 ; elapsed = 00:00:00.23 . Memory (MB): peak = 4551.270 ; gain = 0.000 ; free physical = 2542 ; free virtual = 38591
Wrote Netlist Cache: Time (s): cpu = 00:00:00.05 ; elapsed = 00:00:00.02 . Memory (MB): peak = 4551.270 ; gain = 0.000 ; free physical = 2542 ; free virtual = 38592
Wrote Device Cache: Time (s): cpu = 00:00:00.04 ; elapsed = 00:00:00.02 . Memory (MB): peak = 4551.270 ; gain = 0.000 ; free physical = 2535 ; free virtual = 38588
Write Physdb Complete: Time (s): cpu = 00:00:03 ; elapsed = 00:00:01 . Memory (MB): peak = 4551.270 ; gain = 0.000 ; free physical = 2535 ; free virtual = 38588
INFO: [Common 17-1381] The checkpoint '/home/kuszman/Magisterka/Intelligent-Vibroacoustic-Machine-Diagnostic-System-on-FPGA/spi/spi_true/spi_accelerometer_true/spi_accelerometer_true.runs/impl_1/iis3dwbg1_kr260_hw_top_routed.dcp' has been generated.

WARNING::74 - Unsupported FPGA device name 'xck26-sfvc784-2LV-c'. Verify that the specified device is a valid customer supported device.
-p xck26-sfvc784-2LV-c
   ^

INFO: [Memdata 28-167] Found XPM memory block dma_system_inst/axis_clock_converter_0/inst/gen_async_conv.axisc_async_clock_converter_0/xpm_fifo_async_inst/gnuram_async_fifo.xpm_fifo_base_inst/gen_sdpram.xpm_memory_base_inst with a P_MEMORY_PRIMITIVE property set to distributed. A value of block is required. You will not be able to use the updatemem program to update the bitstream with new data for the dma_system_inst/axis_clock_converter_0/inst/gen_async_conv.axisc_async_clock_converter_0/xpm_fifo_async_inst/gnuram_async_fifo.xpm_fifo_base_inst/gen_sdpram.xpm_memory_base_inst block.
INFO: [Memdata 28-167] Found XPM memory block dma_system_inst/axi_smc_1/inst/s01_nodes/s01_r_node/inst/inst_mi_handler/gen_normal_area.inst_fifo_node_payld/gen_xpm_memory_fifo.inst_fifo/gen_mem_rep[0].inst_xpm_memory/xpm_memory_base_inst with a P_MEMORY_PRIMITIVE property set to distributed. A value of block is required. You will not be able to use the updatemem program to update the bitstream with new data for the dma_system_inst/axi_smc_1/inst/s01_nodes/s01_r_node/inst/inst_mi_handler/gen_normal_area.inst_fifo_node_payld/gen_xpm_memory_fifo.inst_fifo/gen_mem_rep[0].inst_xpm_memory/xpm_memory_base_inst block.
INFO: [Memdata 28-167] Found XPM memory block dma_system_inst/axi_smc_1/inst/s01_nodes/s01_ar_node/inst/inst_mi_handler/gen_normal_area.inst_fifo_node_payld/gen_xpm_memory_fifo.inst_fifo/gen_mem_rep[0].inst_xpm_memory/xpm_memory_base_inst with a P_MEMORY_PRIMITIVE property set to distributed. A value of block is required. You will not be able to use the updatemem program to update the bitstream with new data for the dma_system_inst/axi_smc_1/inst/s01_nodes/s01_ar_node/inst/inst_mi_handler/gen_normal_area.inst_fifo_node_payld/gen_xpm_memory_fifo.inst_fifo/gen_mem_rep[0].inst_xpm_memory/xpm_memory_base_inst block.
INFO: [Memdata 28-167] Found XPM memory block dma_system_inst/axi_smc_1/inst/s00_nodes/s00_w_node/inst/inst_mi_handler/gen_normal_area.inst_fifo_node_payld/gen_xpm_memory_fifo.inst_fifo/gen_mem_rep[0].inst_xpm_memory/xpm_memory_base_inst with a P_MEMORY_PRIMITIVE property set to distributed. A value of block is required. You will not be able to use the updatemem program to update the bitstream with new data for the dma_system_inst/axi_smc_1/inst/s00_nodes/s00_w_node/inst/inst_mi_handler/gen_normal_area.inst_fifo_node_payld/gen_xpm_memory_fifo.inst_fifo/gen_mem_rep[0].inst_xpm_memory/xpm_memory_base_inst block.
INFO: [Memdata 28-167] Found XPM memory block dma_system_inst/axi_smc_1/inst/s00_nodes/s00_w_node/inst/inst_mi_handler/gen_normal_area.gen_fifo_req.inst_fifo_req/gen_xpm_memory_fifo.inst_fifo/gen_mem_rep[0].inst_xpm_memory/xpm_memory_base_inst with a P_MEMORY_PRIMITIVE property set to distributed. A value of block is required. You will not be able to use the updatemem program to update the bitstream with new data for the dma_system_inst/axi_smc_1/inst/s00_nodes/s00_w_node/inst/inst_mi_handler/gen_normal_area.gen_fifo_req.inst_fifo_req/gen_xpm_memory_fifo.inst_fifo/gen_mem_rep[0].inst_xpm_memory/xpm_memory_base_inst block.
INFO: [Memdata 28-167] Found XPM memory block dma_system_inst/axi_smc_1/inst/s00_nodes/s00_b_node/inst/inst_mi_handler/gen_normal_area.inst_fifo_node_payld/gen_xpm_memory_fifo.inst_fifo/gen_mem_rep[0].inst_xpm_memory/xpm_memory_base_inst with a P_MEMORY_PRIMITIVE property set to distributed. A value of block is required. You will not be able to use the updatemem program to update the bitstream with new data for the dma_system_inst/axi_smc_1/inst/s00_nodes/s00_b_node/inst/inst_mi_handler/gen_normal_area.inst_fifo_node_payld/gen_xpm_memory_fifo.inst_fifo/gen_mem_rep[0].inst_xpm_memory/xpm_memory_base_inst block.
INFO: [Memdata 28-167] Found XPM memory block dma_system_inst/axi_smc_1/inst/s00_nodes/s00_aw_node/inst/inst_mi_handler/gen_normal_area.inst_fifo_node_payld/gen_xpm_memory_fifo.inst_fifo/gen_mem_rep[0].inst_xpm_memory/xpm_memory_base_inst with a P_MEMORY_PRIMITIVE property set to distributed. A value of block is required. You will not be able to use the updatemem program to update the bitstream with new data for the dma_system_inst/axi_smc_1/inst/s00_nodes/s00_aw_node/inst/inst_mi_handler/gen_normal_area.inst_fifo_node_payld/gen_xpm_memory_fifo.inst_fifo/gen_mem_rep[0].inst_xpm_memory/xpm_memory_base_inst block.
INFO: [Memdata 28-167] Found XPM memory block dma_system_inst/axi_smc_1/inst/m00_nodes/m00_w_node/inst/inst_si_handler/gen_si_handler.gen_request_fifos.gen_req_fifo[0].inst_req_fifo/gen_xpm_memory_fifo.inst_fifo/gen_mem_rep[0].inst_xpm_memory/xpm_memory_base_inst with a P_MEMORY_PRIMITIVE property set to distributed. A value of block is required. You will not be able to use the updatemem program to update the bitstream with new data for the dma_system_inst/axi_smc_1/inst/m00_nodes/m00_w_node/inst/inst_si_handler/gen_si_handler.gen_request_fifos.gen_req_fifo[0].inst_req_fifo/gen_xpm_memory_fifo.inst_fifo/gen_mem_rep[0].inst_xpm_memory/xpm_memory_base_inst block.
INFO: [Memdata 28-167] Found XPM memory block dma_system_inst/axi_smc_1/inst/m00_nodes/m00_w_node/inst/inst_mi_handler/gen_normal_area.inst_fifo_node_payld/gen_xpm_memory_fifo.inst_fifo/gen_mem_rep[0].inst_xpm_memory/xpm_memory_base_inst with a P_MEMORY_PRIMITIVE property set to distributed. A value of block is required. You will not be able to use the updatemem program to update the bitstream with new data for the dma_system_inst/axi_smc_1/inst/m00_nodes/m00_w_node/inst/inst_mi_handler/gen_normal_area.inst_fifo_node_payld/gen_xpm_memory_fifo.inst_fifo/gen_mem_rep[0].inst_xpm_memory/xpm_memory_base_inst block.
INFO: [Memdata 28-167] Found XPM memory block dma_system_inst/axi_smc_1/inst/m00_nodes/m00_r_node/inst/inst_mi_handler/gen_normal_area.inst_fifo_node_payld/gen_xpm_memory_fifo.inst_fifo/gen_mem_rep[0].inst_xpm_memory/xpm_memory_base_inst with a P_MEMORY_PRIMITIVE property set to distributed. A value of block is required. You will not be able to use the updatemem program to update the bitstream with new data for the dma_system_inst/axi_smc_1/inst/m00_nodes/m00_r_node/inst/inst_mi_handler/gen_normal_area.inst_fifo_node_payld/gen_xpm_memory_fifo.inst_fifo/gen_mem_rep[0].inst_xpm_memory/xpm_memory_base_inst block.
INFO: [Memdata 28-167] Found XPM memory block dma_system_inst/axi_smc_1/inst/m00_nodes/m00_r_node/inst/inst_mi_handler/gen_normal_area.gen_fifo_req.inst_fifo_req/gen_xpm_memory_fifo.inst_fifo/gen_mem_rep[0].inst_xpm_memory/xpm_memory_base_inst with a P_MEMORY_PRIMITIVE property set to distributed. A value of block is required. You will not be able to use the updatemem program to update the bitstream with new data for the dma_system_inst/axi_smc_1/inst/m00_nodes/m00_r_node/inst/inst_mi_handler/gen_normal_area.gen_fifo_req.inst_fifo_req/gen_xpm_memory_fifo.inst_fifo/gen_mem_rep[0].inst_xpm_memory/xpm_memory_base_inst block.
INFO: [Memdata 28-167] Found XPM memory block dma_system_inst/axi_smc_1/inst/m00_nodes/m00_b_node/inst/inst_mi_handler/gen_normal_area.inst_fifo_node_payld/gen_xpm_memory_fifo.inst_fifo/gen_mem_rep[0].inst_xpm_memory/xpm_memory_base_inst with a P_MEMORY_PRIMITIVE property set to distributed. A value of block is required. You will not be able to use the updatemem program to update the bitstream with new data for the dma_system_inst/axi_smc_1/inst/m00_nodes/m00_b_node/inst/inst_mi_handler/gen_normal_area.inst_fifo_node_payld/gen_xpm_memory_fifo.inst_fifo/gen_mem_rep[0].inst_xpm_memory/xpm_memory_base_inst block.
INFO: [Memdata 28-167] Found XPM memory block dma_system_inst/axi_smc_1/inst/m00_nodes/m00_b_node/inst/inst_mi_handler/gen_normal_area.gen_fifo_req.inst_fifo_req/gen_xpm_memory_fifo.inst_fifo/gen_mem_rep[0].inst_xpm_memory/xpm_memory_base_inst with a P_MEMORY_PRIMITIVE property set to distributed. A value of block is required. You will not be able to use the updatemem program to update the bitstream with new data for the dma_system_inst/axi_smc_1/inst/m00_nodes/m00_b_node/inst/inst_mi_handler/gen_normal_area.gen_fifo_req.inst_fifo_req/gen_xpm_memory_fifo.inst_fifo/gen_mem_rep[0].inst_xpm_memory/xpm_memory_base_inst block.
INFO: [Memdata 28-167] Found XPM memory block dma_system_inst/axi_smc_1/inst/m00_nodes/m00_aw_node/inst/inst_mi_handler/gen_normal_area.inst_fifo_node_payld/gen_xpm_memory_fifo.inst_fifo/gen_mem_rep[0].inst_xpm_memory/xpm_memory_base_inst with a P_MEMORY_PRIMITIVE property set to distributed. A value of block is required. You will not be able to use the updatemem program to update the bitstream with new data for the dma_system_inst/axi_smc_1/inst/m00_nodes/m00_aw_node/inst/inst_mi_handler/gen_normal_area.inst_fifo_node_payld/gen_xpm_memory_fifo.inst_fifo/gen_mem_rep[0].inst_xpm_memory/xpm_memory_base_inst block.
INFO: [Memdata 28-167] Found XPM memory block dma_system_inst/axi_smc_1/inst/m00_nodes/m00_ar_node/inst/inst_mi_handler/gen_normal_area.inst_fifo_node_payld/gen_xpm_memory_fifo.inst_fifo/gen_mem_rep[0].inst_xpm_memory/xpm_memory_base_inst with a P_MEMORY_PRIMITIVE property set to distributed. A value of block is required. You will not be able to use the updatemem program to update the bitstream with new data for the dma_system_inst/axi_smc_1/inst/m00_nodes/m00_ar_node/inst/inst_mi_handler/gen_normal_area.inst_fifo_node_payld/gen_xpm_memory_fifo.inst_fifo/gen_mem_rep[0].inst_xpm_memory/xpm_memory_base_inst block.
INFO: [Memdata 28-167] Found XPM memory block dma_system_inst/axi_dma_0/U0/I_PRMRY_DATAMOVER/GEN_S2MM_FULL.I_S2MM_FULL_WRAPPER/GEN_ENABLE_INDET_BTT_SF.I_INDET_BTT/I_XD_FIFO/NON_BLK_MEM.I_SYNC_FIFOGEN_FIFO/xpm_fifo_base_inst/gen_sdpram.xpm_memory_base_inst with a P_MEMORY_PRIMITIVE property set to auto. A value of block is required. You will not be able to use the updatemem program to update the bitstream with new data for the dma_system_inst/axi_dma_0/U0/I_PRMRY_DATAMOVER/GEN_S2MM_FULL.I_S2MM_FULL_WRAPPER/GEN_ENABLE_INDET_BTT_SF.I_INDET_BTT/I_XD_FIFO/NON_BLK_MEM.I_SYNC_FIFOGEN_FIFO/xpm_fifo_base_inst/gen_sdpram.xpm_memory_base_inst block.
INFO: [Memdata 28-208] The XPM instance: <dma_system_inst/axi_dma_0/U0/I_PRMRY_DATAMOVER/GEN_S2MM_FULL.I_S2MM_FULL_WRAPPER/GEN_ENABLE_INDET_BTT_SF.I_INDET_BTT/I_DATA_FIFO/BLK_MEM.I_SYNC_FIFOGEN_FIFO/xpm_fifo_base_inst/gen_sdpram.xpm_memory_base_inst> is part of IP: <dma_system_inst/axi_dma_0>. This XPM instance will be excluded from the .mmi because updatemem is prohibited from making changes to an XPM that is part of an IP.
INFO: [Memdata 28-208] The XPM instance: <dma_system_inst/axi_dma_0/U0/I_PRMRY_DATAMOVER/GEN_MM2S_FULL.I_MM2S_FULL_WRAPPER/GEN_INCLUDE_MM2S_SF.I_RD_SF/I_DATA_FIFO/BLK_MEM.I_SYNC_FIFOGEN_FIFO/xpm_fifo_base_inst/gen_sdpram.xpm_memory_base_inst> is part of IP: <dma_system_inst/axi_dma_0>. This XPM instance will be excluded from the .mmi because updatemem is prohibited from making changes to an XPM that is part of an IP.
Command: write_bitstream -force iis3dwbg1_kr260_hw_top.bit
Attempting to get a license for feature 'Implementation' and/or device 'xck26'
INFO: [Common 17-349] Got license for feature 'Implementation' and/or device 'xck26'
Running DRC as a precondition to command write_bitstream
INFO: [IP_Flow 19-1839] IP Catalog is up to date.
INFO: [DRC 23-27] Running DRC with 2 threads
INFO: [Vivado 12-3199] DRC finished with 0 Errors
INFO: [Vivado 12-3200] Please refer to the DRC report (report_drc) for more information.
Integrating Hard IP ELF/MEM with the PDI.
INFO: [Designutils 20-2272] Running write_bitstream with 2 threads.
Loading data files...
Loading site data...
Loading route data...
Processing options...
Creating bitmap...
Creating bitstream...
Writing bitstream ./iis3dwbg1_kr260_hw_top.bit...
INFO: [Vivado 12-1842] Bitgen Completed Successfully.
INFO: [Common 17-83] Releasing license: Implementation
197 Infos, 6 Warnings, 0 Critical Warnings and 0 Errors encountered.
write_bitstream completed successfully
write_bitstream: Time (s): cpu = 00:00:15 ; elapsed = 00:00:11 . Memory (MB): peak = 4590.848 ; gain = 39.578 ; free physical = 2420 ; free virtual = 38423
INFO: [Common 17-206] Exiting Vivado at Fri Aug  7 08:49:05 2026...
