
*** Running vivado
    with args -log dma_system_axi_smc_1_0.vds -m64 -product Vivado -mode batch -messageDb vivado.pb -notrace -source dma_system_axi_smc_1_0.tcl


****** Vivado v2025.2 (64-bit)
  **** SW Build 6299465 on Fri Nov 14 12:34:56 MST 2025
  **** IP Build 6300035 on Fri Nov 14 10:48:45 MST 2025
  **** SharedData Build 6298862 on Thu Nov 13 04:50:51 MST 2025
  **** Start of session at: Fri Aug  7 08:41:01 2026
    ** Copyright 1986-2022 Xilinx, Inc. All Rights Reserved.
    ** Copyright 2022-2025 Advanced Micro Devices, Inc. All Rights Reserved.

Sourcing tcl script '/home/kuszman/.Xilinx/Vivado/Vivado_init.tcl'
source dma_system_axi_smc_1_0.tcl -notrace
Command: synth_design -top dma_system_axi_smc_1_0 -part xck26-sfvc784-2LV-c -incremental_mode off -mode out_of_context
Starting synth_design
Attempting to get a license for feature 'Synthesis' and/or device 'xck26'
INFO: [Common 17-349] Got license for feature 'Synthesis' and/or device 'xck26'
INFO: [Device 21-403] Loading part xck26-sfvc784-2LV-c
INFO: [Synth 8-7079] Multithreading enabled for synth_design using a maximum of 2 processes.
INFO: [Synth 8-7078] Launching helper process for spawning children vivado processes
INFO: [Synth 8-7075] Helper process launched with PID 182418
---------------------------------------------------------------------------------
Starting RTL Elaboration : Time (s): cpu = 00:00:05 ; elapsed = 00:00:05 . Memory (MB): peak = 2753.871 ; gain = 150.688 ; free physical = 221 ; free virtual = 36462
---------------------------------------------------------------------------------
INFO: [Synth 8-6157] synthesizing module 'dma_system_axi_smc_1_0' [/home/kuszman/Magisterka/Intelligent-Vibroacoustic-Machine-Diagnostic-System-on-FPGA/spi/spi_true/spi_accelerometer_true/spi_accelerometer_true.gen/sources_1/bd/dma_system/ip/dma_system_axi_smc_1_0/synth/dma_system_axi_smc_1_0.v:53]
INFO: [Synth 8-6157] synthesizing module 'bd_2185' [/home/kuszman/Magisterka/Intelligent-Vibroacoustic-Machine-Diagnostic-System-on-FPGA/spi/spi_true/spi_accelerometer_true/spi_accelerometer_true.gen/sources_1/bd/dma_system/ip/dma_system_axi_smc_1_0/bd_0/synth/bd_2185.v:10]
INFO: [Synth 8-6157] synthesizing module 'clk_map_imp_5UKPWV' [/home/kuszman/Magisterka/Intelligent-Vibroacoustic-Machine-Diagnostic-System-on-FPGA/spi/spi_true/spi_accelerometer_true/spi_accelerometer_true.gen/sources_1/bd/dma_system/ip/dma_system_axi_smc_1_0/bd_0/synth/bd_2185.v:882]
INFO: [Synth 8-638] synthesizing module 'bd_2185_psr_aclk_0' [/home/kuszman/Magisterka/Intelligent-Vibroacoustic-Machine-Diagnostic-System-on-FPGA/spi/spi_true/spi_accelerometer_true/spi_accelerometer_true.gen/sources_1/bd/dma_system/ip/dma_system_axi_smc_1_0/bd_0/ip/ip_1/synth/bd_2185_psr_aclk_0.vhd:74]
	Parameter C_FAMILY bound to: zynquplus - type: string 
	Parameter C_EXT_RST_WIDTH bound to: 4 - type: integer 
	Parameter C_AUX_RST_WIDTH bound to: 1 - type: integer 
	Parameter C_EXT_RESET_HIGH bound to: 1'b0 
	Parameter C_AUX_RESET_HIGH bound to: 1'b0 
	Parameter C_NUM_BUS_RST bound to: 1 - type: integer 
	Parameter C_NUM_PERP_RST bound to: 1 - type: integer 
	Parameter C_NUM_INTERCONNECT_ARESETN bound to: 1 - type: integer 
	Parameter C_NUM_PERP_ARESETN bound to: 1 - type: integer 
INFO: [Synth 8-3491] module 'proc_sys_reset' declared at '/home/kuszman/Magisterka/Intelligent-Vibroacoustic-Machine-Diagnostic-System-on-FPGA/spi/spi_true/spi_accelerometer_true/spi_accelerometer_true.gen/sources_1/bd/dma_system/ipshared/9438/hdl/proc_sys_reset_v5_0_vh_rfs.vhd:1243' bound to instance 'U0' of component 'proc_sys_reset' [/home/kuszman/Magisterka/Intelligent-Vibroacoustic-Machine-Diagnostic-System-on-FPGA/spi/spi_true/spi_accelerometer_true/spi_accelerometer_true.gen/sources_1/bd/dma_system/ip/dma_system_axi_smc_1_0/bd_0/ip/ip_1/synth/bd_2185_psr_aclk_0.vhd:139]
INFO: [Synth 8-638] synthesizing module 'proc_sys_reset' [/home/kuszman/Magisterka/Intelligent-Vibroacoustic-Machine-Diagnostic-System-on-FPGA/spi/spi_true/spi_accelerometer_true/spi_accelerometer_true.gen/sources_1/bd/dma_system/ipshared/9438/hdl/proc_sys_reset_v5_0_vh_rfs.vhd:1302]
	Parameter INIT bound to: 1'b1 
INFO: [Synth 8-113] binding component instance 'FDRE_inst' to cell 'FDRE' [/home/kuszman/Magisterka/Intelligent-Vibroacoustic-Machine-Diagnostic-System-on-FPGA/spi/spi_true/spi_accelerometer_true/spi_accelerometer_true.gen/sources_1/bd/dma_system/ipshared/9438/hdl/proc_sys_reset_v5_0_vh_rfs.vhd:1371]
	Parameter INIT bound to: 1'b1 
INFO: [Synth 8-113] binding component instance 'FDRE_BSR' to cell 'FDRE' [/home/kuszman/Magisterka/Intelligent-Vibroacoustic-Machine-Diagnostic-System-on-FPGA/spi/spi_true/spi_accelerometer_true/spi_accelerometer_true.gen/sources_1/bd/dma_system/ipshared/9438/hdl/proc_sys_reset_v5_0_vh_rfs.vhd:1387]
	Parameter INIT bound to: 1'b0 
INFO: [Synth 8-113] binding component instance 'FDRE_BSR_N' to cell 'FDRE' [/home/kuszman/Magisterka/Intelligent-Vibroacoustic-Machine-Diagnostic-System-on-FPGA/spi/spi_true/spi_accelerometer_true/spi_accelerometer_true.gen/sources_1/bd/dma_system/ipshared/9438/hdl/proc_sys_reset_v5_0_vh_rfs.vhd:1413]
	Parameter INIT bound to: 1'b1 
INFO: [Synth 8-113] binding component instance 'FDRE_PER' to cell 'FDRE' [/home/kuszman/Magisterka/Intelligent-Vibroacoustic-Machine-Diagnostic-System-on-FPGA/spi/spi_true/spi_accelerometer_true/spi_accelerometer_true.gen/sources_1/bd/dma_system/ipshared/9438/hdl/proc_sys_reset_v5_0_vh_rfs.vhd:1436]
	Parameter INIT bound to: 1'b0 
INFO: [Synth 8-113] binding component instance 'FDRE_PER_N' to cell 'FDRE' [/home/kuszman/Magisterka/Intelligent-Vibroacoustic-Machine-Diagnostic-System-on-FPGA/spi/spi_true/spi_accelerometer_true/spi_accelerometer_true.gen/sources_1/bd/dma_system/ipshared/9438/hdl/proc_sys_reset_v5_0_vh_rfs.vhd:1460]
INFO: [Synth 8-638] synthesizing module 'lpf' [/home/kuszman/Magisterka/Intelligent-Vibroacoustic-Machine-Diagnostic-System-on-FPGA/spi/spi_true/spi_accelerometer_true/spi_accelerometer_true.gen/sources_1/bd/dma_system/ipshared/9438/hdl/proc_sys_reset_v5_0_vh_rfs.vhd:821]
INFO: [Synth 8-3491] module 'SRL16' declared at '/home/kuszman/Xilinx/2025.2/Vivado/scripts/rt/data/unisim_comp.v:165318' bound to instance 'POR_SRL_I' of component 'SRL16' [/home/kuszman/Magisterka/Intelligent-Vibroacoustic-Machine-Diagnostic-System-on-FPGA/spi/spi_true/spi_accelerometer_true/spi_accelerometer_true.gen/sources_1/bd/dma_system/ipshared/9438/hdl/proc_sys_reset_v5_0_vh_rfs.vhd:873]
INFO: [Synth 8-6157] synthesizing module 'SRL16' [/home/kuszman/Xilinx/2025.2/Vivado/scripts/rt/data/unisim_comp.v:165318]
INFO: [Synth 8-6155] done synthesizing module 'SRL16' (0#1) [/home/kuszman/Xilinx/2025.2/Vivado/scripts/rt/data/unisim_comp.v:165318]
	Parameter DEST_SYNC_FF bound to: 4 - type: integer 
	Parameter INIT_SYNC_FF bound to: 0 - type: integer 
	Parameter SIM_ASSERT_CHK bound to: 0 - type: integer 
	Parameter SRC_INPUT_REG bound to: 0 - type: integer 
INFO: [Synth 8-3491] module 'xpm_cdc_single' declared at '/home/kuszman/Xilinx/2025.2/data/ip/xpm/xpm_cdc/hdl/xpm_cdc.sv:152' bound to instance 'ACT_LO_EXT' of component 'xpm_cdc_single' [/home/kuszman/Magisterka/Intelligent-Vibroacoustic-Machine-Diagnostic-System-on-FPGA/spi/spi_true/spi_accelerometer_true/spi_accelerometer_true.gen/sources_1/bd/dma_system/ipshared/9438/hdl/proc_sys_reset_v5_0_vh_rfs.vhd:968]
INFO: [Synth 8-6157] synthesizing module 'xpm_cdc_single' [/home/kuszman/Xilinx/2025.2/data/ip/xpm/xpm_cdc/hdl/xpm_cdc.sv:152]
INFO: [Synth 8-6155] done synthesizing module 'xpm_cdc_single' (0#1) [/home/kuszman/Xilinx/2025.2/data/ip/xpm/xpm_cdc/hdl/xpm_cdc.sv:152]
	Parameter DEST_SYNC_FF bound to: 4 - type: integer 
	Parameter INIT_SYNC_FF bound to: 0 - type: integer 
	Parameter SIM_ASSERT_CHK bound to: 0 - type: integer 
	Parameter SRC_INPUT_REG bound to: 0 - type: integer 
INFO: [Synth 8-3491] module 'xpm_cdc_single' declared at '/home/kuszman/Xilinx/2025.2/data/ip/xpm/xpm_cdc/hdl/xpm_cdc.sv:152' bound to instance 'ACT_LO_AUX' of component 'xpm_cdc_single' [/home/kuszman/Magisterka/Intelligent-Vibroacoustic-Machine-Diagnostic-System-on-FPGA/spi/spi_true/spi_accelerometer_true/spi_accelerometer_true.gen/sources_1/bd/dma_system/ipshared/9438/hdl/proc_sys_reset_v5_0_vh_rfs.vhd:1015]
INFO: [Synth 8-256] done synthesizing module 'lpf' (0#1) [/home/kuszman/Magisterka/Intelligent-Vibroacoustic-Machine-Diagnostic-System-on-FPGA/spi/spi_true/spi_accelerometer_true/spi_accelerometer_true.gen/sources_1/bd/dma_system/ipshared/9438/hdl/proc_sys_reset_v5_0_vh_rfs.vhd:821]
INFO: [Synth 8-638] synthesizing module 'sequence_psr' [/home/kuszman/Magisterka/Intelligent-Vibroacoustic-Machine-Diagnostic-System-on-FPGA/spi/spi_true/spi_accelerometer_true/spi_accelerometer_true.gen/sources_1/bd/dma_system/ipshared/9438/hdl/proc_sys_reset_v5_0_vh_rfs.vhd:304]
INFO: [Synth 8-638] synthesizing module 'upcnt_n' [/home/kuszman/Magisterka/Intelligent-Vibroacoustic-Machine-Diagnostic-System-on-FPGA/spi/spi_true/spi_accelerometer_true/spi_accelerometer_true.gen/sources_1/bd/dma_system/ipshared/9438/hdl/proc_sys_reset_v5_0_vh_rfs.vhd:126]
INFO: [Synth 8-256] done synthesizing module 'upcnt_n' (0#1) [/home/kuszman/Magisterka/Intelligent-Vibroacoustic-Machine-Diagnostic-System-on-FPGA/spi/spi_true/spi_accelerometer_true/spi_accelerometer_true.gen/sources_1/bd/dma_system/ipshared/9438/hdl/proc_sys_reset_v5_0_vh_rfs.vhd:126]
INFO: [Synth 8-256] done synthesizing module 'sequence_psr' (0#1) [/home/kuszman/Magisterka/Intelligent-Vibroacoustic-Machine-Diagnostic-System-on-FPGA/spi/spi_true/spi_accelerometer_true/spi_accelerometer_true.gen/sources_1/bd/dma_system/ipshared/9438/hdl/proc_sys_reset_v5_0_vh_rfs.vhd:304]
INFO: [Synth 8-256] done synthesizing module 'proc_sys_reset' (0#1) [/home/kuszman/Magisterka/Intelligent-Vibroacoustic-Machine-Diagnostic-System-on-FPGA/spi/spi_true/spi_accelerometer_true/spi_accelerometer_true.gen/sources_1/bd/dma_system/ipshared/9438/hdl/proc_sys_reset_v5_0_vh_rfs.vhd:1302]
INFO: [Synth 8-256] done synthesizing module 'bd_2185_psr_aclk_0' (0#1) [/home/kuszman/Magisterka/Intelligent-Vibroacoustic-Machine-Diagnostic-System-on-FPGA/spi/spi_true/spi_accelerometer_true/spi_accelerometer_true.gen/sources_1/bd/dma_system/ip/dma_system_axi_smc_1_0/bd_0/ip/ip_1/synth/bd_2185_psr_aclk_0.vhd:74]
WARNING: [Synth 8-7071] port 'mb_reset' of module 'bd_2185_psr_aclk_0' is unconnected for instance 'psr_aclk' [/home/kuszman/Magisterka/Intelligent-Vibroacoustic-Machine-Diagnostic-System-on-FPGA/spi/spi_true/spi_accelerometer_true/spi_accelerometer_true.gen/sources_1/bd/dma_system/ip/dma_system_axi_smc_1_0/bd_0/synth/bd_2185.v:919]
WARNING: [Synth 8-7071] port 'bus_struct_reset' of module 'bd_2185_psr_aclk_0' is unconnected for instance 'psr_aclk' [/home/kuszman/Magisterka/Intelligent-Vibroacoustic-Machine-Diagnostic-System-on-FPGA/spi/spi_true/spi_accelerometer_true/spi_accelerometer_true.gen/sources_1/bd/dma_system/ip/dma_system_axi_smc_1_0/bd_0/synth/bd_2185.v:919]
WARNING: [Synth 8-7071] port 'peripheral_reset' of module 'bd_2185_psr_aclk_0' is unconnected for instance 'psr_aclk' [/home/kuszman/Magisterka/Intelligent-Vibroacoustic-Machine-Diagnostic-System-on-FPGA/spi/spi_true/spi_accelerometer_true/spi_accelerometer_true.gen/sources_1/bd/dma_system/ip/dma_system_axi_smc_1_0/bd_0/synth/bd_2185.v:919]
WARNING: [Synth 8-7071] port 'peripheral_aresetn' of module 'bd_2185_psr_aclk_0' is unconnected for instance 'psr_aclk' [/home/kuszman/Magisterka/Intelligent-Vibroacoustic-Machine-Diagnostic-System-on-FPGA/spi/spi_true/spi_accelerometer_true/spi_accelerometer_true.gen/sources_1/bd/dma_system/ip/dma_system_axi_smc_1_0/bd_0/synth/bd_2185.v:919]
WARNING: [Synth 8-7023] instance 'psr_aclk' of module 'bd_2185_psr_aclk_0' has 10 connections declared, but only 6 given [/home/kuszman/Magisterka/Intelligent-Vibroacoustic-Machine-Diagnostic-System-on-FPGA/spi/spi_true/spi_accelerometer_true/spi_accelerometer_true.gen/sources_1/bd/dma_system/ip/dma_system_axi_smc_1_0/bd_0/synth/bd_2185.v:919]
INFO: [Synth 8-6155] done synthesizing module 'clk_map_imp_5UKPWV' (0#1) [/home/kuszman/Magisterka/Intelligent-Vibroacoustic-Machine-Diagnostic-System-on-FPGA/spi/spi_true/spi_accelerometer_true/spi_accelerometer_true.gen/sources_1/bd/dma_system/ip/dma_system_axi_smc_1_0/bd_0/synth/bd_2185.v:882]
INFO: [Synth 8-6157] synthesizing module 'm00_exit_pipeline_imp_1TYNT9W' [/home/kuszman/Magisterka/Intelligent-Vibroacoustic-Machine-Diagnostic-System-on-FPGA/spi/spi_true/spi_accelerometer_true/spi_accelerometer_true.gen/sources_1/bd/dma_system/ip/dma_system_axi_smc_1_0/bd_0/synth/bd_2185.v:928]
INFO: [Synth 8-6157] synthesizing module 'bd_2185_m00e_0' [/home/kuszman/Magisterka/Intelligent-Vibroacoustic-Machine-Diagnostic-System-on-FPGA/spi/spi_true/spi_accelerometer_true/spi_accelerometer_true.gen/sources_1/bd/dma_system/ip/dma_system_axi_smc_1_0/bd_0/ip/ip_26/synth/bd_2185_m00e_0.sv:53]
INFO: [Synth 8-6157] synthesizing module 'xpm_cdc_async_rst' [/home/kuszman/Xilinx/2025.2/data/ip/xpm/xpm_cdc/hdl/xpm_cdc.sv:1175]
INFO: [Synth 8-6155] done synthesizing module 'xpm_cdc_async_rst' (0#1) [/home/kuszman/Xilinx/2025.2/data/ip/xpm/xpm_cdc/hdl/xpm_cdc.sv:1175]
INFO: [Synth 8-6155] done synthesizing module 'bd_2185_m00e_0' (0#1) [/home/kuszman/Magisterka/Intelligent-Vibroacoustic-Machine-Diagnostic-System-on-FPGA/spi/spi_true/spi_accelerometer_true/spi_accelerometer_true.gen/sources_1/bd/dma_system/ip/dma_system_axi_smc_1_0/bd_0/ip/ip_26/synth/bd_2185_m00e_0.sv:53]
INFO: [Synth 8-6155] done synthesizing module 'm00_exit_pipeline_imp_1TYNT9W' (0#1) [/home/kuszman/Magisterka/Intelligent-Vibroacoustic-Machine-Diagnostic-System-on-FPGA/spi/spi_true/spi_accelerometer_true/spi_accelerometer_true.gen/sources_1/bd/dma_system/ip/dma_system_axi_smc_1_0/bd_0/synth/bd_2185.v:928]
INFO: [Synth 8-6157] synthesizing module 'm00_nodes_imp_1GLFKYG' [/home/kuszman/Magisterka/Intelligent-Vibroacoustic-Machine-Diagnostic-System-on-FPGA/spi/spi_true/spi_accelerometer_true/spi_accelerometer_true.gen/sources_1/bd/dma_system/ip/dma_system_axi_smc_1_0/bd_0/synth/bd_2185.v:1226]
INFO: [Synth 8-6157] synthesizing module 'bd_2185_m00arn_0' [/home/kuszman/Magisterka/Intelligent-Vibroacoustic-Machine-Diagnostic-System-on-FPGA/spi/spi_true/spi_accelerometer_true/spi_accelerometer_true.gen/sources_1/bd/dma_system/ip/dma_system_axi_smc_1_0/bd_0/ip/ip_21/synth/bd_2185_m00arn_0.sv:53]
INFO: [Synth 8-6157] synthesizing module 'xpm_memory_sdpram' [/home/kuszman/Xilinx/2025.2/data/ip/xpm/xpm_memory/hdl/xpm_memory.sv:8996]
INFO: [Synth 8-6157] synthesizing module 'xpm_memory_base' [/home/kuszman/Xilinx/2025.2/data/ip/xpm/xpm_memory/hdl/xpm_memory.sv:54]
INFO: [Synth 8-6155] done synthesizing module 'xpm_memory_base' (0#1) [/home/kuszman/Xilinx/2025.2/data/ip/xpm/xpm_memory/hdl/xpm_memory.sv:54]
INFO: [Synth 8-6155] done synthesizing module 'xpm_memory_sdpram' (0#1) [/home/kuszman/Xilinx/2025.2/data/ip/xpm/xpm_memory/hdl/xpm_memory.sv:8996]
INFO: [Synth 8-6157] synthesizing module 'xpm_memory_sdpram__parameterized0' [/home/kuszman/Xilinx/2025.2/data/ip/xpm/xpm_memory/hdl/xpm_memory.sv:8996]
INFO: [Synth 8-6157] synthesizing module 'xpm_memory_base__parameterized0' [/home/kuszman/Xilinx/2025.2/data/ip/xpm/xpm_memory/hdl/xpm_memory.sv:54]
INFO: [Synth 8-6155] done synthesizing module 'xpm_memory_base__parameterized0' (0#1) [/home/kuszman/Xilinx/2025.2/data/ip/xpm/xpm_memory/hdl/xpm_memory.sv:54]
INFO: [Synth 8-6155] done synthesizing module 'xpm_memory_sdpram__parameterized0' (0#1) [/home/kuszman/Xilinx/2025.2/data/ip/xpm/xpm_memory/hdl/xpm_memory.sv:8996]
INFO: [Synth 8-6155] done synthesizing module 'bd_2185_m00arn_0' (0#1) [/home/kuszman/Magisterka/Intelligent-Vibroacoustic-Machine-Diagnostic-System-on-FPGA/spi/spi_true/spi_accelerometer_true/spi_accelerometer_true.gen/sources_1/bd/dma_system/ip/dma_system_axi_smc_1_0/bd_0/ip/ip_21/synth/bd_2185_m00arn_0.sv:53]
INFO: [Synth 8-6157] synthesizing module 'bd_2185_m00awn_0' [/home/kuszman/Magisterka/Intelligent-Vibroacoustic-Machine-Diagnostic-System-on-FPGA/spi/spi_true/spi_accelerometer_true/spi_accelerometer_true.gen/sources_1/bd/dma_system/ip/dma_system_axi_smc_1_0/bd_0/ip/ip_23/synth/bd_2185_m00awn_0.sv:53]
INFO: [Synth 8-6155] done synthesizing module 'bd_2185_m00awn_0' (0#1) [/home/kuszman/Magisterka/Intelligent-Vibroacoustic-Machine-Diagnostic-System-on-FPGA/spi/spi_true/spi_accelerometer_true/spi_accelerometer_true.gen/sources_1/bd/dma_system/ip/dma_system_axi_smc_1_0/bd_0/ip/ip_23/synth/bd_2185_m00awn_0.sv:53]
INFO: [Synth 8-6157] synthesizing module 'bd_2185_m00bn_0' [/home/kuszman/Magisterka/Intelligent-Vibroacoustic-Machine-Diagnostic-System-on-FPGA/spi/spi_true/spi_accelerometer_true/spi_accelerometer_true.gen/sources_1/bd/dma_system/ip/dma_system_axi_smc_1_0/bd_0/ip/ip_25/synth/bd_2185_m00bn_0.sv:53]
INFO: [Synth 8-6157] synthesizing module 'xpm_memory_sdpram__parameterized1' [/home/kuszman/Xilinx/2025.2/data/ip/xpm/xpm_memory/hdl/xpm_memory.sv:8996]
INFO: [Synth 8-6157] synthesizing module 'xpm_memory_base__parameterized1' [/home/kuszman/Xilinx/2025.2/data/ip/xpm/xpm_memory/hdl/xpm_memory.sv:54]
INFO: [Synth 8-6155] done synthesizing module 'xpm_memory_base__parameterized1' (0#1) [/home/kuszman/Xilinx/2025.2/data/ip/xpm/xpm_memory/hdl/xpm_memory.sv:54]
INFO: [Synth 8-6155] done synthesizing module 'xpm_memory_sdpram__parameterized1' (0#1) [/home/kuszman/Xilinx/2025.2/data/ip/xpm/xpm_memory/hdl/xpm_memory.sv:8996]
INFO: [Synth 8-6157] synthesizing module 'xpm_memory_sdpram__parameterized2' [/home/kuszman/Xilinx/2025.2/data/ip/xpm/xpm_memory/hdl/xpm_memory.sv:8996]
INFO: [Synth 8-6157] synthesizing module 'xpm_memory_base__parameterized2' [/home/kuszman/Xilinx/2025.2/data/ip/xpm/xpm_memory/hdl/xpm_memory.sv:54]
INFO: [Synth 8-6155] done synthesizing module 'xpm_memory_base__parameterized2' (0#1) [/home/kuszman/Xilinx/2025.2/data/ip/xpm/xpm_memory/hdl/xpm_memory.sv:54]
INFO: [Synth 8-6155] done synthesizing module 'xpm_memory_sdpram__parameterized2' (0#1) [/home/kuszman/Xilinx/2025.2/data/ip/xpm/xpm_memory/hdl/xpm_memory.sv:8996]
INFO: [Synth 8-6155] done synthesizing module 'bd_2185_m00bn_0' (0#1) [/home/kuszman/Magisterka/Intelligent-Vibroacoustic-Machine-Diagnostic-System-on-FPGA/spi/spi_true/spi_accelerometer_true/spi_accelerometer_true.gen/sources_1/bd/dma_system/ip/dma_system_axi_smc_1_0/bd_0/ip/ip_25/synth/bd_2185_m00bn_0.sv:53]
INFO: [Synth 8-6157] synthesizing module 'bd_2185_m00rn_0' [/home/kuszman/Magisterka/Intelligent-Vibroacoustic-Machine-Diagnostic-System-on-FPGA/spi/spi_true/spi_accelerometer_true/spi_accelerometer_true.gen/sources_1/bd/dma_system/ip/dma_system_axi_smc_1_0/bd_0/ip/ip_22/synth/bd_2185_m00rn_0.sv:53]
INFO: [Synth 8-6157] synthesizing module 'xpm_memory_sdpram__parameterized3' [/home/kuszman/Xilinx/2025.2/data/ip/xpm/xpm_memory/hdl/xpm_memory.sv:8996]
INFO: [Synth 8-6157] synthesizing module 'xpm_memory_base__parameterized3' [/home/kuszman/Xilinx/2025.2/data/ip/xpm/xpm_memory/hdl/xpm_memory.sv:54]
INFO: [Synth 8-6155] done synthesizing module 'xpm_memory_base__parameterized3' (0#1) [/home/kuszman/Xilinx/2025.2/data/ip/xpm/xpm_memory/hdl/xpm_memory.sv:54]
INFO: [Synth 8-6155] done synthesizing module 'xpm_memory_sdpram__parameterized3' (0#1) [/home/kuszman/Xilinx/2025.2/data/ip/xpm/xpm_memory/hdl/xpm_memory.sv:8996]
INFO: [Synth 8-6155] done synthesizing module 'bd_2185_m00rn_0' (0#1) [/home/kuszman/Magisterka/Intelligent-Vibroacoustic-Machine-Diagnostic-System-on-FPGA/spi/spi_true/spi_accelerometer_true/spi_accelerometer_true.gen/sources_1/bd/dma_system/ip/dma_system_axi_smc_1_0/bd_0/ip/ip_22/synth/bd_2185_m00rn_0.sv:53]
INFO: [Synth 8-6157] synthesizing module 'bd_2185_m00wn_0' [/home/kuszman/Magisterka/Intelligent-Vibroacoustic-Machine-Diagnostic-System-on-FPGA/spi/spi_true/spi_accelerometer_true/spi_accelerometer_true.gen/sources_1/bd/dma_system/ip/dma_system_axi_smc_1_0/bd_0/ip/ip_24/synth/bd_2185_m00wn_0.sv:53]
INFO: [Synth 8-6157] synthesizing module 'xpm_memory_sdpram__parameterized4' [/home/kuszman/Xilinx/2025.2/data/ip/xpm/xpm_memory/hdl/xpm_memory.sv:8996]
INFO: [Synth 8-6157] synthesizing module 'xpm_memory_base__parameterized4' [/home/kuszman/Xilinx/2025.2/data/ip/xpm/xpm_memory/hdl/xpm_memory.sv:54]
INFO: [Synth 8-6155] done synthesizing module 'xpm_memory_base__parameterized4' (0#1) [/home/kuszman/Xilinx/2025.2/data/ip/xpm/xpm_memory/hdl/xpm_memory.sv:54]
INFO: [Synth 8-6155] done synthesizing module 'xpm_memory_sdpram__parameterized4' (0#1) [/home/kuszman/Xilinx/2025.2/data/ip/xpm/xpm_memory/hdl/xpm_memory.sv:8996]
INFO: [Synth 8-6157] synthesizing module 'xpm_memory_sdpram__parameterized5' [/home/kuszman/Xilinx/2025.2/data/ip/xpm/xpm_memory/hdl/xpm_memory.sv:8996]
INFO: [Synth 8-6157] synthesizing module 'xpm_memory_base__parameterized5' [/home/kuszman/Xilinx/2025.2/data/ip/xpm/xpm_memory/hdl/xpm_memory.sv:54]
INFO: [Synth 8-6155] done synthesizing module 'xpm_memory_base__parameterized5' (0#1) [/home/kuszman/Xilinx/2025.2/data/ip/xpm/xpm_memory/hdl/xpm_memory.sv:54]
INFO: [Synth 8-6155] done synthesizing module 'xpm_memory_sdpram__parameterized5' (0#1) [/home/kuszman/Xilinx/2025.2/data/ip/xpm/xpm_memory/hdl/xpm_memory.sv:8996]
INFO: [Synth 8-6155] done synthesizing module 'bd_2185_m00wn_0' (0#1) [/home/kuszman/Magisterka/Intelligent-Vibroacoustic-Machine-Diagnostic-System-on-FPGA/spi/spi_true/spi_accelerometer_true/spi_accelerometer_true.gen/sources_1/bd/dma_system/ip/dma_system_axi_smc_1_0/bd_0/ip/ip_24/synth/bd_2185_m00wn_0.sv:53]
INFO: [Synth 8-6155] done synthesizing module 'm00_nodes_imp_1GLFKYG' (0#1) [/home/kuszman/Magisterka/Intelligent-Vibroacoustic-Machine-Diagnostic-System-on-FPGA/spi/spi_true/spi_accelerometer_true/spi_accelerometer_true.gen/sources_1/bd/dma_system/ip/dma_system_axi_smc_1_0/bd_0/synth/bd_2185.v:1226]
INFO: [Synth 8-6157] synthesizing module 'bd_2185_m00s2a_0' [/home/kuszman/Magisterka/Intelligent-Vibroacoustic-Machine-Diagnostic-System-on-FPGA/spi/spi_true/spi_accelerometer_true/spi_accelerometer_true.gen/sources_1/bd/dma_system/ip/dma_system_axi_smc_1_0/bd_0/ip/ip_20/synth/bd_2185_m00s2a_0.sv:53]
INFO: [Synth 8-6155] done synthesizing module 'bd_2185_m00s2a_0' (0#1) [/home/kuszman/Magisterka/Intelligent-Vibroacoustic-Machine-Diagnostic-System-on-FPGA/spi/spi_true/spi_accelerometer_true/spi_accelerometer_true.gen/sources_1/bd/dma_system/ip/dma_system_axi_smc_1_0/bd_0/ip/ip_20/synth/bd_2185_m00s2a_0.sv:53]
INFO: [Synth 8-6157] synthesizing module 'bd_2185_s00a2s_0' [/home/kuszman/Magisterka/Intelligent-Vibroacoustic-Machine-Diagnostic-System-on-FPGA/spi/spi_true/spi_accelerometer_true/spi_accelerometer_true.gen/sources_1/bd/dma_system/ip/dma_system_axi_smc_1_0/bd_0/ip/ip_10/synth/bd_2185_s00a2s_0.sv:53]
INFO: [Synth 8-6155] done synthesizing module 'bd_2185_s00a2s_0' (0#1) [/home/kuszman/Magisterka/Intelligent-Vibroacoustic-Machine-Diagnostic-System-on-FPGA/spi/spi_true/spi_accelerometer_true/spi_accelerometer_true.gen/sources_1/bd/dma_system/ip/dma_system_axi_smc_1_0/bd_0/ip/ip_10/synth/bd_2185_s00a2s_0.sv:53]
INFO: [Synth 8-6157] synthesizing module 's00_entry_pipeline_imp_UOGK53' [/home/kuszman/Magisterka/Intelligent-Vibroacoustic-Machine-Diagnostic-System-on-FPGA/spi/spi_true/spi_accelerometer_true/spi_accelerometer_true.gen/sources_1/bd/dma_system/ip/dma_system_axi_smc_1_0/bd_0/synth/bd_2185.v:1477]
INFO: [Synth 8-6157] synthesizing module 'bd_2185_s00mmu_0' [/home/kuszman/Magisterka/Intelligent-Vibroacoustic-Machine-Diagnostic-System-on-FPGA/spi/spi_true/spi_accelerometer_true/spi_accelerometer_true.gen/sources_1/bd/dma_system/ip/dma_system_axi_smc_1_0/bd_0/ip/ip_7/synth/bd_2185_s00mmu_0.sv:53]
INFO: [Synth 8-6155] done synthesizing module 'bd_2185_s00mmu_0' (0#1) [/home/kuszman/Magisterka/Intelligent-Vibroacoustic-Machine-Diagnostic-System-on-FPGA/spi/spi_true/spi_accelerometer_true/spi_accelerometer_true.gen/sources_1/bd/dma_system/ip/dma_system_axi_smc_1_0/bd_0/ip/ip_7/synth/bd_2185_s00mmu_0.sv:53]
INFO: [Synth 8-6157] synthesizing module 'bd_2185_s00sic_0' [/home/kuszman/Magisterka/Intelligent-Vibroacoustic-Machine-Diagnostic-System-on-FPGA/spi/spi_true/spi_accelerometer_true/spi_accelerometer_true.gen/sources_1/bd/dma_system/ip/dma_system_axi_smc_1_0/bd_0/ip/ip_9/synth/bd_2185_s00sic_0.sv:53]
INFO: [Synth 8-6155] done synthesizing module 'bd_2185_s00sic_0' (0#1) [/home/kuszman/Magisterka/Intelligent-Vibroacoustic-Machine-Diagnostic-System-on-FPGA/spi/spi_true/spi_accelerometer_true/spi_accelerometer_true.gen/sources_1/bd/dma_system/ip/dma_system_axi_smc_1_0/bd_0/ip/ip_9/synth/bd_2185_s00sic_0.sv:53]
INFO: [Synth 8-6157] synthesizing module 'bd_2185_s00tr_0' [/home/kuszman/Magisterka/Intelligent-Vibroacoustic-Machine-Diagnostic-System-on-FPGA/spi/spi_true/spi_accelerometer_true/spi_accelerometer_true.gen/sources_1/bd/dma_system/ip/dma_system_axi_smc_1_0/bd_0/ip/ip_8/synth/bd_2185_s00tr_0.sv:53]
INFO: [Synth 8-6155] done synthesizing module 'bd_2185_s00tr_0' (0#1) [/home/kuszman/Magisterka/Intelligent-Vibroacoustic-Machine-Diagnostic-System-on-FPGA/spi/spi_true/spi_accelerometer_true/spi_accelerometer_true.gen/sources_1/bd/dma_system/ip/dma_system_axi_smc_1_0/bd_0/ip/ip_8/synth/bd_2185_s00tr_0.sv:53]
WARNING: [Synth 8-7071] port 'm_axi_awburst' of module 'bd_2185_s00tr_0' is unconnected for instance 's00_transaction_regulator' [/home/kuszman/Magisterka/Intelligent-Vibroacoustic-Machine-Diagnostic-System-on-FPGA/spi/spi_true/spi_accelerometer_true/spi_accelerometer_true.gen/sources_1/bd/dma_system/ip/dma_system_axi_smc_1_0/bd_0/synth/bd_2185.v:1734]
WARNING: [Synth 8-7023] instance 's00_transaction_regulator' of module 'bd_2185_s00tr_0' has 46 connections declared, but only 45 given [/home/kuszman/Magisterka/Intelligent-Vibroacoustic-Machine-Diagnostic-System-on-FPGA/spi/spi_true/spi_accelerometer_true/spi_accelerometer_true.gen/sources_1/bd/dma_system/ip/dma_system_axi_smc_1_0/bd_0/synth/bd_2185.v:1734]
INFO: [Synth 8-6155] done synthesizing module 's00_entry_pipeline_imp_UOGK53' (0#1) [/home/kuszman/Magisterka/Intelligent-Vibroacoustic-Machine-Diagnostic-System-on-FPGA/spi/spi_true/spi_accelerometer_true/spi_accelerometer_true.gen/sources_1/bd/dma_system/ip/dma_system_axi_smc_1_0/bd_0/synth/bd_2185.v:1477]
INFO: [Synth 8-6157] synthesizing module 's00_nodes_imp_Y6AX9P' [/home/kuszman/Magisterka/Intelligent-Vibroacoustic-Machine-Diagnostic-System-on-FPGA/spi/spi_true/spi_accelerometer_true/spi_accelerometer_true.gen/sources_1/bd/dma_system/ip/dma_system_axi_smc_1_0/bd_0/synth/bd_2185.v:1782]
INFO: [Synth 8-6157] synthesizing module 'bd_2185_sawn_0' [/home/kuszman/Magisterka/Intelligent-Vibroacoustic-Machine-Diagnostic-System-on-FPGA/spi/spi_true/spi_accelerometer_true/spi_accelerometer_true.gen/sources_1/bd/dma_system/ip/dma_system_axi_smc_1_0/bd_0/ip/ip_11/synth/bd_2185_sawn_0.sv:53]
INFO: [Synth 8-6157] synthesizing module 'xpm_memory_sdpram__parameterized6' [/home/kuszman/Xilinx/2025.2/data/ip/xpm/xpm_memory/hdl/xpm_memory.sv:8996]
INFO: [Synth 8-6157] synthesizing module 'xpm_memory_base__parameterized6' [/home/kuszman/Xilinx/2025.2/data/ip/xpm/xpm_memory/hdl/xpm_memory.sv:54]
INFO: [Synth 8-6155] done synthesizing module 'xpm_memory_base__parameterized6' (0#1) [/home/kuszman/Xilinx/2025.2/data/ip/xpm/xpm_memory/hdl/xpm_memory.sv:54]
INFO: [Synth 8-6155] done synthesizing module 'xpm_memory_sdpram__parameterized6' (0#1) [/home/kuszman/Xilinx/2025.2/data/ip/xpm/xpm_memory/hdl/xpm_memory.sv:8996]
INFO: [Synth 8-6157] synthesizing module 'xpm_memory_sdpram__parameterized7' [/home/kuszman/Xilinx/2025.2/data/ip/xpm/xpm_memory/hdl/xpm_memory.sv:8996]
INFO: [Synth 8-6157] synthesizing module 'xpm_memory_base__parameterized7' [/home/kuszman/Xilinx/2025.2/data/ip/xpm/xpm_memory/hdl/xpm_memory.sv:54]
INFO: [Synth 8-6155] done synthesizing module 'xpm_memory_base__parameterized7' (0#1) [/home/kuszman/Xilinx/2025.2/data/ip/xpm/xpm_memory/hdl/xpm_memory.sv:54]
INFO: [Synth 8-6155] done synthesizing module 'xpm_memory_sdpram__parameterized7' (0#1) [/home/kuszman/Xilinx/2025.2/data/ip/xpm/xpm_memory/hdl/xpm_memory.sv:8996]
INFO: [Synth 8-6155] done synthesizing module 'bd_2185_sawn_0' (0#1) [/home/kuszman/Magisterka/Intelligent-Vibroacoustic-Machine-Diagnostic-System-on-FPGA/spi/spi_true/spi_accelerometer_true/spi_accelerometer_true.gen/sources_1/bd/dma_system/ip/dma_system_axi_smc_1_0/bd_0/ip/ip_11/synth/bd_2185_sawn_0.sv:53]
INFO: [Synth 8-6157] synthesizing module 'bd_2185_sbn_0' [/home/kuszman/Magisterka/Intelligent-Vibroacoustic-Machine-Diagnostic-System-on-FPGA/spi/spi_true/spi_accelerometer_true/spi_accelerometer_true.gen/sources_1/bd/dma_system/ip/dma_system_axi_smc_1_0/bd_0/ip/ip_13/synth/bd_2185_sbn_0.sv:53]
INFO: [Synth 8-6157] synthesizing module 'xpm_memory_sdpram__parameterized8' [/home/kuszman/Xilinx/2025.2/data/ip/xpm/xpm_memory/hdl/xpm_memory.sv:8996]
INFO: [Synth 8-6157] synthesizing module 'xpm_memory_base__parameterized8' [/home/kuszman/Xilinx/2025.2/data/ip/xpm/xpm_memory/hdl/xpm_memory.sv:54]
INFO: [Synth 8-6155] done synthesizing module 'xpm_memory_base__parameterized8' (0#1) [/home/kuszman/Xilinx/2025.2/data/ip/xpm/xpm_memory/hdl/xpm_memory.sv:54]
INFO: [Synth 8-6155] done synthesizing module 'xpm_memory_sdpram__parameterized8' (0#1) [/home/kuszman/Xilinx/2025.2/data/ip/xpm/xpm_memory/hdl/xpm_memory.sv:8996]
INFO: [Synth 8-6155] done synthesizing module 'bd_2185_sbn_0' (0#1) [/home/kuszman/Magisterka/Intelligent-Vibroacoustic-Machine-Diagnostic-System-on-FPGA/spi/spi_true/spi_accelerometer_true/spi_accelerometer_true.gen/sources_1/bd/dma_system/ip/dma_system_axi_smc_1_0/bd_0/ip/ip_13/synth/bd_2185_sbn_0.sv:53]
INFO: [Synth 8-6157] synthesizing module 'bd_2185_swn_0' [/home/kuszman/Magisterka/Intelligent-Vibroacoustic-Machine-Diagnostic-System-on-FPGA/spi/spi_true/spi_accelerometer_true/spi_accelerometer_true.gen/sources_1/bd/dma_system/ip/dma_system_axi_smc_1_0/bd_0/ip/ip_12/synth/bd_2185_swn_0.sv:53]
INFO: [Synth 8-6157] synthesizing module 'xpm_memory_sdpram__parameterized9' [/home/kuszman/Xilinx/2025.2/data/ip/xpm/xpm_memory/hdl/xpm_memory.sv:8996]
INFO: [Synth 8-6157] synthesizing module 'xpm_memory_base__parameterized9' [/home/kuszman/Xilinx/2025.2/data/ip/xpm/xpm_memory/hdl/xpm_memory.sv:54]
INFO: [Synth 8-6155] done synthesizing module 'xpm_memory_base__parameterized9' (0#1) [/home/kuszman/Xilinx/2025.2/data/ip/xpm/xpm_memory/hdl/xpm_memory.sv:54]
INFO: [Synth 8-6155] done synthesizing module 'xpm_memory_sdpram__parameterized9' (0#1) [/home/kuszman/Xilinx/2025.2/data/ip/xpm/xpm_memory/hdl/xpm_memory.sv:8996]
INFO: [Synth 8-6155] done synthesizing module 'bd_2185_swn_0' (0#1) [/home/kuszman/Magisterka/Intelligent-Vibroacoustic-Machine-Diagnostic-System-on-FPGA/spi/spi_true/spi_accelerometer_true/spi_accelerometer_true.gen/sources_1/bd/dma_system/ip/dma_system_axi_smc_1_0/bd_0/ip/ip_12/synth/bd_2185_swn_0.sv:53]
INFO: [Synth 8-6155] done synthesizing module 's00_nodes_imp_Y6AX9P' (0#1) [/home/kuszman/Magisterka/Intelligent-Vibroacoustic-Machine-Diagnostic-System-on-FPGA/spi/spi_true/spi_accelerometer_true/spi_accelerometer_true.gen/sources_1/bd/dma_system/ip/dma_system_axi_smc_1_0/bd_0/synth/bd_2185.v:1782]
INFO: [Synth 8-6157] synthesizing module 'bd_2185_s01a2s_0' [/home/kuszman/Magisterka/Intelligent-Vibroacoustic-Machine-Diagnostic-System-on-FPGA/spi/spi_true/spi_accelerometer_true/spi_accelerometer_true.gen/sources_1/bd/dma_system/ip/dma_system_axi_smc_1_0/bd_0/ip/ip_17/synth/bd_2185_s01a2s_0.sv:53]
INFO: [Synth 8-6155] done synthesizing module 'bd_2185_s01a2s_0' (0#1) [/home/kuszman/Magisterka/Intelligent-Vibroacoustic-Machine-Diagnostic-System-on-FPGA/spi/spi_true/spi_accelerometer_true/spi_accelerometer_true.gen/sources_1/bd/dma_system/ip/dma_system_axi_smc_1_0/bd_0/ip/ip_17/synth/bd_2185_s01a2s_0.sv:53]
INFO: [Synth 8-6157] synthesizing module 's01_entry_pipeline_imp_1W81WKJ' [/home/kuszman/Magisterka/Intelligent-Vibroacoustic-Machine-Diagnostic-System-on-FPGA/spi/spi_true/spi_accelerometer_true/spi_accelerometer_true.gen/sources_1/bd/dma_system/ip/dma_system_axi_smc_1_0/bd_0/synth/bd_2185.v:1934]
INFO: [Synth 8-6157] synthesizing module 'bd_2185_s01mmu_0' [/home/kuszman/Magisterka/Intelligent-Vibroacoustic-Machine-Diagnostic-System-on-FPGA/spi/spi_true/spi_accelerometer_true/spi_accelerometer_true.gen/sources_1/bd/dma_system/ip/dma_system_axi_smc_1_0/bd_0/ip/ip_14/synth/bd_2185_s01mmu_0.sv:53]
INFO: [Synth 8-6155] done synthesizing module 'bd_2185_s01mmu_0' (0#1) [/home/kuszman/Magisterka/Intelligent-Vibroacoustic-Machine-Diagnostic-System-on-FPGA/spi/spi_true/spi_accelerometer_true/spi_accelerometer_true.gen/sources_1/bd/dma_system/ip/dma_system_axi_smc_1_0/bd_0/ip/ip_14/synth/bd_2185_s01mmu_0.sv:53]
INFO: [Synth 8-6157] synthesizing module 'bd_2185_s01sic_0' [/home/kuszman/Magisterka/Intelligent-Vibroacoustic-Machine-Diagnostic-System-on-FPGA/spi/spi_true/spi_accelerometer_true/spi_accelerometer_true.gen/sources_1/bd/dma_system/ip/dma_system_axi_smc_1_0/bd_0/ip/ip_16/synth/bd_2185_s01sic_0.sv:53]
INFO: [Synth 8-6155] done synthesizing module 'bd_2185_s01sic_0' (0#1) [/home/kuszman/Magisterka/Intelligent-Vibroacoustic-Machine-Diagnostic-System-on-FPGA/spi/spi_true/spi_accelerometer_true/spi_accelerometer_true.gen/sources_1/bd/dma_system/ip/dma_system_axi_smc_1_0/bd_0/ip/ip_16/synth/bd_2185_s01sic_0.sv:53]
INFO: [Synth 8-6157] synthesizing module 'bd_2185_s01tr_0' [/home/kuszman/Magisterka/Intelligent-Vibroacoustic-Machine-Diagnostic-System-on-FPGA/spi/spi_true/spi_accelerometer_true/spi_accelerometer_true.gen/sources_1/bd/dma_system/ip/dma_system_axi_smc_1_0/bd_0/ip/ip_15/synth/bd_2185_s01tr_0.sv:53]
INFO: [Synth 8-6155] done synthesizing module 'bd_2185_s01tr_0' (0#1) [/home/kuszman/Magisterka/Intelligent-Vibroacoustic-Machine-Diagnostic-System-on-FPGA/spi/spi_true/spi_accelerometer_true/spi_accelerometer_true.gen/sources_1/bd/dma_system/ip/dma_system_axi_smc_1_0/bd_0/ip/ip_15/synth/bd_2185_s01tr_0.sv:53]
WARNING: [Synth 8-7071] port 'm_axi_arburst' of module 'bd_2185_s01tr_0' is unconnected for instance 's01_transaction_regulator' [/home/kuszman/Magisterka/Intelligent-Vibroacoustic-Machine-Diagnostic-System-on-FPGA/spi/spi_true/spi_accelerometer_true/spi_accelerometer_true.gen/sources_1/bd/dma_system/ip/dma_system_axi_smc_1_0/bd_0/synth/bd_2185.v:2147]
WARNING: [Synth 8-7023] instance 's01_transaction_regulator' of module 'bd_2185_s01tr_0' has 38 connections declared, but only 37 given [/home/kuszman/Magisterka/Intelligent-Vibroacoustic-Machine-Diagnostic-System-on-FPGA/spi/spi_true/spi_accelerometer_true/spi_accelerometer_true.gen/sources_1/bd/dma_system/ip/dma_system_axi_smc_1_0/bd_0/synth/bd_2185.v:2147]
INFO: [Synth 8-6155] done synthesizing module 's01_entry_pipeline_imp_1W81WKJ' (0#1) [/home/kuszman/Magisterka/Intelligent-Vibroacoustic-Machine-Diagnostic-System-on-FPGA/spi/spi_true/spi_accelerometer_true/spi_accelerometer_true.gen/sources_1/bd/dma_system/ip/dma_system_axi_smc_1_0/bd_0/synth/bd_2185.v:1934]
INFO: [Synth 8-6157] synthesizing module 's01_nodes_imp_1RUU6CB' [/home/kuszman/Magisterka/Intelligent-Vibroacoustic-Machine-Diagnostic-System-on-FPGA/spi/spi_true/spi_accelerometer_true/spi_accelerometer_true.gen/sources_1/bd/dma_system/ip/dma_system_axi_smc_1_0/bd_0/synth/bd_2185.v:2187]
INFO: [Synth 8-6157] synthesizing module 'bd_2185_sarn_0' [/home/kuszman/Magisterka/Intelligent-Vibroacoustic-Machine-Diagnostic-System-on-FPGA/spi/spi_true/spi_accelerometer_true/spi_accelerometer_true.gen/sources_1/bd/dma_system/ip/dma_system_axi_smc_1_0/bd_0/ip/ip_18/synth/bd_2185_sarn_0.sv:53]
INFO: [Synth 8-6155] done synthesizing module 'bd_2185_sarn_0' (0#1) [/home/kuszman/Magisterka/Intelligent-Vibroacoustic-Machine-Diagnostic-System-on-FPGA/spi/spi_true/spi_accelerometer_true/spi_accelerometer_true.gen/sources_1/bd/dma_system/ip/dma_system_axi_smc_1_0/bd_0/ip/ip_18/synth/bd_2185_sarn_0.sv:53]
INFO: [Synth 8-6157] synthesizing module 'bd_2185_srn_0' [/home/kuszman/Magisterka/Intelligent-Vibroacoustic-Machine-Diagnostic-System-on-FPGA/spi/spi_true/spi_accelerometer_true/spi_accelerometer_true.gen/sources_1/bd/dma_system/ip/dma_system_axi_smc_1_0/bd_0/ip/ip_19/synth/bd_2185_srn_0.sv:53]
INFO: [Synth 8-6157] synthesizing module 'xpm_memory_sdpram__parameterized10' [/home/kuszman/Xilinx/2025.2/data/ip/xpm/xpm_memory/hdl/xpm_memory.sv:8996]
INFO: [Synth 8-6157] synthesizing module 'xpm_memory_base__parameterized10' [/home/kuszman/Xilinx/2025.2/data/ip/xpm/xpm_memory/hdl/xpm_memory.sv:54]
INFO: [Synth 8-6155] done synthesizing module 'xpm_memory_base__parameterized10' (0#1) [/home/kuszman/Xilinx/2025.2/data/ip/xpm/xpm_memory/hdl/xpm_memory.sv:54]
INFO: [Synth 8-6155] done synthesizing module 'xpm_memory_sdpram__parameterized10' (0#1) [/home/kuszman/Xilinx/2025.2/data/ip/xpm/xpm_memory/hdl/xpm_memory.sv:8996]
INFO: [Synth 8-6155] done synthesizing module 'bd_2185_srn_0' (0#1) [/home/kuszman/Magisterka/Intelligent-Vibroacoustic-Machine-Diagnostic-System-on-FPGA/spi/spi_true/spi_accelerometer_true/spi_accelerometer_true.gen/sources_1/bd/dma_system/ip/dma_system_axi_smc_1_0/bd_0/ip/ip_19/synth/bd_2185_srn_0.sv:53]
INFO: [Synth 8-6155] done synthesizing module 's01_nodes_imp_1RUU6CB' (0#1) [/home/kuszman/Magisterka/Intelligent-Vibroacoustic-Machine-Diagnostic-System-on-FPGA/spi/spi_true/spi_accelerometer_true/spi_accelerometer_true.gen/sources_1/bd/dma_system/ip/dma_system_axi_smc_1_0/bd_0/synth/bd_2185.v:2187]
INFO: [Synth 8-6157] synthesizing module 'switchboards_imp_4OFQ49' [/home/kuszman/Magisterka/Intelligent-Vibroacoustic-Machine-Diagnostic-System-on-FPGA/spi/spi_true/spi_accelerometer_true/spi_accelerometer_true.gen/sources_1/bd/dma_system/ip/dma_system_axi_smc_1_0/bd_0/synth/bd_2185.v:2294]
INFO: [Synth 8-6157] synthesizing module 'bd_2185_arsw_0' [/home/kuszman/Magisterka/Intelligent-Vibroacoustic-Machine-Diagnostic-System-on-FPGA/spi/spi_true/spi_accelerometer_true/spi_accelerometer_true.gen/sources_1/bd/dma_system/ip/dma_system_axi_smc_1_0/bd_0/ip/ip_2/synth/bd_2185_arsw_0.sv:53]
INFO: [Synth 8-6155] done synthesizing module 'bd_2185_arsw_0' (0#1) [/home/kuszman/Magisterka/Intelligent-Vibroacoustic-Machine-Diagnostic-System-on-FPGA/spi/spi_true/spi_accelerometer_true/spi_accelerometer_true.gen/sources_1/bd/dma_system/ip/dma_system_axi_smc_1_0/bd_0/ip/ip_2/synth/bd_2185_arsw_0.sv:53]
INFO: [Synth 8-6157] synthesizing module 'bd_2185_awsw_0' [/home/kuszman/Magisterka/Intelligent-Vibroacoustic-Machine-Diagnostic-System-on-FPGA/spi/spi_true/spi_accelerometer_true/spi_accelerometer_true.gen/sources_1/bd/dma_system/ip/dma_system_axi_smc_1_0/bd_0/ip/ip_4/synth/bd_2185_awsw_0.sv:53]
INFO: [Synth 8-6155] done synthesizing module 'bd_2185_awsw_0' (0#1) [/home/kuszman/Magisterka/Intelligent-Vibroacoustic-Machine-Diagnostic-System-on-FPGA/spi/spi_true/spi_accelerometer_true/spi_accelerometer_true.gen/sources_1/bd/dma_system/ip/dma_system_axi_smc_1_0/bd_0/ip/ip_4/synth/bd_2185_awsw_0.sv:53]
INFO: [Synth 8-6157] synthesizing module 'bd_2185_bsw_0' [/home/kuszman/Magisterka/Intelligent-Vibroacoustic-Machine-Diagnostic-System-on-FPGA/spi/spi_true/spi_accelerometer_true/spi_accelerometer_true.gen/sources_1/bd/dma_system/ip/dma_system_axi_smc_1_0/bd_0/ip/ip_6/synth/bd_2185_bsw_0.sv:53]
INFO: [Synth 8-6155] done synthesizing module 'bd_2185_bsw_0' (0#1) [/home/kuszman/Magisterka/Intelligent-Vibroacoustic-Machine-Diagnostic-System-on-FPGA/spi/spi_true/spi_accelerometer_true/spi_accelerometer_true.gen/sources_1/bd/dma_system/ip/dma_system_axi_smc_1_0/bd_0/ip/ip_6/synth/bd_2185_bsw_0.sv:53]
INFO: [Synth 8-6157] synthesizing module 'bd_2185_rsw_0' [/home/kuszman/Magisterka/Intelligent-Vibroacoustic-Machine-Diagnostic-System-on-FPGA/spi/spi_true/spi_accelerometer_true/spi_accelerometer_true.gen/sources_1/bd/dma_system/ip/dma_system_axi_smc_1_0/bd_0/ip/ip_3/synth/bd_2185_rsw_0.sv:53]
INFO: [Synth 8-6155] done synthesizing module 'bd_2185_rsw_0' (0#1) [/home/kuszman/Magisterka/Intelligent-Vibroacoustic-Machine-Diagnostic-System-on-FPGA/spi/spi_true/spi_accelerometer_true/spi_accelerometer_true.gen/sources_1/bd/dma_system/ip/dma_system_axi_smc_1_0/bd_0/ip/ip_3/synth/bd_2185_rsw_0.sv:53]
INFO: [Synth 8-6157] synthesizing module 'bd_2185_wsw_0' [/home/kuszman/Magisterka/Intelligent-Vibroacoustic-Machine-Diagnostic-System-on-FPGA/spi/spi_true/spi_accelerometer_true/spi_accelerometer_true.gen/sources_1/bd/dma_system/ip/dma_system_axi_smc_1_0/bd_0/ip/ip_5/synth/bd_2185_wsw_0.sv:53]
INFO: [Synth 8-6155] done synthesizing module 'bd_2185_wsw_0' (0#1) [/home/kuszman/Magisterka/Intelligent-Vibroacoustic-Machine-Diagnostic-System-on-FPGA/spi/spi_true/spi_accelerometer_true/spi_accelerometer_true.gen/sources_1/bd/dma_system/ip/dma_system_axi_smc_1_0/bd_0/ip/ip_5/synth/bd_2185_wsw_0.sv:53]
INFO: [Synth 8-6155] done synthesizing module 'switchboards_imp_4OFQ49' (0#1) [/home/kuszman/Magisterka/Intelligent-Vibroacoustic-Machine-Diagnostic-System-on-FPGA/spi/spi_true/spi_accelerometer_true/spi_accelerometer_true.gen/sources_1/bd/dma_system/ip/dma_system_axi_smc_1_0/bd_0/synth/bd_2185.v:2294]
WARNING: [Synth 8-7071] port 'M00_SC_R_info' of module 'switchboards_imp_4OFQ49' is unconnected for instance 'switchboards' [/home/kuszman/Magisterka/Intelligent-Vibroacoustic-Machine-Diagnostic-System-on-FPGA/spi/spi_true/spi_accelerometer_true/spi_accelerometer_true.gen/sources_1/bd/dma_system/ip/dma_system_axi_smc_1_0/bd_0/synth/bd_2185.v:813]
WARNING: [Synth 8-7071] port 'M00_SC_R_payld' of module 'switchboards_imp_4OFQ49' is unconnected for instance 'switchboards' [/home/kuszman/Magisterka/Intelligent-Vibroacoustic-Machine-Diagnostic-System-on-FPGA/spi/spi_true/spi_accelerometer_true/spi_accelerometer_true.gen/sources_1/bd/dma_system/ip/dma_system_axi_smc_1_0/bd_0/synth/bd_2185.v:813]
WARNING: [Synth 8-7071] port 'M00_SC_R_req' of module 'switchboards_imp_4OFQ49' is unconnected for instance 'switchboards' [/home/kuszman/Magisterka/Intelligent-Vibroacoustic-Machine-Diagnostic-System-on-FPGA/spi/spi_true/spi_accelerometer_true/spi_accelerometer_true.gen/sources_1/bd/dma_system/ip/dma_system_axi_smc_1_0/bd_0/synth/bd_2185.v:813]
WARNING: [Synth 8-7071] port 'M00_SC_R_send' of module 'switchboards_imp_4OFQ49' is unconnected for instance 'switchboards' [/home/kuszman/Magisterka/Intelligent-Vibroacoustic-Machine-Diagnostic-System-on-FPGA/spi/spi_true/spi_accelerometer_true/spi_accelerometer_true.gen/sources_1/bd/dma_system/ip/dma_system_axi_smc_1_0/bd_0/synth/bd_2185.v:813]
WARNING: [Synth 8-7071] port 'M01_SC_B_info' of module 'switchboards_imp_4OFQ49' is unconnected for instance 'switchboards' [/home/kuszman/Magisterka/Intelligent-Vibroacoustic-Machine-Diagnostic-System-on-FPGA/spi/spi_true/spi_accelerometer_true/spi_accelerometer_true.gen/sources_1/bd/dma_system/ip/dma_system_axi_smc_1_0/bd_0/synth/bd_2185.v:813]
WARNING: [Synth 8-7071] port 'M01_SC_B_payld' of module 'switchboards_imp_4OFQ49' is unconnected for instance 'switchboards' [/home/kuszman/Magisterka/Intelligent-Vibroacoustic-Machine-Diagnostic-System-on-FPGA/spi/spi_true/spi_accelerometer_true/spi_accelerometer_true.gen/sources_1/bd/dma_system/ip/dma_system_axi_smc_1_0/bd_0/synth/bd_2185.v:813]
WARNING: [Synth 8-7071] port 'M01_SC_B_req' of module 'switchboards_imp_4OFQ49' is unconnected for instance 'switchboards' [/home/kuszman/Magisterka/Intelligent-Vibroacoustic-Machine-Diagnostic-System-on-FPGA/spi/spi_true/spi_accelerometer_true/spi_accelerometer_true.gen/sources_1/bd/dma_system/ip/dma_system_axi_smc_1_0/bd_0/synth/bd_2185.v:813]
WARNING: [Synth 8-7071] port 'M01_SC_B_send' of module 'switchboards_imp_4OFQ49' is unconnected for instance 'switchboards' [/home/kuszman/Magisterka/Intelligent-Vibroacoustic-Machine-Diagnostic-System-on-FPGA/spi/spi_true/spi_accelerometer_true/spi_accelerometer_true.gen/sources_1/bd/dma_system/ip/dma_system_axi_smc_1_0/bd_0/synth/bd_2185.v:813]
WARNING: [Synth 8-7071] port 'S00_SC_AR_recv' of module 'switchboards_imp_4OFQ49' is unconnected for instance 'switchboards' [/home/kuszman/Magisterka/Intelligent-Vibroacoustic-Machine-Diagnostic-System-on-FPGA/spi/spi_true/spi_accelerometer_true/spi_accelerometer_true.gen/sources_1/bd/dma_system/ip/dma_system_axi_smc_1_0/bd_0/synth/bd_2185.v:813]
WARNING: [Synth 8-7071] port 'S01_SC_AW_recv' of module 'switchboards_imp_4OFQ49' is unconnected for instance 'switchboards' [/home/kuszman/Magisterka/Intelligent-Vibroacoustic-Machine-Diagnostic-System-on-FPGA/spi/spi_true/spi_accelerometer_true/spi_accelerometer_true.gen/sources_1/bd/dma_system/ip/dma_system_axi_smc_1_0/bd_0/synth/bd_2185.v:813]
WARNING: [Synth 8-7071] port 'S01_SC_W_recv' of module 'switchboards_imp_4OFQ49' is unconnected for instance 'switchboards' [/home/kuszman/Magisterka/Intelligent-Vibroacoustic-Machine-Diagnostic-System-on-FPGA/spi/spi_true/spi_accelerometer_true/spi_accelerometer_true.gen/sources_1/bd/dma_system/ip/dma_system_axi_smc_1_0/bd_0/synth/bd_2185.v:813]
WARNING: [Synth 8-7023] instance 'switchboards' of module 'switchboards_imp_4OFQ49' has 77 connections declared, but only 66 given [/home/kuszman/Magisterka/Intelligent-Vibroacoustic-Machine-Diagnostic-System-on-FPGA/spi/spi_true/spi_accelerometer_true/spi_accelerometer_true.gen/sources_1/bd/dma_system/ip/dma_system_axi_smc_1_0/bd_0/synth/bd_2185.v:813]
INFO: [Synth 8-6155] done synthesizing module 'bd_2185' (0#1) [/home/kuszman/Magisterka/Intelligent-Vibroacoustic-Machine-Diagnostic-System-on-FPGA/spi/spi_true/spi_accelerometer_true/spi_accelerometer_true.gen/sources_1/bd/dma_system/ip/dma_system_axi_smc_1_0/bd_0/synth/bd_2185.v:10]
INFO: [Synth 8-6155] done synthesizing module 'dma_system_axi_smc_1_0' (0#1) [/home/kuszman/Magisterka/Intelligent-Vibroacoustic-Machine-Diagnostic-System-on-FPGA/spi/spi_true/spi_accelerometer_true/spi_accelerometer_true.gen/sources_1/bd/dma_system/ip/dma_system_axi_smc_1_0/synth/dma_system_axi_smc_1_0.v:53]
WARNING: [Synth 8-3848] Net aresetn_out in module/entity clk_map_imp_5UKPWV does not have driver. [/home/kuszman/Magisterka/Intelligent-Vibroacoustic-Machine-Diagnostic-System-on-FPGA/spi/spi_true/spi_accelerometer_true/spi_accelerometer_true.gen/sources_1/bd/dma_system/ip/dma_system_axi_smc_1_0/bd_0/synth/bd_2185.v:902]
INFO: [Synth 8-4490] FSM extraction disabled for register 'gen_pipelined.state_reg' through user attribute
INFO: [Synth 8-4490] FSM extraction disabled for register 'gen_pipelined.state_reg' through user attribute
INFO: [Synth 8-4490] FSM extraction disabled for register 'gen_pipelined.state_reg' through user attribute
INFO: [Synth 8-4490] FSM extraction disabled for register 'gen_AB_reg_slice.state_reg' through user attribute
INFO: [Synth 8-4490] FSM extraction disabled for register 'gen_pipelined.state_reg' through user attribute
INFO: [Synth 8-4490] FSM extraction disabled for register 'gen_AB_reg_slice.state_reg' through user attribute
INFO: [Synth 8-7129] Port aclk in module sc_util_v1_0_4_pipeline__parameterized0 is either unconnected or has no load
INFO: [Synth 8-7129] Port aclken in module sc_util_v1_0_4_pipeline__parameterized0 is either unconnected or has no load
INFO: [Synth 8-7129] Port areset in module sc_util_v1_0_4_pipeline__parameterized0 is either unconnected or has no load
INFO: [Synth 8-7129] Port din[0] in module sc_util_v1_0_4_onehot_to_binary__parameterized1 is either unconnected or has no load
INFO: [Synth 8-7129] Port aclk in module sc_util_v1_0_4_pipeline__parameterized7 is either unconnected or has no load
INFO: [Synth 8-7129] Port aclken in module sc_util_v1_0_4_pipeline__parameterized7 is either unconnected or has no load
INFO: [Synth 8-7129] Port areset in module sc_util_v1_0_4_pipeline__parameterized7 is either unconnected or has no load
INFO: [Synth 8-7129] Port connectivity[1] in module sc_switchboard_v1_0_9_top__parameterized2 is either unconnected or has no load
INFO: [Synth 8-7129] Port connectivity[0] in module sc_switchboard_v1_0_9_top__parameterized2 is either unconnected or has no load
INFO: [Synth 8-7129] Port din[0] in module sc_util_v1_0_4_onehot_to_binary__parameterized2 is either unconnected or has no load
INFO: [Synth 8-7129] Port aclk in module sc_util_v1_0_4_pipeline__parameterized6 is either unconnected or has no load
INFO: [Synth 8-7129] Port aclken in module sc_util_v1_0_4_pipeline__parameterized6 is either unconnected or has no load
INFO: [Synth 8-7129] Port areset in module sc_util_v1_0_4_pipeline__parameterized6 is either unconnected or has no load
INFO: [Synth 8-7129] Port connectivity[1] in module sc_switchboard_v1_0_9_top__parameterized1 is either unconnected or has no load
INFO: [Synth 8-7129] Port connectivity[0] in module sc_switchboard_v1_0_9_top__parameterized1 is either unconnected or has no load
INFO: [Synth 8-7129] Port aclk in module sc_util_v1_0_4_pipeline__parameterized5 is either unconnected or has no load
INFO: [Synth 8-7129] Port aclken in module sc_util_v1_0_4_pipeline__parameterized5 is either unconnected or has no load
INFO: [Synth 8-7129] Port areset in module sc_util_v1_0_4_pipeline__parameterized5 is either unconnected or has no load
INFO: [Synth 8-7129] Port connectivity[1] in module sc_switchboard_v1_0_9_top__parameterized0 is either unconnected or has no load
INFO: [Synth 8-7129] Port connectivity[0] in module sc_switchboard_v1_0_9_top__parameterized0 is either unconnected or has no load
INFO: [Synth 8-7129] Port aclk in module sc_util_v1_0_4_pipeline__parameterized2 is either unconnected or has no load
INFO: [Synth 8-7129] Port aclken in module sc_util_v1_0_4_pipeline__parameterized2 is either unconnected or has no load
INFO: [Synth 8-7129] Port areset in module sc_util_v1_0_4_pipeline__parameterized2 is either unconnected or has no load
INFO: [Synth 8-7129] Port connectivity[1] in module sc_switchboard_v1_0_9_top is either unconnected or has no load
INFO: [Synth 8-7129] Port connectivity[0] in module sc_switchboard_v1_0_9_top is either unconnected or has no load
INFO: [Synth 8-7129] Port aresetn in module switchboards_imp_4OFQ49 is either unconnected or has no load
INFO: [Synth 8-7129] Port din[0] in module sc_util_v1_0_4_onehot_to_binary__parameterized0 is either unconnected or has no load
INFO: [Synth 8-7129] Port sleep in module xpm_memory_base__parameterized10 is either unconnected or has no load
INFO: [Synth 8-7129] Port rsta in module xpm_memory_base__parameterized10 is either unconnected or has no load
INFO: [Synth 8-7129] Port regcea in module xpm_memory_base__parameterized10 is either unconnected or has no load
INFO: [Synth 8-7129] Port injectsbiterra in module xpm_memory_base__parameterized10 is either unconnected or has no load
INFO: [Synth 8-7129] Port injectdbiterra in module xpm_memory_base__parameterized10 is either unconnected or has no load
INFO: [Synth 8-7129] Port clkb in module xpm_memory_base__parameterized10 is either unconnected or has no load
INFO: [Synth 8-7129] Port regceb in module xpm_memory_base__parameterized10 is either unconnected or has no load
INFO: [Synth 8-7129] Port web[0] in module xpm_memory_base__parameterized10 is either unconnected or has no load
INFO: [Synth 8-7129] Port dinb[167] in module xpm_memory_base__parameterized10 is either unconnected or has no load
INFO: [Synth 8-7129] Port dinb[166] in module xpm_memory_base__parameterized10 is either unconnected or has no load
INFO: [Synth 8-7129] Port dinb[165] in module xpm_memory_base__parameterized10 is either unconnected or has no load
INFO: [Synth 8-7129] Port dinb[164] in module xpm_memory_base__parameterized10 is either unconnected or has no load
INFO: [Synth 8-7129] Port dinb[163] in module xpm_memory_base__parameterized10 is either unconnected or has no load
INFO: [Synth 8-7129] Port dinb[162] in module xpm_memory_base__parameterized10 is either unconnected or has no load
INFO: [Synth 8-7129] Port dinb[161] in module xpm_memory_base__parameterized10 is either unconnected or has no load
INFO: [Synth 8-7129] Port dinb[160] in module xpm_memory_base__parameterized10 is either unconnected or has no load
INFO: [Synth 8-7129] Port dinb[159] in module xpm_memory_base__parameterized10 is either unconnected or has no load
INFO: [Synth 8-7129] Port dinb[158] in module xpm_memory_base__parameterized10 is either unconnected or has no load
INFO: [Synth 8-7129] Port dinb[157] in module xpm_memory_base__parameterized10 is either unconnected or has no load
INFO: [Synth 8-7129] Port dinb[156] in module xpm_memory_base__parameterized10 is either unconnected or has no load
INFO: [Synth 8-7129] Port dinb[155] in module xpm_memory_base__parameterized10 is either unconnected or has no load
INFO: [Synth 8-7129] Port dinb[154] in module xpm_memory_base__parameterized10 is either unconnected or has no load
INFO: [Synth 8-7129] Port dinb[153] in module xpm_memory_base__parameterized10 is either unconnected or has no load
INFO: [Synth 8-7129] Port dinb[152] in module xpm_memory_base__parameterized10 is either unconnected or has no load
INFO: [Synth 8-7129] Port dinb[151] in module xpm_memory_base__parameterized10 is either unconnected or has no load
INFO: [Synth 8-7129] Port dinb[150] in module xpm_memory_base__parameterized10 is either unconnected or has no load
INFO: [Synth 8-7129] Port dinb[149] in module xpm_memory_base__parameterized10 is either unconnected or has no load
INFO: [Synth 8-7129] Port dinb[148] in module xpm_memory_base__parameterized10 is either unconnected or has no load
INFO: [Synth 8-7129] Port dinb[147] in module xpm_memory_base__parameterized10 is either unconnected or has no load
INFO: [Synth 8-7129] Port dinb[146] in module xpm_memory_base__parameterized10 is either unconnected or has no load
INFO: [Synth 8-7129] Port dinb[145] in module xpm_memory_base__parameterized10 is either unconnected or has no load
INFO: [Synth 8-7129] Port dinb[144] in module xpm_memory_base__parameterized10 is either unconnected or has no load
INFO: [Synth 8-7129] Port dinb[143] in module xpm_memory_base__parameterized10 is either unconnected or has no load
INFO: [Synth 8-7129] Port dinb[142] in module xpm_memory_base__parameterized10 is either unconnected or has no load
INFO: [Synth 8-7129] Port dinb[141] in module xpm_memory_base__parameterized10 is either unconnected or has no load
INFO: [Synth 8-7129] Port dinb[140] in module xpm_memory_base__parameterized10 is either unconnected or has no load
INFO: [Synth 8-7129] Port dinb[139] in module xpm_memory_base__parameterized10 is either unconnected or has no load
INFO: [Synth 8-7129] Port dinb[138] in module xpm_memory_base__parameterized10 is either unconnected or has no load
INFO: [Synth 8-7129] Port dinb[137] in module xpm_memory_base__parameterized10 is either unconnected or has no load
INFO: [Synth 8-7129] Port dinb[136] in module xpm_memory_base__parameterized10 is either unconnected or has no load
INFO: [Synth 8-7129] Port dinb[135] in module xpm_memory_base__parameterized10 is either unconnected or has no load
INFO: [Synth 8-7129] Port dinb[134] in module xpm_memory_base__parameterized10 is either unconnected or has no load
INFO: [Synth 8-7129] Port dinb[133] in module xpm_memory_base__parameterized10 is either unconnected or has no load
INFO: [Synth 8-7129] Port dinb[132] in module xpm_memory_base__parameterized10 is either unconnected or has no load
INFO: [Synth 8-7129] Port dinb[131] in module xpm_memory_base__parameterized10 is either unconnected or has no load
INFO: [Synth 8-7129] Port dinb[130] in module xpm_memory_base__parameterized10 is either unconnected or has no load
INFO: [Synth 8-7129] Port dinb[129] in module xpm_memory_base__parameterized10 is either unconnected or has no load
INFO: [Synth 8-7129] Port dinb[128] in module xpm_memory_base__parameterized10 is either unconnected or has no load
INFO: [Synth 8-7129] Port dinb[127] in module xpm_memory_base__parameterized10 is either unconnected or has no load
INFO: [Synth 8-7129] Port dinb[126] in module xpm_memory_base__parameterized10 is either unconnected or has no load
INFO: [Synth 8-7129] Port dinb[125] in module xpm_memory_base__parameterized10 is either unconnected or has no load
INFO: [Synth 8-7129] Port dinb[124] in module xpm_memory_base__parameterized10 is either unconnected or has no load
INFO: [Synth 8-7129] Port dinb[123] in module xpm_memory_base__parameterized10 is either unconnected or has no load
INFO: [Synth 8-7129] Port dinb[122] in module xpm_memory_base__parameterized10 is either unconnected or has no load
INFO: [Synth 8-7129] Port dinb[121] in module xpm_memory_base__parameterized10 is either unconnected or has no load
INFO: [Synth 8-7129] Port dinb[120] in module xpm_memory_base__parameterized10 is either unconnected or has no load
INFO: [Synth 8-7129] Port dinb[119] in module xpm_memory_base__parameterized10 is either unconnected or has no load
INFO: [Synth 8-7129] Port dinb[118] in module xpm_memory_base__parameterized10 is either unconnected or has no load
INFO: [Synth 8-7129] Port dinb[117] in module xpm_memory_base__parameterized10 is either unconnected or has no load
INFO: [Synth 8-7129] Port dinb[116] in module xpm_memory_base__parameterized10 is either unconnected or has no load
INFO: [Synth 8-7129] Port dinb[115] in module xpm_memory_base__parameterized10 is either unconnected or has no load
INFO: [Synth 8-7129] Port dinb[114] in module xpm_memory_base__parameterized10 is either unconnected or has no load
INFO: [Synth 8-7129] Port dinb[113] in module xpm_memory_base__parameterized10 is either unconnected or has no load
INFO: [Synth 8-7129] Port dinb[112] in module xpm_memory_base__parameterized10 is either unconnected or has no load
INFO: [Synth 8-7129] Port dinb[111] in module xpm_memory_base__parameterized10 is either unconnected or has no load
INFO: [Synth 8-7129] Port dinb[110] in module xpm_memory_base__parameterized10 is either unconnected or has no load
INFO: [Synth 8-7129] Port dinb[109] in module xpm_memory_base__parameterized10 is either unconnected or has no load
INFO: [Synth 8-7129] Port dinb[108] in module xpm_memory_base__parameterized10 is either unconnected or has no load
INFO: [Synth 8-7129] Port dinb[107] in module xpm_memory_base__parameterized10 is either unconnected or has no load
INFO: [Synth 8-7129] Port dinb[106] in module xpm_memory_base__parameterized10 is either unconnected or has no load
INFO: [Synth 8-7129] Port dinb[105] in module xpm_memory_base__parameterized10 is either unconnected or has no load
INFO: [Synth 8-7129] Port dinb[104] in module xpm_memory_base__parameterized10 is either unconnected or has no load
INFO: [Synth 8-7129] Port dinb[103] in module xpm_memory_base__parameterized10 is either unconnected or has no load
INFO: [Common 17-14] Message 'Synth 8-7129' appears 100 times and further instances of the messages will be disabled. Use the Tcl command set_msg_config to change the current settings.
---------------------------------------------------------------------------------
Finished RTL Elaboration : Time (s): cpu = 00:00:10 ; elapsed = 00:00:11 . Memory (MB): peak = 3009.520 ; gain = 406.336 ; free physical = 249 ; free virtual = 35967
---------------------------------------------------------------------------------
---------------------------------------------------------------------------------
Start Handling Custom Attributes
---------------------------------------------------------------------------------
---------------------------------------------------------------------------------
Finished Handling Custom Attributes : Time (s): cpu = 00:00:10 ; elapsed = 00:00:11 . Memory (MB): peak = 3009.520 ; gain = 406.336 ; free physical = 278 ; free virtual = 35904
---------------------------------------------------------------------------------
---------------------------------------------------------------------------------
Finished RTL Optimization Phase 1 : Time (s): cpu = 00:00:10 ; elapsed = 00:00:11 . Memory (MB): peak = 3009.520 ; gain = 406.336 ; free physical = 278 ; free virtual = 35904
---------------------------------------------------------------------------------
Netlist sorting complete. Time (s): cpu = 00:00:01 ; elapsed = 00:00:01 . Memory (MB): peak = 3041.754 ; gain = 0.000 ; free physical = 256 ; free virtual = 35750
INFO: [Netlist 29-17] Analyzing 1 Unisim elements for replacement
INFO: [Netlist 29-28] Unisim Transformation completed in 0 CPU seconds
INFO: [Project 1-570] Preparing netlist for logic optimization

Processing XDC Constraints
Initializing timing engine
Parsing XDC File [/home/kuszman/Magisterka/Intelligent-Vibroacoustic-Machine-Diagnostic-System-on-FPGA/spi/spi_true/spi_accelerometer_true/spi_accelerometer_true.gen/sources_1/bd/dma_system/ip/dma_system_axi_smc_1_0/ooc.xdc] for cell 'inst'
Finished Parsing XDC File [/home/kuszman/Magisterka/Intelligent-Vibroacoustic-Machine-Diagnostic-System-on-FPGA/spi/spi_true/spi_accelerometer_true/spi_accelerometer_true.gen/sources_1/bd/dma_system/ip/dma_system_axi_smc_1_0/ooc.xdc] for cell 'inst'
Parsing XDC File [/home/kuszman/Magisterka/Intelligent-Vibroacoustic-Machine-Diagnostic-System-on-FPGA/spi/spi_true/spi_accelerometer_true/spi_accelerometer_true.gen/sources_1/bd/dma_system/ip/dma_system_axi_smc_1_0/bd_0/ip/ip_1/bd_2185_psr_aclk_0_board.xdc] for cell 'inst/clk_map/psr_aclk/U0'
Finished Parsing XDC File [/home/kuszman/Magisterka/Intelligent-Vibroacoustic-Machine-Diagnostic-System-on-FPGA/spi/spi_true/spi_accelerometer_true/spi_accelerometer_true.gen/sources_1/bd/dma_system/ip/dma_system_axi_smc_1_0/bd_0/ip/ip_1/bd_2185_psr_aclk_0_board.xdc] for cell 'inst/clk_map/psr_aclk/U0'
Parsing XDC File [/home/kuszman/Magisterka/Intelligent-Vibroacoustic-Machine-Diagnostic-System-on-FPGA/spi/spi_true/spi_accelerometer_true/spi_accelerometer_true.gen/sources_1/bd/dma_system/ip/dma_system_axi_smc_1_0/smartconnect.xdc] for cell 'inst'
Finished Parsing XDC File [/home/kuszman/Magisterka/Intelligent-Vibroacoustic-Machine-Diagnostic-System-on-FPGA/spi/spi_true/spi_accelerometer_true/spi_accelerometer_true.gen/sources_1/bd/dma_system/ip/dma_system_axi_smc_1_0/smartconnect.xdc] for cell 'inst'
Parsing XDC File [/home/kuszman/Magisterka/Intelligent-Vibroacoustic-Machine-Diagnostic-System-on-FPGA/spi/spi_true/spi_accelerometer_true/spi_accelerometer_true.runs/dma_system_axi_smc_1_0_synth_1/dont_touch.xdc]
Finished Parsing XDC File [/home/kuszman/Magisterka/Intelligent-Vibroacoustic-Machine-Diagnostic-System-on-FPGA/spi/spi_true/spi_accelerometer_true/spi_accelerometer_true.runs/dma_system_axi_smc_1_0_synth_1/dont_touch.xdc]
INFO: [Project 1-236] Implementation specific constraints were found while reading constraint file [/home/kuszman/Xilinx/2025.2/data/ip/xpm/xpm_cdc/tcl/xpm_cdc_single.tcl]. These constraints will be ignored for synthesis but will be used in implementation. Impacted constraints are listed in the file [.Xil/dma_system_axi_smc_1_0_propImpl.xdc].
Resolution: To avoid this warning, move constraints listed in [.Xil/dma_system_axi_smc_1_0_propImpl.xdc] to another XDC file and exclude this new file from synthesis with the used_in_synthesis property (File Properties dialog in GUI) and re-run elaboration/synthesis.
INFO: [Project 1-236] Implementation specific constraints were found while reading constraint file [/home/kuszman/Xilinx/2025.2/data/ip/xpm/xpm_memory/tcl/xpm_memory_xdc.tcl]. These constraints will be ignored for synthesis but will be used in implementation. Impacted constraints are listed in the file [.Xil/dma_system_axi_smc_1_0_propImpl.xdc].
Resolution: To avoid this warning, move constraints listed in [.Xil/dma_system_axi_smc_1_0_propImpl.xdc] to another XDC file and exclude this new file from synthesis with the used_in_synthesis property (File Properties dialog in GUI) and re-run elaboration/synthesis.
INFO: [Project 1-1714] 51 XPM XDC files have been applied to the design.
Completed Processing XDC Constraints

Netlist sorting complete. Time (s): cpu = 00:00:00.02 ; elapsed = 00:00:00.02 . Memory (MB): peak = 3402.953 ; gain = 0.000 ; free physical = 192 ; free virtual = 35359
INFO: [Project 1-111] Unisim Transformation Summary:
  A total of 1 instances were transformed.
  SRL16 => SRL16E: 1 instance 

Constraint Validation Runtime : Time (s): cpu = 00:00:00.46 ; elapsed = 00:00:00.41 . Memory (MB): peak = 3402.988 ; gain = 0.000 ; free physical = 267 ; free virtual = 35359
INFO: [Designutils 20-5008] Incremental synthesis strategy off
---------------------------------------------------------------------------------
Finished Constraint Validation : Time (s): cpu = 00:00:36 ; elapsed = 00:00:36 . Memory (MB): peak = 3402.988 ; gain = 799.805 ; free physical = 226 ; free virtual = 34891
---------------------------------------------------------------------------------
---------------------------------------------------------------------------------
Start Loading Part and Timing Information
---------------------------------------------------------------------------------
Loading part: xck26-sfvc784-2LV-c
INFO: [Synth 8-6742] Reading net delay rules and data
---------------------------------------------------------------------------------
Finished Loading Part and Timing Information : Time (s): cpu = 00:00:36 ; elapsed = 00:00:36 . Memory (MB): peak = 3410.957 ; gain = 807.773 ; free physical = 217 ; free virtual = 34882
---------------------------------------------------------------------------------
---------------------------------------------------------------------------------
Start Applying 'set_property' XDC Constraints
---------------------------------------------------------------------------------
---------------------------------------------------------------------------------
Finished applying 'set_property' XDC Constraints : Time (s): cpu = 00:00:36 ; elapsed = 00:00:36 . Memory (MB): peak = 3410.957 ; gain = 807.773 ; free physical = 217 ; free virtual = 34882
---------------------------------------------------------------------------------
INFO: [Synth 8-4490] FSM extraction disabled for register 'gen_pipelined.state_reg' through user attribute
INFO: [Synth 8-4490] FSM extraction disabled for register 'gen_pipelined.state_reg' through user attribute
INFO: [Synth 8-4490] FSM extraction disabled for register 'gen_pipelined.state_reg' through user attribute
INFO: [Synth 8-4490] FSM extraction disabled for register 'gen_pipelined.state_reg' through user attribute
INFO: [Synth 8-4490] FSM extraction disabled for register 'gen_pipelined.state_reg' through user attribute
INFO: [Synth 8-4490] FSM extraction disabled for register 'gen_pipelined.state_reg' through user attribute
INFO: [Synth 8-4490] FSM extraction disabled for register 'gen_AB_reg_slice.state_reg' through user attribute
INFO: [Synth 8-4490] FSM extraction disabled for register 'gen_AB_reg_slice.state_reg' through user attribute
INFO: [Synth 8-802] inferred FSM for state register 'gen_axi.gen_write.write_cs_reg' in module 'sc_mmu_v1_0_16_decerr_slave'
INFO: [Synth 8-802] inferred FSM for state register 'gen_endpoint.w_state_reg' in module 'sc_mmu_v1_0_16_top'
INFO: [Synth 8-802] inferred FSM for state register 'gen_endpoint.r_state_reg' in module 'sc_mmu_v1_0_16_top'
INFO: [Synth 8-4490] FSM extraction disabled for register 'gen_pipelined.state_reg' through user attribute
INFO: [Synth 8-4490] FSM extraction disabled for register 'gen_pipelined.state_reg' through user attribute
INFO: [Synth 8-4490] FSM extraction disabled for register 'gen_AB_reg_slice.state_reg' through user attribute
INFO: [Synth 8-4490] FSM extraction disabled for register 'gen_AB_reg_slice.state_reg' through user attribute
INFO: [Synth 8-802] inferred FSM for state register 'gen_endpoint.w_state_reg' in module 'sc_mmu_v1_0_16_top__parameterized0'
INFO: [Synth 8-802] inferred FSM for state register 'gen_endpoint.r_state_reg' in module 'sc_mmu_v1_0_16_top__parameterized0'
---------------------------------------------------------------------------------------------------
                   State |                     New Encoding |                Previous Encoding 
---------------------------------------------------------------------------------------------------
            P_WRITE_IDLE |                              001 |                               00
            P_WRITE_DATA |                              010 |                               01
            P_WRITE_RESP |                              100 |                               10
---------------------------------------------------------------------------------------------------
INFO: [Synth 8-3354] encoded FSM with state register 'gen_axi.gen_write.write_cs_reg' using encoding 'one-hot' in module 'sc_mmu_v1_0_16_decerr_slave'
---------------------------------------------------------------------------------------------------
                   State |                     New Encoding |                Previous Encoding 
---------------------------------------------------------------------------------------------------
                  iSTATE |                               00 | 00000000000000000000000000000000
*
                 W_STALL |                               01 | 00000000000000000000000000000001
               W_PENDING |                               10 | 00000000000000000000000000000010
                W_DECERR |                               11 | 00000000000000000000000000000011
---------------------------------------------------------------------------------------------------
INFO: [Synth 8-3354] encoded FSM with state register 'gen_endpoint.w_state_reg' using encoding 'sequential' in module 'sc_mmu_v1_0_16_top'
---------------------------------------------------------------------------------------------------
                   State |                     New Encoding |                Previous Encoding 
---------------------------------------------------------------------------------------------------
                  iSTATE |                               00 | 00000000000000000000000000000000
*
                 R_STALL |                               01 | 00000000000000000000000000000001
               R_PENDING |                               10 | 00000000000000000000000000000010
                R_DECERR |                               11 | 00000000000000000000000000000011
---------------------------------------------------------------------------------------------------
INFO: [Synth 8-3354] encoded FSM with state register 'gen_endpoint.r_state_reg' using encoding 'sequential' in module 'sc_mmu_v1_0_16_top'
---------------------------------------------------------------------------------------------------
                   State |                     New Encoding |                Previous Encoding 
---------------------------------------------------------------------------------------------------
                  iSTATE |                               00 | 00000000000000000000000000000000
*
                 W_STALL |                               01 | 00000000000000000000000000000001
               W_PENDING |                               10 | 00000000000000000000000000000010
                W_DECERR |                               11 | 00000000000000000000000000000011
---------------------------------------------------------------------------------------------------
INFO: [Synth 8-3354] encoded FSM with state register 'gen_endpoint.w_state_reg' using encoding 'sequential' in module 'sc_mmu_v1_0_16_top__parameterized0'
---------------------------------------------------------------------------------------------------
                   State |                     New Encoding |                Previous Encoding 
---------------------------------------------------------------------------------------------------
                  iSTATE |                               00 | 00000000000000000000000000000000
*
                 R_STALL |                               01 | 00000000000000000000000000000001
               R_PENDING |                               10 | 00000000000000000000000000000010
                R_DECERR |                               11 | 00000000000000000000000000000011
---------------------------------------------------------------------------------------------------
INFO: [Synth 8-3354] encoded FSM with state register 'gen_endpoint.r_state_reg' using encoding 'sequential' in module 'sc_mmu_v1_0_16_top__parameterized0'
---------------------------------------------------------------------------------
Finished RTL Optimization Phase 2 : Time (s): cpu = 00:00:39 ; elapsed = 00:00:39 . Memory (MB): peak = 3410.957 ; gain = 807.773 ; free physical = 239 ; free virtual = 34736
---------------------------------------------------------------------------------
---------------------------------------------------------------------------------
Start RTL Component Statistics 
---------------------------------------------------------------------------------
---------------------------------------------------------------------------------
Finished RTL Component Statistics 
---------------------------------------------------------------------------------
---------------------------------------------------------------------------------
Start Part Resource Summary
---------------------------------------------------------------------------------
Part Resources:
DSPs: 1248 (col length:96)
BRAMs: 288 (col length: RAMB18 96 RAMB36 48)
---------------------------------------------------------------------------------
Finished Part Resource Summary
---------------------------------------------------------------------------------
---------------------------------------------------------------------------------
Start Cross Boundary and Area Optimization
---------------------------------------------------------------------------------
WARNING: [Synth 8-13161] RAM (inst/i_1/\m00_nodes/m00_ar_node/inst /\inst_mi_handler/gen_normal_area.gen_node_prog_full.inst_node_prog_full/gen_xpm_memory_fifo.inst_fifo/gen_mem_rep[0].inst_xpm_memory /xpm_memory_base_inst/i_0) is optimized away because it doesn't have any load.
WARNING: [Synth 8-6014] Unused sequential element gen_wr_a.gen_word_narrow.mem_reg was removed. 
WARNING: [Synth 8-13161] RAM (inst/i_1/\m00_nodes/m00_aw_node/inst /\inst_mi_handler/gen_normal_area.gen_node_prog_full.inst_node_prog_full/gen_xpm_memory_fifo.inst_fifo/gen_mem_rep[0].inst_xpm_memory /xpm_memory_base_inst/i_0) is optimized away because it doesn't have any load.
WARNING: [Synth 8-6014] Unused sequential element gen_wr_a.gen_word_narrow.mem_reg was removed. 
WARNING: [Synth 8-13161] RAM (inst/i_1/\m00_nodes/m00_w_node/inst /\inst_mi_handler/gen_normal_area.gen_node_prog_full.inst_node_prog_full/gen_xpm_memory_fifo.inst_fifo/gen_mem_rep[0].inst_xpm_memory /xpm_memory_base_inst/i_0) is optimized away because it doesn't have any load.
WARNING: [Synth 8-6014] Unused sequential element gen_wr_a.gen_word_narrow.mem_reg was removed. 
WARNING: [Synth 8-13161] RAM (inst/i_1/\s00_nodes/s00_aw_node/inst /\inst_mi_handler/gen_normal_area.gen_fifo_req.inst_fifo_req/gen_xpm_memory_fifo.inst_fifo/gen_mem_rep[0].inst_xpm_memory /xpm_memory_base_inst/i_0) is optimized away because it doesn't have any load.
WARNING: [Synth 8-6014] Unused sequential element gen_wr_a.gen_word_narrow.mem_reg was removed. 
WARNING: [Synth 8-13161] RAM (inst/i_1/\s00_nodes/s00_b_node/inst /\inst_mi_handler/gen_normal_area.gen_node_prog_full.inst_node_prog_full/gen_xpm_memory_fifo.inst_fifo/gen_mem_rep[0].inst_xpm_memory /xpm_memory_base_inst/i_0) is optimized away because it doesn't have any load.
WARNING: [Synth 8-6014] Unused sequential element gen_wr_a.gen_word_narrow.mem_reg was removed. 
WARNING: [Synth 8-13161] RAM (inst/i_1/\s01_nodes/s01_ar_node/inst /\inst_mi_handler/gen_normal_area.gen_fifo_req.inst_fifo_req/gen_xpm_memory_fifo.inst_fifo/gen_mem_rep[0].inst_xpm_memory /xpm_memory_base_inst/i_0) is optimized away because it doesn't have any load.
WARNING: [Synth 8-6014] Unused sequential element gen_wr_a.gen_word_narrow.mem_reg was removed. 
WARNING: [Synth 8-13161] RAM (inst/i_1/\s01_nodes/s01_r_node/inst /\inst_mi_handler/gen_normal_area.gen_node_prog_full.inst_node_prog_full/gen_xpm_memory_fifo.inst_fifo/gen_mem_rep[0].inst_xpm_memory /xpm_memory_base_inst/i_0) is optimized away because it doesn't have any load.
WARNING: [Synth 8-6014] Unused sequential element gen_wr_a.gen_word_narrow.mem_reg was removed. 
---------------------------------------------------------------------------------
Finished Cross Boundary and Area Optimization : Time (s): cpu = 00:01:10 ; elapsed = 00:01:13 . Memory (MB): peak = 3410.957 ; gain = 807.773 ; free physical = 2348 ; free virtual = 36836
---------------------------------------------------------------------------------
---------------------------------------------------------------------------------
Start Applying XDC Timing Constraints
---------------------------------------------------------------------------------
---------------------------------------------------------------------------------
Finished Applying XDC Timing Constraints : Time (s): cpu = 00:01:17 ; elapsed = 00:01:20 . Memory (MB): peak = 3822.012 ; gain = 1218.828 ; free physical = 3979 ; free virtual = 39089
---------------------------------------------------------------------------------
---------------------------------------------------------------------------------
Start Timing Optimization
---------------------------------------------------------------------------------
---------------------------------------------------------------------------------
Finished Timing Optimization : Time (s): cpu = 00:01:21 ; elapsed = 00:01:24 . Memory (MB): peak = 3897.230 ; gain = 1294.047 ; free physical = 3908 ; free virtual = 39019
---------------------------------------------------------------------------------
---------------------------------------------------------------------------------
Start Technology Mapping
---------------------------------------------------------------------------------
INFO: [Synth 8-3332] Sequential element (FSM_sequential_gen_endpoint.r_state_reg[1]) is unused and will be removed from module sc_mmu_v1_0_16_top.
INFO: [Synth 8-3332] Sequential element (FSM_sequential_gen_endpoint.r_state_reg[0]) is unused and will be removed from module sc_mmu_v1_0_16_top.
INFO: [Synth 8-3332] Sequential element (gen_endpoint.decerr_slave_inst/FSM_onehot_gen_axi.gen_write.write_cs_reg[2]) is unused and will be removed from module sc_mmu_v1_0_16_top__parameterized0.
INFO: [Synth 8-3332] Sequential element (gen_endpoint.decerr_slave_inst/FSM_onehot_gen_axi.gen_write.write_cs_reg[1]) is unused and will be removed from module sc_mmu_v1_0_16_top__parameterized0.
INFO: [Synth 8-3332] Sequential element (gen_endpoint.decerr_slave_inst/FSM_onehot_gen_axi.gen_write.write_cs_reg[0]) is unused and will be removed from module sc_mmu_v1_0_16_top__parameterized0.
INFO: [Synth 8-3332] Sequential element (FSM_sequential_gen_endpoint.w_state_reg[1]) is unused and will be removed from module sc_mmu_v1_0_16_top__parameterized0.
INFO: [Synth 8-3332] Sequential element (FSM_sequential_gen_endpoint.w_state_reg[0]) is unused and will be removed from module sc_mmu_v1_0_16_top__parameterized0.
---------------------------------------------------------------------------------
Finished Technology Mapping : Time (s): cpu = 00:01:23 ; elapsed = 00:01:27 . Memory (MB): peak = 3897.230 ; gain = 1294.047 ; free physical = 3917 ; free virtual = 39027
---------------------------------------------------------------------------------
---------------------------------------------------------------------------------
Start IO Insertion
---------------------------------------------------------------------------------
---------------------------------------------------------------------------------
Start Flattening Before IO Insertion
---------------------------------------------------------------------------------
---------------------------------------------------------------------------------
Finished Flattening Before IO Insertion
---------------------------------------------------------------------------------
---------------------------------------------------------------------------------
Start Final Netlist Cleanup
---------------------------------------------------------------------------------
---------------------------------------------------------------------------------
Finished Final Netlist Cleanup
---------------------------------------------------------------------------------
---------------------------------------------------------------------------------
Finished IO Insertion : Time (s): cpu = 00:01:27 ; elapsed = 00:01:30 . Memory (MB): peak = 3981.043 ; gain = 1377.859 ; free physical = 3862 ; free virtual = 38974
---------------------------------------------------------------------------------
---------------------------------------------------------------------------------
Start Renaming Generated Instances
---------------------------------------------------------------------------------
---------------------------------------------------------------------------------
Finished Renaming Generated Instances : Time (s): cpu = 00:01:27 ; elapsed = 00:01:30 . Memory (MB): peak = 3981.043 ; gain = 1377.859 ; free physical = 3862 ; free virtual = 38974
---------------------------------------------------------------------------------
---------------------------------------------------------------------------------
Start Rebuilding User Hierarchy
---------------------------------------------------------------------------------
---------------------------------------------------------------------------------
Finished Rebuilding User Hierarchy : Time (s): cpu = 00:01:27 ; elapsed = 00:01:31 . Memory (MB): peak = 3981.043 ; gain = 1377.859 ; free physical = 3860 ; free virtual = 38972
---------------------------------------------------------------------------------
---------------------------------------------------------------------------------
Start Renaming Generated Ports
---------------------------------------------------------------------------------
---------------------------------------------------------------------------------
Finished Renaming Generated Ports : Time (s): cpu = 00:01:27 ; elapsed = 00:01:31 . Memory (MB): peak = 3981.043 ; gain = 1377.859 ; free physical = 3859 ; free virtual = 38972
---------------------------------------------------------------------------------
---------------------------------------------------------------------------------
Start Handling Custom Attributes
---------------------------------------------------------------------------------
---------------------------------------------------------------------------------
Finished Handling Custom Attributes : Time (s): cpu = 00:01:28 ; elapsed = 00:01:31 . Memory (MB): peak = 3981.043 ; gain = 1377.859 ; free physical = 3859 ; free virtual = 38972
---------------------------------------------------------------------------------
---------------------------------------------------------------------------------
Start Renaming Generated Nets
---------------------------------------------------------------------------------
---------------------------------------------------------------------------------
Finished Renaming Generated Nets : Time (s): cpu = 00:01:28 ; elapsed = 00:01:31 . Memory (MB): peak = 3981.043 ; gain = 1377.859 ; free physical = 3859 ; free virtual = 38972
---------------------------------------------------------------------------------
---------------------------------------------------------------------------------
Start Writing Synthesis Report
---------------------------------------------------------------------------------

Report BlackBoxes: 
+-+--------------+----------+
| |BlackBox name |Instances |
+-+--------------+----------+
+-+--------------+----------+

Report Cell Usage: 
+------+---------+------+
|      |Cell     |Count |
+------+---------+------+
|1     |LUT1     |   164|
|2     |LUT2     |   143|
|3     |LUT3     |   859|
|4     |LUT4     |   277|
|5     |LUT5     |   344|
|6     |LUT6     |   401|
|7     |RAM16X1D |     1|
|8     |RAM32M   |     3|
|9     |RAM32M16 |    65|
|10    |RAM32X1D |     4|
|11    |SRL16    |     1|
|12    |SRL16E   |    33|
|13    |FDCE     |    81|
|14    |FDRE     |  3584|
|15    |FDSE     |   138|
+------+---------+------+
---------------------------------------------------------------------------------
Finished Writing Synthesis Report : Time (s): cpu = 00:01:28 ; elapsed = 00:01:31 . Memory (MB): peak = 3981.043 ; gain = 1377.859 ; free physical = 3859 ; free virtual = 38971
---------------------------------------------------------------------------------
Synthesis finished with 0 errors, 0 critical warnings and 14 warnings.
Synthesis Optimization Runtime : Time (s): cpu = 00:01:08 ; elapsed = 00:01:12 . Memory (MB): peak = 3981.043 ; gain = 984.391 ; free physical = 3843 ; free virtual = 38955
Synthesis Optimization Complete : Time (s): cpu = 00:01:28 ; elapsed = 00:01:31 . Memory (MB): peak = 3981.043 ; gain = 1377.859 ; free physical = 3843 ; free virtual = 38955
INFO: [Project 1-571] Translating synthesized netlist
Netlist sorting complete. Time (s): cpu = 00:00:00.21 ; elapsed = 00:00:00.22 . Memory (MB): peak = 3981.043 ; gain = 0.000 ; free physical = 4005 ; free virtual = 39121
INFO: [Netlist 29-17] Analyzing 74 Unisim elements for replacement
INFO: [Netlist 29-28] Unisim Transformation completed in 0 CPU seconds
INFO: [Project 1-570] Preparing netlist for logic optimization
INFO: [Opt 31-138] Pushed 0 inverter(s) to 0 load pin(s).
Netlist sorting complete. Time (s): cpu = 00:00:00 ; elapsed = 00:00:00 . Memory (MB): peak = 3981.043 ; gain = 0.000 ; free physical = 4013 ; free virtual = 39129
INFO: [Project 1-111] Unisim Transformation Summary:
  A total of 74 instances were transformed.
  RAM16X1D => RAM32X1D (RAMD32(x2)): 1 instance 
  RAM32M => RAM32M (RAMD32(x6), RAMS32(x2)): 3 instances
  RAM32M16 => RAM32M16 (RAMD32(x14), RAMS32(x2)): 65 instances
  RAM32X1D => RAM32X1D (RAMD32(x2)): 4 instances
  SRL16 => SRL16E: 1 instance 

Synth Design complete | Checksum: c9d1cb75
INFO: [Common 17-83] Releasing license: Synthesis
300 Infos, 36 Warnings, 0 Critical Warnings and 0 Errors encountered.
synth_design completed successfully
synth_design: Time (s): cpu = 00:01:39 ; elapsed = 00:01:41 . Memory (MB): peak = 3981.043 ; gain = 2402.367 ; free physical = 4013 ; free virtual = 39129
INFO: [Common 17-2834] synth_design peak Physical Memory [PSS] (MB): overall = 2772.071; main = 2540.223; forked = 284.449
INFO: [Common 17-2834] synth_design peak Virtual Memory [VSS] (MB): overall = 4969.262; main = 3981.047; forked = 988.215
Write ShapeDB Complete: Time (s): cpu = 00:00:00.03 ; elapsed = 00:00:00.01 . Memory (MB): peak = 3981.043 ; gain = 0.000 ; free physical = 4013 ; free virtual = 39129
INFO: [Common 17-1381] The checkpoint '/home/kuszman/Magisterka/Intelligent-Vibroacoustic-Machine-Diagnostic-System-on-FPGA/spi/spi_true/spi_accelerometer_true/spi_accelerometer_true.runs/dma_system_axi_smc_1_0_synth_1/dma_system_axi_smc_1_0.dcp' has been generated.
INFO: [Coretcl 2-1648] Added synthesis output to IP cache for IP dma_system_axi_smc_1_0, cache-ID = a8dee31751325ebd
INFO: [Coretcl 2-1174] Renamed 332 cell refs.
Write ShapeDB Complete: Time (s): cpu = 00:00:00.03 ; elapsed = 00:00:00.01 . Memory (MB): peak = 3981.043 ; gain = 0.000 ; free physical = 3973 ; free virtual = 39108
INFO: [Common 17-1381] The checkpoint '/home/kuszman/Magisterka/Intelligent-Vibroacoustic-Machine-Diagnostic-System-on-FPGA/spi/spi_true/spi_accelerometer_true/spi_accelerometer_true.runs/dma_system_axi_smc_1_0_synth_1/dma_system_axi_smc_1_0.dcp' has been generated.
INFO: [Vivado 12-24828] Executing command : report_utilization -file dma_system_axi_smc_1_0_utilization_synth.rpt -pb dma_system_axi_smc_1_0_utilization_synth.pb
INFO: [Common 17-206] Exiting Vivado at Fri Aug  7 08:42:57 2026...
