
*** Running vivado
    with args -log spi_module_xfft_0_0.vds -m64 -product Vivado -mode batch -messageDb vivado.pb -notrace -source spi_module_xfft_0_0.tcl


****** Vivado v2025.2 (64-bit)
  **** SW Build 6299465 on Fri Nov 14 12:34:56 MST 2025
  **** IP Build 6300035 on Fri Nov 14 10:48:45 MST 2025
  **** SharedData Build 6298862 on Thu Nov 13 04:50:51 MST 2025
  **** Start of session at: Sun Feb  8 14:49:54 2026
    ** Copyright 1986-2022 Xilinx, Inc. All Rights Reserved.
    ** Copyright 2022-2025 Advanced Micro Devices, Inc. All Rights Reserved.

source spi_module_xfft_0_0.tcl -notrace
Command: synth_design -top spi_module_xfft_0_0 -part xck26-sfvc784-2LV-c -incremental_mode off -mode out_of_context
Starting synth_design
Attempting to get a license for feature 'Synthesis' and/or device 'xck26'
INFO: [Common 17-349] Got license for feature 'Synthesis' and/or device 'xck26'
INFO: [Device 21-403] Loading part xck26-sfvc784-2LV-c
INFO: [Synth 8-7079] Multithreading enabled for synth_design using a maximum of 7 processes.
INFO: [Synth 8-7078] Launching helper process for spawning children vivado processes
INFO: [Synth 8-7075] Helper process launched with PID 63463
---------------------------------------------------------------------------------
Starting RTL Elaboration : Time (s): cpu = 00:00:06 ; elapsed = 00:00:07 . Memory (MB): peak = 2759.832 ; gain = 142.688 ; free physical = 11449 ; free virtual = 29762
---------------------------------------------------------------------------------
INFO: [Synth 8-638] synthesizing module 'spi_module_xfft_0_0' [/home/janek/Magisterka/Intelligent-Vibroacoustic-Machine-Diagnostic-System-on-FPGA/spi/accelerometer_spi/accelerometer_spi.gen/sources_1/bd/spi_module/ip/spi_module_xfft_0_0/synth/spi_module_xfft_0_0.vhd:82]
	Parameter C_XDEVICEFAMILY bound to: zynquplus - type: string 
	Parameter C_PART bound to: xck26-sfvc784-2LV-c - type: string 
	Parameter C_S_AXIS_CONFIG_TDATA_WIDTH bound to: 16 - type: integer 
	Parameter C_S_AXIS_DATA_TDATA_WIDTH bound to: 32 - type: integer 
	Parameter C_M_AXIS_DATA_TDATA_WIDTH bound to: 32 - type: integer 
	Parameter C_M_AXIS_DATA_TUSER_WIDTH bound to: 1 - type: integer 
	Parameter C_M_AXIS_STATUS_TDATA_WIDTH bound to: 1 - type: integer 
	Parameter C_THROTTLE_SCHEME bound to: 1 - type: integer 
	Parameter C_NSSR bound to: 1 - type: integer 
	Parameter C_CHANNELS bound to: 1 - type: integer 
	Parameter C_NFFT_MAX bound to: 10 - type: integer 
	Parameter C_ARCH bound to: 3 - type: integer 
	Parameter C_HAS_NFFT bound to: 0 - type: integer 
	Parameter C_USE_FLT_PT bound to: 0 - type: integer 
	Parameter C_INPUT_WIDTH bound to: 16 - type: integer 
	Parameter C_TWIDDLE_WIDTH bound to: 16 - type: integer 
	Parameter C_OUTPUT_WIDTH bound to: 16 - type: integer 
	Parameter C_HAS_SCALING bound to: 1 - type: integer 
	Parameter C_HAS_BFP bound to: 0 - type: integer 
	Parameter C_HAS_ROUNDING bound to: 0 - type: integer 
	Parameter C_HAS_ACLKEN bound to: 0 - type: integer 
	Parameter C_HAS_ARESETN bound to: 0 - type: integer 
	Parameter C_HAS_OVFLO bound to: 0 - type: integer 
	Parameter C_HAS_NATURAL_INPUT bound to: 1 - type: integer 
	Parameter C_HAS_NATURAL_OUTPUT bound to: 1 - type: integer 
	Parameter C_HAS_CYCLIC_PREFIX bound to: 0 - type: integer 
	Parameter C_HAS_XK_INDEX bound to: 0 - type: integer 
	Parameter C_DATA_MEM_TYPE bound to: 1 - type: integer 
	Parameter C_TWIDDLE_MEM_TYPE bound to: 1 - type: integer 
	Parameter C_BRAM_STAGES bound to: 3 - type: integer 
	Parameter C_REORDER_MEM_TYPE bound to: 1 - type: integer 
	Parameter C_USE_HYBRID_RAM bound to: 0 - type: integer 
	Parameter C_OPTIMIZE_GOAL bound to: 0 - type: integer 
	Parameter C_CMPY_TYPE bound to: 1 - type: integer 
	Parameter C_BFLY_TYPE bound to: 0 - type: integer 
	Parameter C_SYSTOLICFFT_INV bound to: 0 - type: integer 
	Parameter C_IS_BLOCKING_RUNTIME_CONF bound to: 0 - type: integer 
INFO: [Synth 8-3491] module 'xfft_v9_1_15' declared at '/home/janek/Magisterka/Intelligent-Vibroacoustic-Machine-Diagnostic-System-on-FPGA/spi/accelerometer_spi/accelerometer_spi.gen/sources_1/bd/spi_module/ipshared/5ee3/hdl/xfft_v9_1_vh_rfs.vhd:103927' bound to instance 'U0' of component 'xfft_v9_1_15' [/home/janek/Magisterka/Intelligent-Vibroacoustic-Machine-Diagnostic-System-on-FPGA/spi/accelerometer_spi/accelerometer_spi.gen/sources_1/bd/spi_module/ip/spi_module_xfft_0_0/synth/spi_module_xfft_0_0.vhd:218]
INFO: [Synth 8-256] done synthesizing module 'spi_module_xfft_0_0' (0#1) [/home/janek/Magisterka/Intelligent-Vibroacoustic-Machine-Diagnostic-System-on-FPGA/spi/accelerometer_spi/accelerometer_spi.gen/sources_1/bd/spi_module/ip/spi_module_xfft_0_0/synth/spi_module_xfft_0_0.vhd:82]
INFO: [Synth 8-7129] Port Q[0] in module shift_ram__parameterized81 is either unconnected or has no load
INFO: [Synth 8-7129] Port D[0] in module shift_ram__parameterized81 is either unconnected or has no load
INFO: [Synth 8-7129] Port CLK in module shift_ram__parameterized81 is either unconnected or has no load
INFO: [Synth 8-7129] Port CE in module shift_ram__parameterized81 is either unconnected or has no load
INFO: [Synth 8-7129] Port SCLR in module shift_ram__parameterized81 is either unconnected or has no load
INFO: [Synth 8-7129] Port COMBI_SCLR in module shift_ram__parameterized81 is either unconnected or has no load
INFO: [Synth 8-7129] Port DEPTHx2 in module shift_ram__parameterized81 is either unconnected or has no load
INFO: [Synth 8-7129] Port a[3] in module c_shift_ram_v12_0_20_legacy__parameterized4 is either unconnected or has no load
INFO: [Synth 8-7129] Port a[2] in module c_shift_ram_v12_0_20_legacy__parameterized4 is either unconnected or has no load
INFO: [Synth 8-7129] Port a[1] in module c_shift_ram_v12_0_20_legacy__parameterized4 is either unconnected or has no load
INFO: [Synth 8-7129] Port a[0] in module c_shift_ram_v12_0_20_legacy__parameterized4 is either unconnected or has no load
INFO: [Synth 8-7129] Port aclr in module c_shift_ram_v12_0_20_legacy__parameterized4 is either unconnected or has no load
INFO: [Synth 8-7129] Port aset in module c_shift_ram_v12_0_20_legacy__parameterized4 is either unconnected or has no load
INFO: [Synth 8-7129] Port ainit in module c_shift_ram_v12_0_20_legacy__parameterized4 is either unconnected or has no load
INFO: [Synth 8-7129] Port sclr in module c_shift_ram_v12_0_20_legacy__parameterized4 is either unconnected or has no load
INFO: [Synth 8-7129] Port sset in module c_shift_ram_v12_0_20_legacy__parameterized4 is either unconnected or has no load
INFO: [Synth 8-7129] Port sinit in module c_shift_ram_v12_0_20_legacy__parameterized4 is either unconnected or has no load
INFO: [Synth 8-7129] Port D[0] in module shift_ram__parameterized83 is either unconnected or has no load
INFO: [Synth 8-7129] Port DEPTHx2 in module shift_ram__parameterized83 is either unconnected or has no load
INFO: [Synth 8-7129] Port D[15] in module shift_ram__parameterized82 is either unconnected or has no load
INFO: [Synth 8-7129] Port D[14] in module shift_ram__parameterized82 is either unconnected or has no load
INFO: [Synth 8-7129] Port D[13] in module shift_ram__parameterized82 is either unconnected or has no load
INFO: [Synth 8-7129] Port D[12] in module shift_ram__parameterized82 is either unconnected or has no load
INFO: [Synth 8-7129] Port D[11] in module shift_ram__parameterized82 is either unconnected or has no load
INFO: [Synth 8-7129] Port D[10] in module shift_ram__parameterized82 is either unconnected or has no load
INFO: [Synth 8-7129] Port D[9] in module shift_ram__parameterized82 is either unconnected or has no load
INFO: [Synth 8-7129] Port D[8] in module shift_ram__parameterized82 is either unconnected or has no load
INFO: [Synth 8-7129] Port D[7] in module shift_ram__parameterized82 is either unconnected or has no load
INFO: [Synth 8-7129] Port D[6] in module shift_ram__parameterized82 is either unconnected or has no load
INFO: [Synth 8-7129] Port D[5] in module shift_ram__parameterized82 is either unconnected or has no load
INFO: [Synth 8-7129] Port D[4] in module shift_ram__parameterized82 is either unconnected or has no load
INFO: [Synth 8-7129] Port D[3] in module shift_ram__parameterized82 is either unconnected or has no load
INFO: [Synth 8-7129] Port D[2] in module shift_ram__parameterized82 is either unconnected or has no load
INFO: [Synth 8-7129] Port D[1] in module shift_ram__parameterized82 is either unconnected or has no load
INFO: [Synth 8-7129] Port D[0] in module shift_ram__parameterized82 is either unconnected or has no load
INFO: [Synth 8-7129] Port DEPTHx2 in module shift_ram__parameterized82 is either unconnected or has no load
INFO: [Synth 8-7129] Port a[3] in module c_shift_ram_v12_0_20_legacy is either unconnected or has no load
INFO: [Synth 8-7129] Port a[2] in module c_shift_ram_v12_0_20_legacy is either unconnected or has no load
INFO: [Synth 8-7129] Port a[1] in module c_shift_ram_v12_0_20_legacy is either unconnected or has no load
INFO: [Synth 8-7129] Port a[0] in module c_shift_ram_v12_0_20_legacy is either unconnected or has no load
INFO: [Synth 8-7129] Port aclr in module c_shift_ram_v12_0_20_legacy is either unconnected or has no load
INFO: [Synth 8-7129] Port aset in module c_shift_ram_v12_0_20_legacy is either unconnected or has no load
INFO: [Synth 8-7129] Port ainit in module c_shift_ram_v12_0_20_legacy is either unconnected or has no load
INFO: [Synth 8-7129] Port sclr in module c_shift_ram_v12_0_20_legacy is either unconnected or has no load
INFO: [Synth 8-7129] Port sset in module c_shift_ram_v12_0_20_legacy is either unconnected or has no load
INFO: [Synth 8-7129] Port sinit in module c_shift_ram_v12_0_20_legacy is either unconnected or has no load
INFO: [Synth 8-7129] Port D[0] in module shift_ram__parameterized80 is either unconnected or has no load
INFO: [Synth 8-7129] Port DEPTHx2 in module shift_ram__parameterized80 is either unconnected or has no load
INFO: [Synth 8-7129] Port D1 in module shift_ram__parameterized79 is either unconnected or has no load
INFO: [Synth 8-7129] Port DEPTHx2 in module shift_ram__parameterized79 is either unconnected or has no load
INFO: [Synth 8-7129] Port depthx2 in module r22_memory__parameterized4 is either unconnected or has no load
INFO: [Synth 8-7129] Port Q1 in module shift_ram__parameterized78 is either unconnected or has no load
INFO: [Synth 8-7129] Port D1 in module shift_ram__parameterized78 is either unconnected or has no load
INFO: [Synth 8-7129] Port COMBI_SCLR in module shift_ram__parameterized78 is either unconnected or has no load
INFO: [Synth 8-7129] Port DEPTHx2 in module shift_ram__parameterized78 is either unconnected or has no load
INFO: [Synth 8-7129] Port D1 in module shift_ram__parameterized75 is either unconnected or has no load
INFO: [Synth 8-7129] Port DEPTHx2 in module shift_ram__parameterized75 is either unconnected or has no load
INFO: [Synth 8-7129] Port D[0] in module shift_ram__parameterized22 is either unconnected or has no load
INFO: [Synth 8-7129] Port SCLR in module shift_ram__parameterized22 is either unconnected or has no load
INFO: [Synth 8-7129] Port COMBI_SCLR in module shift_ram__parameterized22 is either unconnected or has no load
INFO: [Synth 8-7129] Port DEPTHx2 in module shift_ram__parameterized22 is either unconnected or has no load
INFO: [Synth 8-7129] Port Q1 in module shift_ram__parameterized77 is either unconnected or has no load
INFO: [Synth 8-7129] Port D1 in module shift_ram__parameterized77 is either unconnected or has no load
INFO: [Synth 8-7129] Port CLK in module shift_ram__parameterized77 is either unconnected or has no load
INFO: [Synth 8-7129] Port CE in module shift_ram__parameterized77 is either unconnected or has no load
INFO: [Synth 8-7129] Port SCLR in module shift_ram__parameterized77 is either unconnected or has no load
INFO: [Synth 8-7129] Port COMBI_SCLR in module shift_ram__parameterized77 is either unconnected or has no load
INFO: [Synth 8-7129] Port DEPTHx2 in module shift_ram__parameterized77 is either unconnected or has no load
INFO: [Synth 8-7129] Port D1 in module shift_ram__parameterized76 is either unconnected or has no load
INFO: [Synth 8-7129] Port SCLR in module shift_ram__parameterized76 is either unconnected or has no load
INFO: [Synth 8-7129] Port COMBI_SCLR in module shift_ram__parameterized76 is either unconnected or has no load
INFO: [Synth 8-7129] Port DEPTHx2 in module shift_ram__parameterized76 is either unconnected or has no load
INFO: [Synth 8-7129] Port D[0] in module shift_ram__parameterized41 is either unconnected or has no load
INFO: [Synth 8-7129] Port COMBI_SCLR in module shift_ram__parameterized41 is either unconnected or has no load
INFO: [Synth 8-7129] Port DEPTHx2 in module shift_ram__parameterized41 is either unconnected or has no load
INFO: [Synth 8-7129] Port MUXCY_IN in module equ_rtl is either unconnected or has no load
INFO: [Synth 8-7129] Port AINIT in module c_reg_fd_v12_0_11_viv is either unconnected or has no load
INFO: [Synth 8-7129] Port ACLR in module c_reg_fd_v12_0_11_viv is either unconnected or has no load
INFO: [Synth 8-7129] Port ASET in module c_reg_fd_v12_0_11_viv is either unconnected or has no load
INFO: [Synth 8-7129] Port SINIT in module c_reg_fd_v12_0_11_viv is either unconnected or has no load
INFO: [Synth 8-7129] Port SSET in module c_reg_fd_v12_0_11_viv is either unconnected or has no load
INFO: [Synth 8-7129] Port add in module c_addsub_v12_0_21_lut6_legacy is either unconnected or has no load
INFO: [Synth 8-7129] Port bypass in module c_addsub_v12_0_21_lut6_legacy is either unconnected or has no load
INFO: [Synth 8-7129] Port sset in module c_addsub_v12_0_21_lut6_legacy is either unconnected or has no load
INFO: [Synth 8-7129] Port sinit in module c_addsub_v12_0_21_lut6_legacy is either unconnected or has no load
INFO: [Synth 8-7129] Port b_in in module c_addsub_v12_0_21_legacy is either unconnected or has no load
INFO: [Synth 8-7129] Port a_signed in module c_addsub_v12_0_21_legacy is either unconnected or has no load
INFO: [Synth 8-7129] Port b_signed in module c_addsub_v12_0_21_legacy is either unconnected or has no load
INFO: [Synth 8-7129] Port MAX[9] in module cnt_tc_rtl_a__parameterized0 is either unconnected or has no load
INFO: [Synth 8-7129] Port MAX[8] in module cnt_tc_rtl_a__parameterized0 is either unconnected or has no load
INFO: [Synth 8-7129] Port MAX[7] in module cnt_tc_rtl_a__parameterized0 is either unconnected or has no load
INFO: [Synth 8-7129] Port MAX[6] in module cnt_tc_rtl_a__parameterized0 is either unconnected or has no load
INFO: [Synth 8-7129] Port MAX[5] in module cnt_tc_rtl_a__parameterized0 is either unconnected or has no load
INFO: [Synth 8-7129] Port MAX[4] in module cnt_tc_rtl_a__parameterized0 is either unconnected or has no load
INFO: [Synth 8-7129] Port MAX[3] in module cnt_tc_rtl_a__parameterized0 is either unconnected or has no load
INFO: [Synth 8-7129] Port MAX[2] in module cnt_tc_rtl_a__parameterized0 is either unconnected or has no load
INFO: [Synth 8-7129] Port MAX[1] in module cnt_tc_rtl_a__parameterized0 is either unconnected or has no load
INFO: [Synth 8-7129] Port MAX[0] in module cnt_tc_rtl_a__parameterized0 is either unconnected or has no load
INFO: [Synth 8-7129] Port LOAD[9] in module cnt_tc_rtl_a__parameterized0 is either unconnected or has no load
INFO: [Synth 8-7129] Port LOAD[8] in module cnt_tc_rtl_a__parameterized0 is either unconnected or has no load
INFO: [Common 17-14] Message 'Synth 8-7129' appears 100 times and further instances of the messages will be disabled. Use the Tcl command set_msg_config to change the current settings.
---------------------------------------------------------------------------------
Finished RTL Elaboration : Time (s): cpu = 00:00:40 ; elapsed = 00:00:46 . Memory (MB): peak = 3791.340 ; gain = 1174.195 ; free physical = 18377 ; free virtual = 36717
---------------------------------------------------------------------------------
---------------------------------------------------------------------------------
Start Handling Custom Attributes
---------------------------------------------------------------------------------
---------------------------------------------------------------------------------
Finished Handling Custom Attributes : Time (s): cpu = 00:00:40 ; elapsed = 00:00:46 . Memory (MB): peak = 3791.340 ; gain = 1174.195 ; free physical = 18377 ; free virtual = 36717
---------------------------------------------------------------------------------
---------------------------------------------------------------------------------
Finished RTL Optimization Phase 1 : Time (s): cpu = 00:00:40 ; elapsed = 00:00:46 . Memory (MB): peak = 3791.340 ; gain = 1174.195 ; free physical = 18377 ; free virtual = 36717
---------------------------------------------------------------------------------
Netlist sorting complete. Time (s): cpu = 00:00:00.13 ; elapsed = 00:00:00.13 . Memory (MB): peak = 3791.340 ; gain = 0.000 ; free physical = 18376 ; free virtual = 36716
INFO: [Netlist 29-17] Analyzing 2095 Unisim elements for replacement
INFO: [Netlist 29-28] Unisim Transformation completed in 0 CPU seconds
INFO: [Project 1-570] Preparing netlist for logic optimization

Processing XDC Constraints
Initializing timing engine
Parsing XDC File [/home/janek/Magisterka/Intelligent-Vibroacoustic-Machine-Diagnostic-System-on-FPGA/spi/accelerometer_spi/accelerometer_spi.gen/sources_1/bd/spi_module/ip/spi_module_xfft_0_0/spi_module_xfft_0_0_ooc.xdc] for cell 'U0'
Finished Parsing XDC File [/home/janek/Magisterka/Intelligent-Vibroacoustic-Machine-Diagnostic-System-on-FPGA/spi/accelerometer_spi/accelerometer_spi.gen/sources_1/bd/spi_module/ip/spi_module_xfft_0_0/spi_module_xfft_0_0_ooc.xdc] for cell 'U0'
Parsing XDC File [/home/janek/Magisterka/Intelligent-Vibroacoustic-Machine-Diagnostic-System-on-FPGA/spi/accelerometer_spi/accelerometer_spi.runs/spi_module_xfft_0_0_synth_1/dont_touch.xdc]
Finished Parsing XDC File [/home/janek/Magisterka/Intelligent-Vibroacoustic-Machine-Diagnostic-System-on-FPGA/spi/accelerometer_spi/accelerometer_spi.runs/spi_module_xfft_0_0_synth_1/dont_touch.xdc]
Completed Processing XDC Constraints

Netlist sorting complete. Time (s): cpu = 00:00:00.01 ; elapsed = 00:00:00 . Memory (MB): peak = 3831.359 ; gain = 0.000 ; free physical = 18379 ; free virtual = 36720
INFO: [Project 1-111] Unisim Transformation Summary:
  A total of 287 instances were transformed.
  DSP48E2 => DSP48E2 (DSP_ALU, DSP_A_B_DATA, DSP_C_DATA, DSP_MULTIPLIER, DSP_M_DATA, DSP_OUTPUT, DSP_PREADD, DSP_PREADD_DATA): 12 instances
  FD => FDRE: 5 instances
  FDE => FDRE: 226 instances
  FDR => FDRE: 39 instances
  RAMB18 => RAMB18E2: 2 instances
  RAMB18E1 => RAMB18E2: 3 instances

Constraint Validation Runtime : Time (s): cpu = 00:00:00.23 ; elapsed = 00:00:00.13 . Memory (MB): peak = 3831.395 ; gain = 0.000 ; free physical = 18386 ; free virtual = 36727
INFO: [Designutils 20-5008] Incremental synthesis strategy off
---------------------------------------------------------------------------------
Finished Constraint Validation : Time (s): cpu = 00:00:49 ; elapsed = 00:00:55 . Memory (MB): peak = 3831.395 ; gain = 1214.250 ; free physical = 18371 ; free virtual = 36712
---------------------------------------------------------------------------------
---------------------------------------------------------------------------------
Start Loading Part and Timing Information
---------------------------------------------------------------------------------
Loading part: xck26-sfvc784-2LV-c
INFO: [Synth 8-6742] Reading net delay rules and data
---------------------------------------------------------------------------------
Finished Loading Part and Timing Information : Time (s): cpu = 00:00:49 ; elapsed = 00:00:55 . Memory (MB): peak = 3839.363 ; gain = 1222.219 ; free physical = 18371 ; free virtual = 36712
---------------------------------------------------------------------------------
---------------------------------------------------------------------------------
Start Applying 'set_property' XDC Constraints
---------------------------------------------------------------------------------
---------------------------------------------------------------------------------
Finished applying 'set_property' XDC Constraints : Time (s): cpu = 00:00:49 ; elapsed = 00:00:55 . Memory (MB): peak = 3839.363 ; gain = 1222.219 ; free physical = 18371 ; free virtual = 36712
---------------------------------------------------------------------------------
---------------------------------------------------------------------------------
Finished RTL Optimization Phase 2 : Time (s): cpu = 00:00:51 ; elapsed = 00:00:56 . Memory (MB): peak = 3839.363 ; gain = 1222.219 ; free physical = 18373 ; free virtual = 36717
---------------------------------------------------------------------------------
---------------------------------------------------------------------------------
Start RTL Component Statistics 
---------------------------------------------------------------------------------
---------------------------------------------------------------------------------
Finished RTL Component Statistics 
---------------------------------------------------------------------------------
---------------------------------------------------------------------------------
Start Part Resource Summary
---------------------------------------------------------------------------------
Part Resources:
DSPs: 1248 (col length:96)
BRAMs: 288 (col length: RAMB18 96 RAMB36 48)
---------------------------------------------------------------------------------
Finished Part Resource Summary
---------------------------------------------------------------------------------
---------------------------------------------------------------------------------
Start Cross Boundary and Area Optimization
---------------------------------------------------------------------------------
INFO: [Synth 8-3332] Sequential element (non_native_flt_non_ssr_fft.xfft_inst/non_floating_point.arch_d.xfft_inst/pe_gen[0].natural_order_input.PE/has_addr_gen.next_bf1_addr_delay/no_sclr_lut.real_shift_ram.use_baseblock.use_hlutnm_srls.srl_loop[4].i_fdre0) is unused and will be removed from module xfft_v9_1_15_viv.
INFO: [Synth 8-3332] Sequential element (non_native_flt_non_ssr_fft.xfft_inst/non_floating_point.arch_d.xfft_inst/pe_gen[0].natural_order_input.PE/has_addr_gen.next_bf1_addr_delay/no_sclr_lut.real_shift_ram.use_baseblock.use_hlutnm_srls.srl_loop[4].i_fdre1) is unused and will be removed from module xfft_v9_1_15_viv.
INFO: [Synth 8-3332] Sequential element (non_native_flt_non_ssr_fft.xfft_inst/non_floating_point.arch_d.xfft_inst/pe_gen[0].natural_order_input.PE/has_scale_pipelining.pe_ovflo_delay/no_sclr_lut.real_shift_ram.use_baseblock.use_hlutnm_srls.runt_srl_loop.i_fdre) is unused and will be removed from module xfft_v9_1_15_viv.
INFO: [Synth 8-3332] Sequential element (non_native_flt_non_ssr_fft.xfft_inst/non_floating_point.arch_d.xfft_inst/pe_gen[0].natural_order_input.PE/delay_addr_tw/no_sclr_lut.real_shift_ram.use_baseblock.use_hlutnm_srls.srl_loop[4].i_fdre0) is unused and will be removed from module xfft_v9_1_15_viv.
INFO: [Synth 8-3332] Sequential element (non_native_flt_non_ssr_fft.xfft_inst/non_floating_point.arch_d.xfft_inst/pe_gen[0].natural_order_input.PE/delay_addr_tw/no_sclr_lut.real_shift_ram.use_baseblock.use_hlutnm_srls.srl_loop[4].i_fdre1) is unused and will be removed from module xfft_v9_1_15_viv.
INFO: [Synth 8-3332] Sequential element (non_native_flt_non_ssr_fft.xfft_inst/non_floating_point.arch_d.xfft_inst/pe_gen[0].natural_order_input.PE/scaling2bits.scaler_re/scale_mux/four_inputs.use_lut6.no_lut_sclr.four_to_one_mux[26].latency1.reg) is unused and will be removed from module xfft_v9_1_15_viv.
INFO: [Synth 8-3332] Sequential element (non_native_flt_non_ssr_fft.xfft_inst/non_floating_point.arch_d.xfft_inst/pe_gen[0].natural_order_input.PE/scaling2bits.scaler_re/scale_mux/four_inputs.use_lut6.no_lut_sclr.four_to_one_mux[25].latency1.reg) is unused and will be removed from module xfft_v9_1_15_viv.
INFO: [Synth 8-3332] Sequential element (non_native_flt_non_ssr_fft.xfft_inst/non_floating_point.arch_d.xfft_inst/pe_gen[0].natural_order_input.PE/scaling2bits.scaler_re/scale_mux/four_inputs.use_lut6.no_lut_sclr.four_to_one_mux[24].latency1.reg) is unused and will be removed from module xfft_v9_1_15_viv.
INFO: [Synth 8-3332] Sequential element (non_native_flt_non_ssr_fft.xfft_inst/non_floating_point.arch_d.xfft_inst/pe_gen[0].natural_order_input.PE/scaling2bits.scaler_re/scale_mux/four_inputs.use_lut6.no_lut_sclr.four_to_one_mux[7].latency1.reg) is unused and will be removed from module xfft_v9_1_15_viv.
INFO: [Synth 8-3332] Sequential element (non_native_flt_non_ssr_fft.xfft_inst/non_floating_point.arch_d.xfft_inst/pe_gen[0].natural_order_input.PE/scaling2bits.scaler_re/scale_mux/four_inputs.use_lut6.no_lut_sclr.four_to_one_mux[6].latency1.reg) is unused and will be removed from module xfft_v9_1_15_viv.
INFO: [Synth 8-3332] Sequential element (non_native_flt_non_ssr_fft.xfft_inst/non_floating_point.arch_d.xfft_inst/pe_gen[0].natural_order_input.PE/scaling2bits.scaler_re/scale_mux/four_inputs.use_lut6.no_lut_sclr.four_to_one_mux[5].latency1.reg) is unused and will be removed from module xfft_v9_1_15_viv.
INFO: [Synth 8-3332] Sequential element (non_native_flt_non_ssr_fft.xfft_inst/non_floating_point.arch_d.xfft_inst/pe_gen[0].natural_order_input.PE/scaling2bits.scaler_re/scale_mux/four_inputs.use_lut6.no_lut_sclr.four_to_one_mux[4].latency1.reg) is unused and will be removed from module xfft_v9_1_15_viv.
INFO: [Synth 8-3332] Sequential element (non_native_flt_non_ssr_fft.xfft_inst/non_floating_point.arch_d.xfft_inst/pe_gen[0].natural_order_input.PE/scaling2bits.scaler_re/scale_mux/four_inputs.use_lut6.no_lut_sclr.four_to_one_mux[3].latency1.reg) is unused and will be removed from module xfft_v9_1_15_viv.
INFO: [Synth 8-3332] Sequential element (non_native_flt_non_ssr_fft.xfft_inst/non_floating_point.arch_d.xfft_inst/pe_gen[0].natural_order_input.PE/scaling2bits.scaler_re/scale_mux/four_inputs.use_lut6.no_lut_sclr.four_to_one_mux[2].latency1.reg) is unused and will be removed from module xfft_v9_1_15_viv.
INFO: [Synth 8-3332] Sequential element (non_native_flt_non_ssr_fft.xfft_inst/non_floating_point.arch_d.xfft_inst/pe_gen[0].natural_order_input.PE/scaling2bits.scaler_re/scale_mux/four_inputs.use_lut6.no_lut_sclr.four_to_one_mux[1].latency1.reg) is unused and will be removed from module xfft_v9_1_15_viv.
INFO: [Synth 8-3332] Sequential element (non_native_flt_non_ssr_fft.xfft_inst/non_floating_point.arch_d.xfft_inst/pe_gen[0].natural_order_input.PE/scaling2bits.scaler_re/scale_mux/four_inputs.use_lut6.no_lut_sclr.four_to_one_mux[0].latency1.reg) is unused and will be removed from module xfft_v9_1_15_viv.
INFO: [Synth 8-3332] Sequential element (non_native_flt_non_ssr_fft.xfft_inst/non_floating_point.arch_d.xfft_inst/pe_gen[0].natural_order_input.PE/scaling2bits.scaler_im/scale_mux/four_inputs.use_lut6.no_lut_sclr.four_to_one_mux[26].latency1.reg) is unused and will be removed from module xfft_v9_1_15_viv.
INFO: [Synth 8-3332] Sequential element (non_native_flt_non_ssr_fft.xfft_inst/non_floating_point.arch_d.xfft_inst/pe_gen[0].natural_order_input.PE/scaling2bits.scaler_im/scale_mux/four_inputs.use_lut6.no_lut_sclr.four_to_one_mux[25].latency1.reg) is unused and will be removed from module xfft_v9_1_15_viv.
INFO: [Synth 8-3332] Sequential element (non_native_flt_non_ssr_fft.xfft_inst/non_floating_point.arch_d.xfft_inst/pe_gen[0].natural_order_input.PE/scaling2bits.scaler_im/scale_mux/four_inputs.use_lut6.no_lut_sclr.four_to_one_mux[24].latency1.reg) is unused and will be removed from module xfft_v9_1_15_viv.
INFO: [Synth 8-3332] Sequential element (non_native_flt_non_ssr_fft.xfft_inst/non_floating_point.arch_d.xfft_inst/pe_gen[0].natural_order_input.PE/scaling2bits.scaler_im/scale_mux/four_inputs.use_lut6.no_lut_sclr.four_to_one_mux[7].latency1.reg) is unused and will be removed from module xfft_v9_1_15_viv.
INFO: [Synth 8-3332] Sequential element (non_native_flt_non_ssr_fft.xfft_inst/non_floating_point.arch_d.xfft_inst/pe_gen[0].natural_order_input.PE/scaling2bits.scaler_im/scale_mux/four_inputs.use_lut6.no_lut_sclr.four_to_one_mux[6].latency1.reg) is unused and will be removed from module xfft_v9_1_15_viv.
INFO: [Synth 8-3332] Sequential element (non_native_flt_non_ssr_fft.xfft_inst/non_floating_point.arch_d.xfft_inst/pe_gen[0].natural_order_input.PE/scaling2bits.scaler_im/scale_mux/four_inputs.use_lut6.no_lut_sclr.four_to_one_mux[5].latency1.reg) is unused and will be removed from module xfft_v9_1_15_viv.
INFO: [Synth 8-3332] Sequential element (non_native_flt_non_ssr_fft.xfft_inst/non_floating_point.arch_d.xfft_inst/pe_gen[0].natural_order_input.PE/scaling2bits.scaler_im/scale_mux/four_inputs.use_lut6.no_lut_sclr.four_to_one_mux[4].latency1.reg) is unused and will be removed from module xfft_v9_1_15_viv.
INFO: [Synth 8-3332] Sequential element (non_native_flt_non_ssr_fft.xfft_inst/non_floating_point.arch_d.xfft_inst/pe_gen[0].natural_order_input.PE/scaling2bits.scaler_im/scale_mux/four_inputs.use_lut6.no_lut_sclr.four_to_one_mux[3].latency1.reg) is unused and will be removed from module xfft_v9_1_15_viv.
INFO: [Synth 8-3332] Sequential element (non_native_flt_non_ssr_fft.xfft_inst/non_floating_point.arch_d.xfft_inst/pe_gen[0].natural_order_input.PE/scaling2bits.scaler_im/scale_mux/four_inputs.use_lut6.no_lut_sclr.four_to_one_mux[2].latency1.reg) is unused and will be removed from module xfft_v9_1_15_viv.
INFO: [Synth 8-3332] Sequential element (non_native_flt_non_ssr_fft.xfft_inst/non_floating_point.arch_d.xfft_inst/pe_gen[0].natural_order_input.PE/scaling2bits.scaler_im/scale_mux/four_inputs.use_lut6.no_lut_sclr.four_to_one_mux[1].latency1.reg) is unused and will be removed from module xfft_v9_1_15_viv.
INFO: [Synth 8-3332] Sequential element (non_native_flt_non_ssr_fft.xfft_inst/non_floating_point.arch_d.xfft_inst/pe_gen[0].natural_order_input.PE/scaling2bits.scaler_im/scale_mux/four_inputs.use_lut6.no_lut_sclr.four_to_one_mux[0].latency1.reg) is unused and will be removed from module xfft_v9_1_15_viv.
INFO: [Synth 8-3332] Sequential element (non_native_flt_non_ssr_fft.xfft_inst/non_floating_point.arch_d.xfft_inst/pe_gen[1].natural_order_input.PE/has_addr_gen.next_bf1_addr_delay/no_sclr_lut.real_shift_ram.use_baseblock.use_hlutnm_srls.srl_loop[0].i_fdre0) is unused and will be removed from module xfft_v9_1_15_viv.
INFO: [Synth 8-3332] Sequential element (non_native_flt_non_ssr_fft.xfft_inst/non_floating_point.arch_d.xfft_inst/pe_gen[1].natural_order_input.PE/has_addr_gen.next_bf1_addr_delay/no_sclr_lut.real_shift_ram.use_baseblock.use_hlutnm_srls.srl_loop[0].i_fdre1) is unused and will be removed from module xfft_v9_1_15_viv.
INFO: [Synth 8-3332] Sequential element (non_native_flt_non_ssr_fft.xfft_inst/non_floating_point.arch_d.xfft_inst/pe_gen[1].natural_order_input.PE/has_addr_gen.next_bf1_addr_delay/no_sclr_lut.real_shift_ram.use_baseblock.use_hlutnm_srls.srl_loop[1].i_fdre0) is unused and will be removed from module xfft_v9_1_15_viv.
INFO: [Synth 8-3332] Sequential element (non_native_flt_non_ssr_fft.xfft_inst/non_floating_point.arch_d.xfft_inst/pe_gen[1].natural_order_input.PE/has_addr_gen.next_bf1_addr_delay/no_sclr_lut.real_shift_ram.use_baseblock.use_hlutnm_srls.srl_loop[1].i_fdre1) is unused and will be removed from module xfft_v9_1_15_viv.
INFO: [Synth 8-3332] Sequential element (non_native_flt_non_ssr_fft.xfft_inst/non_floating_point.arch_d.xfft_inst/pe_gen[1].natural_order_input.PE/has_addr_gen.next_bf1_addr_delay/no_sclr_lut.real_shift_ram.use_baseblock.use_hlutnm_srls.srl_loop[2].i_fdre0) is unused and will be removed from module xfft_v9_1_15_viv.
INFO: [Synth 8-3332] Sequential element (non_native_flt_non_ssr_fft.xfft_inst/non_floating_point.arch_d.xfft_inst/pe_gen[1].natural_order_input.PE/has_addr_gen.next_bf1_addr_delay/no_sclr_lut.real_shift_ram.use_baseblock.use_hlutnm_srls.srl_loop[3].i_fdre0) is unused and will be removed from module xfft_v9_1_15_viv.
INFO: [Synth 8-3332] Sequential element (non_native_flt_non_ssr_fft.xfft_inst/non_floating_point.arch_d.xfft_inst/pe_gen[1].natural_order_input.PE/has_addr_gen.next_bf1_addr_delay/no_sclr_lut.real_shift_ram.use_baseblock.use_hlutnm_srls.srl_loop[3].i_fdre1) is unused and will be removed from module xfft_v9_1_15_viv.
INFO: [Synth 8-3332] Sequential element (non_native_flt_non_ssr_fft.xfft_inst/non_floating_point.arch_d.xfft_inst/pe_gen[1].natural_order_input.PE/has_scale_pipelining.pe_ovflo_delay/no_sclr_lut.real_shift_ram.use_baseblock.use_hlutnm_srls.runt_srl_loop.i_fdre) is unused and will be removed from module xfft_v9_1_15_viv.
INFO: [Synth 8-3332] Sequential element (non_native_flt_non_ssr_fft.xfft_inst/non_floating_point.arch_d.xfft_inst/pe_gen[1].natural_order_input.PE/delay_addr_bf2/no_sclr_lut.real_shift_ram.use_baseblock.use_hlutnm_srls.srl_loop[0].i_fdre0) is unused and will be removed from module xfft_v9_1_15_viv.
INFO: [Synth 8-3332] Sequential element (non_native_flt_non_ssr_fft.xfft_inst/non_floating_point.arch_d.xfft_inst/pe_gen[1].natural_order_input.PE/delay_addr_bf2/no_sclr_lut.real_shift_ram.use_baseblock.use_hlutnm_srls.srl_loop[0].i_fdre1) is unused and will be removed from module xfft_v9_1_15_viv.
INFO: [Synth 8-3332] Sequential element (non_native_flt_non_ssr_fft.xfft_inst/non_floating_point.arch_d.xfft_inst/pe_gen[1].natural_order_input.PE/delay_addr_bf2/no_sclr_lut.real_shift_ram.use_baseblock.use_hlutnm_srls.srl_loop[1].i_fdre0) is unused and will be removed from module xfft_v9_1_15_viv.
INFO: [Synth 8-3332] Sequential element (non_native_flt_non_ssr_fft.xfft_inst/non_floating_point.arch_d.xfft_inst/pe_gen[1].natural_order_input.PE/delay_addr_bf2/no_sclr_lut.real_shift_ram.use_baseblock.use_hlutnm_srls.srl_loop[1].i_fdre1) is unused and will be removed from module xfft_v9_1_15_viv.
INFO: [Synth 8-3332] Sequential element (non_native_flt_non_ssr_fft.xfft_inst/non_floating_point.arch_d.xfft_inst/pe_gen[1].natural_order_input.PE/delay_addr_bf2/no_sclr_lut.real_shift_ram.use_baseblock.use_hlutnm_srls.srl_loop[2].i_fdre0) is unused and will be removed from module xfft_v9_1_15_viv.
INFO: [Synth 8-3332] Sequential element (non_native_flt_non_ssr_fft.xfft_inst/non_floating_point.arch_d.xfft_inst/pe_gen[1].natural_order_input.PE/delay_addr_bf2/no_sclr_lut.real_shift_ram.use_baseblock.use_hlutnm_srls.srl_loop[2].i_fdre1) is unused and will be removed from module xfft_v9_1_15_viv.
INFO: [Synth 8-3332] Sequential element (non_native_flt_non_ssr_fft.xfft_inst/non_floating_point.arch_d.xfft_inst/pe_gen[1].natural_order_input.PE/delay_addr_tw/no_sclr_lut.real_shift_ram.use_baseblock.use_hlutnm_srls.srl_loop[0].i_fdre0) is unused and will be removed from module xfft_v9_1_15_viv.
INFO: [Synth 8-3332] Sequential element (non_native_flt_non_ssr_fft.xfft_inst/non_floating_point.arch_d.xfft_inst/pe_gen[1].natural_order_input.PE/delay_addr_tw/no_sclr_lut.real_shift_ram.use_baseblock.use_hlutnm_srls.srl_loop[0].i_fdre1) is unused and will be removed from module xfft_v9_1_15_viv.
INFO: [Synth 8-3332] Sequential element (non_native_flt_non_ssr_fft.xfft_inst/non_floating_point.arch_d.xfft_inst/pe_gen[1].natural_order_input.PE/delay_addr_tw/no_sclr_lut.real_shift_ram.use_baseblock.use_hlutnm_srls.srl_loop[1].i_fdre0) is unused and will be removed from module xfft_v9_1_15_viv.
INFO: [Synth 8-3332] Sequential element (non_native_flt_non_ssr_fft.xfft_inst/non_floating_point.arch_d.xfft_inst/pe_gen[1].natural_order_input.PE/delay_addr_tw/no_sclr_lut.real_shift_ram.use_baseblock.use_hlutnm_srls.srl_loop[1].i_fdre1) is unused and will be removed from module xfft_v9_1_15_viv.
INFO: [Synth 8-3332] Sequential element (non_native_flt_non_ssr_fft.xfft_inst/non_floating_point.arch_d.xfft_inst/pe_gen[1].natural_order_input.PE/delay_addr_tw/no_sclr_lut.real_shift_ram.use_baseblock.use_hlutnm_srls.srl_loop[2].i_fdre0) is unused and will be removed from module xfft_v9_1_15_viv.
INFO: [Synth 8-3332] Sequential element (non_native_flt_non_ssr_fft.xfft_inst/non_floating_point.arch_d.xfft_inst/pe_gen[1].natural_order_input.PE/delay_addr_tw/no_sclr_lut.real_shift_ram.use_baseblock.use_hlutnm_srls.srl_loop[2].i_fdre1) is unused and will be removed from module xfft_v9_1_15_viv.
INFO: [Synth 8-3332] Sequential element (non_native_flt_non_ssr_fft.xfft_inst/non_floating_point.arch_d.xfft_inst/pe_gen[1].natural_order_input.PE/delay_addr_tw/no_sclr_lut.real_shift_ram.use_baseblock.use_hlutnm_srls.srl_loop[3].i_fdre0) is unused and will be removed from module xfft_v9_1_15_viv.
INFO: [Synth 8-3332] Sequential element (non_native_flt_non_ssr_fft.xfft_inst/non_floating_point.arch_d.xfft_inst/pe_gen[1].natural_order_input.PE/delay_addr_tw/no_sclr_lut.real_shift_ram.use_baseblock.use_hlutnm_srls.srl_loop[3].i_fdre1) is unused and will be removed from module xfft_v9_1_15_viv.
INFO: [Synth 8-3332] Sequential element (non_native_flt_non_ssr_fft.xfft_inst/non_floating_point.arch_d.xfft_inst/pe_gen[1].natural_order_input.PE/hasbf2.FB_2.BF_2/wr_addr_del/no_sclr_lut.real_shift_ram.use_baseblock.use_hlutnm_srls.srl_loop[0].i_fdre0) is unused and will be removed from module xfft_v9_1_15_viv.
INFO: [Synth 8-3332] Sequential element (non_native_flt_non_ssr_fft.xfft_inst/non_floating_point.arch_d.xfft_inst/pe_gen[1].natural_order_input.PE/hasbf2.FB_2.BF_2/wr_addr_del/no_sclr_lut.real_shift_ram.use_baseblock.use_hlutnm_srls.srl_loop[0].i_fdre1) is unused and will be removed from module xfft_v9_1_15_viv.
INFO: [Synth 8-3332] Sequential element (non_native_flt_non_ssr_fft.xfft_inst/non_floating_point.arch_d.xfft_inst/pe_gen[1].natural_order_input.PE/hasbf2.FB_2.BF_2/wr_addr_del/no_sclr_lut.real_shift_ram.use_baseblock.use_hlutnm_srls.srl_loop[1].i_fdre0) is unused and will be removed from module xfft_v9_1_15_viv.
INFO: [Synth 8-3332] Sequential element (non_native_flt_non_ssr_fft.xfft_inst/non_floating_point.arch_d.xfft_inst/pe_gen[1].natural_order_input.PE/hasbf2.FB_2.BF_2/wr_addr_del/no_sclr_lut.real_shift_ram.use_baseblock.use_hlutnm_srls.srl_loop[1].i_fdre1) is unused and will be removed from module xfft_v9_1_15_viv.
INFO: [Synth 8-3332] Sequential element (non_native_flt_non_ssr_fft.xfft_inst/non_floating_point.arch_d.xfft_inst/pe_gen[1].natural_order_input.PE/hasbf2.FB_2.BF_2/wr_addr_del/no_sclr_lut.real_shift_ram.use_baseblock.use_hlutnm_srls.srl_loop[2].i_fdre0) is unused and will be removed from module xfft_v9_1_15_viv.
INFO: [Synth 8-3332] Sequential element (non_native_flt_non_ssr_fft.xfft_inst/non_floating_point.arch_d.xfft_inst/pe_gen[1].natural_order_input.PE/hasbf2.FB_2.BF_2/wr_addr_del/no_sclr_lut.real_shift_ram.use_baseblock.use_hlutnm_srls.srl_loop[2].i_fdre1) is unused and will be removed from module xfft_v9_1_15_viv.
INFO: [Synth 8-3332] Sequential element (non_native_flt_non_ssr_fft.xfft_inst/non_floating_point.arch_d.xfft_inst/pe_gen[1].natural_order_input.PE/scaling2bits.scaler_re/scale_mux/four_inputs.use_lut6.no_lut_sclr.four_to_one_mux[26].latency1.reg) is unused and will be removed from module xfft_v9_1_15_viv.
INFO: [Synth 8-3332] Sequential element (non_native_flt_non_ssr_fft.xfft_inst/non_floating_point.arch_d.xfft_inst/pe_gen[1].natural_order_input.PE/scaling2bits.scaler_re/scale_mux/four_inputs.use_lut6.no_lut_sclr.four_to_one_mux[25].latency1.reg) is unused and will be removed from module xfft_v9_1_15_viv.
INFO: [Synth 8-3332] Sequential element (non_native_flt_non_ssr_fft.xfft_inst/non_floating_point.arch_d.xfft_inst/pe_gen[1].natural_order_input.PE/scaling2bits.scaler_re/scale_mux/four_inputs.use_lut6.no_lut_sclr.four_to_one_mux[24].latency1.reg) is unused and will be removed from module xfft_v9_1_15_viv.
INFO: [Synth 8-3332] Sequential element (non_native_flt_non_ssr_fft.xfft_inst/non_floating_point.arch_d.xfft_inst/pe_gen[1].natural_order_input.PE/scaling2bits.scaler_re/scale_mux/four_inputs.use_lut6.no_lut_sclr.four_to_one_mux[7].latency1.reg) is unused and will be removed from module xfft_v9_1_15_viv.
INFO: [Synth 8-3332] Sequential element (non_native_flt_non_ssr_fft.xfft_inst/non_floating_point.arch_d.xfft_inst/pe_gen[1].natural_order_input.PE/scaling2bits.scaler_re/scale_mux/four_inputs.use_lut6.no_lut_sclr.four_to_one_mux[6].latency1.reg) is unused and will be removed from module xfft_v9_1_15_viv.
INFO: [Synth 8-3332] Sequential element (non_native_flt_non_ssr_fft.xfft_inst/non_floating_point.arch_d.xfft_inst/pe_gen[1].natural_order_input.PE/scaling2bits.scaler_re/scale_mux/four_inputs.use_lut6.no_lut_sclr.four_to_one_mux[5].latency1.reg) is unused and will be removed from module xfft_v9_1_15_viv.
INFO: [Synth 8-3332] Sequential element (non_native_flt_non_ssr_fft.xfft_inst/non_floating_point.arch_d.xfft_inst/pe_gen[1].natural_order_input.PE/scaling2bits.scaler_re/scale_mux/four_inputs.use_lut6.no_lut_sclr.four_to_one_mux[4].latency1.reg) is unused and will be removed from module xfft_v9_1_15_viv.
INFO: [Synth 8-3332] Sequential element (non_native_flt_non_ssr_fft.xfft_inst/non_floating_point.arch_d.xfft_inst/pe_gen[1].natural_order_input.PE/scaling2bits.scaler_re/scale_mux/four_inputs.use_lut6.no_lut_sclr.four_to_one_mux[3].latency1.reg) is unused and will be removed from module xfft_v9_1_15_viv.
INFO: [Synth 8-3332] Sequential element (non_native_flt_non_ssr_fft.xfft_inst/non_floating_point.arch_d.xfft_inst/pe_gen[1].natural_order_input.PE/scaling2bits.scaler_re/scale_mux/four_inputs.use_lut6.no_lut_sclr.four_to_one_mux[2].latency1.reg) is unused and will be removed from module xfft_v9_1_15_viv.
INFO: [Synth 8-3332] Sequential element (non_native_flt_non_ssr_fft.xfft_inst/non_floating_point.arch_d.xfft_inst/pe_gen[1].natural_order_input.PE/scaling2bits.scaler_re/scale_mux/four_inputs.use_lut6.no_lut_sclr.four_to_one_mux[1].latency1.reg) is unused and will be removed from module xfft_v9_1_15_viv.
INFO: [Synth 8-3332] Sequential element (non_native_flt_non_ssr_fft.xfft_inst/non_floating_point.arch_d.xfft_inst/pe_gen[1].natural_order_input.PE/scaling2bits.scaler_re/scale_mux/four_inputs.use_lut6.no_lut_sclr.four_to_one_mux[0].latency1.reg) is unused and will be removed from module xfft_v9_1_15_viv.
INFO: [Synth 8-3332] Sequential element (non_native_flt_non_ssr_fft.xfft_inst/non_floating_point.arch_d.xfft_inst/pe_gen[1].natural_order_input.PE/scaling2bits.scaler_im/scale_mux/four_inputs.use_lut6.no_lut_sclr.four_to_one_mux[26].latency1.reg) is unused and will be removed from module xfft_v9_1_15_viv.
INFO: [Synth 8-3332] Sequential element (non_native_flt_non_ssr_fft.xfft_inst/non_floating_point.arch_d.xfft_inst/pe_gen[1].natural_order_input.PE/scaling2bits.scaler_im/scale_mux/four_inputs.use_lut6.no_lut_sclr.four_to_one_mux[25].latency1.reg) is unused and will be removed from module xfft_v9_1_15_viv.
INFO: [Synth 8-3332] Sequential element (non_native_flt_non_ssr_fft.xfft_inst/non_floating_point.arch_d.xfft_inst/pe_gen[1].natural_order_input.PE/scaling2bits.scaler_im/scale_mux/four_inputs.use_lut6.no_lut_sclr.four_to_one_mux[24].latency1.reg) is unused and will be removed from module xfft_v9_1_15_viv.
INFO: [Synth 8-3332] Sequential element (non_native_flt_non_ssr_fft.xfft_inst/non_floating_point.arch_d.xfft_inst/pe_gen[1].natural_order_input.PE/scaling2bits.scaler_im/scale_mux/four_inputs.use_lut6.no_lut_sclr.four_to_one_mux[7].latency1.reg) is unused and will be removed from module xfft_v9_1_15_viv.
INFO: [Synth 8-3332] Sequential element (non_native_flt_non_ssr_fft.xfft_inst/non_floating_point.arch_d.xfft_inst/pe_gen[1].natural_order_input.PE/scaling2bits.scaler_im/scale_mux/four_inputs.use_lut6.no_lut_sclr.four_to_one_mux[6].latency1.reg) is unused and will be removed from module xfft_v9_1_15_viv.
INFO: [Synth 8-3332] Sequential element (non_native_flt_non_ssr_fft.xfft_inst/non_floating_point.arch_d.xfft_inst/pe_gen[1].natural_order_input.PE/scaling2bits.scaler_im/scale_mux/four_inputs.use_lut6.no_lut_sclr.four_to_one_mux[5].latency1.reg) is unused and will be removed from module xfft_v9_1_15_viv.
INFO: [Synth 8-3332] Sequential element (non_native_flt_non_ssr_fft.xfft_inst/non_floating_point.arch_d.xfft_inst/pe_gen[1].natural_order_input.PE/scaling2bits.scaler_im/scale_mux/four_inputs.use_lut6.no_lut_sclr.four_to_one_mux[4].latency1.reg) is unused and will be removed from module xfft_v9_1_15_viv.
INFO: [Synth 8-3332] Sequential element (non_native_flt_non_ssr_fft.xfft_inst/non_floating_point.arch_d.xfft_inst/pe_gen[1].natural_order_input.PE/scaling2bits.scaler_im/scale_mux/four_inputs.use_lut6.no_lut_sclr.four_to_one_mux[3].latency1.reg) is unused and will be removed from module xfft_v9_1_15_viv.
INFO: [Synth 8-3332] Sequential element (non_native_flt_non_ssr_fft.xfft_inst/non_floating_point.arch_d.xfft_inst/pe_gen[1].natural_order_input.PE/scaling2bits.scaler_im/scale_mux/four_inputs.use_lut6.no_lut_sclr.four_to_one_mux[2].latency1.reg) is unused and will be removed from module xfft_v9_1_15_viv.
INFO: [Synth 8-3332] Sequential element (non_native_flt_non_ssr_fft.xfft_inst/non_floating_point.arch_d.xfft_inst/pe_gen[1].natural_order_input.PE/scaling2bits.scaler_im/scale_mux/four_inputs.use_lut6.no_lut_sclr.four_to_one_mux[1].latency1.reg) is unused and will be removed from module xfft_v9_1_15_viv.
INFO: [Synth 8-3332] Sequential element (non_native_flt_non_ssr_fft.xfft_inst/non_floating_point.arch_d.xfft_inst/pe_gen[1].natural_order_input.PE/scaling2bits.scaler_im/scale_mux/four_inputs.use_lut6.no_lut_sclr.four_to_one_mux[0].latency1.reg) is unused and will be removed from module xfft_v9_1_15_viv.
INFO: [Synth 8-3332] Sequential element (non_native_flt_non_ssr_fft.xfft_inst/non_floating_point.arch_d.xfft_inst/pe_gen[2].natural_order_input.PE/delay_addr_bf2/no_sclr_lut.real_shift_ram.use_baseblock.use_hlutnm_srls.srl_loop[0].i_fdre0) is unused and will be removed from module xfft_v9_1_15_viv.
INFO: [Synth 8-3332] Sequential element (non_native_flt_non_ssr_fft.xfft_inst/non_floating_point.arch_d.xfft_inst/pe_gen[2].natural_order_input.PE/delay_addr_bf2/no_sclr_lut.real_shift_ram.use_baseblock.use_hlutnm_srls.srl_loop[0].i_fdre1) is unused and will be removed from module xfft_v9_1_15_viv.
INFO: [Synth 8-3332] Sequential element (non_native_flt_non_ssr_fft.xfft_inst/non_floating_point.arch_d.xfft_inst/pe_gen[2].natural_order_input.PE/delay_addr_bf2/no_sclr_lut.real_shift_ram.use_baseblock.use_hlutnm_srls.srl_loop[1].i_fdre0) is unused and will be removed from module xfft_v9_1_15_viv.
INFO: [Synth 8-3332] Sequential element (non_native_flt_non_ssr_fft.xfft_inst/non_floating_point.arch_d.xfft_inst/pe_gen[2].natural_order_input.PE/delay_addr_bf2/no_sclr_lut.real_shift_ram.use_baseblock.use_hlutnm_srls.srl_loop[1].i_fdre1) is unused and will be removed from module xfft_v9_1_15_viv.
INFO: [Synth 8-3332] Sequential element (non_native_flt_non_ssr_fft.xfft_inst/non_floating_point.arch_d.xfft_inst/pe_gen[2].natural_order_input.PE/delay_addr_tw/no_sclr_lut.real_shift_ram.use_baseblock.use_hlutnm_srls.srl_loop[0].i_fdre0) is unused and will be removed from module xfft_v9_1_15_viv.
INFO: [Synth 8-3332] Sequential element (non_native_flt_non_ssr_fft.xfft_inst/non_floating_point.arch_d.xfft_inst/pe_gen[2].natural_order_input.PE/delay_addr_tw/no_sclr_lut.real_shift_ram.use_baseblock.use_hlutnm_srls.srl_loop[0].i_fdre1) is unused and will be removed from module xfft_v9_1_15_viv.
INFO: [Synth 8-3332] Sequential element (non_native_flt_non_ssr_fft.xfft_inst/non_floating_point.arch_d.xfft_inst/pe_gen[2].natural_order_input.PE/delay_addr_tw/no_sclr_lut.real_shift_ram.use_baseblock.use_hlutnm_srls.srl_loop[1].i_fdre0) is unused and will be removed from module xfft_v9_1_15_viv.
INFO: [Synth 8-3332] Sequential element (non_native_flt_non_ssr_fft.xfft_inst/non_floating_point.arch_d.xfft_inst/pe_gen[2].natural_order_input.PE/delay_addr_tw/no_sclr_lut.real_shift_ram.use_baseblock.use_hlutnm_srls.srl_loop[1].i_fdre1) is unused and will be removed from module xfft_v9_1_15_viv.
INFO: [Synth 8-3332] Sequential element (non_native_flt_non_ssr_fft.xfft_inst/non_floating_point.arch_d.xfft_inst/pe_gen[2].natural_order_input.PE/delay_addr_tw/no_sclr_lut.real_shift_ram.use_baseblock.use_hlutnm_srls.srl_loop[2].i_fdre0) is unused and will be removed from module xfft_v9_1_15_viv.
INFO: [Synth 8-3332] Sequential element (non_native_flt_non_ssr_fft.xfft_inst/non_floating_point.arch_d.xfft_inst/pe_gen[2].natural_order_input.PE/delay_addr_tw/no_sclr_lut.real_shift_ram.use_baseblock.use_hlutnm_srls.srl_loop[2].i_fdre1) is unused and will be removed from module xfft_v9_1_15_viv.
INFO: [Synth 8-3332] Sequential element (non_native_flt_non_ssr_fft.xfft_inst/non_floating_point.arch_d.xfft_inst/pe_gen[2].natural_order_input.PE/FB_1.BF_1/wr_addr_del/no_sclr_lut.real_shift_ram.use_baseblock.use_hlutnm_srls.srl_loop[0].i_fdre0) is unused and will be removed from module xfft_v9_1_15_viv.
INFO: [Synth 8-3332] Sequential element (non_native_flt_non_ssr_fft.xfft_inst/non_floating_point.arch_d.xfft_inst/pe_gen[2].natural_order_input.PE/FB_1.BF_1/wr_addr_del/no_sclr_lut.real_shift_ram.use_baseblock.use_hlutnm_srls.srl_loop[0].i_fdre1) is unused and will be removed from module xfft_v9_1_15_viv.
INFO: [Synth 8-3332] Sequential element (non_native_flt_non_ssr_fft.xfft_inst/non_floating_point.arch_d.xfft_inst/pe_gen[2].natural_order_input.PE/FB_1.BF_1/wr_addr_del/no_sclr_lut.real_shift_ram.use_baseblock.use_hlutnm_srls.srl_loop[1].i_fdre0) is unused and will be removed from module xfft_v9_1_15_viv.
INFO: [Synth 8-3332] Sequential element (non_native_flt_non_ssr_fft.xfft_inst/non_floating_point.arch_d.xfft_inst/pe_gen[2].natural_order_input.PE/FB_1.BF_1/wr_addr_del/no_sclr_lut.real_shift_ram.use_baseblock.use_hlutnm_srls.srl_loop[1].i_fdre1) is unused and will be removed from module xfft_v9_1_15_viv.
INFO: [Synth 8-3332] Sequential element (non_native_flt_non_ssr_fft.xfft_inst/non_floating_point.arch_d.xfft_inst/pe_gen[2].natural_order_input.PE/FB_1.BF_1/wr_addr_del/no_sclr_lut.real_shift_ram.use_baseblock.use_hlutnm_srls.runt_srl_loop.i_fdre) is unused and will be removed from module xfft_v9_1_15_viv.
INFO: [Synth 8-3332] Sequential element (non_native_flt_non_ssr_fft.xfft_inst/non_floating_point.arch_d.xfft_inst/pe_gen[2].natural_order_input.PE/scaling2bits.scaler_re/scale_mux/four_inputs.use_lut6.no_lut_sclr.four_to_one_mux[26].latency1.reg) is unused and will be removed from module xfft_v9_1_15_viv.
INFO: [Synth 8-3332] Sequential element (non_native_flt_non_ssr_fft.xfft_inst/non_floating_point.arch_d.xfft_inst/pe_gen[2].natural_order_input.PE/scaling2bits.scaler_re/scale_mux/four_inputs.use_lut6.no_lut_sclr.four_to_one_mux[25].latency1.reg) is unused and will be removed from module xfft_v9_1_15_viv.
INFO: [Synth 8-3332] Sequential element (non_native_flt_non_ssr_fft.xfft_inst/non_floating_point.arch_d.xfft_inst/pe_gen[2].natural_order_input.PE/scaling2bits.scaler_re/scale_mux/four_inputs.use_lut6.no_lut_sclr.four_to_one_mux[24].latency1.reg) is unused and will be removed from module xfft_v9_1_15_viv.
INFO: [Synth 8-3332] Sequential element (non_native_flt_non_ssr_fft.xfft_inst/non_floating_point.arch_d.xfft_inst/pe_gen[2].natural_order_input.PE/scaling2bits.scaler_re/scale_mux/four_inputs.use_lut6.no_lut_sclr.four_to_one_mux[7].latency1.reg) is unused and will be removed from module xfft_v9_1_15_viv.
INFO: [Synth 8-3332] Sequential element (non_native_flt_non_ssr_fft.xfft_inst/non_floating_point.arch_d.xfft_inst/pe_gen[2].natural_order_input.PE/scaling2bits.scaler_re/scale_mux/four_inputs.use_lut6.no_lut_sclr.four_to_one_mux[6].latency1.reg) is unused and will be removed from module xfft_v9_1_15_viv.
INFO: [Synth 8-3332] Sequential element (non_native_flt_non_ssr_fft.xfft_inst/non_floating_point.arch_d.xfft_inst/pe_gen[2].natural_order_input.PE/scaling2bits.scaler_re/scale_mux/four_inputs.use_lut6.no_lut_sclr.four_to_one_mux[5].latency1.reg) is unused and will be removed from module xfft_v9_1_15_viv.
INFO: [Synth 8-3332] Sequential element (non_native_flt_non_ssr_fft.xfft_inst/non_floating_point.arch_d.xfft_inst/pe_gen[2].natural_order_input.PE/scaling2bits.scaler_re/scale_mux/four_inputs.use_lut6.no_lut_sclr.four_to_one_mux[4].latency1.reg) is unused and will be removed from module xfft_v9_1_15_viv.
INFO: [Synth 8-3332] Sequential element (non_native_flt_non_ssr_fft.xfft_inst/non_floating_point.arch_d.xfft_inst/pe_gen[2].natural_order_input.PE/scaling2bits.scaler_re/scale_mux/four_inputs.use_lut6.no_lut_sclr.four_to_one_mux[3].latency1.reg) is unused and will be removed from module xfft_v9_1_15_viv.
INFO: [Common 17-14] Message 'Synth 8-3332' appears 100 times and further instances of the messages will be disabled. Use the Tcl command set_msg_config to change the current settings.
---------------------------------------------------------------------------------
Finished Cross Boundary and Area Optimization : Time (s): cpu = 00:00:55 ; elapsed = 00:01:01 . Memory (MB): peak = 3839.363 ; gain = 1222.219 ; free physical = 18373 ; free virtual = 36717
---------------------------------------------------------------------------------
---------------------------------------------------------------------------------
Start Applying XDC Timing Constraints
---------------------------------------------------------------------------------
---------------------------------------------------------------------------------
Finished Applying XDC Timing Constraints : Time (s): cpu = 00:01:00 ; elapsed = 00:01:06 . Memory (MB): peak = 3956.105 ; gain = 1338.961 ; free physical = 18331 ; free virtual = 36675
---------------------------------------------------------------------------------
---------------------------------------------------------------------------------
Start Timing Optimization
---------------------------------------------------------------------------------
---------------------------------------------------------------------------------
Finished Timing Optimization : Time (s): cpu = 00:01:01 ; elapsed = 00:01:08 . Memory (MB): peak = 3972.121 ; gain = 1354.977 ; free physical = 18315 ; free virtual = 36658
---------------------------------------------------------------------------------
---------------------------------------------------------------------------------
Start Technology Mapping
---------------------------------------------------------------------------------
---------------------------------------------------------------------------------
Finished Technology Mapping : Time (s): cpu = 00:01:03 ; elapsed = 00:01:09 . Memory (MB): peak = 3972.121 ; gain = 1354.977 ; free physical = 18315 ; free virtual = 36659
---------------------------------------------------------------------------------
---------------------------------------------------------------------------------
Start IO Insertion
---------------------------------------------------------------------------------
---------------------------------------------------------------------------------
Start Flattening Before IO Insertion
---------------------------------------------------------------------------------
---------------------------------------------------------------------------------
Finished Flattening Before IO Insertion
---------------------------------------------------------------------------------
---------------------------------------------------------------------------------
Start Final Netlist Cleanup
---------------------------------------------------------------------------------
---------------------------------------------------------------------------------
Finished Final Netlist Cleanup
---------------------------------------------------------------------------------
---------------------------------------------------------------------------------
Finished IO Insertion : Time (s): cpu = 00:01:05 ; elapsed = 00:01:12 . Memory (MB): peak = 3972.121 ; gain = 1354.977 ; free physical = 18311 ; free virtual = 36655
---------------------------------------------------------------------------------
---------------------------------------------------------------------------------
Start Renaming Generated Instances
---------------------------------------------------------------------------------
---------------------------------------------------------------------------------
Finished Renaming Generated Instances : Time (s): cpu = 00:01:05 ; elapsed = 00:01:12 . Memory (MB): peak = 3972.121 ; gain = 1354.977 ; free physical = 18311 ; free virtual = 36655
---------------------------------------------------------------------------------
---------------------------------------------------------------------------------
Start Rebuilding User Hierarchy
---------------------------------------------------------------------------------
---------------------------------------------------------------------------------
Finished Rebuilding User Hierarchy : Time (s): cpu = 00:01:06 ; elapsed = 00:01:12 . Memory (MB): peak = 3972.121 ; gain = 1354.977 ; free physical = 18313 ; free virtual = 36657
---------------------------------------------------------------------------------
---------------------------------------------------------------------------------
Start Renaming Generated Ports
---------------------------------------------------------------------------------
---------------------------------------------------------------------------------
Finished Renaming Generated Ports : Time (s): cpu = 00:01:06 ; elapsed = 00:01:12 . Memory (MB): peak = 3972.121 ; gain = 1354.977 ; free physical = 18313 ; free virtual = 36657
---------------------------------------------------------------------------------
---------------------------------------------------------------------------------
Start Handling Custom Attributes
---------------------------------------------------------------------------------
---------------------------------------------------------------------------------
Finished Handling Custom Attributes : Time (s): cpu = 00:01:06 ; elapsed = 00:01:12 . Memory (MB): peak = 3972.121 ; gain = 1354.977 ; free physical = 18312 ; free virtual = 36656
---------------------------------------------------------------------------------
---------------------------------------------------------------------------------
Start Renaming Generated Nets
---------------------------------------------------------------------------------
---------------------------------------------------------------------------------
Finished Renaming Generated Nets : Time (s): cpu = 00:01:06 ; elapsed = 00:01:13 . Memory (MB): peak = 3972.121 ; gain = 1354.977 ; free physical = 18312 ; free virtual = 36656
---------------------------------------------------------------------------------
---------------------------------------------------------------------------------
Start Writing Synthesis Report
---------------------------------------------------------------------------------

DSP Final Report (the ' indicates corresponding REG is set)
+------------------------+--------------------------+--------+--------+--------+--------+--------+------+------+------+------+-------+------+------+
|Module Name             | DSP Mapping              | A Size | B Size | C Size | D Size | P Size | AREG | BREG | CREG | DREG | ADREG | MREG | PREG | 
+------------------------+--------------------------+--------+--------+--------+--------+--------+------+------+------+------+-------+------+------+
|dsp_308                 | (C'-(((D'+A'')'*B'')'))' | 27     | 18     | 48     | 27     | 45     | 2    | 2    | 1    | 1    | 1     | 1    | 1    | 
|dsp__parameterized0_307 | (C+((D'+A')'*B'')')'     | 27     | 18     | 9      | 27     | 45     | 1    | 2    | 0    | 1    | 1     | 1    | 1    | 
|dsp__parameterized1_305 | (C'+((D'-A'')'*B'')')'   | 27     | 18     | 48     | 27     | 45     | 2    | 2    | 1    | 1    | 1     | 1    | 1    | 
|dsp_205                 | (C'-(((D'+A'')'*B'')'))' | 27     | 18     | 48     | 27     | 45     | 2    | 2    | 1    | 1    | 1     | 1    | 1    | 
|dsp__parameterized0_204 | (C+((D'+A')'*B'')')'     | 27     | 18     | 9      | 27     | 45     | 1    | 2    | 0    | 1    | 1     | 1    | 1    | 
|dsp__parameterized1_202 | (C'+((D'-A'')'*B'')')'   | 27     | 18     | 48     | 27     | 45     | 2    | 2    | 1    | 1    | 1     | 1    | 1    | 
|dsp_132                 | (C'-(((D'+A'')'*B'')'))' | 27     | 18     | 48     | 27     | 45     | 2    | 2    | 1    | 1    | 1     | 1    | 1    | 
|dsp__parameterized0_131 | (C+((D'+A')'*B'')')'     | 27     | 18     | 9      | 27     | 45     | 1    | 2    | 0    | 1    | 1     | 1    | 1    | 
|dsp__parameterized1_129 | (C'+((D'-A'')'*B'')')'   | 27     | 18     | 48     | 27     | 45     | 2    | 2    | 1    | 1    | 1     | 1    | 1    | 
|dsp                     | (C'-(((D'+A'')'*B'')'))' | 27     | 18     | 48     | 27     | 45     | 2    | 2    | 1    | 1    | 1     | 1    | 1    | 
|dsp__parameterized0     | (C+((D'+A')'*B'')')'     | 27     | 18     | 9      | 27     | 45     | 1    | 2    | 0    | 1    | 1     | 1    | 1    | 
|dsp__parameterized1     | (C'+((D'-A'')'*B'')')'   | 27     | 18     | 48     | 27     | 45     | 2    | 2    | 1    | 1    | 1     | 1    | 1    | 
+------------------------+--------------------------+--------+--------+--------+--------+--------+------+------+------+------+-------+------+------+


Report BlackBoxes: 
+-+--------------+----------+
| |BlackBox name |Instances |
+-+--------------+----------+
+-+--------------+----------+

Report Cell Usage: 
+------+----------------+------+
|      |Cell            |Count |
+------+----------------+------+
|1     |CARRY8          |    22|
|2     |DSP_ALU         |    12|
|3     |DSP_A_B_DATA    |    12|
|5     |DSP_C_DATA      |    12|
|7     |DSP_MULTIPLIER  |    12|
|8     |DSP_M_DATA      |    12|
|9     |DSP_OUTPUT      |    12|
|10    |DSP_PREADD      |    12|
|11    |DSP_PREADD_DATA |    12|
|12    |LUT1            |    25|
|13    |LUT2            |   566|
|14    |LUT3            |  1160|
|15    |LUT4            |   232|
|16    |LUT5            |    34|
|17    |LUT6            |   291|
|18    |MUXCY           |   916|
|19    |RAM64X1S        |    31|
|20    |RAMB18          |     2|
|21    |RAMB18E1        |     3|
|22    |RAMB18E2        |     1|
|23    |SRL16E          |   826|
|24    |SRLC32E         |   130|
|25    |XORCY           |   882|
|26    |FD              |     5|
|27    |FDE             |   216|
|28    |FDR             |    28|
|29    |FDRE            |  4136|
+------+----------------+------+
---------------------------------------------------------------------------------
Finished Writing Synthesis Report : Time (s): cpu = 00:01:06 ; elapsed = 00:01:13 . Memory (MB): peak = 3972.121 ; gain = 1354.977 ; free physical = 18312 ; free virtual = 36656
---------------------------------------------------------------------------------
Synthesis finished with 0 errors, 0 critical warnings and 0 warnings.
Synthesis Optimization Runtime : Time (s): cpu = 00:01:01 ; elapsed = 00:01:07 . Memory (MB): peak = 3972.121 ; gain = 1314.922 ; free physical = 18312 ; free virtual = 36656
Synthesis Optimization Complete : Time (s): cpu = 00:01:06 ; elapsed = 00:01:13 . Memory (MB): peak = 3972.121 ; gain = 1354.977 ; free physical = 18312 ; free virtual = 36656
INFO: [Project 1-571] Translating synthesized netlist
Netlist sorting complete. Time (s): cpu = 00:00:00.08 ; elapsed = 00:00:00.08 . Memory (MB): peak = 3972.121 ; gain = 0.000 ; free physical = 18482 ; free virtual = 36826
INFO: [Netlist 29-17] Analyzing 2117 Unisim elements for replacement
INFO: [Netlist 29-28] Unisim Transformation completed in 0 CPU seconds
INFO: [Project 1-570] Preparing netlist for logic optimization
INFO: [Opt 31-138] Pushed 0 inverter(s) to 0 load pin(s).
INFO: [Opt 31-422] The CLOCK_DOMAINS attribute on the BRAM cell U0/i_synth/non_native_flt_non_ssr_fft.xfft_inst/non_floating_point.arch_d.xfft_inst/has_bit_reverse.dig_rev_mem/blk_ram.use_bram_only.mem/depth_10.ram_loop[0].use_RAMB18.SDP_RAMB18_18x1024 has been changed from INDEPENDENT to COMMON to match the clocking topology used for the BRAM.
INFO: [Opt 31-422] The CLOCK_DOMAINS attribute on the BRAM cell U0/i_synth/non_native_flt_non_ssr_fft.xfft_inst/non_floating_point.arch_d.xfft_inst/has_bit_reverse.dig_rev_mem/blk_ram.use_bram_only.mem/depth_10.ram_loop[1].use_RAMB18.SDP_RAMB18_18x1024 has been changed from INDEPENDENT to COMMON to match the clocking topology used for the BRAM.
INFO: [Opt 31-422] The CLOCK_DOMAINS attribute on the BRAM cell U0/i_synth/non_native_flt_non_ssr_fft.xfft_inst/non_floating_point.arch_d.xfft_inst/pe_gen[0].natural_order_input.PE/FB_1.BF_1/MEM/blk_ram.use_bram_only.mem/depths_3to9.ram_loop[0].use_RAMB18.SDP_RAMB18E1_36x512 has been changed from INDEPENDENT to COMMON to match the clocking topology used for the BRAM.
INFO: [Opt 31-422] The CLOCK_DOMAINS attribute on the BRAM cell U0/i_synth/non_native_flt_non_ssr_fft.xfft_inst/non_floating_point.arch_d.xfft_inst/pe_gen[0].natural_order_input.PE/has_TW_mult.TW/twiddle_generator/tw0.twgen0/sin_pre_read_reg has been changed from INDEPENDENT to COMMON to match the clocking topology used for the BRAM.
INFO: [Opt 31-422] The CLOCK_DOMAINS attribute on the BRAM cell U0/i_synth/non_native_flt_non_ssr_fft.xfft_inst/non_floating_point.arch_d.xfft_inst/pe_gen[0].natural_order_input.PE/hasbf2.FB_2.BF_2/MEM/blk_ram.use_bram_only.mem/depths_3to9.ram_loop[0].use_RAMB18.SDP_RAMB18E1_36x512 has been changed from INDEPENDENT to COMMON to match the clocking topology used for the BRAM.
INFO: [Opt 31-422] The CLOCK_DOMAINS attribute on the BRAM cell U0/i_synth/non_native_flt_non_ssr_fft.xfft_inst/non_floating_point.arch_d.xfft_inst/pe_gen[1].natural_order_input.PE/FB_1.BF_1/MEM/blk_ram.use_bram_only.mem/depths_3to9.ram_loop[0].use_RAMB18.SDP_RAMB18E1_36x512 has been changed from INDEPENDENT to COMMON to match the clocking topology used for the BRAM.
Netlist sorting complete. Time (s): cpu = 00:00:00 ; elapsed = 00:00:00.01 . Memory (MB): peak = 3972.121 ; gain = 0.000 ; free physical = 18468 ; free virtual = 36823
INFO: [Project 1-111] Unisim Transformation Summary:
  A total of 464 instances were transformed.
  (CARRY4) => CARRY8: 167 instances
  DSP48E2 => DSP48E2 (DSP_ALU, DSP_A_B_DATA, DSP_C_DATA, DSP_MULTIPLIER, DSP_M_DATA, DSP_OUTPUT, DSP_PREADD, DSP_PREADD_DATA): 12 instances
  FD => FDRE: 5 instances
  FDE => FDRE: 216 instances
  FDR => FDRE: 28 instances
  RAM64X1S => RAM64X1S (RAMS64E): 31 instances
  RAMB18 => RAMB18E2: 2 instances
  RAMB18E1 => RAMB18E2: 3 instances

Synth Design complete | Checksum: b93f561f
INFO: [Common 17-83] Releasing license: Synthesis
229 Infos, 0 Warnings, 0 Critical Warnings and 0 Errors encountered.
synth_design completed successfully
synth_design: Time (s): cpu = 00:01:19 ; elapsed = 00:01:24 . Memory (MB): peak = 3972.121 ; gain = 2353.148 ; free physical = 18467 ; free virtual = 36822
INFO: [Common 17-2834] synth_design peak Physical Memory [PSS] (MB): overall = 3308.025; main = 3064.396; forked = 283.397
INFO: [Common 17-2834] synth_design peak Virtual Memory [VSS] (MB): overall = 4958.684; main = 3972.121; forked = 986.562
Write ShapeDB Complete: Time (s): cpu = 00:00:00.02 ; elapsed = 00:00:00.01 . Memory (MB): peak = 3978.473 ; gain = 0.000 ; free physical = 18466 ; free virtual = 36822
INFO: [Common 17-1381] The checkpoint '/home/janek/Magisterka/Intelligent-Vibroacoustic-Machine-Diagnostic-System-on-FPGA/spi/accelerometer_spi/accelerometer_spi.runs/spi_module_xfft_0_0_synth_1/spi_module_xfft_0_0.dcp' has been generated.
INFO: [Coretcl 2-1648] Added synthesis output to IP cache for IP spi_module_xfft_0_0, cache-ID = 4c34d79e8df7f891
INFO: [Coretcl 2-1174] Renamed 727 cell refs.
Write ShapeDB Complete: Time (s): cpu = 00:00:00.03 ; elapsed = 00:00:00.01 . Memory (MB): peak = 3978.473 ; gain = 0.000 ; free physical = 18452 ; free virtual = 36827
INFO: [Common 17-1381] The checkpoint '/home/janek/Magisterka/Intelligent-Vibroacoustic-Machine-Diagnostic-System-on-FPGA/spi/accelerometer_spi/accelerometer_spi.runs/spi_module_xfft_0_0_synth_1/spi_module_xfft_0_0.dcp' has been generated.
INFO: [Vivado 12-24828] Executing command : report_utilization -file spi_module_xfft_0_0_utilization_synth.rpt -pb spi_module_xfft_0_0_utilization_synth.pb
INFO: [Common 17-206] Exiting Vivado at Sun Feb  8 14:51:30 2026...
