
*** Running vivado
    with args -log ethernet_wrapper.vds -m64 -product Vivado -mode batch -messageDb vivado.pb -notrace -source ethernet_wrapper.tcl


****** Vivado v2025.2 (64-bit)
  **** SW Build 6299465 on Fri Nov 14 12:34:56 MST 2025
  **** IP Build 6300035 on Fri Nov 14 10:48:45 MST 2025
  **** SharedData Build 6298862 on Thu Nov 13 04:50:51 MST 2025
  **** Start of session at: Mon Jul 20 09:16:49 2026
    ** Copyright 1986-2022 Xilinx, Inc. All Rights Reserved.
    ** Copyright 2022-2025 Advanced Micro Devices, Inc. All Rights Reserved.

source ethernet_wrapper.tcl -notrace
INFO: [IP_Flow 19-234] Refreshing IP repositories
INFO: [IP_Flow 19-1704] No user IP repositories specified
INFO: [IP_Flow 19-2313] Loaded Vivado IP repository '/home/kuszman/Xilinx/2025.2/data/ip'.
Command: read_checkpoint -auto_incremental -incremental /home/kuszman/Magisterka/Intelligent-Vibroacoustic-Machine-Diagnostic-System-on-FPGA/ethernet/project_1/project_1.srcs/utils_1/imports/synth_1/ethernet_wrapper.dcp
INFO: [Vivado 12-5825] Read reference checkpoint from /home/kuszman/Magisterka/Intelligent-Vibroacoustic-Machine-Diagnostic-System-on-FPGA/ethernet/project_1/project_1.srcs/utils_1/imports/synth_1/ethernet_wrapper.dcp for incremental synthesis
INFO: [Vivado 12-7989] Please ensure there are no constraint changes
Command: synth_design -top ethernet_wrapper -part xck26-sfvc784-2LV-c
Starting synth_design
Attempting to get a license for feature 'Synthesis' and/or device 'xck26'
INFO: [Common 17-349] Got license for feature 'Synthesis' and/or device 'xck26'
INFO: [Device 21-403] Loading part xck26-sfvc784-2LV-c
INFO: [Designutils 20-5440] No compile time benefit to using incremental synthesis; A full resynthesis will be run
INFO: [Designutils 20-4379] Flow is switching to default flow due to incremental criteria not met. If you would like to alter this behaviour and have the flow terminate instead, please set the following parameter config_implementation {autoIncr.Synth.RejectBehavior Terminate}
INFO: [Synth 8-7079] Multithreading enabled for synth_design using a maximum of 7 processes.
INFO: [Synth 8-7078] Launching helper process for spawning children vivado processes
INFO: [Synth 8-7075] Helper process launched with PID 71217
---------------------------------------------------------------------------------
Starting RTL Elaboration : Time (s): cpu = 00:00:04 ; elapsed = 00:00:04 . Memory (MB): peak = 2771.863 ; gain = 150.688 ; free physical = 258 ; free virtual = 8687
---------------------------------------------------------------------------------
INFO: [Synth 8-6157] synthesizing module 'ethernet_wrapper' [/home/kuszman/Magisterka/Intelligent-Vibroacoustic-Machine-Diagnostic-System-on-FPGA/ethernet/project_1/project_1.gen/sources_1/bd/ethernet/hdl/ethernet_wrapper.v:13]
INFO: [Synth 8-6157] synthesizing module 'ethernet' [/home/kuszman/Magisterka/Intelligent-Vibroacoustic-Machine-Diagnostic-System-on-FPGA/ethernet/project_1/project_1.gen/sources_1/bd/ethernet/synth/ethernet.v:13]
INFO: [Synth 8-6157] synthesizing module 'ethernet_axi_dma_0_0' [/home/kuszman/Magisterka/Intelligent-Vibroacoustic-Machine-Diagnostic-System-on-FPGA/ethernet/project_1/project_1.runs/synth_1/.Xil/Vivado-71150-Magisterka/realtime/ethernet_axi_dma_0_0_stub.v:6]
INFO: [Synth 8-6155] done synthesizing module 'ethernet_axi_dma_0_0' (0#1) [/home/kuszman/Magisterka/Intelligent-Vibroacoustic-Machine-Diagnostic-System-on-FPGA/ethernet/project_1/project_1.runs/synth_1/.Xil/Vivado-71150-Magisterka/realtime/ethernet_axi_dma_0_0_stub.v:6]
WARNING: [Synth 8-7071] port 'm_axi_mm2s_araddr' of module 'ethernet_axi_dma_0_0' is unconnected for instance 'axi_dma_0' [/home/kuszman/Magisterka/Intelligent-Vibroacoustic-Machine-Diagnostic-System-on-FPGA/ethernet/project_1/project_1.gen/sources_1/bd/ethernet/synth/ethernet.v:96]
WARNING: [Synth 8-7071] port 'm_axi_mm2s_arlen' of module 'ethernet_axi_dma_0_0' is unconnected for instance 'axi_dma_0' [/home/kuszman/Magisterka/Intelligent-Vibroacoustic-Machine-Diagnostic-System-on-FPGA/ethernet/project_1/project_1.gen/sources_1/bd/ethernet/synth/ethernet.v:96]
WARNING: [Synth 8-7071] port 'm_axi_mm2s_arsize' of module 'ethernet_axi_dma_0_0' is unconnected for instance 'axi_dma_0' [/home/kuszman/Magisterka/Intelligent-Vibroacoustic-Machine-Diagnostic-System-on-FPGA/ethernet/project_1/project_1.gen/sources_1/bd/ethernet/synth/ethernet.v:96]
WARNING: [Synth 8-7071] port 'm_axi_mm2s_arburst' of module 'ethernet_axi_dma_0_0' is unconnected for instance 'axi_dma_0' [/home/kuszman/Magisterka/Intelligent-Vibroacoustic-Machine-Diagnostic-System-on-FPGA/ethernet/project_1/project_1.gen/sources_1/bd/ethernet/synth/ethernet.v:96]
WARNING: [Synth 8-7071] port 'm_axi_mm2s_arprot' of module 'ethernet_axi_dma_0_0' is unconnected for instance 'axi_dma_0' [/home/kuszman/Magisterka/Intelligent-Vibroacoustic-Machine-Diagnostic-System-on-FPGA/ethernet/project_1/project_1.gen/sources_1/bd/ethernet/synth/ethernet.v:96]
WARNING: [Synth 8-7071] port 'm_axi_mm2s_arcache' of module 'ethernet_axi_dma_0_0' is unconnected for instance 'axi_dma_0' [/home/kuszman/Magisterka/Intelligent-Vibroacoustic-Machine-Diagnostic-System-on-FPGA/ethernet/project_1/project_1.gen/sources_1/bd/ethernet/synth/ethernet.v:96]
WARNING: [Synth 8-7071] port 'm_axi_mm2s_arvalid' of module 'ethernet_axi_dma_0_0' is unconnected for instance 'axi_dma_0' [/home/kuszman/Magisterka/Intelligent-Vibroacoustic-Machine-Diagnostic-System-on-FPGA/ethernet/project_1/project_1.gen/sources_1/bd/ethernet/synth/ethernet.v:96]
WARNING: [Synth 8-7071] port 'm_axi_mm2s_rready' of module 'ethernet_axi_dma_0_0' is unconnected for instance 'axi_dma_0' [/home/kuszman/Magisterka/Intelligent-Vibroacoustic-Machine-Diagnostic-System-on-FPGA/ethernet/project_1/project_1.gen/sources_1/bd/ethernet/synth/ethernet.v:96]
WARNING: [Synth 8-7071] port 'mm2s_prmry_reset_out_n' of module 'ethernet_axi_dma_0_0' is unconnected for instance 'axi_dma_0' [/home/kuszman/Magisterka/Intelligent-Vibroacoustic-Machine-Diagnostic-System-on-FPGA/ethernet/project_1/project_1.gen/sources_1/bd/ethernet/synth/ethernet.v:96]
WARNING: [Synth 8-7071] port 'm_axis_mm2s_tdata' of module 'ethernet_axi_dma_0_0' is unconnected for instance 'axi_dma_0' [/home/kuszman/Magisterka/Intelligent-Vibroacoustic-Machine-Diagnostic-System-on-FPGA/ethernet/project_1/project_1.gen/sources_1/bd/ethernet/synth/ethernet.v:96]
WARNING: [Synth 8-7071] port 'm_axis_mm2s_tkeep' of module 'ethernet_axi_dma_0_0' is unconnected for instance 'axi_dma_0' [/home/kuszman/Magisterka/Intelligent-Vibroacoustic-Machine-Diagnostic-System-on-FPGA/ethernet/project_1/project_1.gen/sources_1/bd/ethernet/synth/ethernet.v:96]
WARNING: [Synth 8-7071] port 'm_axis_mm2s_tvalid' of module 'ethernet_axi_dma_0_0' is unconnected for instance 'axi_dma_0' [/home/kuszman/Magisterka/Intelligent-Vibroacoustic-Machine-Diagnostic-System-on-FPGA/ethernet/project_1/project_1.gen/sources_1/bd/ethernet/synth/ethernet.v:96]
WARNING: [Synth 8-7071] port 'm_axis_mm2s_tlast' of module 'ethernet_axi_dma_0_0' is unconnected for instance 'axi_dma_0' [/home/kuszman/Magisterka/Intelligent-Vibroacoustic-Machine-Diagnostic-System-on-FPGA/ethernet/project_1/project_1.gen/sources_1/bd/ethernet/synth/ethernet.v:96]
WARNING: [Synth 8-7071] port 's2mm_prmry_reset_out_n' of module 'ethernet_axi_dma_0_0' is unconnected for instance 'axi_dma_0' [/home/kuszman/Magisterka/Intelligent-Vibroacoustic-Machine-Diagnostic-System-on-FPGA/ethernet/project_1/project_1.gen/sources_1/bd/ethernet/synth/ethernet.v:96]
WARNING: [Synth 8-7071] port 'mm2s_introut' of module 'ethernet_axi_dma_0_0' is unconnected for instance 'axi_dma_0' [/home/kuszman/Magisterka/Intelligent-Vibroacoustic-Machine-Diagnostic-System-on-FPGA/ethernet/project_1/project_1.gen/sources_1/bd/ethernet/synth/ethernet.v:96]
WARNING: [Synth 8-7071] port 's2mm_introut' of module 'ethernet_axi_dma_0_0' is unconnected for instance 'axi_dma_0' [/home/kuszman/Magisterka/Intelligent-Vibroacoustic-Machine-Diagnostic-System-on-FPGA/ethernet/project_1/project_1.gen/sources_1/bd/ethernet/synth/ethernet.v:96]
WARNING: [Synth 8-7071] port 'axi_dma_tstvec' of module 'ethernet_axi_dma_0_0' is unconnected for instance 'axi_dma_0' [/home/kuszman/Magisterka/Intelligent-Vibroacoustic-Machine-Diagnostic-System-on-FPGA/ethernet/project_1/project_1.gen/sources_1/bd/ethernet/synth/ethernet.v:96]
WARNING: [Synth 8-7023] instance 'axi_dma_0' of module 'ethernet_axi_dma_0_0' has 64 connections declared, but only 47 given [/home/kuszman/Magisterka/Intelligent-Vibroacoustic-Machine-Diagnostic-System-on-FPGA/ethernet/project_1/project_1.gen/sources_1/bd/ethernet/synth/ethernet.v:96]
INFO: [Synth 8-6157] synthesizing module 'ethernet_axi_smc_0' [/home/kuszman/Magisterka/Intelligent-Vibroacoustic-Machine-Diagnostic-System-on-FPGA/ethernet/project_1/project_1.runs/synth_1/.Xil/Vivado-71150-Magisterka/realtime/ethernet_axi_smc_0_stub.v:6]
INFO: [Synth 8-6155] done synthesizing module 'ethernet_axi_smc_0' (0#1) [/home/kuszman/Magisterka/Intelligent-Vibroacoustic-Machine-Diagnostic-System-on-FPGA/ethernet/project_1/project_1.runs/synth_1/.Xil/Vivado-71150-Magisterka/realtime/ethernet_axi_smc_0_stub.v:6]
WARNING: [Synth 8-7071] port 'M00_AXI_awprot' of module 'ethernet_axi_smc_0' is unconnected for instance 'axi_smc' [/home/kuszman/Magisterka/Intelligent-Vibroacoustic-Machine-Diagnostic-System-on-FPGA/ethernet/project_1/project_1.gen/sources_1/bd/ethernet/synth/ethernet.v:144]
WARNING: [Synth 8-7071] port 'M00_AXI_wstrb' of module 'ethernet_axi_smc_0' is unconnected for instance 'axi_smc' [/home/kuszman/Magisterka/Intelligent-Vibroacoustic-Machine-Diagnostic-System-on-FPGA/ethernet/project_1/project_1.gen/sources_1/bd/ethernet/synth/ethernet.v:144]
WARNING: [Synth 8-7071] port 'M00_AXI_arprot' of module 'ethernet_axi_smc_0' is unconnected for instance 'axi_smc' [/home/kuszman/Magisterka/Intelligent-Vibroacoustic-Machine-Diagnostic-System-on-FPGA/ethernet/project_1/project_1.gen/sources_1/bd/ethernet/synth/ethernet.v:144]
WARNING: [Synth 8-7023] instance 'axi_smc' of module 'ethernet_axi_smc_0' has 60 connections declared, but only 57 given [/home/kuszman/Magisterka/Intelligent-Vibroacoustic-Machine-Diagnostic-System-on-FPGA/ethernet/project_1/project_1.gen/sources_1/bd/ethernet/synth/ethernet.v:144]
INFO: [Synth 8-6157] synthesizing module 'ethernet_axis_test_gen_0_0' [/home/kuszman/Magisterka/Intelligent-Vibroacoustic-Machine-Diagnostic-System-on-FPGA/ethernet/project_1/project_1.runs/synth_1/.Xil/Vivado-71150-Magisterka/realtime/ethernet_axis_test_gen_0_0_stub.v:6]
INFO: [Synth 8-6155] done synthesizing module 'ethernet_axis_test_gen_0_0' (0#1) [/home/kuszman/Magisterka/Intelligent-Vibroacoustic-Machine-Diagnostic-System-on-FPGA/ethernet/project_1/project_1.runs/synth_1/.Xil/Vivado-71150-Magisterka/realtime/ethernet_axis_test_gen_0_0_stub.v:6]
INFO: [Synth 8-6157] synthesizing module 'ethernet_rst_ps8_0_99M_0' [/home/kuszman/Magisterka/Intelligent-Vibroacoustic-Machine-Diagnostic-System-on-FPGA/ethernet/project_1/project_1.runs/synth_1/.Xil/Vivado-71150-Magisterka/realtime/ethernet_rst_ps8_0_99M_0_stub.v:6]
INFO: [Synth 8-6155] done synthesizing module 'ethernet_rst_ps8_0_99M_0' (0#1) [/home/kuszman/Magisterka/Intelligent-Vibroacoustic-Machine-Diagnostic-System-on-FPGA/ethernet/project_1/project_1.runs/synth_1/.Xil/Vivado-71150-Magisterka/realtime/ethernet_rst_ps8_0_99M_0_stub.v:6]
WARNING: [Synth 8-7071] port 'mb_reset' of module 'ethernet_rst_ps8_0_99M_0' is unconnected for instance 'rst_ps8_0_99M' [/home/kuszman/Magisterka/Intelligent-Vibroacoustic-Machine-Diagnostic-System-on-FPGA/ethernet/project_1/project_1.gen/sources_1/bd/ethernet/synth/ethernet.v:209]
WARNING: [Synth 8-7071] port 'bus_struct_reset' of module 'ethernet_rst_ps8_0_99M_0' is unconnected for instance 'rst_ps8_0_99M' [/home/kuszman/Magisterka/Intelligent-Vibroacoustic-Machine-Diagnostic-System-on-FPGA/ethernet/project_1/project_1.gen/sources_1/bd/ethernet/synth/ethernet.v:209]
WARNING: [Synth 8-7071] port 'peripheral_reset' of module 'ethernet_rst_ps8_0_99M_0' is unconnected for instance 'rst_ps8_0_99M' [/home/kuszman/Magisterka/Intelligent-Vibroacoustic-Machine-Diagnostic-System-on-FPGA/ethernet/project_1/project_1.gen/sources_1/bd/ethernet/synth/ethernet.v:209]
WARNING: [Synth 8-7071] port 'interconnect_aresetn' of module 'ethernet_rst_ps8_0_99M_0' is unconnected for instance 'rst_ps8_0_99M' [/home/kuszman/Magisterka/Intelligent-Vibroacoustic-Machine-Diagnostic-System-on-FPGA/ethernet/project_1/project_1.gen/sources_1/bd/ethernet/synth/ethernet.v:209]
WARNING: [Synth 8-7023] instance 'rst_ps8_0_99M' of module 'ethernet_rst_ps8_0_99M_0' has 10 connections declared, but only 6 given [/home/kuszman/Magisterka/Intelligent-Vibroacoustic-Machine-Diagnostic-System-on-FPGA/ethernet/project_1/project_1.gen/sources_1/bd/ethernet/synth/ethernet.v:209]
INFO: [Synth 8-6157] synthesizing module 'ethernet_zynq_ultra_ps_e_0_0' [/home/kuszman/Magisterka/Intelligent-Vibroacoustic-Machine-Diagnostic-System-on-FPGA/ethernet/project_1/project_1.runs/synth_1/.Xil/Vivado-71150-Magisterka/realtime/ethernet_zynq_ultra_ps_e_0_0_stub.v:6]
INFO: [Synth 8-6155] done synthesizing module 'ethernet_zynq_ultra_ps_e_0_0' (0#1) [/home/kuszman/Magisterka/Intelligent-Vibroacoustic-Machine-Diagnostic-System-on-FPGA/ethernet/project_1/project_1.runs/synth_1/.Xil/Vivado-71150-Magisterka/realtime/ethernet_zynq_ultra_ps_e_0_0_stub.v:6]
WARNING: [Synth 8-7071] port 'maxigp0_awid' of module 'ethernet_zynq_ultra_ps_e_0_0' is unconnected for instance 'zynq_ultra_ps_e_0' [/home/kuszman/Magisterka/Intelligent-Vibroacoustic-Machine-Diagnostic-System-on-FPGA/ethernet/project_1/project_1.gen/sources_1/bd/ethernet/synth/ethernet.v:216]
WARNING: [Synth 8-7071] port 'maxigp0_awaddr' of module 'ethernet_zynq_ultra_ps_e_0_0' is unconnected for instance 'zynq_ultra_ps_e_0' [/home/kuszman/Magisterka/Intelligent-Vibroacoustic-Machine-Diagnostic-System-on-FPGA/ethernet/project_1/project_1.gen/sources_1/bd/ethernet/synth/ethernet.v:216]
WARNING: [Synth 8-7071] port 'maxigp0_awlen' of module 'ethernet_zynq_ultra_ps_e_0_0' is unconnected for instance 'zynq_ultra_ps_e_0' [/home/kuszman/Magisterka/Intelligent-Vibroacoustic-Machine-Diagnostic-System-on-FPGA/ethernet/project_1/project_1.gen/sources_1/bd/ethernet/synth/ethernet.v:216]
WARNING: [Synth 8-7071] port 'maxigp0_awsize' of module 'ethernet_zynq_ultra_ps_e_0_0' is unconnected for instance 'zynq_ultra_ps_e_0' [/home/kuszman/Magisterka/Intelligent-Vibroacoustic-Machine-Diagnostic-System-on-FPGA/ethernet/project_1/project_1.gen/sources_1/bd/ethernet/synth/ethernet.v:216]
WARNING: [Synth 8-7071] port 'maxigp0_awburst' of module 'ethernet_zynq_ultra_ps_e_0_0' is unconnected for instance 'zynq_ultra_ps_e_0' [/home/kuszman/Magisterka/Intelligent-Vibroacoustic-Machine-Diagnostic-System-on-FPGA/ethernet/project_1/project_1.gen/sources_1/bd/ethernet/synth/ethernet.v:216]
WARNING: [Synth 8-7071] port 'maxigp0_awlock' of module 'ethernet_zynq_ultra_ps_e_0_0' is unconnected for instance 'zynq_ultra_ps_e_0' [/home/kuszman/Magisterka/Intelligent-Vibroacoustic-Machine-Diagnostic-System-on-FPGA/ethernet/project_1/project_1.gen/sources_1/bd/ethernet/synth/ethernet.v:216]
WARNING: [Synth 8-7071] port 'maxigp0_awcache' of module 'ethernet_zynq_ultra_ps_e_0_0' is unconnected for instance 'zynq_ultra_ps_e_0' [/home/kuszman/Magisterka/Intelligent-Vibroacoustic-Machine-Diagnostic-System-on-FPGA/ethernet/project_1/project_1.gen/sources_1/bd/ethernet/synth/ethernet.v:216]
WARNING: [Synth 8-7071] port 'maxigp0_awprot' of module 'ethernet_zynq_ultra_ps_e_0_0' is unconnected for instance 'zynq_ultra_ps_e_0' [/home/kuszman/Magisterka/Intelligent-Vibroacoustic-Machine-Diagnostic-System-on-FPGA/ethernet/project_1/project_1.gen/sources_1/bd/ethernet/synth/ethernet.v:216]
WARNING: [Synth 8-7071] port 'maxigp0_awvalid' of module 'ethernet_zynq_ultra_ps_e_0_0' is unconnected for instance 'zynq_ultra_ps_e_0' [/home/kuszman/Magisterka/Intelligent-Vibroacoustic-Machine-Diagnostic-System-on-FPGA/ethernet/project_1/project_1.gen/sources_1/bd/ethernet/synth/ethernet.v:216]
WARNING: [Synth 8-7071] port 'maxigp0_awuser' of module 'ethernet_zynq_ultra_ps_e_0_0' is unconnected for instance 'zynq_ultra_ps_e_0' [/home/kuszman/Magisterka/Intelligent-Vibroacoustic-Machine-Diagnostic-System-on-FPGA/ethernet/project_1/project_1.gen/sources_1/bd/ethernet/synth/ethernet.v:216]
WARNING: [Synth 8-7071] port 'maxigp0_wdata' of module 'ethernet_zynq_ultra_ps_e_0_0' is unconnected for instance 'zynq_ultra_ps_e_0' [/home/kuszman/Magisterka/Intelligent-Vibroacoustic-Machine-Diagnostic-System-on-FPGA/ethernet/project_1/project_1.gen/sources_1/bd/ethernet/synth/ethernet.v:216]
WARNING: [Synth 8-7071] port 'maxigp0_wstrb' of module 'ethernet_zynq_ultra_ps_e_0_0' is unconnected for instance 'zynq_ultra_ps_e_0' [/home/kuszman/Magisterka/Intelligent-Vibroacoustic-Machine-Diagnostic-System-on-FPGA/ethernet/project_1/project_1.gen/sources_1/bd/ethernet/synth/ethernet.v:216]
WARNING: [Synth 8-7071] port 'maxigp0_wlast' of module 'ethernet_zynq_ultra_ps_e_0_0' is unconnected for instance 'zynq_ultra_ps_e_0' [/home/kuszman/Magisterka/Intelligent-Vibroacoustic-Machine-Diagnostic-System-on-FPGA/ethernet/project_1/project_1.gen/sources_1/bd/ethernet/synth/ethernet.v:216]
WARNING: [Synth 8-7071] port 'maxigp0_wvalid' of module 'ethernet_zynq_ultra_ps_e_0_0' is unconnected for instance 'zynq_ultra_ps_e_0' [/home/kuszman/Magisterka/Intelligent-Vibroacoustic-Machine-Diagnostic-System-on-FPGA/ethernet/project_1/project_1.gen/sources_1/bd/ethernet/synth/ethernet.v:216]
WARNING: [Synth 8-7071] port 'maxigp0_bready' of module 'ethernet_zynq_ultra_ps_e_0_0' is unconnected for instance 'zynq_ultra_ps_e_0' [/home/kuszman/Magisterka/Intelligent-Vibroacoustic-Machine-Diagnostic-System-on-FPGA/ethernet/project_1/project_1.gen/sources_1/bd/ethernet/synth/ethernet.v:216]
WARNING: [Synth 8-7071] port 'maxigp0_arid' of module 'ethernet_zynq_ultra_ps_e_0_0' is unconnected for instance 'zynq_ultra_ps_e_0' [/home/kuszman/Magisterka/Intelligent-Vibroacoustic-Machine-Diagnostic-System-on-FPGA/ethernet/project_1/project_1.gen/sources_1/bd/ethernet/synth/ethernet.v:216]
WARNING: [Synth 8-7071] port 'maxigp0_araddr' of module 'ethernet_zynq_ultra_ps_e_0_0' is unconnected for instance 'zynq_ultra_ps_e_0' [/home/kuszman/Magisterka/Intelligent-Vibroacoustic-Machine-Diagnostic-System-on-FPGA/ethernet/project_1/project_1.gen/sources_1/bd/ethernet/synth/ethernet.v:216]
WARNING: [Synth 8-7071] port 'maxigp0_arlen' of module 'ethernet_zynq_ultra_ps_e_0_0' is unconnected for instance 'zynq_ultra_ps_e_0' [/home/kuszman/Magisterka/Intelligent-Vibroacoustic-Machine-Diagnostic-System-on-FPGA/ethernet/project_1/project_1.gen/sources_1/bd/ethernet/synth/ethernet.v:216]
WARNING: [Synth 8-7071] port 'maxigp0_arsize' of module 'ethernet_zynq_ultra_ps_e_0_0' is unconnected for instance 'zynq_ultra_ps_e_0' [/home/kuszman/Magisterka/Intelligent-Vibroacoustic-Machine-Diagnostic-System-on-FPGA/ethernet/project_1/project_1.gen/sources_1/bd/ethernet/synth/ethernet.v:216]
WARNING: [Synth 8-7071] port 'maxigp0_arburst' of module 'ethernet_zynq_ultra_ps_e_0_0' is unconnected for instance 'zynq_ultra_ps_e_0' [/home/kuszman/Magisterka/Intelligent-Vibroacoustic-Machine-Diagnostic-System-on-FPGA/ethernet/project_1/project_1.gen/sources_1/bd/ethernet/synth/ethernet.v:216]
WARNING: [Synth 8-7071] port 'maxigp0_arlock' of module 'ethernet_zynq_ultra_ps_e_0_0' is unconnected for instance 'zynq_ultra_ps_e_0' [/home/kuszman/Magisterka/Intelligent-Vibroacoustic-Machine-Diagnostic-System-on-FPGA/ethernet/project_1/project_1.gen/sources_1/bd/ethernet/synth/ethernet.v:216]
WARNING: [Synth 8-7071] port 'maxigp0_arcache' of module 'ethernet_zynq_ultra_ps_e_0_0' is unconnected for instance 'zynq_ultra_ps_e_0' [/home/kuszman/Magisterka/Intelligent-Vibroacoustic-Machine-Diagnostic-System-on-FPGA/ethernet/project_1/project_1.gen/sources_1/bd/ethernet/synth/ethernet.v:216]
WARNING: [Synth 8-7071] port 'maxigp0_arprot' of module 'ethernet_zynq_ultra_ps_e_0_0' is unconnected for instance 'zynq_ultra_ps_e_0' [/home/kuszman/Magisterka/Intelligent-Vibroacoustic-Machine-Diagnostic-System-on-FPGA/ethernet/project_1/project_1.gen/sources_1/bd/ethernet/synth/ethernet.v:216]
WARNING: [Synth 8-7071] port 'maxigp0_arvalid' of module 'ethernet_zynq_ultra_ps_e_0_0' is unconnected for instance 'zynq_ultra_ps_e_0' [/home/kuszman/Magisterka/Intelligent-Vibroacoustic-Machine-Diagnostic-System-on-FPGA/ethernet/project_1/project_1.gen/sources_1/bd/ethernet/synth/ethernet.v:216]
WARNING: [Synth 8-7071] port 'maxigp0_aruser' of module 'ethernet_zynq_ultra_ps_e_0_0' is unconnected for instance 'zynq_ultra_ps_e_0' [/home/kuszman/Magisterka/Intelligent-Vibroacoustic-Machine-Diagnostic-System-on-FPGA/ethernet/project_1/project_1.gen/sources_1/bd/ethernet/synth/ethernet.v:216]
WARNING: [Synth 8-7071] port 'maxigp0_rready' of module 'ethernet_zynq_ultra_ps_e_0_0' is unconnected for instance 'zynq_ultra_ps_e_0' [/home/kuszman/Magisterka/Intelligent-Vibroacoustic-Machine-Diagnostic-System-on-FPGA/ethernet/project_1/project_1.gen/sources_1/bd/ethernet/synth/ethernet.v:216]
WARNING: [Synth 8-7071] port 'maxigp0_awqos' of module 'ethernet_zynq_ultra_ps_e_0_0' is unconnected for instance 'zynq_ultra_ps_e_0' [/home/kuszman/Magisterka/Intelligent-Vibroacoustic-Machine-Diagnostic-System-on-FPGA/ethernet/project_1/project_1.gen/sources_1/bd/ethernet/synth/ethernet.v:216]
WARNING: [Synth 8-7071] port 'maxigp0_arqos' of module 'ethernet_zynq_ultra_ps_e_0_0' is unconnected for instance 'zynq_ultra_ps_e_0' [/home/kuszman/Magisterka/Intelligent-Vibroacoustic-Machine-Diagnostic-System-on-FPGA/ethernet/project_1/project_1.gen/sources_1/bd/ethernet/synth/ethernet.v:216]
WARNING: [Synth 8-7071] port 'saxigp2_bid' of module 'ethernet_zynq_ultra_ps_e_0_0' is unconnected for instance 'zynq_ultra_ps_e_0' [/home/kuszman/Magisterka/Intelligent-Vibroacoustic-Machine-Diagnostic-System-on-FPGA/ethernet/project_1/project_1.gen/sources_1/bd/ethernet/synth/ethernet.v:216]
WARNING: [Synth 8-7071] port 'saxigp2_arready' of module 'ethernet_zynq_ultra_ps_e_0_0' is unconnected for instance 'zynq_ultra_ps_e_0' [/home/kuszman/Magisterka/Intelligent-Vibroacoustic-Machine-Diagnostic-System-on-FPGA/ethernet/project_1/project_1.gen/sources_1/bd/ethernet/synth/ethernet.v:216]
WARNING: [Synth 8-7071] port 'saxigp2_rid' of module 'ethernet_zynq_ultra_ps_e_0_0' is unconnected for instance 'zynq_ultra_ps_e_0' [/home/kuszman/Magisterka/Intelligent-Vibroacoustic-Machine-Diagnostic-System-on-FPGA/ethernet/project_1/project_1.gen/sources_1/bd/ethernet/synth/ethernet.v:216]
WARNING: [Synth 8-7071] port 'saxigp2_rdata' of module 'ethernet_zynq_ultra_ps_e_0_0' is unconnected for instance 'zynq_ultra_ps_e_0' [/home/kuszman/Magisterka/Intelligent-Vibroacoustic-Machine-Diagnostic-System-on-FPGA/ethernet/project_1/project_1.gen/sources_1/bd/ethernet/synth/ethernet.v:216]
WARNING: [Synth 8-7071] port 'saxigp2_rresp' of module 'ethernet_zynq_ultra_ps_e_0_0' is unconnected for instance 'zynq_ultra_ps_e_0' [/home/kuszman/Magisterka/Intelligent-Vibroacoustic-Machine-Diagnostic-System-on-FPGA/ethernet/project_1/project_1.gen/sources_1/bd/ethernet/synth/ethernet.v:216]
WARNING: [Synth 8-7071] port 'saxigp2_rlast' of module 'ethernet_zynq_ultra_ps_e_0_0' is unconnected for instance 'zynq_ultra_ps_e_0' [/home/kuszman/Magisterka/Intelligent-Vibroacoustic-Machine-Diagnostic-System-on-FPGA/ethernet/project_1/project_1.gen/sources_1/bd/ethernet/synth/ethernet.v:216]
WARNING: [Synth 8-7071] port 'saxigp2_rvalid' of module 'ethernet_zynq_ultra_ps_e_0_0' is unconnected for instance 'zynq_ultra_ps_e_0' [/home/kuszman/Magisterka/Intelligent-Vibroacoustic-Machine-Diagnostic-System-on-FPGA/ethernet/project_1/project_1.gen/sources_1/bd/ethernet/synth/ethernet.v:216]
WARNING: [Synth 8-7071] port 'emio_enet0_enet_tsu_timer_cnt' of module 'ethernet_zynq_ultra_ps_e_0_0' is unconnected for instance 'zynq_ultra_ps_e_0' [/home/kuszman/Magisterka/Intelligent-Vibroacoustic-Machine-Diagnostic-System-on-FPGA/ethernet/project_1/project_1.gen/sources_1/bd/ethernet/synth/ethernet.v:216]
WARNING: [Synth 8-7071] port 'pl_clk1' of module 'ethernet_zynq_ultra_ps_e_0_0' is unconnected for instance 'zynq_ultra_ps_e_0' [/home/kuszman/Magisterka/Intelligent-Vibroacoustic-Machine-Diagnostic-System-on-FPGA/ethernet/project_1/project_1.gen/sources_1/bd/ethernet/synth/ethernet.v:216]
WARNING: [Synth 8-7023] instance 'zynq_ultra_ps_e_0' of module 'ethernet_zynq_ultra_ps_e_0_0' has 125 connections declared, but only 88 given [/home/kuszman/Magisterka/Intelligent-Vibroacoustic-Machine-Diagnostic-System-on-FPGA/ethernet/project_1/project_1.gen/sources_1/bd/ethernet/synth/ethernet.v:216]
INFO: [Synth 8-6155] done synthesizing module 'ethernet' (0#1) [/home/kuszman/Magisterka/Intelligent-Vibroacoustic-Machine-Diagnostic-System-on-FPGA/ethernet/project_1/project_1.gen/sources_1/bd/ethernet/synth/ethernet.v:13]
INFO: [Synth 8-6155] done synthesizing module 'ethernet_wrapper' (0#1) [/home/kuszman/Magisterka/Intelligent-Vibroacoustic-Machine-Diagnostic-System-on-FPGA/ethernet/project_1/project_1.gen/sources_1/bd/ethernet/hdl/ethernet_wrapper.v:13]
---------------------------------------------------------------------------------
Finished RTL Elaboration : Time (s): cpu = 00:00:05 ; elapsed = 00:00:05 . Memory (MB): peak = 2864.832 ; gain = 243.656 ; free physical = 192 ; free virtual = 8626
---------------------------------------------------------------------------------
---------------------------------------------------------------------------------
Start Handling Custom Attributes
---------------------------------------------------------------------------------
---------------------------------------------------------------------------------
Finished Handling Custom Attributes : Time (s): cpu = 00:00:05 ; elapsed = 00:00:05 . Memory (MB): peak = 2864.832 ; gain = 243.656 ; free physical = 192 ; free virtual = 8626
---------------------------------------------------------------------------------
---------------------------------------------------------------------------------
Finished RTL Optimization Phase 1 : Time (s): cpu = 00:00:05 ; elapsed = 00:00:05 . Memory (MB): peak = 2864.832 ; gain = 243.656 ; free physical = 192 ; free virtual = 8626
---------------------------------------------------------------------------------
Netlist sorting complete. Time (s): cpu = 00:00:00 ; elapsed = 00:00:00 . Memory (MB): peak = 2864.832 ; gain = 0.000 ; free physical = 192 ; free virtual = 8626
INFO: [Project 1-570] Preparing netlist for logic optimization

Processing XDC Constraints
Initializing timing engine
Parsing XDC File [/home/kuszman/Magisterka/Intelligent-Vibroacoustic-Machine-Diagnostic-System-on-FPGA/ethernet/project_1/project_1.gen/sources_1/bd/ethernet/ip/ethernet_zynq_ultra_ps_e_0_0/ethernet_zynq_ultra_ps_e_0_0/ethernet_zynq_ultra_ps_e_0_0_in_context.xdc] for cell 'ethernet_i/zynq_ultra_ps_e_0'
Finished Parsing XDC File [/home/kuszman/Magisterka/Intelligent-Vibroacoustic-Machine-Diagnostic-System-on-FPGA/ethernet/project_1/project_1.gen/sources_1/bd/ethernet/ip/ethernet_zynq_ultra_ps_e_0_0/ethernet_zynq_ultra_ps_e_0_0/ethernet_zynq_ultra_ps_e_0_0_in_context.xdc] for cell 'ethernet_i/zynq_ultra_ps_e_0'
Parsing XDC File [/home/kuszman/Magisterka/Intelligent-Vibroacoustic-Machine-Diagnostic-System-on-FPGA/ethernet/project_1/project_1.gen/sources_1/bd/ethernet/ip/ethernet_axi_dma_0_0/ethernet_axi_dma_0_0/ethernet_axi_dma_0_0_in_context.xdc] for cell 'ethernet_i/axi_dma_0'
Finished Parsing XDC File [/home/kuszman/Magisterka/Intelligent-Vibroacoustic-Machine-Diagnostic-System-on-FPGA/ethernet/project_1/project_1.gen/sources_1/bd/ethernet/ip/ethernet_axi_dma_0_0/ethernet_axi_dma_0_0/ethernet_axi_dma_0_0_in_context.xdc] for cell 'ethernet_i/axi_dma_0'
Parsing XDC File [/home/kuszman/Magisterka/Intelligent-Vibroacoustic-Machine-Diagnostic-System-on-FPGA/ethernet/project_1/project_1.gen/sources_1/bd/ethernet/ip/ethernet_axi_smc_0/ethernet_axi_smc_0/ethernet_axi_smc_0_in_context.xdc] for cell 'ethernet_i/axi_smc'
Finished Parsing XDC File [/home/kuszman/Magisterka/Intelligent-Vibroacoustic-Machine-Diagnostic-System-on-FPGA/ethernet/project_1/project_1.gen/sources_1/bd/ethernet/ip/ethernet_axi_smc_0/ethernet_axi_smc_0/ethernet_axi_smc_0_in_context.xdc] for cell 'ethernet_i/axi_smc'
Parsing XDC File [/home/kuszman/Magisterka/Intelligent-Vibroacoustic-Machine-Diagnostic-System-on-FPGA/ethernet/project_1/project_1.gen/sources_1/bd/ethernet/ip/ethernet_rst_ps8_0_99M_0/ethernet_rst_ps8_0_99M_0/ethernet_rst_ps8_0_99M_0_in_context.xdc] for cell 'ethernet_i/rst_ps8_0_99M'
Finished Parsing XDC File [/home/kuszman/Magisterka/Intelligent-Vibroacoustic-Machine-Diagnostic-System-on-FPGA/ethernet/project_1/project_1.gen/sources_1/bd/ethernet/ip/ethernet_rst_ps8_0_99M_0/ethernet_rst_ps8_0_99M_0/ethernet_rst_ps8_0_99M_0_in_context.xdc] for cell 'ethernet_i/rst_ps8_0_99M'
Parsing XDC File [/home/kuszman/Magisterka/Intelligent-Vibroacoustic-Machine-Diagnostic-System-on-FPGA/ethernet/project_1/project_1.gen/sources_1/bd/ethernet/ip/ethernet_axis_test_gen_0_0/ethernet_axis_test_gen_0_0/ethernet_axis_test_gen_0_0_in_context.xdc] for cell 'ethernet_i/axis_test_gen_0'
Finished Parsing XDC File [/home/kuszman/Magisterka/Intelligent-Vibroacoustic-Machine-Diagnostic-System-on-FPGA/ethernet/project_1/project_1.gen/sources_1/bd/ethernet/ip/ethernet_axis_test_gen_0_0/ethernet_axis_test_gen_0_0/ethernet_axis_test_gen_0_0_in_context.xdc] for cell 'ethernet_i/axis_test_gen_0'
Parsing XDC File [/home/kuszman/Magisterka/Intelligent-Vibroacoustic-Machine-Diagnostic-System-on-FPGA/ethernet/project_1/project_1.runs/synth_1/dont_touch.xdc]
Finished Parsing XDC File [/home/kuszman/Magisterka/Intelligent-Vibroacoustic-Machine-Diagnostic-System-on-FPGA/ethernet/project_1/project_1.runs/synth_1/dont_touch.xdc]
Completed Processing XDC Constraints

Netlist sorting complete. Time (s): cpu = 00:00:00 ; elapsed = 00:00:00 . Memory (MB): peak = 2912.484 ; gain = 0.000 ; free physical = 177 ; free virtual = 8611
INFO: [Project 1-111] Unisim Transformation Summary:
No Unisim elements were transformed.

Constraint Validation Runtime : Time (s): cpu = 00:00:00.01 ; elapsed = 00:00:00 . Memory (MB): peak = 2912.520 ; gain = 0.000 ; free physical = 177 ; free virtual = 8610
INFO: [Designutils 20-5440] No compile time benefit to using incremental synthesis; A full resynthesis will be run
INFO: [Designutils 20-4379] Flow is switching to default flow due to incremental criteria not met. If you would like to alter this behaviour and have the flow terminate instead, please set the following parameter config_implementation {autoIncr.Synth.RejectBehavior Terminate}
---------------------------------------------------------------------------------
Finished Constraint Validation : Time (s): cpu = 00:00:15 ; elapsed = 00:00:15 . Memory (MB): peak = 2912.520 ; gain = 291.344 ; free physical = 177 ; free virtual = 8609
---------------------------------------------------------------------------------
---------------------------------------------------------------------------------
Start Loading Part and Timing Information
---------------------------------------------------------------------------------
Loading part: xck26-sfvc784-2LV-c
INFO: [Synth 8-6742] Reading net delay rules and data
---------------------------------------------------------------------------------
Finished Loading Part and Timing Information : Time (s): cpu = 00:00:15 ; elapsed = 00:00:15 . Memory (MB): peak = 2920.488 ; gain = 299.312 ; free physical = 177 ; free virtual = 8609
---------------------------------------------------------------------------------
---------------------------------------------------------------------------------
Start Applying 'set_property' XDC Constraints
---------------------------------------------------------------------------------
---------------------------------------------------------------------------------
Finished applying 'set_property' XDC Constraints : Time (s): cpu = 00:00:15 ; elapsed = 00:00:15 . Memory (MB): peak = 2920.488 ; gain = 299.312 ; free physical = 177 ; free virtual = 8609
---------------------------------------------------------------------------------
---------------------------------------------------------------------------------
Finished RTL Optimization Phase 2 : Time (s): cpu = 00:00:15 ; elapsed = 00:00:15 . Memory (MB): peak = 2920.488 ; gain = 299.312 ; free physical = 176 ; free virtual = 8609
---------------------------------------------------------------------------------
---------------------------------------------------------------------------------
Start RTL Component Statistics 
---------------------------------------------------------------------------------
Detailed RTL Component Info : 
---------------------------------------------------------------------------------
Finished RTL Component Statistics 
---------------------------------------------------------------------------------
---------------------------------------------------------------------------------
Start Part Resource Summary
---------------------------------------------------------------------------------
Part Resources:
DSPs: 1248 (col length:96)
BRAMs: 288 (col length: RAMB18 96 RAMB36 48)
---------------------------------------------------------------------------------
Finished Part Resource Summary
---------------------------------------------------------------------------------
---------------------------------------------------------------------------------
Start Cross Boundary and Area Optimization
---------------------------------------------------------------------------------
---------------------------------------------------------------------------------
Finished Cross Boundary and Area Optimization : Time (s): cpu = 00:00:16 ; elapsed = 00:00:17 . Memory (MB): peak = 2920.488 ; gain = 299.312 ; free physical = 177 ; free virtual = 8615
---------------------------------------------------------------------------------
---------------------------------------------------------------------------------
Start Applying XDC Timing Constraints
---------------------------------------------------------------------------------
---------------------------------------------------------------------------------
Finished Applying XDC Timing Constraints : Time (s): cpu = 00:00:23 ; elapsed = 00:00:23 . Memory (MB): peak = 3557.160 ; gain = 935.984 ; free physical = 242 ; free virtual = 8163
---------------------------------------------------------------------------------
---------------------------------------------------------------------------------
Start Timing Optimization
---------------------------------------------------------------------------------
---------------------------------------------------------------------------------
Finished Timing Optimization : Time (s): cpu = 00:00:23 ; elapsed = 00:00:23 . Memory (MB): peak = 3557.160 ; gain = 935.984 ; free physical = 242 ; free virtual = 8163
---------------------------------------------------------------------------------
---------------------------------------------------------------------------------
Start Technology Mapping
---------------------------------------------------------------------------------
---------------------------------------------------------------------------------
Finished Technology Mapping : Time (s): cpu = 00:00:23 ; elapsed = 00:00:23 . Memory (MB): peak = 3568.184 ; gain = 947.008 ; free physical = 234 ; free virtual = 8155
---------------------------------------------------------------------------------
---------------------------------------------------------------------------------
Start IO Insertion
---------------------------------------------------------------------------------
---------------------------------------------------------------------------------
Start Flattening Before IO Insertion
---------------------------------------------------------------------------------
---------------------------------------------------------------------------------
Finished Flattening Before IO Insertion
---------------------------------------------------------------------------------
---------------------------------------------------------------------------------
Start Final Netlist Cleanup
---------------------------------------------------------------------------------
---------------------------------------------------------------------------------
Finished Final Netlist Cleanup
---------------------------------------------------------------------------------
---------------------------------------------------------------------------------
Finished IO Insertion : Time (s): cpu = 00:00:26 ; elapsed = 00:00:27 . Memory (MB): peak = 3754.996 ; gain = 1133.820 ; free physical = 180 ; free virtual = 7996
---------------------------------------------------------------------------------
---------------------------------------------------------------------------------
Start Renaming Generated Instances
---------------------------------------------------------------------------------
---------------------------------------------------------------------------------
Finished Renaming Generated Instances : Time (s): cpu = 00:00:26 ; elapsed = 00:00:27 . Memory (MB): peak = 3754.996 ; gain = 1133.820 ; free physical = 180 ; free virtual = 7996
---------------------------------------------------------------------------------
---------------------------------------------------------------------------------
Start Rebuilding User Hierarchy
---------------------------------------------------------------------------------
---------------------------------------------------------------------------------
Finished Rebuilding User Hierarchy : Time (s): cpu = 00:00:26 ; elapsed = 00:00:27 . Memory (MB): peak = 3754.996 ; gain = 1133.820 ; free physical = 180 ; free virtual = 7996
---------------------------------------------------------------------------------
---------------------------------------------------------------------------------
Start Renaming Generated Ports
---------------------------------------------------------------------------------
---------------------------------------------------------------------------------
Finished Renaming Generated Ports : Time (s): cpu = 00:00:26 ; elapsed = 00:00:27 . Memory (MB): peak = 3754.996 ; gain = 1133.820 ; free physical = 180 ; free virtual = 7996
---------------------------------------------------------------------------------
---------------------------------------------------------------------------------
Start Handling Custom Attributes
---------------------------------------------------------------------------------
---------------------------------------------------------------------------------
Finished Handling Custom Attributes : Time (s): cpu = 00:00:26 ; elapsed = 00:00:27 . Memory (MB): peak = 3754.996 ; gain = 1133.820 ; free physical = 180 ; free virtual = 7996
---------------------------------------------------------------------------------
---------------------------------------------------------------------------------
Start Renaming Generated Nets
---------------------------------------------------------------------------------
---------------------------------------------------------------------------------
Finished Renaming Generated Nets : Time (s): cpu = 00:00:26 ; elapsed = 00:00:27 . Memory (MB): peak = 3754.996 ; gain = 1133.820 ; free physical = 180 ; free virtual = 7996
---------------------------------------------------------------------------------
---------------------------------------------------------------------------------
Start Writing Synthesis Report
---------------------------------------------------------------------------------

Report BlackBoxes: 
+------+-----------------------------+----------+
|      |BlackBox name                |Instances |
+------+-----------------------------+----------+
|1     |ethernet_axi_dma_0_0         |         1|
|2     |ethernet_axi_smc_0           |         1|
|3     |ethernet_axis_test_gen_0_0   |         1|
|4     |ethernet_rst_ps8_0_99M_0     |         1|
|5     |ethernet_zynq_ultra_ps_e_0_0 |         1|
+------+-----------------------------+----------+

Report Cell Usage: 
+------+---------------------------+------+
|      |Cell                       |Count |
+------+---------------------------+------+
|1     |ethernet_axi_dma_0         |     1|
|2     |ethernet_axi_smc           |     1|
|3     |ethernet_axis_test_gen_0   |     1|
|4     |ethernet_rst_ps8_0_99M     |     1|
|5     |ethernet_zynq_ultra_ps_e_0 |     1|
+------+---------------------------+------+
---------------------------------------------------------------------------------
Finished Writing Synthesis Report : Time (s): cpu = 00:00:26 ; elapsed = 00:00:27 . Memory (MB): peak = 3754.996 ; gain = 1133.820 ; free physical = 180 ; free virtual = 7996
---------------------------------------------------------------------------------
Synthesis finished with 0 errors, 0 critical warnings and 0 warnings.
Synthesis Optimization Runtime : Time (s): cpu = 00:00:21 ; elapsed = 00:00:22 . Memory (MB): peak = 3754.996 ; gain = 1086.133 ; free physical = 180 ; free virtual = 7996
Synthesis Optimization Complete : Time (s): cpu = 00:00:26 ; elapsed = 00:00:27 . Memory (MB): peak = 3754.996 ; gain = 1133.820 ; free physical = 180 ; free virtual = 7996
INFO: [Project 1-571] Translating synthesized netlist
Netlist sorting complete. Time (s): cpu = 00:00:00.01 ; elapsed = 00:00:00 . Memory (MB): peak = 3754.996 ; gain = 0.000 ; free physical = 180 ; free virtual = 7996
INFO: [Project 1-570] Preparing netlist for logic optimization
INFO: [Opt 31-138] Pushed 0 inverter(s) to 0 load pin(s).
Netlist sorting complete. Time (s): cpu = 00:00:00 ; elapsed = 00:00:00 . Memory (MB): peak = 3754.996 ; gain = 0.000 ; free physical = 338 ; free virtual = 8155
INFO: [Project 1-111] Unisim Transformation Summary:
No Unisim elements were transformed.

Synth Design complete | Checksum: c2f57e00
INFO: [Common 17-83] Releasing license: Synthesis
36 Infos, 65 Warnings, 0 Critical Warnings and 0 Errors encountered.
synth_design completed successfully
synth_design: Time (s): cpu = 00:00:37 ; elapsed = 00:00:36 . Memory (MB): peak = 3754.996 ; gain = 2141.359 ; free physical = 338 ; free virtual = 8154
INFO: [Common 17-2834] synth_design peak Physical Memory [PSS] (MB): overall = 2829.552; main = 2829.552; forked = 283.945
INFO: [Common 17-2834] synth_design peak Virtual Memory [VSS] (MB): overall = 4273.238; main = 3681.312; forked = 988.215
INFO: [Common 17-1381] The checkpoint '/home/kuszman/Magisterka/Intelligent-Vibroacoustic-Machine-Diagnostic-System-on-FPGA/ethernet/project_1/project_1.runs/synth_1/ethernet_wrapper.dcp' has been generated.
INFO: [Vivado 12-24828] Executing command : report_utilization -file ethernet_wrapper_utilization_synth.rpt -pb ethernet_wrapper_utilization_synth.pb
INFO: [Common 17-206] Exiting Vivado at Mon Jul 20 09:17:30 2026...
