#-----------------------------------------------------------
# Vivado v2025.2 (64-bit)
# SW Build 6299465 on Fri Nov 14 12:34:56 MST 2025
# IP Build 6300035 on Fri Nov 14 10:48:45 MST 2025
# SharedData Build 6298862 on Thu Nov 13 04:50:51 MST 2025
# Start of session at: Mon Jul 20 09:16:49 2026
# Process ID         : 71150
# Current directory  : /home/kuszman/Magisterka/Intelligent-Vibroacoustic-Machine-Diagnostic-System-on-FPGA/ethernet/project_1/project_1.runs/synth_1
# Command line       : vivado -log ethernet_wrapper.vds -product Vivado -mode batch -messageDb vivado.pb -notrace -source ethernet_wrapper.tcl
# Log file           : /home/kuszman/Magisterka/Intelligent-Vibroacoustic-Machine-Diagnostic-System-on-FPGA/ethernet/project_1/project_1.runs/synth_1/ethernet_wrapper.vds
# Journal file       : /home/kuszman/Magisterka/Intelligent-Vibroacoustic-Machine-Diagnostic-System-on-FPGA/ethernet/project_1/project_1.runs/synth_1/vivado.jou
# Running On         : Magisterka
# Platform           : Ubuntu
# Operating System   : Ubuntu 26.04 LTS
# Processor Detail   : AMD Ryzen 7 PRO 4750G with Radeon Graphics
# CPU Frequency      : 2968.139 MHz
# CPU Physical cores : 8
# CPU Logical cores  : 16
# Host memory        : 15480 MB
# Swap memory        : 4294 MB
# Total Virtual      : 19774 MB
# Available Virtual  : 10980 MB
#-----------------------------------------------------------
source ethernet_wrapper.tcl -notrace
