
*** Running vivado
    with args -log dma_system_rst_ps8_0_99M_1.vds -m64 -product Vivado -mode batch -messageDb vivado.pb -notrace -source dma_system_rst_ps8_0_99M_1.tcl


****** Vivado v2025.2 (64-bit)
  **** SW Build 6299465 on Fri Nov 14 12:34:56 MST 2025
  **** IP Build 6300035 on Fri Nov 14 10:48:45 MST 2025
  **** SharedData Build 6298862 on Thu Nov 13 04:50:51 MST 2025
  **** Start of session at: Thu Aug  6 08:52:05 2026
    ** Copyright 1986-2022 Xilinx, Inc. All Rights Reserved.
    ** Copyright 2022-2025 Advanced Micro Devices, Inc. All Rights Reserved.

source dma_system_rst_ps8_0_99M_1.tcl -notrace
create_project: Time (s): cpu = 00:00:12 ; elapsed = 00:00:05 . Memory (MB): peak = 1579.031 ; gain = 97.059 ; free physical = 210 ; free virtual = 1733
Command: synth_design -top dma_system_rst_ps8_0_99M_1 -part xck26-sfvc784-2LV-c -incremental_mode off -mode out_of_context
Starting synth_design
Attempting to get a license for feature 'Synthesis' and/or device 'xck26'
INFO: [Common 17-349] Got license for feature 'Synthesis' and/or device 'xck26'
INFO: [Device 21-403] Loading part xck26-sfvc784-2LV-c
INFO: [Synth 8-7079] Multithreading enabled for synth_design using a maximum of 7 processes.
INFO: [Synth 8-7078] Launching helper process for spawning children vivado processes
INFO: [Synth 8-7075] Helper process launched with PID 3808155

*** Running vivado
    with args -log dma_system_rst_ps8_0_99M_1.vds -m64 -product Vivado -mode batch -messageDb vivado.pb -notrace -source dma_system_rst_ps8_0_99M_1.tcl


****** Vivado v2025.2 (64-bit)
  **** SW Build 6299465 on Fri Nov 14 12:34:56 MST 2025
  **** IP Build 6300035 on Fri Nov 14 10:48:45 MST 2025
  **** SharedData Build 6298862 on Thu Nov 13 04:50:51 MST 2025
  **** Start of session at: Thu Aug  6 09:09:47 2026
    ** Copyright 1986-2022 Xilinx, Inc. All Rights Reserved.
    ** Copyright 2022-2025 Advanced Micro Devices, Inc. All Rights Reserved.

source dma_system_rst_ps8_0_99M_1.tcl -notrace
Command: synth_design -top dma_system_rst_ps8_0_99M_1 -part xck26-sfvc784-2LV-c -incremental_mode off -mode out_of_context
Starting synth_design
Attempting to get a license for feature 'Synthesis' and/or device 'xck26'
INFO: [Common 17-349] Got license for feature 'Synthesis' and/or device 'xck26'
INFO: [Device 21-403] Loading part xck26-sfvc784-2LV-c
INFO: [Synth 8-7079] Multithreading enabled for synth_design using a maximum of 7 processes.
INFO: [Synth 8-7078] Launching helper process for spawning children vivado processes
INFO: [Synth 8-7075] Helper process launched with PID 12089
---------------------------------------------------------------------------------
Starting RTL Elaboration : Time (s): cpu = 00:00:05 ; elapsed = 00:00:09 . Memory (MB): peak = 2746.477 ; gain = 151.656 ; free physical = 204 ; free virtual = 2229
---------------------------------------------------------------------------------
INFO: [Synth 8-638] synthesizing module 'dma_system_rst_ps8_0_99M_1' [/home/kuszman/Magisterka/Intelligent-Vibroacoustic-Machine-Diagnostic-System-on-FPGA/spi/spi_true/spi_accelerometer_true/spi_accelerometer_true.gen/sources_1/bd/dma_system/ip/dma_system_rst_ps8_0_99M_1/synth/dma_system_rst_ps8_0_99M_1.vhd:74]
	Parameter C_FAMILY bound to: zynquplus - type: string 
	Parameter C_EXT_RST_WIDTH bound to: 4 - type: integer 
	Parameter C_AUX_RST_WIDTH bound to: 4 - type: integer 
	Parameter C_EXT_RESET_HIGH bound to: 1'b0 
	Parameter C_AUX_RESET_HIGH bound to: 1'b0 
	Parameter C_NUM_BUS_RST bound to: 1 - type: integer 
	Parameter C_NUM_PERP_RST bound to: 1 - type: integer 
	Parameter C_NUM_INTERCONNECT_ARESETN bound to: 1 - type: integer 
	Parameter C_NUM_PERP_ARESETN bound to: 1 - type: integer 
INFO: [Synth 8-3491] module 'proc_sys_reset' declared at '/home/kuszman/Magisterka/Intelligent-Vibroacoustic-Machine-Diagnostic-System-on-FPGA/spi/spi_true/spi_accelerometer_true/spi_accelerometer_true.gen/sources_1/bd/dma_system/ipshared/9438/hdl/proc_sys_reset_v5_0_vh_rfs.vhd:1243' bound to instance 'U0' of component 'proc_sys_reset' [/home/kuszman/Magisterka/Intelligent-Vibroacoustic-Machine-Diagnostic-System-on-FPGA/spi/spi_true/spi_accelerometer_true/spi_accelerometer_true.gen/sources_1/bd/dma_system/ip/dma_system_rst_ps8_0_99M_1/synth/dma_system_rst_ps8_0_99M_1.vhd:139]
INFO: [Synth 8-638] synthesizing module 'proc_sys_reset' [/home/kuszman/Magisterka/Intelligent-Vibroacoustic-Machine-Diagnostic-System-on-FPGA/spi/spi_true/spi_accelerometer_true/spi_accelerometer_true.gen/sources_1/bd/dma_system/ipshared/9438/hdl/proc_sys_reset_v5_0_vh_rfs.vhd:1302]
	Parameter INIT bound to: 1'b1 
INFO: [Synth 8-113] binding component instance 'FDRE_inst' to cell 'FDRE' [/home/kuszman/Magisterka/Intelligent-Vibroacoustic-Machine-Diagnostic-System-on-FPGA/spi/spi_true/spi_accelerometer_true/spi_accelerometer_true.gen/sources_1/bd/dma_system/ipshared/9438/hdl/proc_sys_reset_v5_0_vh_rfs.vhd:1371]
	Parameter INIT bound to: 1'b1 
INFO: [Synth 8-113] binding component instance 'FDRE_BSR' to cell 'FDRE' [/home/kuszman/Magisterka/Intelligent-Vibroacoustic-Machine-Diagnostic-System-on-FPGA/spi/spi_true/spi_accelerometer_true/spi_accelerometer_true.gen/sources_1/bd/dma_system/ipshared/9438/hdl/proc_sys_reset_v5_0_vh_rfs.vhd:1387]
	Parameter INIT bound to: 1'b0 
INFO: [Synth 8-113] binding component instance 'FDRE_BSR_N' to cell 'FDRE' [/home/kuszman/Magisterka/Intelligent-Vibroacoustic-Machine-Diagnostic-System-on-FPGA/spi/spi_true/spi_accelerometer_true/spi_accelerometer_true.gen/sources_1/bd/dma_system/ipshared/9438/hdl/proc_sys_reset_v5_0_vh_rfs.vhd:1413]
	Parameter INIT bound to: 1'b1 
INFO: [Synth 8-113] binding component instance 'FDRE_PER' to cell 'FDRE' [/home/kuszman/Magisterka/Intelligent-Vibroacoustic-Machine-Diagnostic-System-on-FPGA/spi/spi_true/spi_accelerometer_true/spi_accelerometer_true.gen/sources_1/bd/dma_system/ipshared/9438/hdl/proc_sys_reset_v5_0_vh_rfs.vhd:1436]
	Parameter INIT bound to: 1'b0 
INFO: [Synth 8-113] binding component instance 'FDRE_PER_N' to cell 'FDRE' [/home/kuszman/Magisterka/Intelligent-Vibroacoustic-Machine-Diagnostic-System-on-FPGA/spi/spi_true/spi_accelerometer_true/spi_accelerometer_true.gen/sources_1/bd/dma_system/ipshared/9438/hdl/proc_sys_reset_v5_0_vh_rfs.vhd:1460]
INFO: [Synth 8-638] synthesizing module 'lpf' [/home/kuszman/Magisterka/Intelligent-Vibroacoustic-Machine-Diagnostic-System-on-FPGA/spi/spi_true/spi_accelerometer_true/spi_accelerometer_true.gen/sources_1/bd/dma_system/ipshared/9438/hdl/proc_sys_reset_v5_0_vh_rfs.vhd:821]
INFO: [Synth 8-3491] module 'SRL16' declared at '/home/kuszman/Xilinx/2025.2/Vivado/scripts/rt/data/unisim_comp.v:165318' bound to instance 'POR_SRL_I' of component 'SRL16' [/home/kuszman/Magisterka/Intelligent-Vibroacoustic-Machine-Diagnostic-System-on-FPGA/spi/spi_true/spi_accelerometer_true/spi_accelerometer_true.gen/sources_1/bd/dma_system/ipshared/9438/hdl/proc_sys_reset_v5_0_vh_rfs.vhd:873]
INFO: [Synth 8-6157] synthesizing module 'SRL16' [/home/kuszman/Xilinx/2025.2/Vivado/scripts/rt/data/unisim_comp.v:165318]
INFO: [Synth 8-6155] done synthesizing module 'SRL16' (0#1) [/home/kuszman/Xilinx/2025.2/Vivado/scripts/rt/data/unisim_comp.v:165318]
	Parameter DEST_SYNC_FF bound to: 4 - type: integer 
	Parameter INIT_SYNC_FF bound to: 0 - type: integer 
	Parameter SIM_ASSERT_CHK bound to: 0 - type: integer 
	Parameter SRC_INPUT_REG bound to: 0 - type: integer 
INFO: [Synth 8-3491] module 'xpm_cdc_single' declared at '/home/kuszman/Xilinx/2025.2/data/ip/xpm/xpm_cdc/hdl/xpm_cdc.sv:152' bound to instance 'ACT_LO_EXT' of component 'xpm_cdc_single' [/home/kuszman/Magisterka/Intelligent-Vibroacoustic-Machine-Diagnostic-System-on-FPGA/spi/spi_true/spi_accelerometer_true/spi_accelerometer_true.gen/sources_1/bd/dma_system/ipshared/9438/hdl/proc_sys_reset_v5_0_vh_rfs.vhd:968]
INFO: [Synth 8-6157] synthesizing module 'xpm_cdc_single' [/home/kuszman/Xilinx/2025.2/data/ip/xpm/xpm_cdc/hdl/xpm_cdc.sv:152]
INFO: [Synth 8-6155] done synthesizing module 'xpm_cdc_single' (0#1) [/home/kuszman/Xilinx/2025.2/data/ip/xpm/xpm_cdc/hdl/xpm_cdc.sv:152]
	Parameter DEST_SYNC_FF bound to: 4 - type: integer 
	Parameter INIT_SYNC_FF bound to: 0 - type: integer 
	Parameter SIM_ASSERT_CHK bound to: 0 - type: integer 
	Parameter SRC_INPUT_REG bound to: 0 - type: integer 
INFO: [Synth 8-3491] module 'xpm_cdc_single' declared at '/home/kuszman/Xilinx/2025.2/data/ip/xpm/xpm_cdc/hdl/xpm_cdc.sv:152' bound to instance 'ACT_LO_AUX' of component 'xpm_cdc_single' [/home/kuszman/Magisterka/Intelligent-Vibroacoustic-Machine-Diagnostic-System-on-FPGA/spi/spi_true/spi_accelerometer_true/spi_accelerometer_true.gen/sources_1/bd/dma_system/ipshared/9438/hdl/proc_sys_reset_v5_0_vh_rfs.vhd:1015]
INFO: [Synth 8-256] done synthesizing module 'lpf' (0#1) [/home/kuszman/Magisterka/Intelligent-Vibroacoustic-Machine-Diagnostic-System-on-FPGA/spi/spi_true/spi_accelerometer_true/spi_accelerometer_true.gen/sources_1/bd/dma_system/ipshared/9438/hdl/proc_sys_reset_v5_0_vh_rfs.vhd:821]
INFO: [Synth 8-638] synthesizing module 'sequence_psr' [/home/kuszman/Magisterka/Intelligent-Vibroacoustic-Machine-Diagnostic-System-on-FPGA/spi/spi_true/spi_accelerometer_true/spi_accelerometer_true.gen/sources_1/bd/dma_system/ipshared/9438/hdl/proc_sys_reset_v5_0_vh_rfs.vhd:304]
INFO: [Synth 8-638] synthesizing module 'upcnt_n' [/home/kuszman/Magisterka/Intelligent-Vibroacoustic-Machine-Diagnostic-System-on-FPGA/spi/spi_true/spi_accelerometer_true/spi_accelerometer_true.gen/sources_1/bd/dma_system/ipshared/9438/hdl/proc_sys_reset_v5_0_vh_rfs.vhd:126]
INFO: [Synth 8-256] done synthesizing module 'upcnt_n' (0#1) [/home/kuszman/Magisterka/Intelligent-Vibroacoustic-Machine-Diagnostic-System-on-FPGA/spi/spi_true/spi_accelerometer_true/spi_accelerometer_true.gen/sources_1/bd/dma_system/ipshared/9438/hdl/proc_sys_reset_v5_0_vh_rfs.vhd:126]
INFO: [Synth 8-256] done synthesizing module 'sequence_psr' (0#1) [/home/kuszman/Magisterka/Intelligent-Vibroacoustic-Machine-Diagnostic-System-on-FPGA/spi/spi_true/spi_accelerometer_true/spi_accelerometer_true.gen/sources_1/bd/dma_system/ipshared/9438/hdl/proc_sys_reset_v5_0_vh_rfs.vhd:304]
INFO: [Synth 8-256] done synthesizing module 'proc_sys_reset' (0#1) [/home/kuszman/Magisterka/Intelligent-Vibroacoustic-Machine-Diagnostic-System-on-FPGA/spi/spi_true/spi_accelerometer_true/spi_accelerometer_true.gen/sources_1/bd/dma_system/ipshared/9438/hdl/proc_sys_reset_v5_0_vh_rfs.vhd:1302]
INFO: [Synth 8-256] done synthesizing module 'dma_system_rst_ps8_0_99M_1' (0#1) [/home/kuszman/Magisterka/Intelligent-Vibroacoustic-Machine-Diagnostic-System-on-FPGA/spi/spi_true/spi_accelerometer_true/spi_accelerometer_true.gen/sources_1/bd/dma_system/ip/dma_system_rst_ps8_0_99M_1/synth/dma_system_rst_ps8_0_99M_1.vhd:74]
INFO: [Synth 8-7129] Port src_clk in module xpm_cdc_single is either unconnected or has no load
---------------------------------------------------------------------------------
Finished RTL Elaboration : Time (s): cpu = 00:00:07 ; elapsed = 00:00:12 . Memory (MB): peak = 2836.445 ; gain = 241.625 ; free physical = 183 ; free virtual = 1676
---------------------------------------------------------------------------------
---------------------------------------------------------------------------------
Start Handling Custom Attributes
---------------------------------------------------------------------------------
---------------------------------------------------------------------------------
Finished Handling Custom Attributes : Time (s): cpu = 00:00:07 ; elapsed = 00:00:12 . Memory (MB): peak = 2836.445 ; gain = 241.625 ; free physical = 166 ; free virtual = 1660
---------------------------------------------------------------------------------
---------------------------------------------------------------------------------
Finished RTL Optimization Phase 1 : Time (s): cpu = 00:00:07 ; elapsed = 00:00:12 . Memory (MB): peak = 2836.445 ; gain = 241.625 ; free physical = 166 ; free virtual = 1660
---------------------------------------------------------------------------------
Netlist sorting complete. Time (s): cpu = 00:00:00 ; elapsed = 00:00:00 . Memory (MB): peak = 2844.445 ; gain = 0.000 ; free physical = 159 ; free virtual = 1641
INFO: [Netlist 29-17] Analyzing 1 Unisim elements for replacement
INFO: [Netlist 29-28] Unisim Transformation completed in 0 CPU seconds
INFO: [Project 1-570] Preparing netlist for logic optimization

Processing XDC Constraints
Initializing timing engine
Parsing XDC File [/home/kuszman/Magisterka/Intelligent-Vibroacoustic-Machine-Diagnostic-System-on-FPGA/spi/spi_true/spi_accelerometer_true/spi_accelerometer_true.gen/sources_1/bd/dma_system/ip/dma_system_rst_ps8_0_99M_1/dma_system_rst_ps8_0_99M_1_ooc.xdc] for cell 'U0'
Finished Parsing XDC File [/home/kuszman/Magisterka/Intelligent-Vibroacoustic-Machine-Diagnostic-System-on-FPGA/spi/spi_true/spi_accelerometer_true/spi_accelerometer_true.gen/sources_1/bd/dma_system/ip/dma_system_rst_ps8_0_99M_1/dma_system_rst_ps8_0_99M_1_ooc.xdc] for cell 'U0'
Parsing XDC File [/home/kuszman/Magisterka/Intelligent-Vibroacoustic-Machine-Diagnostic-System-on-FPGA/spi/spi_true/spi_accelerometer_true/spi_accelerometer_true.gen/sources_1/bd/dma_system/ip/dma_system_rst_ps8_0_99M_1/dma_system_rst_ps8_0_99M_1_board.xdc] for cell 'U0'
Finished Parsing XDC File [/home/kuszman/Magisterka/Intelligent-Vibroacoustic-Machine-Diagnostic-System-on-FPGA/spi/spi_true/spi_accelerometer_true/spi_accelerometer_true.gen/sources_1/bd/dma_system/ip/dma_system_rst_ps8_0_99M_1/dma_system_rst_ps8_0_99M_1_board.xdc] for cell 'U0'
Parsing XDC File [/home/kuszman/Magisterka/Intelligent-Vibroacoustic-Machine-Diagnostic-System-on-FPGA/spi/spi_true/spi_accelerometer_true/spi_accelerometer_true.runs/dma_system_rst_ps8_0_99M_1_synth_1/dont_touch.xdc]
Finished Parsing XDC File [/home/kuszman/Magisterka/Intelligent-Vibroacoustic-Machine-Diagnostic-System-on-FPGA/spi/spi_true/spi_accelerometer_true/spi_accelerometer_true.runs/dma_system_rst_ps8_0_99M_1_synth_1/dont_touch.xdc]
INFO: [Project 1-236] Implementation specific constraints were found while reading constraint file [/home/kuszman/Xilinx/2025.2/data/ip/xpm/xpm_cdc/tcl/xpm_cdc_single.tcl]. These constraints will be ignored for synthesis but will be used in implementation. Impacted constraints are listed in the file [.Xil/dma_system_rst_ps8_0_99M_1_propImpl.xdc].
Resolution: To avoid this warning, move constraints listed in [.Xil/dma_system_rst_ps8_0_99M_1_propImpl.xdc] to another XDC file and exclude this new file from synthesis with the used_in_synthesis property (File Properties dialog in GUI) and re-run elaboration/synthesis.
INFO: [Project 1-1714] 2 XPM XDC files have been applied to the design.
Completed Processing XDC Constraints

Netlist sorting complete. Time (s): cpu = 00:00:00 ; elapsed = 00:00:00 . Memory (MB): peak = 2926.480 ; gain = 0.000 ; free physical = 274 ; free virtual = 1329
INFO: [Project 1-111] Unisim Transformation Summary:
  A total of 1 instances were transformed.
  SRL16 => SRL16E: 1 instance 

Constraint Validation Runtime : Time (s): cpu = 00:00:00.01 ; elapsed = 00:00:00.01 . Memory (MB): peak = 2926.516 ; gain = 0.000 ; free physical = 271 ; free virtual = 1329
INFO: [Designutils 20-5008] Incremental synthesis strategy off
---------------------------------------------------------------------------------
Finished Constraint Validation : Time (s): cpu = 00:00:18 ; elapsed = 00:00:24 . Memory (MB): peak = 2926.516 ; gain = 331.695 ; free physical = 235 ; free virtual = 1241
---------------------------------------------------------------------------------
---------------------------------------------------------------------------------
Start Loading Part and Timing Information
---------------------------------------------------------------------------------
Loading part: xck26-sfvc784-2LV-c
INFO: [Synth 8-6742] Reading net delay rules and data
---------------------------------------------------------------------------------
Finished Loading Part and Timing Information : Time (s): cpu = 00:00:18 ; elapsed = 00:00:24 . Memory (MB): peak = 2934.484 ; gain = 339.664 ; free physical = 234 ; free virtual = 1241
---------------------------------------------------------------------------------
---------------------------------------------------------------------------------
Start Applying 'set_property' XDC Constraints
---------------------------------------------------------------------------------
---------------------------------------------------------------------------------
Finished applying 'set_property' XDC Constraints : Time (s): cpu = 00:00:18 ; elapsed = 00:00:24 . Memory (MB): peak = 2934.484 ; gain = 339.664 ; free physical = 232 ; free virtual = 1241
---------------------------------------------------------------------------------
---------------------------------------------------------------------------------
Finished RTL Optimization Phase 2 : Time (s): cpu = 00:00:19 ; elapsed = 00:00:24 . Memory (MB): peak = 2934.484 ; gain = 339.664 ; free physical = 213 ; free virtual = 1230
---------------------------------------------------------------------------------
---------------------------------------------------------------------------------
Start RTL Component Statistics 
---------------------------------------------------------------------------------
Detailed RTL Component Info : 
+---Adders : 
	   2 Input    6 Bit       Adders := 1     
+---Registers : 
	                6 Bit    Registers := 1     
	                4 Bit    Registers := 2     
	                3 Bit    Registers := 3     
	                1 Bit    Registers := 14    
+---Muxes : 
	   2 Input    6 Bit        Muxes := 1     
	   2 Input    1 Bit        Muxes := 1     
---------------------------------------------------------------------------------
Finished RTL Component Statistics 
---------------------------------------------------------------------------------
---------------------------------------------------------------------------------
Start Part Resource Summary
---------------------------------------------------------------------------------
Part Resources:
DSPs: 1248 (col length:96)
BRAMs: 288 (col length: RAMB18 96 RAMB36 48)
---------------------------------------------------------------------------------
Finished Part Resource Summary
---------------------------------------------------------------------------------
---------------------------------------------------------------------------------
Start Cross Boundary and Area Optimization
---------------------------------------------------------------------------------
INFO: [Synth 8-7129] Port src_clk in module xpm_cdc_single is either unconnected or has no load
---------------------------------------------------------------------------------
Finished Cross Boundary and Area Optimization : Time (s): cpu = 00:00:20 ; elapsed = 00:00:26 . Memory (MB): peak = 2934.484 ; gain = 339.664 ; free physical = 184 ; free virtual = 1211
---------------------------------------------------------------------------------

*** Running vivado
    with args -log dma_system_rst_ps8_0_99M_1.vds -m64 -product Vivado -mode batch -messageDb vivado.pb -notrace -source dma_system_rst_ps8_0_99M_1.tcl


****** Vivado v2025.2 (64-bit)
  **** SW Build 6299465 on Fri Nov 14 12:34:56 MST 2025
  **** IP Build 6300035 on Fri Nov 14 10:48:45 MST 2025
  **** SharedData Build 6298862 on Thu Nov 13 04:50:51 MST 2025
  **** Start of session at: Thu Aug  6 09:15:32 2026
    ** Copyright 1986-2022 Xilinx, Inc. All Rights Reserved.
    ** Copyright 2022-2025 Advanced Micro Devices, Inc. All Rights Reserved.

source dma_system_rst_ps8_0_99M_1.tcl -notrace
Command: synth_design -top dma_system_rst_ps8_0_99M_1 -part xck26-sfvc784-2LV-c -incremental_mode off -mode out_of_context
Starting synth_design
Attempting to get a license for feature 'Synthesis' and/or device 'xck26'
INFO: [Common 17-349] Got license for feature 'Synthesis' and/or device 'xck26'
INFO: [Device 21-403] Loading part xck26-sfvc784-2LV-c
INFO: [Synth 8-7079] Multithreading enabled for synth_design using a maximum of 7 processes.
INFO: [Synth 8-7078] Launching helper process for spawning children vivado processes
INFO: [Synth 8-7075] Helper process launched with PID 15971
---------------------------------------------------------------------------------
Starting RTL Elaboration : Time (s): cpu = 00:00:06 ; elapsed = 00:00:06 . Memory (MB): peak = 2746.047 ; gain = 151.688 ; free physical = 146 ; free virtual = 2753
---------------------------------------------------------------------------------
INFO: [Synth 8-638] synthesizing module 'dma_system_rst_ps8_0_99M_1' [/home/kuszman/Magisterka/Intelligent-Vibroacoustic-Machine-Diagnostic-System-on-FPGA/spi/spi_true/spi_accelerometer_true/spi_accelerometer_true.gen/sources_1/bd/dma_system/ip/dma_system_rst_ps8_0_99M_1/synth/dma_system_rst_ps8_0_99M_1.vhd:74]
	Parameter C_FAMILY bound to: zynquplus - type: string 
	Parameter C_EXT_RST_WIDTH bound to: 4 - type: integer 
	Parameter C_AUX_RST_WIDTH bound to: 4 - type: integer 
	Parameter C_EXT_RESET_HIGH bound to: 1'b0 
	Parameter C_AUX_RESET_HIGH bound to: 1'b0 
	Parameter C_NUM_BUS_RST bound to: 1 - type: integer 
	Parameter C_NUM_PERP_RST bound to: 1 - type: integer 
	Parameter C_NUM_INTERCONNECT_ARESETN bound to: 1 - type: integer 
	Parameter C_NUM_PERP_ARESETN bound to: 1 - type: integer 
INFO: [Synth 8-3491] module 'proc_sys_reset' declared at '/home/kuszman/Magisterka/Intelligent-Vibroacoustic-Machine-Diagnostic-System-on-FPGA/spi/spi_true/spi_accelerometer_true/spi_accelerometer_true.gen/sources_1/bd/dma_system/ipshared/9438/hdl/proc_sys_reset_v5_0_vh_rfs.vhd:1243' bound to instance 'U0' of component 'proc_sys_reset' [/home/kuszman/Magisterka/Intelligent-Vibroacoustic-Machine-Diagnostic-System-on-FPGA/spi/spi_true/spi_accelerometer_true/spi_accelerometer_true.gen/sources_1/bd/dma_system/ip/dma_system_rst_ps8_0_99M_1/synth/dma_system_rst_ps8_0_99M_1.vhd:139]
INFO: [Synth 8-638] synthesizing module 'proc_sys_reset' [/home/kuszman/Magisterka/Intelligent-Vibroacoustic-Machine-Diagnostic-System-on-FPGA/spi/spi_true/spi_accelerometer_true/spi_accelerometer_true.gen/sources_1/bd/dma_system/ipshared/9438/hdl/proc_sys_reset_v5_0_vh_rfs.vhd:1302]
	Parameter INIT bound to: 1'b1 
INFO: [Synth 8-113] binding component instance 'FDRE_inst' to cell 'FDRE' [/home/kuszman/Magisterka/Intelligent-Vibroacoustic-Machine-Diagnostic-System-on-FPGA/spi/spi_true/spi_accelerometer_true/spi_accelerometer_true.gen/sources_1/bd/dma_system/ipshared/9438/hdl/proc_sys_reset_v5_0_vh_rfs.vhd:1371]
	Parameter INIT bound to: 1'b1 
INFO: [Synth 8-113] binding component instance 'FDRE_BSR' to cell 'FDRE' [/home/kuszman/Magisterka/Intelligent-Vibroacoustic-Machine-Diagnostic-System-on-FPGA/spi/spi_true/spi_accelerometer_true/spi_accelerometer_true.gen/sources_1/bd/dma_system/ipshared/9438/hdl/proc_sys_reset_v5_0_vh_rfs.vhd:1387]
	Parameter INIT bound to: 1'b0 
INFO: [Synth 8-113] binding component instance 'FDRE_BSR_N' to cell 'FDRE' [/home/kuszman/Magisterka/Intelligent-Vibroacoustic-Machine-Diagnostic-System-on-FPGA/spi/spi_true/spi_accelerometer_true/spi_accelerometer_true.gen/sources_1/bd/dma_system/ipshared/9438/hdl/proc_sys_reset_v5_0_vh_rfs.vhd:1413]
	Parameter INIT bound to: 1'b1 
INFO: [Synth 8-113] binding component instance 'FDRE_PER' to cell 'FDRE' [/home/kuszman/Magisterka/Intelligent-Vibroacoustic-Machine-Diagnostic-System-on-FPGA/spi/spi_true/spi_accelerometer_true/spi_accelerometer_true.gen/sources_1/bd/dma_system/ipshared/9438/hdl/proc_sys_reset_v5_0_vh_rfs.vhd:1436]
	Parameter INIT bound to: 1'b0 
INFO: [Synth 8-113] binding component instance 'FDRE_PER_N' to cell 'FDRE' [/home/kuszman/Magisterka/Intelligent-Vibroacoustic-Machine-Diagnostic-System-on-FPGA/spi/spi_true/spi_accelerometer_true/spi_accelerometer_true.gen/sources_1/bd/dma_system/ipshared/9438/hdl/proc_sys_reset_v5_0_vh_rfs.vhd:1460]
INFO: [Synth 8-638] synthesizing module 'lpf' [/home/kuszman/Magisterka/Intelligent-Vibroacoustic-Machine-Diagnostic-System-on-FPGA/spi/spi_true/spi_accelerometer_true/spi_accelerometer_true.gen/sources_1/bd/dma_system/ipshared/9438/hdl/proc_sys_reset_v5_0_vh_rfs.vhd:821]
INFO: [Synth 8-3491] module 'SRL16' declared at '/home/kuszman/Xilinx/2025.2/Vivado/scripts/rt/data/unisim_comp.v:165318' bound to instance 'POR_SRL_I' of component 'SRL16' [/home/kuszman/Magisterka/Intelligent-Vibroacoustic-Machine-Diagnostic-System-on-FPGA/spi/spi_true/spi_accelerometer_true/spi_accelerometer_true.gen/sources_1/bd/dma_system/ipshared/9438/hdl/proc_sys_reset_v5_0_vh_rfs.vhd:873]
INFO: [Synth 8-6157] synthesizing module 'SRL16' [/home/kuszman/Xilinx/2025.2/Vivado/scripts/rt/data/unisim_comp.v:165318]
INFO: [Synth 8-6155] done synthesizing module 'SRL16' (0#1) [/home/kuszman/Xilinx/2025.2/Vivado/scripts/rt/data/unisim_comp.v:165318]
	Parameter DEST_SYNC_FF bound to: 4 - type: integer 
	Parameter INIT_SYNC_FF bound to: 0 - type: integer 
	Parameter SIM_ASSERT_CHK bound to: 0 - type: integer 
	Parameter SRC_INPUT_REG bound to: 0 - type: integer 
INFO: [Synth 8-3491] module 'xpm_cdc_single' declared at '/home/kuszman/Xilinx/2025.2/data/ip/xpm/xpm_cdc/hdl/xpm_cdc.sv:152' bound to instance 'ACT_LO_EXT' of component 'xpm_cdc_single' [/home/kuszman/Magisterka/Intelligent-Vibroacoustic-Machine-Diagnostic-System-on-FPGA/spi/spi_true/spi_accelerometer_true/spi_accelerometer_true.gen/sources_1/bd/dma_system/ipshared/9438/hdl/proc_sys_reset_v5_0_vh_rfs.vhd:968]
INFO: [Synth 8-6157] synthesizing module 'xpm_cdc_single' [/home/kuszman/Xilinx/2025.2/data/ip/xpm/xpm_cdc/hdl/xpm_cdc.sv:152]
INFO: [Synth 8-6155] done synthesizing module 'xpm_cdc_single' (0#1) [/home/kuszman/Xilinx/2025.2/data/ip/xpm/xpm_cdc/hdl/xpm_cdc.sv:152]
	Parameter DEST_SYNC_FF bound to: 4 - type: integer 
	Parameter INIT_SYNC_FF bound to: 0 - type: integer 
	Parameter SIM_ASSERT_CHK bound to: 0 - type: integer 
	Parameter SRC_INPUT_REG bound to: 0 - type: integer 
INFO: [Synth 8-3491] module 'xpm_cdc_single' declared at '/home/kuszman/Xilinx/2025.2/data/ip/xpm/xpm_cdc/hdl/xpm_cdc.sv:152' bound to instance 'ACT_LO_AUX' of component 'xpm_cdc_single' [/home/kuszman/Magisterka/Intelligent-Vibroacoustic-Machine-Diagnostic-System-on-FPGA/spi/spi_true/spi_accelerometer_true/spi_accelerometer_true.gen/sources_1/bd/dma_system/ipshared/9438/hdl/proc_sys_reset_v5_0_vh_rfs.vhd:1015]
INFO: [Synth 8-256] done synthesizing module 'lpf' (0#1) [/home/kuszman/Magisterka/Intelligent-Vibroacoustic-Machine-Diagnostic-System-on-FPGA/spi/spi_true/spi_accelerometer_true/spi_accelerometer_true.gen/sources_1/bd/dma_system/ipshared/9438/hdl/proc_sys_reset_v5_0_vh_rfs.vhd:821]
INFO: [Synth 8-638] synthesizing module 'sequence_psr' [/home/kuszman/Magisterka/Intelligent-Vibroacoustic-Machine-Diagnostic-System-on-FPGA/spi/spi_true/spi_accelerometer_true/spi_accelerometer_true.gen/sources_1/bd/dma_system/ipshared/9438/hdl/proc_sys_reset_v5_0_vh_rfs.vhd:304]
INFO: [Synth 8-638] synthesizing module 'upcnt_n' [/home/kuszman/Magisterka/Intelligent-Vibroacoustic-Machine-Diagnostic-System-on-FPGA/spi/spi_true/spi_accelerometer_true/spi_accelerometer_true.gen/sources_1/bd/dma_system/ipshared/9438/hdl/proc_sys_reset_v5_0_vh_rfs.vhd:126]
INFO: [Synth 8-256] done synthesizing module 'upcnt_n' (0#1) [/home/kuszman/Magisterka/Intelligent-Vibroacoustic-Machine-Diagnostic-System-on-FPGA/spi/spi_true/spi_accelerometer_true/spi_accelerometer_true.gen/sources_1/bd/dma_system/ipshared/9438/hdl/proc_sys_reset_v5_0_vh_rfs.vhd:126]
INFO: [Synth 8-256] done synthesizing module 'sequence_psr' (0#1) [/home/kuszman/Magisterka/Intelligent-Vibroacoustic-Machine-Diagnostic-System-on-FPGA/spi/spi_true/spi_accelerometer_true/spi_accelerometer_true.gen/sources_1/bd/dma_system/ipshared/9438/hdl/proc_sys_reset_v5_0_vh_rfs.vhd:304]
INFO: [Synth 8-256] done synthesizing module 'proc_sys_reset' (0#1) [/home/kuszman/Magisterka/Intelligent-Vibroacoustic-Machine-Diagnostic-System-on-FPGA/spi/spi_true/spi_accelerometer_true/spi_accelerometer_true.gen/sources_1/bd/dma_system/ipshared/9438/hdl/proc_sys_reset_v5_0_vh_rfs.vhd:1302]
INFO: [Synth 8-256] done synthesizing module 'dma_system_rst_ps8_0_99M_1' (0#1) [/home/kuszman/Magisterka/Intelligent-Vibroacoustic-Machine-Diagnostic-System-on-FPGA/spi/spi_true/spi_accelerometer_true/spi_accelerometer_true.gen/sources_1/bd/dma_system/ip/dma_system_rst_ps8_0_99M_1/synth/dma_system_rst_ps8_0_99M_1.vhd:74]
INFO: [Synth 8-7129] Port src_clk in module xpm_cdc_single is either unconnected or has no load
---------------------------------------------------------------------------------
Finished RTL Elaboration : Time (s): cpu = 00:00:07 ; elapsed = 00:00:09 . Memory (MB): peak = 2835.984 ; gain = 241.625 ; free physical = 201 ; free virtual = 2305
---------------------------------------------------------------------------------
---------------------------------------------------------------------------------
Start Handling Custom Attributes
---------------------------------------------------------------------------------
---------------------------------------------------------------------------------
Finished Handling Custom Attributes : Time (s): cpu = 00:00:08 ; elapsed = 00:00:09 . Memory (MB): peak = 2835.984 ; gain = 241.625 ; free physical = 199 ; free virtual = 2161
---------------------------------------------------------------------------------
---------------------------------------------------------------------------------
Finished RTL Optimization Phase 1 : Time (s): cpu = 00:00:08 ; elapsed = 00:00:09 . Memory (MB): peak = 2835.984 ; gain = 241.625 ; free physical = 199 ; free virtual = 2161
---------------------------------------------------------------------------------
Netlist sorting complete. Time (s): cpu = 00:00:00 ; elapsed = 00:00:00 . Memory (MB): peak = 2843.984 ; gain = 0.000 ; free physical = 217 ; free virtual = 2142
INFO: [Netlist 29-17] Analyzing 1 Unisim elements for replacement
INFO: [Netlist 29-28] Unisim Transformation completed in 0 CPU seconds
INFO: [Project 1-570] Preparing netlist for logic optimization

Processing XDC Constraints
Initializing timing engine
Parsing XDC File [/home/kuszman/Magisterka/Intelligent-Vibroacoustic-Machine-Diagnostic-System-on-FPGA/spi/spi_true/spi_accelerometer_true/spi_accelerometer_true.gen/sources_1/bd/dma_system/ip/dma_system_rst_ps8_0_99M_1/dma_system_rst_ps8_0_99M_1_ooc.xdc] for cell 'U0'
Finished Parsing XDC File [/home/kuszman/Magisterka/Intelligent-Vibroacoustic-Machine-Diagnostic-System-on-FPGA/spi/spi_true/spi_accelerometer_true/spi_accelerometer_true.gen/sources_1/bd/dma_system/ip/dma_system_rst_ps8_0_99M_1/dma_system_rst_ps8_0_99M_1_ooc.xdc] for cell 'U0'
Parsing XDC File [/home/kuszman/Magisterka/Intelligent-Vibroacoustic-Machine-Diagnostic-System-on-FPGA/spi/spi_true/spi_accelerometer_true/spi_accelerometer_true.gen/sources_1/bd/dma_system/ip/dma_system_rst_ps8_0_99M_1/dma_system_rst_ps8_0_99M_1_board.xdc] for cell 'U0'
Finished Parsing XDC File [/home/kuszman/Magisterka/Intelligent-Vibroacoustic-Machine-Diagnostic-System-on-FPGA/spi/spi_true/spi_accelerometer_true/spi_accelerometer_true.gen/sources_1/bd/dma_system/ip/dma_system_rst_ps8_0_99M_1/dma_system_rst_ps8_0_99M_1_board.xdc] for cell 'U0'
Parsing XDC File [/home/kuszman/Magisterka/Intelligent-Vibroacoustic-Machine-Diagnostic-System-on-FPGA/spi/spi_true/spi_accelerometer_true/spi_accelerometer_true.runs/dma_system_rst_ps8_0_99M_1_synth_1/dont_touch.xdc]
Finished Parsing XDC File [/home/kuszman/Magisterka/Intelligent-Vibroacoustic-Machine-Diagnostic-System-on-FPGA/spi/spi_true/spi_accelerometer_true/spi_accelerometer_true.runs/dma_system_rst_ps8_0_99M_1_synth_1/dont_touch.xdc]
INFO: [Project 1-236] Implementation specific constraints were found while reading constraint file [/home/kuszman/Xilinx/2025.2/data/ip/xpm/xpm_cdc/tcl/xpm_cdc_single.tcl]. These constraints will be ignored for synthesis but will be used in implementation. Impacted constraints are listed in the file [.Xil/dma_system_rst_ps8_0_99M_1_propImpl.xdc].
Resolution: To avoid this warning, move constraints listed in [.Xil/dma_system_rst_ps8_0_99M_1_propImpl.xdc] to another XDC file and exclude this new file from synthesis with the used_in_synthesis property (File Properties dialog in GUI) and re-run elaboration/synthesis.
INFO: [Project 1-1714] 2 XPM XDC files have been applied to the design.
Completed Processing XDC Constraints

Netlist sorting complete. Time (s): cpu = 00:00:00 ; elapsed = 00:00:00 . Memory (MB): peak = 2933.020 ; gain = 0.000 ; free physical = 159 ; free virtual = 1753
INFO: [Project 1-111] Unisim Transformation Summary:
  A total of 1 instances were transformed.
  SRL16 => SRL16E: 1 instance 

Constraint Validation Runtime : Time (s): cpu = 00:00:00.01 ; elapsed = 00:00:00.01 . Memory (MB): peak = 2933.055 ; gain = 0.000 ; free physical = 156 ; free virtual = 1752
INFO: [Designutils 20-5008] Incremental synthesis strategy off
---------------------------------------------------------------------------------
Finished Constraint Validation : Time (s): cpu = 00:00:18 ; elapsed = 00:00:21 . Memory (MB): peak = 2933.055 ; gain = 338.695 ; free physical = 172 ; free virtual = 1748
---------------------------------------------------------------------------------
---------------------------------------------------------------------------------
Start Loading Part and Timing Information
---------------------------------------------------------------------------------
Loading part: xck26-sfvc784-2LV-c
INFO: [Synth 8-6742] Reading net delay rules and data
---------------------------------------------------------------------------------
Finished Loading Part and Timing Information : Time (s): cpu = 00:00:18 ; elapsed = 00:00:21 . Memory (MB): peak = 2941.023 ; gain = 346.664 ; free physical = 172 ; free virtual = 1746
---------------------------------------------------------------------------------
---------------------------------------------------------------------------------
Start Applying 'set_property' XDC Constraints
---------------------------------------------------------------------------------
---------------------------------------------------------------------------------
Finished applying 'set_property' XDC Constraints : Time (s): cpu = 00:00:18 ; elapsed = 00:00:21 . Memory (MB): peak = 2941.023 ; gain = 346.664 ; free physical = 172 ; free virtual = 1747
---------------------------------------------------------------------------------
---------------------------------------------------------------------------------
Finished RTL Optimization Phase 2 : Time (s): cpu = 00:00:19 ; elapsed = 00:00:22 . Memory (MB): peak = 2941.023 ; gain = 346.664 ; free physical = 162 ; free virtual = 1740
---------------------------------------------------------------------------------
---------------------------------------------------------------------------------
Start RTL Component Statistics 
---------------------------------------------------------------------------------
Detailed RTL Component Info : 
+---Adders : 
	   2 Input    6 Bit       Adders := 1     
+---Registers : 
	                6 Bit    Registers := 1     
	                4 Bit    Registers := 2     
	                3 Bit    Registers := 3     
	                1 Bit    Registers := 14    
+---Muxes : 
	   2 Input    6 Bit        Muxes := 1     
	   2 Input    1 Bit        Muxes := 1     
---------------------------------------------------------------------------------
Finished RTL Component Statistics 
---------------------------------------------------------------------------------
---------------------------------------------------------------------------------
Start Part Resource Summary
---------------------------------------------------------------------------------
Part Resources:
DSPs: 1248 (col length:96)
BRAMs: 288 (col length: RAMB18 96 RAMB36 48)
---------------------------------------------------------------------------------
Finished Part Resource Summary
---------------------------------------------------------------------------------
---------------------------------------------------------------------------------
Start Cross Boundary and Area Optimization
---------------------------------------------------------------------------------
INFO: [Synth 8-7129] Port src_clk in module xpm_cdc_single is either unconnected or has no load
---------------------------------------------------------------------------------
Finished Cross Boundary and Area Optimization : Time (s): cpu = 00:00:20 ; elapsed = 00:00:23 . Memory (MB): peak = 2941.023 ; gain = 346.664 ; free physical = 217 ; free virtual = 1722
---------------------------------------------------------------------------------
---------------------------------------------------------------------------------
Start Applying XDC Timing Constraints
---------------------------------------------------------------------------------
---------------------------------------------------------------------------------
Finished Applying XDC Timing Constraints : Time (s): cpu = 00:00:27 ; elapsed = 00:00:35 . Memory (MB): peak = 3546.883 ; gain = 952.523 ; free physical = 241 ; free virtual = 554
---------------------------------------------------------------------------------
---------------------------------------------------------------------------------
Start Timing Optimization
---------------------------------------------------------------------------------
---------------------------------------------------------------------------------
Finished Timing Optimization : Time (s): cpu = 00:00:27 ; elapsed = 00:00:35 . Memory (MB): peak = 3546.883 ; gain = 952.523 ; free physical = 198 ; free virtual = 547
---------------------------------------------------------------------------------
---------------------------------------------------------------------------------
Start Technology Mapping
---------------------------------------------------------------------------------
---------------------------------------------------------------------------------
Finished Technology Mapping : Time (s): cpu = 00:00:27 ; elapsed = 00:00:35 . Memory (MB): peak = 3575.930 ; gain = 981.570 ; free physical = 199 ; free virtual = 506
---------------------------------------------------------------------------------
---------------------------------------------------------------------------------
Start IO Insertion
---------------------------------------------------------------------------------
---------------------------------------------------------------------------------
Start Flattening Before IO Insertion
---------------------------------------------------------------------------------
---------------------------------------------------------------------------------
Finished Flattening Before IO Insertion
---------------------------------------------------------------------------------
---------------------------------------------------------------------------------
Start Final Netlist Cleanup
---------------------------------------------------------------------------------
---------------------------------------------------------------------------------
Finished Final Netlist Cleanup
---------------------------------------------------------------------------------

*** Running vivado
    with args -log dma_system_rst_ps8_0_99M_1.vds -m64 -product Vivado -mode batch -messageDb vivado.pb -notrace -source dma_system_rst_ps8_0_99M_1.tcl


****** Vivado v2025.2 (64-bit)
  **** SW Build 6299465 on Fri Nov 14 12:34:56 MST 2025
  **** IP Build 6300035 on Fri Nov 14 10:48:45 MST 2025
  **** SharedData Build 6298862 on Thu Nov 13 04:50:51 MST 2025
  **** Start of session at: Thu Aug  6 09:21:02 2026
    ** Copyright 1986-2022 Xilinx, Inc. All Rights Reserved.
    ** Copyright 2022-2025 Advanced Micro Devices, Inc. All Rights Reserved.

Sourcing tcl script '/home/kuszman/.Xilinx/Vivado/Vivado_init.tcl'
source dma_system_rst_ps8_0_99M_1.tcl -notrace
create_project: Time (s): cpu = 00:00:11 ; elapsed = 00:00:06 . Memory (MB): peak = 1527.926 ; gain = 48.848 ; free physical = 4433 ; free virtual = 10196
Command: synth_design -top dma_system_rst_ps8_0_99M_1 -part xck26-sfvc784-2LV-c -incremental_mode off -mode out_of_context
Starting synth_design
Attempting to get a license for feature 'Synthesis' and/or device 'xck26'
INFO: [Common 17-349] Got license for feature 'Synthesis' and/or device 'xck26'
INFO: [Device 21-403] Loading part xck26-sfvc784-2LV-c
INFO: [Synth 8-7079] Multithreading enabled for synth_design using a maximum of 2 processes.
INFO: [Synth 8-7078] Launching helper process for spawning children vivado processes
INFO: [Synth 8-7075] Helper process launched with PID 20475
---------------------------------------------------------------------------------
Starting RTL Elaboration : Time (s): cpu = 00:00:05 ; elapsed = 00:00:06 . Memory (MB): peak = 2727.676 ; gain = 142.688 ; free physical = 276 ; free virtual = 2521
---------------------------------------------------------------------------------
INFO: [Synth 8-638] synthesizing module 'dma_system_rst_ps8_0_99M_1' [/home/kuszman/Magisterka/Intelligent-Vibroacoustic-Machine-Diagnostic-System-on-FPGA/spi/spi_true/spi_accelerometer_true/spi_accelerometer_true.gen/sources_1/bd/dma_system/ip/dma_system_rst_ps8_0_99M_1/synth/dma_system_rst_ps8_0_99M_1.vhd:74]
	Parameter C_FAMILY bound to: zynquplus - type: string 
	Parameter C_EXT_RST_WIDTH bound to: 4 - type: integer 
	Parameter C_AUX_RST_WIDTH bound to: 4 - type: integer 
	Parameter C_EXT_RESET_HIGH bound to: 1'b0 
	Parameter C_AUX_RESET_HIGH bound to: 1'b0 
	Parameter C_NUM_BUS_RST bound to: 1 - type: integer 
	Parameter C_NUM_PERP_RST bound to: 1 - type: integer 
	Parameter C_NUM_INTERCONNECT_ARESETN bound to: 1 - type: integer 
	Parameter C_NUM_PERP_ARESETN bound to: 1 - type: integer 
INFO: [Synth 8-3491] module 'proc_sys_reset' declared at '/home/kuszman/Magisterka/Intelligent-Vibroacoustic-Machine-Diagnostic-System-on-FPGA/spi/spi_true/spi_accelerometer_true/spi_accelerometer_true.gen/sources_1/bd/dma_system/ipshared/9438/hdl/proc_sys_reset_v5_0_vh_rfs.vhd:1243' bound to instance 'U0' of component 'proc_sys_reset' [/home/kuszman/Magisterka/Intelligent-Vibroacoustic-Machine-Diagnostic-System-on-FPGA/spi/spi_true/spi_accelerometer_true/spi_accelerometer_true.gen/sources_1/bd/dma_system/ip/dma_system_rst_ps8_0_99M_1/synth/dma_system_rst_ps8_0_99M_1.vhd:139]
INFO: [Synth 8-638] synthesizing module 'proc_sys_reset' [/home/kuszman/Magisterka/Intelligent-Vibroacoustic-Machine-Diagnostic-System-on-FPGA/spi/spi_true/spi_accelerometer_true/spi_accelerometer_true.gen/sources_1/bd/dma_system/ipshared/9438/hdl/proc_sys_reset_v5_0_vh_rfs.vhd:1302]
	Parameter INIT bound to: 1'b1 
INFO: [Synth 8-113] binding component instance 'FDRE_inst' to cell 'FDRE' [/home/kuszman/Magisterka/Intelligent-Vibroacoustic-Machine-Diagnostic-System-on-FPGA/spi/spi_true/spi_accelerometer_true/spi_accelerometer_true.gen/sources_1/bd/dma_system/ipshared/9438/hdl/proc_sys_reset_v5_0_vh_rfs.vhd:1371]
	Parameter INIT bound to: 1'b1 
INFO: [Synth 8-113] binding component instance 'FDRE_BSR' to cell 'FDRE' [/home/kuszman/Magisterka/Intelligent-Vibroacoustic-Machine-Diagnostic-System-on-FPGA/spi/spi_true/spi_accelerometer_true/spi_accelerometer_true.gen/sources_1/bd/dma_system/ipshared/9438/hdl/proc_sys_reset_v5_0_vh_rfs.vhd:1387]
	Parameter INIT bound to: 1'b0 
INFO: [Synth 8-113] binding component instance 'FDRE_BSR_N' to cell 'FDRE' [/home/kuszman/Magisterka/Intelligent-Vibroacoustic-Machine-Diagnostic-System-on-FPGA/spi/spi_true/spi_accelerometer_true/spi_accelerometer_true.gen/sources_1/bd/dma_system/ipshared/9438/hdl/proc_sys_reset_v5_0_vh_rfs.vhd:1413]
	Parameter INIT bound to: 1'b1 
INFO: [Synth 8-113] binding component instance 'FDRE_PER' to cell 'FDRE' [/home/kuszman/Magisterka/Intelligent-Vibroacoustic-Machine-Diagnostic-System-on-FPGA/spi/spi_true/spi_accelerometer_true/spi_accelerometer_true.gen/sources_1/bd/dma_system/ipshared/9438/hdl/proc_sys_reset_v5_0_vh_rfs.vhd:1436]
	Parameter INIT bound to: 1'b0 
INFO: [Synth 8-113] binding component instance 'FDRE_PER_N' to cell 'FDRE' [/home/kuszman/Magisterka/Intelligent-Vibroacoustic-Machine-Diagnostic-System-on-FPGA/spi/spi_true/spi_accelerometer_true/spi_accelerometer_true.gen/sources_1/bd/dma_system/ipshared/9438/hdl/proc_sys_reset_v5_0_vh_rfs.vhd:1460]
INFO: [Synth 8-638] synthesizing module 'lpf' [/home/kuszman/Magisterka/Intelligent-Vibroacoustic-Machine-Diagnostic-System-on-FPGA/spi/spi_true/spi_accelerometer_true/spi_accelerometer_true.gen/sources_1/bd/dma_system/ipshared/9438/hdl/proc_sys_reset_v5_0_vh_rfs.vhd:821]
INFO: [Synth 8-3491] module 'SRL16' declared at '/home/kuszman/Xilinx/2025.2/Vivado/scripts/rt/data/unisim_comp.v:165318' bound to instance 'POR_SRL_I' of component 'SRL16' [/home/kuszman/Magisterka/Intelligent-Vibroacoustic-Machine-Diagnostic-System-on-FPGA/spi/spi_true/spi_accelerometer_true/spi_accelerometer_true.gen/sources_1/bd/dma_system/ipshared/9438/hdl/proc_sys_reset_v5_0_vh_rfs.vhd:873]
INFO: [Synth 8-6157] synthesizing module 'SRL16' [/home/kuszman/Xilinx/2025.2/Vivado/scripts/rt/data/unisim_comp.v:165318]
INFO: [Synth 8-6155] done synthesizing module 'SRL16' (0#1) [/home/kuszman/Xilinx/2025.2/Vivado/scripts/rt/data/unisim_comp.v:165318]
	Parameter DEST_SYNC_FF bound to: 4 - type: integer 
	Parameter INIT_SYNC_FF bound to: 0 - type: integer 
	Parameter SIM_ASSERT_CHK bound to: 0 - type: integer 
	Parameter SRC_INPUT_REG bound to: 0 - type: integer 
INFO: [Synth 8-3491] module 'xpm_cdc_single' declared at '/home/kuszman/Xilinx/2025.2/data/ip/xpm/xpm_cdc/hdl/xpm_cdc.sv:152' bound to instance 'ACT_LO_EXT' of component 'xpm_cdc_single' [/home/kuszman/Magisterka/Intelligent-Vibroacoustic-Machine-Diagnostic-System-on-FPGA/spi/spi_true/spi_accelerometer_true/spi_accelerometer_true.gen/sources_1/bd/dma_system/ipshared/9438/hdl/proc_sys_reset_v5_0_vh_rfs.vhd:968]
INFO: [Synth 8-6157] synthesizing module 'xpm_cdc_single' [/home/kuszman/Xilinx/2025.2/data/ip/xpm/xpm_cdc/hdl/xpm_cdc.sv:152]
INFO: [Synth 8-6155] done synthesizing module 'xpm_cdc_single' (0#1) [/home/kuszman/Xilinx/2025.2/data/ip/xpm/xpm_cdc/hdl/xpm_cdc.sv:152]
	Parameter DEST_SYNC_FF bound to: 4 - type: integer 
	Parameter INIT_SYNC_FF bound to: 0 - type: integer 
	Parameter SIM_ASSERT_CHK bound to: 0 - type: integer 
	Parameter SRC_INPUT_REG bound to: 0 - type: integer 
INFO: [Synth 8-3491] module 'xpm_cdc_single' declared at '/home/kuszman/Xilinx/2025.2/data/ip/xpm/xpm_cdc/hdl/xpm_cdc.sv:152' bound to instance 'ACT_LO_AUX' of component 'xpm_cdc_single' [/home/kuszman/Magisterka/Intelligent-Vibroacoustic-Machine-Diagnostic-System-on-FPGA/spi/spi_true/spi_accelerometer_true/spi_accelerometer_true.gen/sources_1/bd/dma_system/ipshared/9438/hdl/proc_sys_reset_v5_0_vh_rfs.vhd:1015]
INFO: [Synth 8-256] done synthesizing module 'lpf' (0#1) [/home/kuszman/Magisterka/Intelligent-Vibroacoustic-Machine-Diagnostic-System-on-FPGA/spi/spi_true/spi_accelerometer_true/spi_accelerometer_true.gen/sources_1/bd/dma_system/ipshared/9438/hdl/proc_sys_reset_v5_0_vh_rfs.vhd:821]
INFO: [Synth 8-638] synthesizing module 'sequence_psr' [/home/kuszman/Magisterka/Intelligent-Vibroacoustic-Machine-Diagnostic-System-on-FPGA/spi/spi_true/spi_accelerometer_true/spi_accelerometer_true.gen/sources_1/bd/dma_system/ipshared/9438/hdl/proc_sys_reset_v5_0_vh_rfs.vhd:304]
INFO: [Synth 8-638] synthesizing module 'upcnt_n' [/home/kuszman/Magisterka/Intelligent-Vibroacoustic-Machine-Diagnostic-System-on-FPGA/spi/spi_true/spi_accelerometer_true/spi_accelerometer_true.gen/sources_1/bd/dma_system/ipshared/9438/hdl/proc_sys_reset_v5_0_vh_rfs.vhd:126]
INFO: [Synth 8-256] done synthesizing module 'upcnt_n' (0#1) [/home/kuszman/Magisterka/Intelligent-Vibroacoustic-Machine-Diagnostic-System-on-FPGA/spi/spi_true/spi_accelerometer_true/spi_accelerometer_true.gen/sources_1/bd/dma_system/ipshared/9438/hdl/proc_sys_reset_v5_0_vh_rfs.vhd:126]
INFO: [Synth 8-256] done synthesizing module 'sequence_psr' (0#1) [/home/kuszman/Magisterka/Intelligent-Vibroacoustic-Machine-Diagnostic-System-on-FPGA/spi/spi_true/spi_accelerometer_true/spi_accelerometer_true.gen/sources_1/bd/dma_system/ipshared/9438/hdl/proc_sys_reset_v5_0_vh_rfs.vhd:304]
INFO: [Synth 8-256] done synthesizing module 'proc_sys_reset' (0#1) [/home/kuszman/Magisterka/Intelligent-Vibroacoustic-Machine-Diagnostic-System-on-FPGA/spi/spi_true/spi_accelerometer_true/spi_accelerometer_true.gen/sources_1/bd/dma_system/ipshared/9438/hdl/proc_sys_reset_v5_0_vh_rfs.vhd:1302]
INFO: [Synth 8-256] done synthesizing module 'dma_system_rst_ps8_0_99M_1' (0#1) [/home/kuszman/Magisterka/Intelligent-Vibroacoustic-Machine-Diagnostic-System-on-FPGA/spi/spi_true/spi_accelerometer_true/spi_accelerometer_true.gen/sources_1/bd/dma_system/ip/dma_system_rst_ps8_0_99M_1/synth/dma_system_rst_ps8_0_99M_1.vhd:74]
INFO: [Synth 8-7129] Port src_clk in module xpm_cdc_single is either unconnected or has no load
---------------------------------------------------------------------------------
Finished RTL Elaboration : Time (s): cpu = 00:00:07 ; elapsed = 00:00:09 . Memory (MB): peak = 2819.613 ; gain = 234.625 ; free physical = 162 ; free virtual = 2063
---------------------------------------------------------------------------------
---------------------------------------------------------------------------------
Start Handling Custom Attributes
---------------------------------------------------------------------------------
---------------------------------------------------------------------------------
Finished Handling Custom Attributes : Time (s): cpu = 00:00:07 ; elapsed = 00:00:09 . Memory (MB): peak = 2819.613 ; gain = 234.625 ; free physical = 137 ; free virtual = 2031
---------------------------------------------------------------------------------
---------------------------------------------------------------------------------
Finished RTL Optimization Phase 1 : Time (s): cpu = 00:00:07 ; elapsed = 00:00:09 . Memory (MB): peak = 2819.613 ; gain = 234.625 ; free physical = 137 ; free virtual = 2031
---------------------------------------------------------------------------------
Netlist sorting complete. Time (s): cpu = 00:00:00 ; elapsed = 00:00:00.01 . Memory (MB): peak = 2827.613 ; gain = 0.000 ; free physical = 174 ; free virtual = 1972
INFO: [Netlist 29-17] Analyzing 1 Unisim elements for replacement
INFO: [Netlist 29-28] Unisim Transformation completed in 0 CPU seconds
INFO: [Project 1-570] Preparing netlist for logic optimization

Processing XDC Constraints
Initializing timing engine
Parsing XDC File [/home/kuszman/Magisterka/Intelligent-Vibroacoustic-Machine-Diagnostic-System-on-FPGA/spi/spi_true/spi_accelerometer_true/spi_accelerometer_true.gen/sources_1/bd/dma_system/ip/dma_system_rst_ps8_0_99M_1/dma_system_rst_ps8_0_99M_1_ooc.xdc] for cell 'U0'
Finished Parsing XDC File [/home/kuszman/Magisterka/Intelligent-Vibroacoustic-Machine-Diagnostic-System-on-FPGA/spi/spi_true/spi_accelerometer_true/spi_accelerometer_true.gen/sources_1/bd/dma_system/ip/dma_system_rst_ps8_0_99M_1/dma_system_rst_ps8_0_99M_1_ooc.xdc] for cell 'U0'
Parsing XDC File [/home/kuszman/Magisterka/Intelligent-Vibroacoustic-Machine-Diagnostic-System-on-FPGA/spi/spi_true/spi_accelerometer_true/spi_accelerometer_true.gen/sources_1/bd/dma_system/ip/dma_system_rst_ps8_0_99M_1/dma_system_rst_ps8_0_99M_1_board.xdc] for cell 'U0'
Finished Parsing XDC File [/home/kuszman/Magisterka/Intelligent-Vibroacoustic-Machine-Diagnostic-System-on-FPGA/spi/spi_true/spi_accelerometer_true/spi_accelerometer_true.gen/sources_1/bd/dma_system/ip/dma_system_rst_ps8_0_99M_1/dma_system_rst_ps8_0_99M_1_board.xdc] for cell 'U0'
Parsing XDC File [/home/kuszman/Magisterka/Intelligent-Vibroacoustic-Machine-Diagnostic-System-on-FPGA/spi/spi_true/spi_accelerometer_true/spi_accelerometer_true.runs/dma_system_rst_ps8_0_99M_1_synth_1/dont_touch.xdc]
Finished Parsing XDC File [/home/kuszman/Magisterka/Intelligent-Vibroacoustic-Machine-Diagnostic-System-on-FPGA/spi/spi_true/spi_accelerometer_true/spi_accelerometer_true.runs/dma_system_rst_ps8_0_99M_1_synth_1/dont_touch.xdc]
INFO: [Project 1-236] Implementation specific constraints were found while reading constraint file [/home/kuszman/Xilinx/2025.2/data/ip/xpm/xpm_cdc/tcl/xpm_cdc_single.tcl]. These constraints will be ignored for synthesis but will be used in implementation. Impacted constraints are listed in the file [.Xil/dma_system_rst_ps8_0_99M_1_propImpl.xdc].
Resolution: To avoid this warning, move constraints listed in [.Xil/dma_system_rst_ps8_0_99M_1_propImpl.xdc] to another XDC file and exclude this new file from synthesis with the used_in_synthesis property (File Properties dialog in GUI) and re-run elaboration/synthesis.
INFO: [Project 1-1714] 2 XPM XDC files have been applied to the design.
Completed Processing XDC Constraints

Netlist sorting complete. Time (s): cpu = 00:00:00 ; elapsed = 00:00:00 . Memory (MB): peak = 2939.859 ; gain = 0.000 ; free physical = 206 ; free virtual = 1716
INFO: [Project 1-111] Unisim Transformation Summary:
  A total of 1 instances were transformed.
  SRL16 => SRL16E: 1 instance 

Constraint Validation Runtime : Time (s): cpu = 00:00:00.01 ; elapsed = 00:00:00.01 . Memory (MB): peak = 2939.895 ; gain = 0.000 ; free physical = 205 ; free virtual = 1716
INFO: [Designutils 20-5008] Incremental synthesis strategy off
---------------------------------------------------------------------------------
Finished Constraint Validation : Time (s): cpu = 00:00:18 ; elapsed = 00:00:21 . Memory (MB): peak = 2939.895 ; gain = 354.906 ; free physical = 180 ; free virtual = 1626
---------------------------------------------------------------------------------
---------------------------------------------------------------------------------
Start Loading Part and Timing Information
---------------------------------------------------------------------------------
Loading part: xck26-sfvc784-2LV-c
INFO: [Synth 8-6742] Reading net delay rules and data
---------------------------------------------------------------------------------
Finished Loading Part and Timing Information : Time (s): cpu = 00:00:18 ; elapsed = 00:00:21 . Memory (MB): peak = 2947.863 ; gain = 362.875 ; free physical = 180 ; free virtual = 1626
---------------------------------------------------------------------------------
---------------------------------------------------------------------------------
Start Applying 'set_property' XDC Constraints
---------------------------------------------------------------------------------
---------------------------------------------------------------------------------
Finished applying 'set_property' XDC Constraints : Time (s): cpu = 00:00:18 ; elapsed = 00:00:21 . Memory (MB): peak = 2947.863 ; gain = 362.875 ; free physical = 180 ; free virtual = 1626
---------------------------------------------------------------------------------
---------------------------------------------------------------------------------
Finished RTL Optimization Phase 2 : Time (s): cpu = 00:00:18 ; elapsed = 00:00:21 . Memory (MB): peak = 2947.863 ; gain = 362.875 ; free physical = 174 ; free virtual = 1624
---------------------------------------------------------------------------------
---------------------------------------------------------------------------------
Start RTL Component Statistics 
---------------------------------------------------------------------------------
Detailed RTL Component Info : 
+---Adders : 
	   2 Input    6 Bit       Adders := 1     
+---Registers : 
	                6 Bit    Registers := 1     
	                4 Bit    Registers := 2     
	                3 Bit    Registers := 3     
	                1 Bit    Registers := 14    
+---Muxes : 
	   2 Input    6 Bit        Muxes := 1     
	   2 Input    1 Bit        Muxes := 1     
---------------------------------------------------------------------------------
Finished RTL Component Statistics 
---------------------------------------------------------------------------------
---------------------------------------------------------------------------------
Start Part Resource Summary
---------------------------------------------------------------------------------
Part Resources:
DSPs: 1248 (col length:96)
BRAMs: 288 (col length: RAMB18 96 RAMB36 48)
---------------------------------------------------------------------------------
Finished Part Resource Summary
---------------------------------------------------------------------------------
---------------------------------------------------------------------------------
Start Cross Boundary and Area Optimization
---------------------------------------------------------------------------------
INFO: [Synth 8-7129] Port src_clk in module xpm_cdc_single is either unconnected or has no load
---------------------------------------------------------------------------------
Finished Cross Boundary and Area Optimization : Time (s): cpu = 00:00:20 ; elapsed = 00:00:23 . Memory (MB): peak = 2947.863 ; gain = 362.875 ; free physical = 162 ; free virtual = 1623
---------------------------------------------------------------------------------

*** Running vivado
    with args -log dma_system_rst_ps8_0_99M_1.vds -m64 -product Vivado -mode batch -messageDb vivado.pb -notrace -source dma_system_rst_ps8_0_99M_1.tcl


****** Vivado v2025.2 (64-bit)
  **** SW Build 6299465 on Fri Nov 14 12:34:56 MST 2025
  **** IP Build 6300035 on Fri Nov 14 10:48:45 MST 2025
  **** SharedData Build 6298862 on Thu Nov 13 04:50:51 MST 2025
  **** Start of session at: Thu Aug  6 09:26:02 2026
    ** Copyright 1986-2022 Xilinx, Inc. All Rights Reserved.
    ** Copyright 2022-2025 Advanced Micro Devices, Inc. All Rights Reserved.

Sourcing tcl script '/home/kuszman/.Xilinx/Vivado/Vivado_init.tcl'
source dma_system_rst_ps8_0_99M_1.tcl -notrace
create_project: Time (s): cpu = 00:00:11 ; elapsed = 00:00:06 . Memory (MB): peak = 1563.613 ; gain = 16.035 ; free physical = 2463 ; free virtual = 43507
Command: synth_design -top dma_system_rst_ps8_0_99M_1 -part xck26-sfvc784-2LV-c -incremental_mode off -mode out_of_context
Starting synth_design
Attempting to get a license for feature 'Synthesis' and/or device 'xck26'
INFO: [Common 17-349] Got license for feature 'Synthesis' and/or device 'xck26'
INFO: [Device 21-403] Loading part xck26-sfvc784-2LV-c
INFO: [Synth 8-7079] Multithreading enabled for synth_design using a maximum of 2 processes.
INFO: [Synth 8-7078] Launching helper process for spawning children vivado processes
INFO: [Synth 8-7075] Helper process launched with PID 9410
---------------------------------------------------------------------------------
Starting RTL Elaboration : Time (s): cpu = 00:00:05 ; elapsed = 00:00:06 . Memory (MB): peak = 2727.699 ; gain = 142.688 ; free physical = 258 ; free virtual = 36345
---------------------------------------------------------------------------------
INFO: [Synth 8-638] synthesizing module 'dma_system_rst_ps8_0_99M_1' [/home/kuszman/Magisterka/Intelligent-Vibroacoustic-Machine-Diagnostic-System-on-FPGA/spi/spi_true/spi_accelerometer_true/spi_accelerometer_true.gen/sources_1/bd/dma_system/ip/dma_system_rst_ps8_0_99M_1/synth/dma_system_rst_ps8_0_99M_1.vhd:74]
	Parameter C_FAMILY bound to: zynquplus - type: string 
	Parameter C_EXT_RST_WIDTH bound to: 4 - type: integer 
	Parameter C_AUX_RST_WIDTH bound to: 4 - type: integer 
	Parameter C_EXT_RESET_HIGH bound to: 1'b0 
	Parameter C_AUX_RESET_HIGH bound to: 1'b0 
	Parameter C_NUM_BUS_RST bound to: 1 - type: integer 
	Parameter C_NUM_PERP_RST bound to: 1 - type: integer 
	Parameter C_NUM_INTERCONNECT_ARESETN bound to: 1 - type: integer 
	Parameter C_NUM_PERP_ARESETN bound to: 1 - type: integer 
INFO: [Synth 8-3491] module 'proc_sys_reset' declared at '/home/kuszman/Magisterka/Intelligent-Vibroacoustic-Machine-Diagnostic-System-on-FPGA/spi/spi_true/spi_accelerometer_true/spi_accelerometer_true.gen/sources_1/bd/dma_system/ipshared/9438/hdl/proc_sys_reset_v5_0_vh_rfs.vhd:1243' bound to instance 'U0' of component 'proc_sys_reset' [/home/kuszman/Magisterka/Intelligent-Vibroacoustic-Machine-Diagnostic-System-on-FPGA/spi/spi_true/spi_accelerometer_true/spi_accelerometer_true.gen/sources_1/bd/dma_system/ip/dma_system_rst_ps8_0_99M_1/synth/dma_system_rst_ps8_0_99M_1.vhd:139]
INFO: [Synth 8-638] synthesizing module 'proc_sys_reset' [/home/kuszman/Magisterka/Intelligent-Vibroacoustic-Machine-Diagnostic-System-on-FPGA/spi/spi_true/spi_accelerometer_true/spi_accelerometer_true.gen/sources_1/bd/dma_system/ipshared/9438/hdl/proc_sys_reset_v5_0_vh_rfs.vhd:1302]
	Parameter INIT bound to: 1'b1 
INFO: [Synth 8-113] binding component instance 'FDRE_inst' to cell 'FDRE' [/home/kuszman/Magisterka/Intelligent-Vibroacoustic-Machine-Diagnostic-System-on-FPGA/spi/spi_true/spi_accelerometer_true/spi_accelerometer_true.gen/sources_1/bd/dma_system/ipshared/9438/hdl/proc_sys_reset_v5_0_vh_rfs.vhd:1371]
	Parameter INIT bound to: 1'b1 
INFO: [Synth 8-113] binding component instance 'FDRE_BSR' to cell 'FDRE' [/home/kuszman/Magisterka/Intelligent-Vibroacoustic-Machine-Diagnostic-System-on-FPGA/spi/spi_true/spi_accelerometer_true/spi_accelerometer_true.gen/sources_1/bd/dma_system/ipshared/9438/hdl/proc_sys_reset_v5_0_vh_rfs.vhd:1387]
	Parameter INIT bound to: 1'b0 
INFO: [Synth 8-113] binding component instance 'FDRE_BSR_N' to cell 'FDRE' [/home/kuszman/Magisterka/Intelligent-Vibroacoustic-Machine-Diagnostic-System-on-FPGA/spi/spi_true/spi_accelerometer_true/spi_accelerometer_true.gen/sources_1/bd/dma_system/ipshared/9438/hdl/proc_sys_reset_v5_0_vh_rfs.vhd:1413]
	Parameter INIT bound to: 1'b1 
INFO: [Synth 8-113] binding component instance 'FDRE_PER' to cell 'FDRE' [/home/kuszman/Magisterka/Intelligent-Vibroacoustic-Machine-Diagnostic-System-on-FPGA/spi/spi_true/spi_accelerometer_true/spi_accelerometer_true.gen/sources_1/bd/dma_system/ipshared/9438/hdl/proc_sys_reset_v5_0_vh_rfs.vhd:1436]
	Parameter INIT bound to: 1'b0 
INFO: [Synth 8-113] binding component instance 'FDRE_PER_N' to cell 'FDRE' [/home/kuszman/Magisterka/Intelligent-Vibroacoustic-Machine-Diagnostic-System-on-FPGA/spi/spi_true/spi_accelerometer_true/spi_accelerometer_true.gen/sources_1/bd/dma_system/ipshared/9438/hdl/proc_sys_reset_v5_0_vh_rfs.vhd:1460]
INFO: [Synth 8-638] synthesizing module 'lpf' [/home/kuszman/Magisterka/Intelligent-Vibroacoustic-Machine-Diagnostic-System-on-FPGA/spi/spi_true/spi_accelerometer_true/spi_accelerometer_true.gen/sources_1/bd/dma_system/ipshared/9438/hdl/proc_sys_reset_v5_0_vh_rfs.vhd:821]
INFO: [Synth 8-3491] module 'SRL16' declared at '/home/kuszman/Xilinx/2025.2/Vivado/scripts/rt/data/unisim_comp.v:165318' bound to instance 'POR_SRL_I' of component 'SRL16' [/home/kuszman/Magisterka/Intelligent-Vibroacoustic-Machine-Diagnostic-System-on-FPGA/spi/spi_true/spi_accelerometer_true/spi_accelerometer_true.gen/sources_1/bd/dma_system/ipshared/9438/hdl/proc_sys_reset_v5_0_vh_rfs.vhd:873]
INFO: [Synth 8-6157] synthesizing module 'SRL16' [/home/kuszman/Xilinx/2025.2/Vivado/scripts/rt/data/unisim_comp.v:165318]
INFO: [Synth 8-6155] done synthesizing module 'SRL16' (0#1) [/home/kuszman/Xilinx/2025.2/Vivado/scripts/rt/data/unisim_comp.v:165318]
	Parameter DEST_SYNC_FF bound to: 4 - type: integer 
	Parameter INIT_SYNC_FF bound to: 0 - type: integer 
	Parameter SIM_ASSERT_CHK bound to: 0 - type: integer 
	Parameter SRC_INPUT_REG bound to: 0 - type: integer 
INFO: [Synth 8-3491] module 'xpm_cdc_single' declared at '/home/kuszman/Xilinx/2025.2/data/ip/xpm/xpm_cdc/hdl/xpm_cdc.sv:152' bound to instance 'ACT_LO_EXT' of component 'xpm_cdc_single' [/home/kuszman/Magisterka/Intelligent-Vibroacoustic-Machine-Diagnostic-System-on-FPGA/spi/spi_true/spi_accelerometer_true/spi_accelerometer_true.gen/sources_1/bd/dma_system/ipshared/9438/hdl/proc_sys_reset_v5_0_vh_rfs.vhd:968]
INFO: [Synth 8-6157] synthesizing module 'xpm_cdc_single' [/home/kuszman/Xilinx/2025.2/data/ip/xpm/xpm_cdc/hdl/xpm_cdc.sv:152]
INFO: [Synth 8-6155] done synthesizing module 'xpm_cdc_single' (0#1) [/home/kuszman/Xilinx/2025.2/data/ip/xpm/xpm_cdc/hdl/xpm_cdc.sv:152]
	Parameter DEST_SYNC_FF bound to: 4 - type: integer 
	Parameter INIT_SYNC_FF bound to: 0 - type: integer 
	Parameter SIM_ASSERT_CHK bound to: 0 - type: integer 
	Parameter SRC_INPUT_REG bound to: 0 - type: integer 
INFO: [Synth 8-3491] module 'xpm_cdc_single' declared at '/home/kuszman/Xilinx/2025.2/data/ip/xpm/xpm_cdc/hdl/xpm_cdc.sv:152' bound to instance 'ACT_LO_AUX' of component 'xpm_cdc_single' [/home/kuszman/Magisterka/Intelligent-Vibroacoustic-Machine-Diagnostic-System-on-FPGA/spi/spi_true/spi_accelerometer_true/spi_accelerometer_true.gen/sources_1/bd/dma_system/ipshared/9438/hdl/proc_sys_reset_v5_0_vh_rfs.vhd:1015]
INFO: [Synth 8-256] done synthesizing module 'lpf' (0#1) [/home/kuszman/Magisterka/Intelligent-Vibroacoustic-Machine-Diagnostic-System-on-FPGA/spi/spi_true/spi_accelerometer_true/spi_accelerometer_true.gen/sources_1/bd/dma_system/ipshared/9438/hdl/proc_sys_reset_v5_0_vh_rfs.vhd:821]
INFO: [Synth 8-638] synthesizing module 'sequence_psr' [/home/kuszman/Magisterka/Intelligent-Vibroacoustic-Machine-Diagnostic-System-on-FPGA/spi/spi_true/spi_accelerometer_true/spi_accelerometer_true.gen/sources_1/bd/dma_system/ipshared/9438/hdl/proc_sys_reset_v5_0_vh_rfs.vhd:304]
INFO: [Synth 8-638] synthesizing module 'upcnt_n' [/home/kuszman/Magisterka/Intelligent-Vibroacoustic-Machine-Diagnostic-System-on-FPGA/spi/spi_true/spi_accelerometer_true/spi_accelerometer_true.gen/sources_1/bd/dma_system/ipshared/9438/hdl/proc_sys_reset_v5_0_vh_rfs.vhd:126]
INFO: [Synth 8-256] done synthesizing module 'upcnt_n' (0#1) [/home/kuszman/Magisterka/Intelligent-Vibroacoustic-Machine-Diagnostic-System-on-FPGA/spi/spi_true/spi_accelerometer_true/spi_accelerometer_true.gen/sources_1/bd/dma_system/ipshared/9438/hdl/proc_sys_reset_v5_0_vh_rfs.vhd:126]
INFO: [Synth 8-256] done synthesizing module 'sequence_psr' (0#1) [/home/kuszman/Magisterka/Intelligent-Vibroacoustic-Machine-Diagnostic-System-on-FPGA/spi/spi_true/spi_accelerometer_true/spi_accelerometer_true.gen/sources_1/bd/dma_system/ipshared/9438/hdl/proc_sys_reset_v5_0_vh_rfs.vhd:304]
INFO: [Synth 8-256] done synthesizing module 'proc_sys_reset' (0#1) [/home/kuszman/Magisterka/Intelligent-Vibroacoustic-Machine-Diagnostic-System-on-FPGA/spi/spi_true/spi_accelerometer_true/spi_accelerometer_true.gen/sources_1/bd/dma_system/ipshared/9438/hdl/proc_sys_reset_v5_0_vh_rfs.vhd:1302]
INFO: [Synth 8-256] done synthesizing module 'dma_system_rst_ps8_0_99M_1' (0#1) [/home/kuszman/Magisterka/Intelligent-Vibroacoustic-Machine-Diagnostic-System-on-FPGA/spi/spi_true/spi_accelerometer_true/spi_accelerometer_true.gen/sources_1/bd/dma_system/ip/dma_system_rst_ps8_0_99M_1/synth/dma_system_rst_ps8_0_99M_1.vhd:74]
INFO: [Synth 8-7129] Port src_clk in module xpm_cdc_single is either unconnected or has no load
---------------------------------------------------------------------------------
Finished RTL Elaboration : Time (s): cpu = 00:00:07 ; elapsed = 00:00:08 . Memory (MB): peak = 2819.668 ; gain = 234.656 ; free physical = 353 ; free virtual = 35725
---------------------------------------------------------------------------------
---------------------------------------------------------------------------------
Start Handling Custom Attributes
---------------------------------------------------------------------------------
---------------------------------------------------------------------------------
Finished Handling Custom Attributes : Time (s): cpu = 00:00:07 ; elapsed = 00:00:09 . Memory (MB): peak = 2819.668 ; gain = 234.656 ; free physical = 442 ; free virtual = 35813
---------------------------------------------------------------------------------
---------------------------------------------------------------------------------
Finished RTL Optimization Phase 1 : Time (s): cpu = 00:00:07 ; elapsed = 00:00:09 . Memory (MB): peak = 2819.668 ; gain = 234.656 ; free physical = 442 ; free virtual = 35813
---------------------------------------------------------------------------------
Netlist sorting complete. Time (s): cpu = 00:00:00 ; elapsed = 00:00:00 . Memory (MB): peak = 2830.637 ; gain = 0.000 ; free physical = 377 ; free virtual = 35716
INFO: [Netlist 29-17] Analyzing 1 Unisim elements for replacement
INFO: [Netlist 29-28] Unisim Transformation completed in 0 CPU seconds
INFO: [Project 1-570] Preparing netlist for logic optimization

Processing XDC Constraints
Initializing timing engine
Parsing XDC File [/home/kuszman/Magisterka/Intelligent-Vibroacoustic-Machine-Diagnostic-System-on-FPGA/spi/spi_true/spi_accelerometer_true/spi_accelerometer_true.gen/sources_1/bd/dma_system/ip/dma_system_rst_ps8_0_99M_1/dma_system_rst_ps8_0_99M_1_ooc.xdc] for cell 'U0'
Finished Parsing XDC File [/home/kuszman/Magisterka/Intelligent-Vibroacoustic-Machine-Diagnostic-System-on-FPGA/spi/spi_true/spi_accelerometer_true/spi_accelerometer_true.gen/sources_1/bd/dma_system/ip/dma_system_rst_ps8_0_99M_1/dma_system_rst_ps8_0_99M_1_ooc.xdc] for cell 'U0'
Parsing XDC File [/home/kuszman/Magisterka/Intelligent-Vibroacoustic-Machine-Diagnostic-System-on-FPGA/spi/spi_true/spi_accelerometer_true/spi_accelerometer_true.gen/sources_1/bd/dma_system/ip/dma_system_rst_ps8_0_99M_1/dma_system_rst_ps8_0_99M_1_board.xdc] for cell 'U0'
Finished Parsing XDC File [/home/kuszman/Magisterka/Intelligent-Vibroacoustic-Machine-Diagnostic-System-on-FPGA/spi/spi_true/spi_accelerometer_true/spi_accelerometer_true.gen/sources_1/bd/dma_system/ip/dma_system_rst_ps8_0_99M_1/dma_system_rst_ps8_0_99M_1_board.xdc] for cell 'U0'
Parsing XDC File [/home/kuszman/Magisterka/Intelligent-Vibroacoustic-Machine-Diagnostic-System-on-FPGA/spi/spi_true/spi_accelerometer_true/spi_accelerometer_true.runs/dma_system_rst_ps8_0_99M_1_synth_1/dont_touch.xdc]
Finished Parsing XDC File [/home/kuszman/Magisterka/Intelligent-Vibroacoustic-Machine-Diagnostic-System-on-FPGA/spi/spi_true/spi_accelerometer_true/spi_accelerometer_true.runs/dma_system_rst_ps8_0_99M_1_synth_1/dont_touch.xdc]
INFO: [Project 1-236] Implementation specific constraints were found while reading constraint file [/home/kuszman/Xilinx/2025.2/data/ip/xpm/xpm_cdc/tcl/xpm_cdc_single.tcl]. These constraints will be ignored for synthesis but will be used in implementation. Impacted constraints are listed in the file [.Xil/dma_system_rst_ps8_0_99M_1_propImpl.xdc].
Resolution: To avoid this warning, move constraints listed in [.Xil/dma_system_rst_ps8_0_99M_1_propImpl.xdc] to another XDC file and exclude this new file from synthesis with the used_in_synthesis property (File Properties dialog in GUI) and re-run elaboration/synthesis.
INFO: [Project 1-1714] 2 XPM XDC files have been applied to the design.
Completed Processing XDC Constraints

Netlist sorting complete. Time (s): cpu = 00:00:00 ; elapsed = 00:00:00 . Memory (MB): peak = 2938.883 ; gain = 0.000 ; free physical = 342 ; free virtual = 35068
INFO: [Project 1-111] Unisim Transformation Summary:
  A total of 1 instances were transformed.
  SRL16 => SRL16E: 1 instance 

Constraint Validation Runtime : Time (s): cpu = 00:00:00.01 ; elapsed = 00:00:00.01 . Memory (MB): peak = 2938.918 ; gain = 0.000 ; free physical = 341 ; free virtual = 35068
INFO: [Designutils 20-5008] Incremental synthesis strategy off
---------------------------------------------------------------------------------
Finished Constraint Validation : Time (s): cpu = 00:00:18 ; elapsed = 00:00:20 . Memory (MB): peak = 2938.918 ; gain = 353.906 ; free physical = 223 ; free virtual = 34951
---------------------------------------------------------------------------------
---------------------------------------------------------------------------------
Start Loading Part and Timing Information
---------------------------------------------------------------------------------
Loading part: xck26-sfvc784-2LV-c
INFO: [Synth 8-6742] Reading net delay rules and data
---------------------------------------------------------------------------------
Finished Loading Part and Timing Information : Time (s): cpu = 00:00:18 ; elapsed = 00:00:20 . Memory (MB): peak = 2946.887 ; gain = 361.875 ; free physical = 223 ; free virtual = 34951
---------------------------------------------------------------------------------
---------------------------------------------------------------------------------
Start Applying 'set_property' XDC Constraints
---------------------------------------------------------------------------------
---------------------------------------------------------------------------------
Finished applying 'set_property' XDC Constraints : Time (s): cpu = 00:00:18 ; elapsed = 00:00:20 . Memory (MB): peak = 2946.887 ; gain = 361.875 ; free physical = 222 ; free virtual = 34951
---------------------------------------------------------------------------------
---------------------------------------------------------------------------------
Finished RTL Optimization Phase 2 : Time (s): cpu = 00:00:18 ; elapsed = 00:00:20 . Memory (MB): peak = 2946.887 ; gain = 361.875 ; free physical = 208 ; free virtual = 34941
---------------------------------------------------------------------------------
---------------------------------------------------------------------------------
Start RTL Component Statistics 
---------------------------------------------------------------------------------
Detailed RTL Component Info : 
+---Adders : 
	   2 Input    6 Bit       Adders := 1     
+---Registers : 
	                6 Bit    Registers := 1     
	                4 Bit    Registers := 2     
	                3 Bit    Registers := 3     
	                1 Bit    Registers := 14    
+---Muxes : 
	   2 Input    6 Bit        Muxes := 1     
	   2 Input    1 Bit        Muxes := 1     
---------------------------------------------------------------------------------
Finished RTL Component Statistics 
---------------------------------------------------------------------------------
---------------------------------------------------------------------------------
Start Part Resource Summary
---------------------------------------------------------------------------------
Part Resources:
DSPs: 1248 (col length:96)
BRAMs: 288 (col length: RAMB18 96 RAMB36 48)
---------------------------------------------------------------------------------
Finished Part Resource Summary
---------------------------------------------------------------------------------
---------------------------------------------------------------------------------
Start Cross Boundary and Area Optimization
---------------------------------------------------------------------------------
INFO: [Synth 8-7129] Port src_clk in module xpm_cdc_single is either unconnected or has no load
---------------------------------------------------------------------------------
Finished Cross Boundary and Area Optimization : Time (s): cpu = 00:00:19 ; elapsed = 00:00:22 . Memory (MB): peak = 2946.887 ; gain = 361.875 ; free physical = 207 ; free virtual = 34940
---------------------------------------------------------------------------------
---------------------------------------------------------------------------------
Start Applying XDC Timing Constraints
---------------------------------------------------------------------------------
---------------------------------------------------------------------------------
Finished Applying XDC Timing Constraints : Time (s): cpu = 00:00:27 ; elapsed = 00:00:33 . Memory (MB): peak = 3554.355 ; gain = 969.344 ; free physical = 230 ; free virtual = 33151
---------------------------------------------------------------------------------
---------------------------------------------------------------------------------
Start Timing Optimization
---------------------------------------------------------------------------------
---------------------------------------------------------------------------------
Finished Timing Optimization : Time (s): cpu = 00:00:27 ; elapsed = 00:00:33 . Memory (MB): peak = 3555.355 ; gain = 970.344 ; free physical = 236 ; free virtual = 33149
---------------------------------------------------------------------------------
---------------------------------------------------------------------------------
Start Technology Mapping
---------------------------------------------------------------------------------
---------------------------------------------------------------------------------
Finished Technology Mapping : Time (s): cpu = 00:00:27 ; elapsed = 00:00:33 . Memory (MB): peak = 3583.402 ; gain = 998.391 ; free physical = 213 ; free virtual = 33082
---------------------------------------------------------------------------------
---------------------------------------------------------------------------------
Start IO Insertion
---------------------------------------------------------------------------------
---------------------------------------------------------------------------------
Start Flattening Before IO Insertion
---------------------------------------------------------------------------------
---------------------------------------------------------------------------------
Finished Flattening Before IO Insertion
---------------------------------------------------------------------------------
---------------------------------------------------------------------------------
Start Final Netlist Cleanup
---------------------------------------------------------------------------------
---------------------------------------------------------------------------------
Finished Final Netlist Cleanup
---------------------------------------------------------------------------------
---------------------------------------------------------------------------------
Finished IO Insertion : Time (s): cpu = 00:00:31 ; elapsed = 00:00:43 . Memory (MB): peak = 3752.215 ; gain = 1167.203 ; free physical = 321 ; free virtual = 31200
---------------------------------------------------------------------------------
---------------------------------------------------------------------------------
Start Renaming Generated Instances
---------------------------------------------------------------------------------
---------------------------------------------------------------------------------
Finished Renaming Generated Instances : Time (s): cpu = 00:00:31 ; elapsed = 00:00:43 . Memory (MB): peak = 3752.215 ; gain = 1167.203 ; free physical = 321 ; free virtual = 31200
---------------------------------------------------------------------------------
---------------------------------------------------------------------------------
Start Rebuilding User Hierarchy
---------------------------------------------------------------------------------
---------------------------------------------------------------------------------
Finished Rebuilding User Hierarchy : Time (s): cpu = 00:00:31 ; elapsed = 00:00:43 . Memory (MB): peak = 3752.215 ; gain = 1167.203 ; free physical = 321 ; free virtual = 31200
---------------------------------------------------------------------------------
---------------------------------------------------------------------------------
Start Renaming Generated Ports
---------------------------------------------------------------------------------
---------------------------------------------------------------------------------
Finished Renaming Generated Ports : Time (s): cpu = 00:00:31 ; elapsed = 00:00:43 . Memory (MB): peak = 3752.215 ; gain = 1167.203 ; free physical = 321 ; free virtual = 31200
---------------------------------------------------------------------------------
---------------------------------------------------------------------------------
Start Handling Custom Attributes
---------------------------------------------------------------------------------
---------------------------------------------------------------------------------
Finished Handling Custom Attributes : Time (s): cpu = 00:00:31 ; elapsed = 00:00:43 . Memory (MB): peak = 3752.215 ; gain = 1167.203 ; free physical = 320 ; free virtual = 31199
---------------------------------------------------------------------------------
---------------------------------------------------------------------------------
Start Renaming Generated Nets
---------------------------------------------------------------------------------
---------------------------------------------------------------------------------
Finished Renaming Generated Nets : Time (s): cpu = 00:00:31 ; elapsed = 00:00:43 . Memory (MB): peak = 3752.215 ; gain = 1167.203 ; free physical = 320 ; free virtual = 31199
---------------------------------------------------------------------------------
---------------------------------------------------------------------------------
Start Writing Synthesis Report
---------------------------------------------------------------------------------

Report BlackBoxes: 
+-+--------------+----------+
| |BlackBox name |Instances |
+-+--------------+----------+
+-+--------------+----------+

Report Cell Usage: 
+------+------+------+
|      |Cell  |Count |
+------+------+------+
|1     |LUT1  |     5|
|2     |LUT2  |     9|
|3     |LUT3  |     1|
|4     |LUT4  |     6|
|5     |LUT5  |     3|
|6     |LUT6  |     1|
|7     |SRL16 |     1|
|8     |FDRE  |    36|
|9     |FDSE  |     4|
+------+------+------+
---------------------------------------------------------------------------------
Finished Writing Synthesis Report : Time (s): cpu = 00:00:31 ; elapsed = 00:00:43 . Memory (MB): peak = 3752.215 ; gain = 1167.203 ; free physical = 320 ; free virtual = 31199
---------------------------------------------------------------------------------
Synthesis finished with 0 errors, 0 critical warnings and 0 warnings.
Synthesis Optimization Runtime : Time (s): cpu = 00:00:26 ; elapsed = 00:00:37 . Memory (MB): peak = 3752.215 ; gain = 1047.953 ; free physical = 222 ; free virtual = 31046
Synthesis Optimization Complete : Time (s): cpu = 00:00:32 ; elapsed = 00:00:43 . Memory (MB): peak = 3752.215 ; gain = 1167.203 ; free physical = 223 ; free virtual = 31046
INFO: [Project 1-571] Translating synthesized netlist
Netlist sorting complete. Time (s): cpu = 00:00:00 ; elapsed = 00:00:00 . Memory (MB): peak = 3752.215 ; gain = 0.000 ; free physical = 230 ; free virtual = 31039
INFO: [Netlist 29-17] Analyzing 1 Unisim elements for replacement
INFO: [Netlist 29-28] Unisim Transformation completed in 0 CPU seconds
INFO: [Project 1-570] Preparing netlist for logic optimization
INFO: [Opt 31-138] Pushed 0 inverter(s) to 0 load pin(s).
Netlist sorting complete. Time (s): cpu = 00:00:00 ; elapsed = 00:00:00 . Memory (MB): peak = 3752.215 ; gain = 0.000 ; free physical = 247 ; free virtual = 31010
INFO: [Project 1-111] Unisim Transformation Summary:
  A total of 1 instances were transformed.
  SRL16 => SRL16E: 1 instance 

Synth Design complete | Checksum: 50b3e325
INFO: [Common 17-83] Releasing license: Synthesis
45 Infos, 0 Warnings, 0 Critical Warnings and 0 Errors encountered.
synth_design completed successfully
synth_design: Time (s): cpu = 00:00:41 ; elapsed = 00:00:51 . Memory (MB): peak = 3752.215 ; gain = 2173.602 ; free physical = 266 ; free virtual = 30757
INFO: [Common 17-2834] synth_design peak Physical Memory [PSS] (MB): overall = 2063.825; main = 1870.179; forked = 193.688
INFO: [Common 17-2834] synth_design peak Virtual Memory [VSS] (MB): overall = 4661.621; main = 3686.535; forked = 988.215
Write ShapeDB Complete: Time (s): cpu = 00:00:00 ; elapsed = 00:00:00 . Memory (MB): peak = 3752.215 ; gain = 0.000 ; free physical = 206 ; free virtual = 30702
INFO: [Common 17-1381] The checkpoint '/home/kuszman/Magisterka/Intelligent-Vibroacoustic-Machine-Diagnostic-System-on-FPGA/spi/spi_true/spi_accelerometer_true/spi_accelerometer_true.runs/dma_system_rst_ps8_0_99M_1_synth_1/dma_system_rst_ps8_0_99M_1.dcp' has been generated.
INFO: [Coretcl 2-1648] Added synthesis output to IP cache for IP dma_system_rst_ps8_0_99M_1, cache-ID = 64eb3f7516466be7
INFO: [Coretcl 2-1174] Renamed 6 cell refs.
Write ShapeDB Complete: Time (s): cpu = 00:00:00 ; elapsed = 00:00:00 . Memory (MB): peak = 3752.215 ; gain = 0.000 ; free physical = 275 ; free virtual = 30587
INFO: [Common 17-1381] The checkpoint '/home/kuszman/Magisterka/Intelligent-Vibroacoustic-Machine-Diagnostic-System-on-FPGA/spi/spi_true/spi_accelerometer_true/spi_accelerometer_true.runs/dma_system_rst_ps8_0_99M_1_synth_1/dma_system_rst_ps8_0_99M_1.dcp' has been generated.
INFO: [Vivado 12-24828] Executing command : report_utilization -file dma_system_rst_ps8_0_99M_1_utilization_synth.rpt -pb dma_system_rst_ps8_0_99M_1_utilization_synth.pb
INFO: [Common 17-206] Exiting Vivado at Thu Aug  6 09:27:03 2026...
